<html>
<body>
<pre>
<h1>礦ision Build Log</h1>
<h2>Project:</h2>
K:\青云蓝牙光盘V4.1\5.青云测试代码\第三部分：BLE蓝牙实验\BLE实验4：蓝牙串口\Board\pca10001\s110\experimental\ble_app_uart\arm\ble_app_uart.uvproj
Project File Date:  09/12/2017

<h2>Output:</h2>
Build target 'nrf51822_xxaa_s110 (256K)'
compiling main.c...
..\main.c(585): warning:  #177-D: variable "err_code" was declared but never referenced
..\main.c(224): warning:  #177-D: function "leds_init" was declared but never referenced
linking...
Program Size: Code=9576 RO-data=244 RW-data=112 ZI-data=6920  
FromELF: creating hex file...
".\_build\ble_app_uart.axf" - 0 Error(s), 2 Warning(s).
Build target 'nrf51822_xxaa_s110 (256K)'
compiling main.c...
..\main.c(585): warning:  #177-D: variable "err_code" was declared but never referenced
..\main.c(224): warning:  #177-D: function "leds_init" was declared but never referenced
linking...
Program Size: Code=9576 RO-data=244 RW-data=112 ZI-data=6920  
FromELF: creating hex file...
".\_build\ble_app_uart.axf" - 0 Error(s), 2 Warning(s).
Load "K:\\青云蓝牙光盘V4.1\\5.青云测试代码\\第三部分：BLE蓝牙实验\\BLE实验4：蓝牙串口\\Board\\pca10001\\s110\\experimental\\ble_app_uart\\arm\\_build\\ble_app_uart.AXF" 
* JLink Info: Device "UNSPECIFIED" selected (0 KB flash, 0 KB RAM).
Set JLink Project File to "K:\青云蓝牙光盘V4.1\5.青云测试代码\第三部分：BLE蓝牙实验\BLE实验4：蓝牙串口\Board\pca10001\s110\experimental\ble_app_uart\arm\JLinkSettings.ini"
* JLink Info: Device "UNSPECIFIED" selected (0 KB flash, 0 KB RAM).
 
JLink info:
------------
DLL: V4.54a, compiled Sep 17 2012 15:58:45
Firmware: J-Link ARM V8 compiled Jan 31 2018 18:34:52
Hardware: V8.00
S/N : 20080643 
Feature(s) : RDI,FlashDL,FlashBP,JFlash,GDBFull 
 
* JLink Info: Found SWD-DP with ID 0x0BB11477
* JLink Info: FPUnit: 4 code (BP) slots and 0 literal slots
* JLink Info: Found Cortex-M0 r0p0, Little endian.
ROMTableAddr = 0xE00FF003
 
Target info:
------------
Device: nRF51822_xxAA
VTarget = 3.300V
State of Pins: 
TCK: 0, TDI: 0, TDO: 0, TMS: 0, TRES: 1, TRST: 1
Hardware-Breakpoints: 4
Software-Breakpoints: 8192
Watchpoints:          2
JTAG speed: 2000 kHz
 
Erase Done.
Programming Done.
Verify OK.
Application running ...
Build target 'nrf51822_xxaa_s110 (256K)'
compiling simple_uart.c...
linking...
Program Size: Code=9576 RO-data=244 RW-data=112 ZI-data=6920  
FromELF: creating hex file...
".\_build\ble_app_uart.axf" - 0 Error(s), 0 Warning(s).
Load "K:\\青云蓝牙光盘V4.1\\5.青云测试代码\\第三部分：BLE蓝牙实验\\BLE实验4：蓝牙串口\\Board\\pca10001\\s110\\experimental\\ble_app_uart\\arm\\_build\\ble_app_uart.AXF" 
* JLink Info: Device "UNSPECIFIED" selected (0 KB flash, 0 KB RAM).
Set JLink Project File to "K:\青云蓝牙光盘V4.1\5.青云测试代码\第三部分：BLE蓝牙实验\BLE实验4：蓝牙串口\Board\pca10001\s110\experimental\ble_app_uart\arm\JLinkSettings.ini"
* JLink Info: Device "UNSPECIFIED" selected (0 KB flash, 0 KB RAM).
 
JLink info:
------------
DLL: V4.54a, compiled Sep 17 2012 15:58:45
Firmware: J-Link ARM V8 compiled Jan 31 2018 18:34:52
Hardware: V8.00
S/N : 20080643 
Feature(s) : RDI,FlashDL,FlashBP,JFlash,GDBFull 
 
* JLink Info: Found SWD-DP with ID 0x0BB11477
* JLink Info: FPUnit: 4 code (BP) slots and 0 literal slots
* JLink Info: Found Cortex-M0 r0p0, Little endian.
ROMTableAddr = 0xE00FF003
 
Target info:
------------
Device: nRF51822_xxAA
VTarget = 3.306V
State of Pins: 
TCK: 0, TDI: 0, TDO: 0, TMS: 0, TRES: 1, TRST: 1
Hardware-Breakpoints: 4
Software-Breakpoints: 8192
Watchpoints:          2
JTAG speed: 2000 kHz
 
Erase Done.
Programming Done.
Verify OK.
Application running ...
Build target 'nrf51822_xxaa_s110 (256K)'
compiling main.c...
..\main.c(585): warning:  #177-D: variable "err_code" was declared but never referenced
..\main.c(90): warning:  #177-D: variable "max" was declared but never referenced
..\main.c(224): warning:  #177-D: function "leds_init" was declared but never referenced
linking...
Program Size: Code=9560 RO-data=244 RW-data=112 ZI-data=6920  
FromELF: creating hex file...
".\_build\ble_app_uart.axf" - 0 Error(s), 3 Warning(s).
Load "K:\\青云蓝牙光盘V4.1\\5.青云测试代码\\第三部分：BLE蓝牙实验\\BLE实验4：蓝牙串口\\Board\\pca10001\\s110\\experimental\\ble_app_uart\\arm\\_build\\ble_app_uart.AXF" 
* JLink Info: Device "UNSPECIFIED" selected (0 KB flash, 0 KB RAM).
Set JLink Project File to "K:\青云蓝牙光盘V4.1\5.青云测试代码\第三部分：BLE蓝牙实验\BLE实验4：蓝牙串口\Board\pca10001\s110\experimental\ble_app_uart\arm\JLinkSettings.ini"
* JLink Info: Device "UNSPECIFIED" selected (0 KB flash, 0 KB RAM).
 
JLink info:
------------
DLL: V4.54a, compiled Sep 17 2012 15:58:45
Firmware: J-Link ARM V8 compiled Jan 31 2018 18:34:52
Hardware: V8.00
S/N : 20080643 
Feature(s) : RDI,FlashDL,FlashBP,JFlash,GDBFull 
 
* JLink Info: Found SWD-DP with ID 0x0BB11477
* JLink Info: FPUnit: 4 code (BP) slots and 0 literal slots
* JLink Info: Found Cortex-M0 r0p0, Little endian.
ROMTableAddr = 0xE00FF003
 
Target info:
------------
Device: nRF51822_xxAA
VTarget = 3.306V
State of Pins: 
TCK: 0, TDI: 0, TDO: 0, TMS: 0, TRES: 1, TRST: 1
Hardware-Breakpoints: 4
Software-Breakpoints: 8192
Watchpoints:          2
JTAG speed: 2000 kHz
 
Erase Done.
Programming Done.
Verify OK.
Application running ...
Build target 'nrf51822_xxaa_s110 (256K)'
linking...
Program Size: Code=9560 RO-data=244 RW-data=112 ZI-data=6920  
FromELF: creating hex file...
".\_build\ble_app_uart.axf" - 0 Error(s), 0 Warning(s).
Build target 'nrf51822_xxaa_s110 (256K)'
compiling main.c...
..\main.c(584): warning:  #177-D: variable "err_code" was declared but never referenced
..\main.c(89): warning:  #177-D: variable "max" was declared but never referenced
..\main.c(223): warning:  #177-D: function "leds_init" was declared but never referenced
linking...
Program Size: Code=9560 RO-data=244 RW-data=112 ZI-data=6920  
FromELF: creating hex file...
".\_build\ble_app_uart.axf" - 0 Error(s), 3 Warning(s).
Build target 'nrf51822_xxaa_s110 (256K)'
linking...
Program Size: Code=9560 RO-data=244 RW-data=112 ZI-data=6920  
FromELF: creating hex file...
".\_build\ble_app_uart.axf" - 0 Error(s), 0 Warning(s).
Load "K:\\青云蓝牙光盘V4.1\\5.青云测试代码\\第三部分：BLE蓝牙实验\\BLE实验4：蓝牙串口\\Board\\pca10001\\s110\\experimental\\ble_app_uart\\arm\\_build\\ble_app_uart.AXF" 
* JLink Info: Device "UNSPECIFIED" selected (0 KB flash, 0 KB RAM).
Set JLink Project File to "K:\青云蓝牙光盘V4.1\5.青云测试代码\第三部分：BLE蓝牙实验\BLE实验4：蓝牙串口\Board\pca10001\s110\experimental\ble_app_uart\arm\JLinkSettings.ini"
* JLink Info: Device "UNSPECIFIED" selected (0 KB flash, 0 KB RAM).
 
JLink info:
------------
DLL: V4.54a, compiled Sep 17 2012 15:58:45
Firmware: J-Link ARM V8 compiled Jan 31 2018 18:34:52
Hardware: V8.00
S/N : 20080643 
Feature(s) : RDI,FlashDL,FlashBP,JFlash,GDBFull 
 
* JLink Info: Found SWD-DP with ID 0x0BB11477
* JLink Info: FPUnit: 4 code (BP) slots and 0 literal slots
* JLink Info: Found Cortex-M0 r0p0, Little endian.
ROMTableAddr = 0xE00FF003
 
Target info:
------------
Device: nRF51822_xxAA
VTarget = 3.306V
State of Pins: 
TCK: 0, TDI: 0, TDO: 0, TMS: 0, TRES: 1, TRST: 1
Hardware-Breakpoints: 4
Software-Breakpoints: 8192
Watchpoints:          2
JTAG speed: 2000 kHz
 
Erase Done.
Programming Done.
Verify OK.
Application running ...
Build target 'nrf51822_xxaa_s110 (256K)'
compiling main.c...
..\main.c(578): warning:  #177-D: variable "err_code" was declared but never referenced
..\main.c(217): warning:  #177-D: function "leds_init" was declared but never referenced
linking...
Program Size: Code=9548 RO-data=244 RW-data=108 ZI-data=6916  
FromELF: creating hex file...
".\_build\ble_app_uart.axf" - 0 Error(s), 2 Warning(s).
Load "K:\\青云蓝牙光盘V4.1\\5.青云测试代码\\第三部分：BLE蓝牙实验\\BLE实验4：蓝牙串口\\Board\\pca10001\\s110\\experimental\\ble_app_uart\\arm\\_build\\ble_app_uart.AXF" 
* JLink Info: Device "UNSPECIFIED" selected (0 KB flash, 0 KB RAM).
Set JLink Project File to "K:\青云蓝牙光盘V4.1\5.青云测试代码\第三部分：BLE蓝牙实验\BLE实验4：蓝牙串口\Board\pca10001\s110\experimental\ble_app_uart\arm\JLinkSettings.ini"
* JLink Info: Device "UNSPECIFIED" selected (0 KB flash, 0 KB RAM).
 
JLink info:
------------
DLL: V4.54a, compiled Sep 17 2012 15:58:45
Firmware: J-Link ARM V8 compiled Jan 31 2018 18:34:52
Hardware: V8.00
S/N : 20080643 
Feature(s) : RDI,FlashDL,FlashBP,JFlash,GDBFull 
 
* JLink Info: Found SWD-DP with ID 0x0BB11477
* JLink Info: FPUnit: 4 code (BP) slots and 0 literal slots
* JLink Info: Found Cortex-M0 r0p0, Little endian.
ROMTableAddr = 0xE00FF003
 
Target info:
------------
Device: nRF51822_xxAA
VTarget = 3.300V
State of Pins: 
TCK: 0, TDI: 0, TDO: 0, TMS: 0, TRES: 1, TRST: 1
Hardware-Breakpoints: 4
Software-Breakpoints: 8192
Watchpoints:          2
JTAG speed: 2000 kHz
 
Erase Done.
Programming Done.
Verify OK.
Application running ...
Build target 'nrf51822_xxaa_s110 (256K)'
compiling main.c...
..\main.c(580): warning:  #177-D: variable "err_code" was declared but never referenced
..\main.c(219): warning:  #177-D: function "leds_init" was declared but never referenced
linking...
Program Size: Code=9560 RO-data=244 RW-data=108 ZI-data=6916  
FromELF: creating hex file...
".\_build\ble_app_uart.axf" - 0 Error(s), 2 Warning(s).
Load "K:\\青云蓝牙光盘V4.1\\5.青云测试代码\\第三部分：BLE蓝牙实验\\BLE实验4：蓝牙串口\\Board\\pca10001\\s110\\experimental\\ble_app_uart\\arm\\_build\\ble_app_uart.AXF" 
* JLink Info: Device "UNSPECIFIED" selected (0 KB flash, 0 KB RAM).
Set JLink Project File to "K:\青云蓝牙光盘V4.1\5.青云测试代码\第三部分：BLE蓝牙实验\BLE实验4：蓝牙串口\Board\pca10001\s110\experimental\ble_app_uart\arm\JLinkSettings.ini"
* JLink Info: Device "UNSPECIFIED" selected (0 KB flash, 0 KB RAM).
 
JLink info:
------------
DLL: V4.54a, compiled Sep 17 2012 15:58:45
Firmware: J-Link ARM V8 compiled Jan 31 2018 18:34:52
Hardware: V8.00
S/N : 20080643 
Feature(s) : RDI,FlashDL,FlashBP,JFlash,GDBFull 
 
* JLink Info: Found SWD-DP with ID 0x0BB11477
* JLink Info: FPUnit: 4 code (BP) slots and 0 literal slots
* JLink Info: Found Cortex-M0 r0p0, Little endian.
ROMTableAddr = 0xE00FF003
 
Target info:
------------
Device: nRF51822_xxAA
VTarget = 3.300V
State of Pins: 
TCK: 0, TDI: 0, TDO: 0, TMS: 0, TRES: 1, TRST: 1
Hardware-Breakpoints: 4
Software-Breakpoints: 8192
Watchpoints:          2
JTAG speed: 2000 kHz
 
Erase Done.
Programming Done.
Verify OK.
Application running ...
Build target 'nrf51822_xxaa_s110 (256K)'
compiling main.c...
..\main.c(578): warning:  #177-D: variable "err_code" was declared but never referenced
..\main.c(217): warning:  #177-D: function "leds_init" was declared but never referenced
linking...
Program Size: Code=9548 RO-data=244 RW-data=108 ZI-data=6916  
FromELF: creating hex file...
".\_build\ble_app_uart.axf" - 0 Error(s), 2 Warning(s).
Load "K:\\青云蓝牙光盘V4.1\\5.青云测试代码\\第三部分：BLE蓝牙实验\\BLE实验4：蓝牙串口\\Board\\pca10001\\s110\\experimental\\ble_app_uart\\arm\\_build\\ble_app_uart.AXF" 
* JLink Info: Device "UNSPECIFIED" selected (0 KB flash, 0 KB RAM).
Set JLink Project File to "K:\青云蓝牙光盘V4.1\5.青云测试代码\第三部分：BLE蓝牙实验\BLE实验4：蓝牙串口\Board\pca10001\s110\experimental\ble_app_uart\arm\JLinkSettings.ini"
* JLink Info: Device "UNSPECIFIED" selected (0 KB flash, 0 KB RAM).
 
JLink info:
------------
DLL: V4.54a, compiled Sep 17 2012 15:58:45
Firmware: J-Link ARM V8 compiled Jan 31 2018 18:34:52
Hardware: V8.00
S/N : 20080643 
Feature(s) : RDI,FlashDL,FlashBP,JFlash,GDBFull 
 
* JLink Info: Found SWD-DP with ID 0x0BB11477
* JLink Info: FPUnit: 4 code (BP) slots and 0 literal slots
* JLink Info: Found Cortex-M0 r0p0, Little endian.
ROMTableAddr = 0xE00FF003
 
Target info:
------------
Device: nRF51822_xxAA
VTarget = 3.306V
State of Pins: 
TCK: 0, TDI: 0, TDO: 0, TMS: 0, TRES: 1, TRST: 1
Hardware-Breakpoints: 4
Software-Breakpoints: 8192
Watchpoints:          2
JTAG speed: 2000 kHz
 
Erase Done.
Programming Done.
Verify OK.
Application running ...
Build target 'nrf51822_xxaa_s110 (256K)'
linking...
Program Size: Code=9548 RO-data=244 RW-data=108 ZI-data=6916  
FromELF: creating hex file...
".\_build\ble_app_uart.axf" - 0 Error(s), 0 Warning(s).
Build target 'nrf51822_xxaa_s110 (256K)'
compiling main.c...
..\main.c(578): warning:  #177-D: variable "err_code" was declared but never referenced
..\main.c(217): warning:  #177-D: function "leds_init" was declared but never referenced
linking...
Program Size: Code=9544 RO-data=244 RW-data=108 ZI-data=6916  
FromELF: creating hex file...
".\_build\ble_app_uart.axf" - 0 Error(s), 2 Warning(s).
Build target 'nrf51822_xxaa_s110 (256K)'
compiling main.c...
..\main.c(217): warning:  #177-D: function "leds_init" was declared but never referenced
linking...
Program Size: Code=9544 RO-data=244 RW-data=108 ZI-data=6916  
FromELF: creating hex file...
".\_build\ble_app_uart.axf" - 0 Error(s), 1 Warning(s).
Build target 'nrf51822_xxaa_s110 (256K)'
compiling main.c...
..\main.c(217): warning:  #177-D: function "leds_init" was declared but never referenced
linking...
Program Size: Code=9544 RO-data=244 RW-data=108 ZI-data=6916  
FromELF: creating hex file...
".\_build\ble_app_uart.axf" - 0 Error(s), 1 Warning(s).
Build target 'nrf51822_xxaa_s110 (256K)'
compiling main.c...
..\main.c(218): warning:  #177-D: function "leds_init" was declared but never referenced
linking...
Program Size: Code=9544 RO-data=244 RW-data=108 ZI-data=6916  
FromELF: creating hex file...
".\_build\ble_app_uart.axf" - 0 Error(s), 1 Warning(s).
Load "K:\\青云蓝牙光盘V4.1\\5.青云测试代码\\第三部分：BLE蓝牙实验\\BLE实验4：蓝牙串口\\Board\\pca10001\\s110\\experimental\\ble_app_uart\\arm\\_build\\ble_app_uart.AXF" 
* JLink Info: Device "UNSPECIFIED" selected (0 KB flash, 0 KB RAM).
Set JLink Project File to "K:\青云蓝牙光盘V4.1\5.青云测试代码\第三部分：BLE蓝牙实验\BLE实验4：蓝牙串口\Board\pca10001\s110\experimental\ble_app_uart\arm\JLinkSettings.ini"
* JLink Info: Device "UNSPECIFIED" selected (0 KB flash, 0 KB RAM).
 
JLink info:
------------
DLL: V4.54a, compiled Sep 17 2012 15:58:45
Firmware: J-Link ARM V8 compiled Jan 31 2018 18:34:52
Hardware: V8.00
S/N : 20080643 
Feature(s) : RDI,FlashDL,FlashBP,JFlash,GDBFull 
 
* JLink Info: Found SWD-DP with ID 0x0BB11477
* JLink Info: FPUnit: 4 code (BP) slots and 0 literal slots
* JLink Info: Found Cortex-M0 r0p0, Little endian.
ROMTableAddr = 0xE00FF003
 
Target info:
------------
Device: nRF51822_xxAA
VTarget = 3.306V
State of Pins: 
TCK: 0, TDI: 0, TDO: 0, TMS: 0, TRES: 1, TRST: 1
Hardware-Breakpoints: 4
Software-Breakpoints: 8192
Watchpoints:          2
JTAG speed: 2000 kHz
 
Erase Done.
Programming Done.
Verify OK.
Application running ...
Build target 'nrf51822_xxaa_s110 (256K)'
linking...
Program Size: Code=9544 RO-data=244 RW-data=108 ZI-data=6916  
FromELF: creating hex file...
".\_build\ble_app_uart.axf" - 0 Error(s), 0 Warning(s).
Load "K:\\青云蓝牙光盘V4.1\\5.青云测试代码\\第三部分：BLE蓝牙实验\\BLE实验4：蓝牙串口\\Board\\pca10001\\s110\\experimental\\ble_app_uart\\arm\\_build\\ble_app_uart.AXF" 
* JLink Info: Device "UNSPECIFIED" selected (0 KB flash, 0 KB RAM).
Set JLink Project File to "K:\青云蓝牙光盘V4.1\5.青云测试代码\第三部分：BLE蓝牙实验\BLE实验4：蓝牙串口\Board\pca10001\s110\experimental\ble_app_uart\arm\JLinkSettings.ini"
* JLink Info: Device "UNSPECIFIED" selected (0 KB flash, 0 KB RAM).
 
JLink info:
------------
DLL: V4.54a, compiled Sep 17 2012 15:58:45
Firmware: J-Link ARM V8 compiled Jan 31 2018 18:34:52
Hardware: V8.00
S/N : 20080643 
Feature(s) : RDI,FlashDL,FlashBP,JFlash,GDBFull 
 
* JLink Info: Found SWD-DP with ID 0x0BB11477
* JLink Info: FPUnit: 4 code (BP) slots and 0 literal slots
* JLink Info: Found Cortex-M0 r0p0, Little endian.
ROMTableAddr = 0xE00FF003
 
Target info:
------------
Device: nRF51822_xxAA
VTarget = 3.306V
State of Pins: 
TCK: 0, TDI: 0, TDO: 0, TMS: 0, TRES: 1, TRST: 1
Hardware-Breakpoints: 4
Software-Breakpoints: 8192
Watchpoints:          2
JTAG speed: 2000 kHz
 
Erase Done.
Programming Done.
Verify OK.
Application running ...
Build target 'nrf51822_xxaa_s110 (256K)'
compiling main.c...
..\main.c(218): warning:  #177-D: function "leds_init" was declared but never referenced
linking...
Program Size: Code=9544 RO-data=244 RW-data=108 ZI-data=6916  
FromELF: creating hex file...
".\_build\ble_app_uart.axf" - 0 Error(s), 1 Warning(s).
Load "K:\\青云蓝牙光盘V4.1\\5.青云测试代码\\第三部分：BLE蓝牙实验\\BLE实验4：蓝牙串口\\Board\\pca10001\\s110\\experimental\\ble_app_uart\\arm\\_build\\ble_app_uart.AXF" 
* JLink Info: Device "UNSPECIFIED" selected (0 KB flash, 0 KB RAM).
Set JLink Project File to "K:\青云蓝牙光盘V4.1\5.青云测试代码\第三部分：BLE蓝牙实验\BLE实验4：蓝牙串口\Board\pca10001\s110\experimental\ble_app_uart\arm\JLinkSettings.ini"
* JLink Info: Device "UNSPECIFIED" selected (0 KB flash, 0 KB RAM).
 
JLink info:
------------
DLL: V4.54a, compiled Sep 17 2012 15:58:45
Firmware: J-Link ARM V8 compiled Jan 31 2018 18:34:52
Hardware: V8.00
S/N : 20080643 
Feature(s) : RDI,FlashDL,FlashBP,JFlash,GDBFull 
 
* JLink Info: Found SWD-DP with ID 0x0BB11477
* JLink Info: FPUnit: 4 code (BP) slots and 0 literal slots
* JLink Info: Found Cortex-M0 r0p0, Little endian.
ROMTableAddr = 0xE00FF003
 
Target info:
------------
Device: nRF51822_xxAA
VTarget = 3.306V
State of Pins: 
TCK: 0, TDI: 0, TDO: 0, TMS: 0, TRES: 1, TRST: 0
Hardware-Breakpoints: 4
Software-Breakpoints: 8192
Watchpoints:          2
JTAG speed: 2000 kHz
 
Erase Done.
Programming Done.
Verify OK.
Application running ...
Build target 'nrf51822_xxaa_s110 (256K)'
compiling main.c...
..\main.c(218): warning:  #177-D: function "leds_init" was declared but never referenced
linking...
Program Size: Code=9544 RO-data=244 RW-data=108 ZI-data=6916  
FromELF: creating hex file...
".\_build\ble_app_uart.axf" - 0 Error(s), 1 Warning(s).
Load "K:\\青云蓝牙光盘V4.1\\5.青云测试代码\\第三部分：BLE蓝牙实验\\BLE实验4：蓝牙串口\\Board\\pca10001\\s110\\experimental\\ble_app_uart\\arm\\_build\\ble_app_uart.AXF" 
* JLink Info: Device "UNSPECIFIED" selected (0 KB flash, 0 KB RAM).
Set JLink Project File to "K:\青云蓝牙光盘V4.1\5.青云测试代码\第三部分：BLE蓝牙实验\BLE实验4：蓝牙串口\Board\pca10001\s110\experimental\ble_app_uart\arm\JLinkSettings.ini"
* JLink Info: Device "UNSPECIFIED" selected (0 KB flash, 0 KB RAM).
 
JLink info:
------------
DLL: V4.54a, compiled Sep 17 2012 15:58:45
Firmware: J-Link ARM V8 compiled Jan 31 2018 18:34:52
Hardware: V8.00
S/N : 20080643 
Feature(s) : RDI,FlashDL,FlashBP,JFlash,GDBFull 
 
* JLink Info: Found SWD-DP with ID 0x0BB11477
* JLink Info: FPUnit: 4 code (BP) slots and 0 literal slots
* JLink Info: Found Cortex-M0 r0p0, Little endian.
ROMTableAddr = 0xE00FF003
 
Target info:
------------
Device: nRF51822_xxAA
VTarget = 3.300V
State of Pins: 
TCK: 0, TDI: 0, TDO: 0, TMS: 0, TRES: 1, TRST: 1
Hardware-Breakpoints: 4
Software-Breakpoints: 8192
Watchpoints:          2
JTAG speed: 2000 kHz
 
Erase Done.
Programming Done.
Verify OK.
Application running ...
Build target 'nrf51822_xxaa_s110 (256K)'
compiling main.c...
..\main.c(218): warning:  #177-D: function "leds_init" was declared but never referenced
linking...
Program Size: Code=9544 RO-data=244 RW-data=108 ZI-data=6916  
FromELF: creating hex file...
".\_build\ble_app_uart.axf" - 0 Error(s), 1 Warning(s).
Load "K:\\青云蓝牙光盘V4.1\\5.青云测试代码\\第三部分：BLE蓝牙实验\\BLE实验4：蓝牙串口\\Board\\pca10001\\s110\\experimental\\ble_app_uart\\arm\\_build\\ble_app_uart.AXF" 
* JLink Info: Device "UNSPECIFIED" selected (0 KB flash, 0 KB RAM).
Set JLink Project File to "K:\青云蓝牙光盘V4.1\5.青云测试代码\第三部分：BLE蓝牙实验\BLE实验4：蓝牙串口\Board\pca10001\s110\experimental\ble_app_uart\arm\JLinkSettings.ini"
* JLink Info: Device "UNSPECIFIED" selected (0 KB flash, 0 KB RAM).
 
JLink info:
------------
DLL: V4.54a, compiled Sep 17 2012 15:58:45
Firmware: J-Link ARM V8 compiled Jan 31 2018 18:34:52
Hardware: V8.00
S/N : 20080643 
Feature(s) : RDI,FlashDL,FlashBP,JFlash,GDBFull 
 
* JLink Info: Found SWD-DP with ID 0x0BB11477
* JLink Info: FPUnit: 4 code (BP) slots and 0 literal slots
* JLink Info: Found Cortex-M0 r0p0, Little endian.
ROMTableAddr = 0xE00FF003
 
Target info:
------------
Device: nRF51822_xxAA
VTarget = 3.306V
State of Pins: 
TCK: 0, TDI: 0, TDO: 0, TMS: 0, TRES: 1, TRST: 0
Hardware-Breakpoints: 4
Software-Breakpoints: 8192
Watchpoints:          2
JTAG speed: 2000 kHz
 
Erase Done.
Programming Done.
Verify OK.
Application running ...
Build target 'nrf51822_xxaa_s110 (256K)'
compiling main.c...
..\main.c(218): warning:  #177-D: function "leds_init" was declared but never referenced
linking...
Program Size: Code=9544 RO-data=244 RW-data=108 ZI-data=6916  
FromELF: creating hex file...
".\_build\ble_app_uart.axf" - 0 Error(s), 1 Warning(s).
Load "K:\\青云蓝牙光盘V4.1\\5.青云测试代码\\第三部分：BLE蓝牙实验\\BLE实验4：蓝牙串口\\Board\\pca10001\\s110\\experimental\\ble_app_uart\\arm\\_build\\ble_app_uart.AXF" 
* JLink Info: Device "UNSPECIFIED" selected (0 KB flash, 0 KB RAM).
Set JLink Project File to "K:\青云蓝牙光盘V4.1\5.青云测试代码\第三部分：BLE蓝牙实验\BLE实验4：蓝牙串口\Board\pca10001\s110\experimental\ble_app_uart\arm\JLinkSettings.ini"
* JLink Info: Device "UNSPECIFIED" selected (0 KB flash, 0 KB RAM).
 
JLink info:
------------
DLL: V4.54a, compiled Sep 17 2012 15:58:45
Firmware: J-Link ARM V8 compiled Jan 31 2018 18:34:52
Hardware: V8.00
S/N : 20080643 
Feature(s) : RDI,FlashDL,FlashBP,JFlash,GDBFull 
 
* JLink Info: Found SWD-DP with ID 0x0BB11477
* JLink Info: FPUnit: 4 code (BP) slots and 0 literal slots
* JLink Info: Found Cortex-M0 r0p0, Little endian.
ROMTableAddr = 0xE00FF003
 
Target info:
------------
Device: nRF51822_xxAA
VTarget = 3.306V
State of Pins: 
TCK: 0, TDI: 1, TDO: 0, TMS: 0, TRES: 1, TRST: 1
Hardware-Breakpoints: 4
Software-Breakpoints: 8192
Watchpoints:          2
JTAG speed: 2000 kHz
 
Erase Done.
Programming Done.
Verify OK.
Application running ...
Build target 'nrf51822_xxaa_s110 (256K)'
linking...
Program Size: Code=9544 RO-data=244 RW-data=108 ZI-data=6916  
FromELF: creating hex file...
".\_build\ble_app_uart.axf" - 0 Error(s), 0 Warning(s).
Load "K:\\青云蓝牙光盘V4.1\\5.青云测试代码\\第三部分：BLE蓝牙实验\\BLE实验4：蓝牙串口\\Board\\pca10001\\s110\\experimental\\ble_app_uart\\arm\\_build\\ble_app_uart.AXF" 
* JLink Info: Device "UNSPECIFIED" selected (0 KB flash, 0 KB RAM).
Set JLink Project File to "K:\青云蓝牙光盘V4.1\5.青云测试代码\第三部分：BLE蓝牙实验\BLE实验4：蓝牙串口\Board\pca10001\s110\experimental\ble_app_uart\arm\JLinkSettings.ini"
* JLink Info: Device "UNSPECIFIED" selected (0 KB flash, 0 KB RAM).
 
JLink info:
------------
DLL: V4.54a, compiled Sep 17 2012 15:58:45
Firmware: J-Link ARM V8 compiled Jan 31 2018 18:34:52
Hardware: V8.00
S/N : 20080643 
Feature(s) : RDI,FlashDL,FlashBP,JFlash,GDBFull 
 
* JLink Info: Found SWD-DP with ID 0x0BB11477
* JLink Info: FPUnit: 4 code (BP) slots and 0 literal slots
* JLink Info: Found Cortex-M0 r0p0, Little endian.
ROMTableAddr = 0xE00FF003
 
Target info:
------------
Device: nRF51822_xxAA
VTarget = 3.300V
State of Pins: 
TCK: 0, TDI: 0, TDO: 0, TMS: 0, TRES: 1, TRST: 1
Hardware-Breakpoints: 4
Software-Breakpoints: 8192
Watchpoints:          2
JTAG speed: 2000 kHz
 
Erase Done.
Programming Done.
Verify OK.
Application running ...
Build target 'nrf51822_xxaa_s110 (256K)'
compiling main.c...
..\main.c(218): warning:  #177-D: function "leds_init" was declared but never referenced
linking...
Program Size: Code=9544 RO-data=244 RW-data=108 ZI-data=6916  
FromELF: creating hex file...
".\_build\ble_app_uart.axf" - 0 Error(s), 1 Warning(s).
Load "K:\\青云蓝牙光盘V4.1\\5.青云测试代码\\第三部分：BLE蓝牙实验\\BLE实验4：蓝牙串口\\Board\\pca10001\\s110\\experimental\\ble_app_uart\\arm\\_build\\ble_app_uart.AXF" 
* JLink Info: Device "UNSPECIFIED" selected (0 KB flash, 0 KB RAM).
Set JLink Project File to "K:\青云蓝牙光盘V4.1\5.青云测试代码\第三部分：BLE蓝牙实验\BLE实验4：蓝牙串口\Board\pca10001\s110\experimental\ble_app_uart\arm\JLinkSettings.ini"
* JLink Info: Device "UNSPECIFIED" selected (0 KB flash, 0 KB RAM).
 
JLink info:
------------
DLL: V4.54a, compiled Sep 17 2012 15:58:45
Firmware: J-Link ARM V8 compiled Jan 31 2018 18:34:52
Hardware: V8.00
S/N : 20080643 
Feature(s) : RDI,FlashDL,FlashBP,JFlash,GDBFull 
 
* JLink Info: Found SWD-DP with ID 0x0BB11477
* JLink Info: FPUnit: 4 code (BP) slots and 0 literal slots
* JLink Info: Found Cortex-M0 r0p0, Little endian.
ROMTableAddr = 0xE00FF003
 
Target info:
------------
Device: nRF51822_xxAA
VTarget = 3.300V
State of Pins: 
TCK: 0, TDI: 0, TDO: 0, TMS: 0, TRES: 1, TRST: 1
Hardware-Breakpoints: 4
Software-Breakpoints: 8192
Watchpoints:          2
JTAG speed: 2000 kHz
 
Erase Done.
Programming Done.
Verify OK.
Application running ...
Load "K:\\青云蓝牙光盘V4.1\\5.青云测试代码\\第三部分：BLE蓝牙实验\\BLE实验4：蓝牙串口\\Board\\pca10001\\s110\\experimental\\ble_app_uart\\arm\\_build\\ble_app_uart.AXF" 
* JLink Info: Device "UNSPECIFIED" selected (0 KB flash, 0 KB RAM).
Set JLink Project File to "K:\青云蓝牙光盘V4.1\5.青云测试代码\第三部分：BLE蓝牙实验\BLE实验4：蓝牙串口\Board\pca10001\s110\experimental\ble_app_uart\arm\JLinkSettings.ini"
* JLink Info: Device "UNSPECIFIED" selected (0 KB flash, 0 KB RAM).
 
JLink info:
------------
DLL: V4.54a, compiled Sep 17 2012 15:58:45
Firmware: J-Link ARM V8 compiled Jan 31 2018 18:34:52
Hardware: V8.00
S/N : 20080643 
Feature(s) : RDI,FlashDL,FlashBP,JFlash,GDBFull 
 
* JLink Info: Found SWD-DP with ID 0x0BB11477
* JLink Info: FPUnit: 4 code (BP) slots and 0 literal slots
* JLink Info: Found Cortex-M0 r0p0, Little endian.
ROMTableAddr = 0xE00FF003
 
Target info:
------------
Device: nRF51822_xxAA
VTarget = 3.300V
State of Pins: 
TCK: 0, TDI: 0, TDO: 0, TMS: 0, TRES: 1, TRST: 1
Hardware-Breakpoints: 4
Software-Breakpoints: 8192
Watchpoints:          2
JTAG speed: 2000 kHz
 
Erase Done.
Programming Done.
Verify OK.
Application running ...
Load "K:\\青云蓝牙光盘V4.1\\5.青云测试代码\\第三部分：BLE蓝牙实验\\BLE实验4：蓝牙串口\\Board\\pca10001\\s110\\experimental\\ble_app_uart\\arm\\_build\\ble_app_uart.AXF" 
* JLink Info: Device "UNSPECIFIED" selected (0 KB flash, 0 KB RAM).
Set JLink Project File to "K:\青云蓝牙光盘V4.1\5.青云测试代码\第三部分：BLE蓝牙实验\BLE实验4：蓝牙串口\Board\pca10001\s110\experimental\ble_app_uart\arm\JLinkSettings.ini"
* JLink Info: Device "UNSPECIFIED" selected (0 KB flash, 0 KB RAM).
 
JLink info:
------------
DLL: V4.54a, compiled Sep 17 2012 15:58:45
Firmware: J-Link ARM V8 compiled Jan 31 2018 18:34:52
Hardware: V8.00
S/N : 20080643 
Feature(s) : RDI,FlashDL,FlashBP,JFlash,GDBFull 
 
* JLink Info: Found SWD-DP with ID 0x0BB11477
* JLink Info: FPUnit: 4 code (BP) slots and 0 literal slots
* JLink Info: Found Cortex-M0 r0p0, Little endian.
ROMTableAddr = 0xE00FF003
 
Target info:
------------
Device: nRF51822_xxAA
VTarget = 3.300V
State of Pins: 
TCK: 0, TDI: 0, TDO: 0, TMS: 0, TRES: 1, TRST: 1
Hardware-Breakpoints: 4
Software-Breakpoints: 8192
Watchpoints:          2
JTAG speed: 2000 kHz
 
Erase Done.
Programming Done.
Verify OK.
Application running ...
Build target 'nrf51822_xxaa_s110 (256K)'
linking...
Program Size: Code=9544 RO-data=244 RW-data=108 ZI-data=6916  
FromELF: creating hex file...
".\_build\ble_app_uart.axf" - 0 Error(s), 0 Warning(s).
Load "K:\\青云蓝牙光盘V4.1\\5.青云测试代码\\第三部分：BLE蓝牙实验\\BLE实验4：蓝牙串口\\Board\\pca10001\\s110\\experimental\\ble_app_uart\\arm\\_build\\ble_app_uart.AXF" 
* JLink Info: Device "UNSPECIFIED" selected (0 KB flash, 0 KB RAM).
Set JLink Project File to "K:\青云蓝牙光盘V4.1\5.青云测试代码\第三部分：BLE蓝牙实验\BLE实验4：蓝牙串口\Board\pca10001\s110\experimental\ble_app_uart\arm\JLinkSettings.ini"
* JLink Info: Device "UNSPECIFIED" selected (0 KB flash, 0 KB RAM).
 
JLink info:
------------
DLL: V4.54a, compiled Sep 17 2012 15:58:45
Firmware: J-Link ARM V8 compiled Jan 31 2018 18:34:52
Hardware: V8.00
S/N : 20080643 
Feature(s) : RDI,FlashDL,FlashBP,JFlash,GDBFull 
 
* JLink Info: Found SWD-DP with ID 0x0BB11477
* JLink Info: FPUnit: 4 code (BP) slots and 0 literal slots
* JLink Info: Found Cortex-M0 r0p0, Little endian.
ROMTableAddr = 0xE00FF003
 
Target info:
------------
Device: nRF51822_xxAA
VTarget = 3.306V
State of Pins: 
TCK: 0, TDI: 0, TDO: 0, TMS: 0, TRES: 1, TRST: 1
Hardware-Breakpoints: 4
Software-Breakpoints: 8192
Watchpoints:          2
JTAG speed: 2000 kHz
 
Erase Done.
Programming Done.
Verify OK.
Application running ...
Build target 'nrf51822_xxaa_s110 (256K)'
compiling main.c...
..\main.c(146): error:  #20: identifier "err_code" is undefined
..\main.c(146): error:  #167: argument of type "int" is incompatible with parameter of type "uint8_t *"
..\main.c(156): error:  #20: identifier "err_code" is undefined
..\main.c(156): error:  #167: argument of type "int" is incompatible with parameter of type "uint8_t *"
..\main.c(171): warning:  #177-D: variable "err_code" was declared but never referenced
..\main.c(88): warning:  #550-D: variable "data_array" was set but never used
..\main.c(227): warning:  #177-D: function "leds_init" was declared but never referenced
compiling simple_uart.c...
Target not created
Build target 'nrf51822_xxaa_s110 (256K)'
compiling main.c...
..\main.c(146): error:  #20: identifier "err_code" is undefined
..\main.c(146): error:  #167: argument of type "int" is incompatible with parameter of type "uint8_t *"
..\main.c(156): error:  #20: identifier "err_code" is undefined
..\main.c(156): error:  #167: argument of type "int" is incompatible with parameter of type "uint8_t *"
..\main.c(176): error:  #167: argument of type "uint8_t *" is incompatible with parameter of type "uint8_t"
..\main.c(171): warning:  #177-D: variable "err_code" was declared but never referenced
..\main.c(227): warning:  #177-D: function "leds_init" was declared but never referenced
Target not created
Build target 'nrf51822_xxaa_s110 (256K)'
compiling main.c...
..\main.c(147): error:  #167: argument of type "int" is incompatible with parameter of type "uint8_t *"
..\main.c(157): error:  #20: identifier "c" is undefined
..\main.c(157): error:  #167: argument of type "int" is incompatible with parameter of type "uint8_t *"
..\main.c(177): error:  #167: argument of type "uint8_t *" is incompatible with parameter of type "uint8_t"
..\main.c(228): warning:  #177-D: function "leds_init" was declared but never referenced
Target not created
Build target 'nrf51822_xxaa_s110 (256K)'
compiling main.c...
..\main.c(228): warning:  #177-D: function "leds_init" was declared but never referenced
linking...
Program Size: Code=9560 RO-data=244 RW-data=108 ZI-data=6916  
FromELF: creating hex file...
".\_build\ble_app_uart.axf" - 0 Error(s), 1 Warning(s).
Build target 'nrf51822_xxaa_s110 (256K)'
linking...
Program Size: Code=9560 RO-data=244 RW-data=108 ZI-data=6916  
FromELF: creating hex file...
".\_build\ble_app_uart.axf" - 0 Error(s), 0 Warning(s).
Load "K:\\青云蓝牙光盘V4.1\\5.青云测试代码\\第三部分：BLE蓝牙实验\\BLE实验4：蓝牙串口\\Board\\pca10001\\s110\\experimental\\ble_app_uart\\arm\\_build\\ble_app_uart.AXF" 
* JLink Info: Device "UNSPECIFIED" selected (0 KB flash, 0 KB RAM).
Set JLink Project File to "K:\青云蓝牙光盘V4.1\5.青云测试代码\第三部分：BLE蓝牙实验\BLE实验4：蓝牙串口\Board\pca10001\s110\experimental\ble_app_uart\arm\JLinkSettings.ini"
* JLink Info: Device "UNSPECIFIED" selected (0 KB flash, 0 KB RAM).
 
JLink info:
------------
DLL: V4.54a, compiled Sep 17 2012 15:58:45
Firmware: J-Link ARM V8 compiled Jan 31 2018 18:34:52
Hardware: V8.00
S/N : 20080643 
Feature(s) : RDI,FlashDL,FlashBP,JFlash,GDBFull 
 
* JLink Info: Found SWD-DP with ID 0x0BB11477
* JLink Info: FPUnit: 4 code (BP) slots and 0 literal slots
* JLink Info: Found Cortex-M0 r0p0, Little endian.
ROMTableAddr = 0xE00FF003
 
Target info:
------------
Device: nRF51822_xxAA
VTarget = 3.306V
State of Pins: 
TCK: 0, TDI: 0, TDO: 0, TMS: 0, TRES: 1, TRST: 1
Hardware-Breakpoints: 4
Software-Breakpoints: 8192
Watchpoints:          2
JTAG speed: 2000 kHz
 
Erase Done.
Programming Done.
Verify OK.
Application running ...
Load "K:\\青云蓝牙光盘V4.1\\5.青云测试代码\\第三部分：BLE蓝牙实验\\BLE实验4：蓝牙串口\\Board\\pca10001\\s110\\experimental\\ble_app_uart\\arm\\_build\\ble_app_uart.AXF" 
* JLink Info: Device "UNSPECIFIED" selected (0 KB flash, 0 KB RAM).
Set JLink Project File to "K:\青云蓝牙光盘V4.1\5.青云测试代码\第三部分：BLE蓝牙实验\BLE实验4：蓝牙串口\Board\pca10001\s110\experimental\ble_app_uart\arm\JLinkSettings.ini"
* JLink Info: Device "UNSPECIFIED" selected (0 KB flash, 0 KB RAM).
 
JLink info:
------------
DLL: V4.54a, compiled Sep 17 2012 15:58:45
Firmware: J-Link ARM V8 compiled Jan 31 2018 18:34:52
Hardware: V8.00
S/N : 20080643 
Feature(s) : RDI,FlashDL,FlashBP,JFlash,GDBFull 
 
* JLink Info: Found SWD-DP with ID 0x0BB11477
* JLink Info: FPUnit: 4 code (BP) slots and 0 literal slots
* JLink Info: Found Cortex-M0 r0p0, Little endian.
ROMTableAddr = 0xE00FF003
 
Target info:
------------
Device: nRF51822_xxAA
VTarget = 3.300V
State of Pins: 
TCK: 0, TDI: 0, TDO: 0, TMS: 0, TRES: 1, TRST: 1
Hardware-Breakpoints: 4
Software-Breakpoints: 8192
Watchpoints:          2
JTAG speed: 2000 kHz
 
Erase Done.
Programming Done.
Verify OK.
Application running ...
Load "K:\\青云蓝牙光盘V4.1\\5.青云测试代码\\第三部分：BLE蓝牙实验\\BLE实验4：蓝牙串口\\Board\\pca10001\\s110\\experimental\\ble_app_uart\\arm\\_build\\ble_app_uart.AXF" 
* JLink Info: Device "UNSPECIFIED" selected (0 KB flash, 0 KB RAM).
Set JLink Project File to "K:\青云蓝牙光盘V4.1\5.青云测试代码\第三部分：BLE蓝牙实验\BLE实验4：蓝牙串口\Board\pca10001\s110\experimental\ble_app_uart\arm\JLinkSettings.ini"
* JLink Info: Device "UNSPECIFIED" selected (0 KB flash, 0 KB RAM).
 
JLink info:
------------
DLL: V4.54a, compiled Sep 17 2012 15:58:45
Firmware: J-Link ARM V8 compiled Jan 31 2018 18:34:52
Hardware: V8.00
S/N : 20080643 
Feature(s) : RDI,FlashDL,FlashBP,JFlash,GDBFull 
 
* JLink Info: Found SWD-DP with ID 0x0BB11477
* JLink Info: FPUnit: 4 code (BP) slots and 0 literal slots
* JLink Info: Found Cortex-M0 r0p0, Little endian.
ROMTableAddr = 0xE00FF003
 
Target info:
------------
Device: nRF51822_xxAA
VTarget = 3.300V
State of Pins: 
TCK: 0, TDI: 0, TDO: 0, TMS: 0, TRES: 1, TRST: 1
Hardware-Breakpoints: 4
Software-Breakpoints: 8192
Watchpoints:          2
JTAG speed: 2000 kHz
 
Erase Done.
Programming Done.
Verify OK.
Application running ...
Load "K:\\青云蓝牙光盘V4.1\\5.青云测试代码\\第三部分：BLE蓝牙实验\\BLE实验4：蓝牙串口\\Board\\pca10001\\s110\\experimental\\ble_app_uart\\arm\\_build\\ble_app_uart.AXF" 
* JLink Info: Device "UNSPECIFIED" selected (0 KB flash, 0 KB RAM).
Set JLink Project File to "K:\青云蓝牙光盘V4.1\5.青云测试代码\第三部分：BLE蓝牙实验\BLE实验4：蓝牙串口\Board\pca10001\s110\experimental\ble_app_uart\arm\JLinkSettings.ini"
* JLink Info: Device "UNSPECIFIED" selected (0 KB flash, 0 KB RAM).
 
JLink info:
------------
DLL: V4.54a, compiled Sep 17 2012 15:58:45
Firmware: J-Link ARM V8 compiled Jan 31 2018 18:34:52
Hardware: V8.00
S/N : 20080643 
Feature(s) : RDI,FlashDL,FlashBP,JFlash,GDBFull 
 
* JLink Info: Found SWD-DP with ID 0x0BB11477
* JLink Info: FPUnit: 4 code (BP) slots and 0 literal slots
* JLink Info: Found Cortex-M0 r0p0, Little endian.
ROMTableAddr = 0xE00FF003
 
Target info:
------------
Device: nRF51822_xxAA
VTarget = 3.300V
State of Pins: 
TCK: 0, TDI: 0, TDO: 0, TMS: 0, TRES: 1, TRST: 1
Hardware-Breakpoints: 4
Software-Breakpoints: 8192
Watchpoints:          2
JTAG speed: 2000 kHz
 
Erase Done.
Programming Done.
Verify OK.
Application running ...
Build target 'nrf51822_xxaa_s110 (256K)'
compiling main.c...
..\main.c(228): warning:  #177-D: function "leds_init" was declared but never referenced
linking...
Program Size: Code=9580 RO-data=244 RW-data=108 ZI-data=6916  
FromELF: creating hex file...
".\_build\ble_app_uart.axf" - 0 Error(s), 1 Warning(s).
Load "K:\\青云蓝牙光盘V4.1\\5.青云测试代码\\第三部分：BLE蓝牙实验\\BLE实验4：蓝牙串口\\Board\\pca10001\\s110\\experimental\\ble_app_uart\\arm\\_build\\ble_app_uart.AXF" 
* JLink Info: Device "UNSPECIFIED" selected (0 KB flash, 0 KB RAM).
Set JLink Project File to "K:\青云蓝牙光盘V4.1\5.青云测试代码\第三部分：BLE蓝牙实验\BLE实验4：蓝牙串口\Board\pca10001\s110\experimental\ble_app_uart\arm\JLinkSettings.ini"
* JLink Info: Device "UNSPECIFIED" selected (0 KB flash, 0 KB RAM).
 
JLink info:
------------
DLL: V4.54a, compiled Sep 17 2012 15:58:45
Firmware: J-Link ARM V8 compiled Jan 31 2018 18:34:52
Hardware: V8.00
S/N : 20080643 
Feature(s) : RDI,FlashDL,FlashBP,JFlash,GDBFull 
 
* JLink Info: Found SWD-DP with ID 0x0BB11477
* JLink Info: FPUnit: 4 code (BP) slots and 0 literal slots
* JLink Info: Found Cortex-M0 r0p0, Little endian.
ROMTableAddr = 0xE00FF003
 
Target info:
------------
Device: nRF51822_xxAA
VTarget = 3.300V
State of Pins: 
TCK: 0, TDI: 0, TDO: 0, TMS: 0, TRES: 1, TRST: 1
Hardware-Breakpoints: 4
Software-Breakpoints: 8192
Watchpoints:          2
JTAG speed: 2000 kHz
 
Erase Done.
Programming Done.
Verify OK.
Application running ...
compiling ble_nus.c...
..\ble_nus.c - 0 Error(s), 0 Warning(s).
Load "K:\\青云蓝牙光盘V4.1\\5.青云测试代码\\第三部分：BLE蓝牙实验\\BLE实验4：蓝牙串口\\Board\\pca10001\\s110\\experimental\\ble_app_uart\\arm\\_build\\ble_app_uart.AXF" 
* JLink Info: Device "UNSPECIFIED" selected (0 KB flash, 0 KB RAM).
Set JLink Project File to "K:\青云蓝牙光盘V4.1\5.青云测试代码\第三部分：BLE蓝牙实验\BLE实验4：蓝牙串口\Board\pca10001\s110\experimental\ble_app_uart\arm\JLinkSettings.ini"
* JLink Info: Device "UNSPECIFIED" selected (0 KB flash, 0 KB RAM).
 
JLink info:
------------
DLL: V4.54a, compiled Sep 17 2012 15:58:45
Firmware: J-Link ARM V8 compiled Jan 31 2018 18:34:52
Hardware: V8.00
S/N : 20080643 
Feature(s) : RDI,FlashDL,FlashBP,JFlash,GDBFull 
 
* JLink Info: Found SWD-DP with ID 0x0BB11477
* JLink Info: FPUnit: 4 code (BP) slots and 0 literal slots
* JLink Info: Found Cortex-M0 r0p0, Little endian.
ROMTableAddr = 0xE00FF003
 
Target info:
------------
Device: nRF51822_xxAA
VTarget = 3.300V
State of Pins: 
TCK: 0, TDI: 0, TDO: 0, TMS: 0, TRES: 1, TRST: 1
Hardware-Breakpoints: 4
Software-Breakpoints: 8192
Watchpoints:          2
JTAG speed: 2000 kHz
 
Erase Done.
Programming Done.
Verify OK.
Application running ...
Build target 'nrf51822_xxaa_s110 (256K)'
compiling main.c...
..\main.c(228): warning:  #177-D: function "leds_init" was declared but never referenced
linking...
Program Size: Code=9572 RO-data=244 RW-data=108 ZI-data=6916  
FromELF: creating hex file...
".\_build\ble_app_uart.axf" - 0 Error(s), 1 Warning(s).
Load "K:\\青云蓝牙光盘V4.1\\5.青云测试代码\\第三部分：BLE蓝牙实验\\BLE实验4：蓝牙串口\\Board\\pca10001\\s110\\experimental\\ble_app_uart\\arm\\_build\\ble_app_uart.AXF" 
* JLink Info: Device "UNSPECIFIED" selected (0 KB flash, 0 KB RAM).
Set JLink Project File to "K:\青云蓝牙光盘V4.1\5.青云测试代码\第三部分：BLE蓝牙实验\BLE实验4：蓝牙串口\Board\pca10001\s110\experimental\ble_app_uart\arm\JLinkSettings.ini"
* JLink Info: Device "UNSPECIFIED" selected (0 KB flash, 0 KB RAM).
 
JLink info:
------------
DLL: V4.54a, compiled Sep 17 2012 15:58:45
Firmware: J-Link ARM V8 compiled Jan 31 2018 18:34:52
Hardware: V8.00
S/N : 20080643 
Feature(s) : RDI,FlashDL,FlashBP,JFlash,GDBFull 
 
* JLink Info: Found SWD-DP with ID 0x0BB11477
* JLink Info: FPUnit: 4 code (BP) slots and 0 literal slots
* JLink Info: Found Cortex-M0 r0p0, Little endian.
ROMTableAddr = 0xE00FF003
 
Target info:
------------
Device: nRF51822_xxAA
VTarget = 3.300V
State of Pins: 
TCK: 0, TDI: 0, TDO: 0, TMS: 0, TRES: 1, TRST: 1
Hardware-Breakpoints: 4
Software-Breakpoints: 8192
Watchpoints:          2
JTAG speed: 2000 kHz
 
Erase Done.
Programming Done.
Verify OK.
Application running ...
Build target 'nrf51822_xxaa_s110 (256K)'
linking...
Program Size: Code=9572 RO-data=244 RW-data=108 ZI-data=6916  
FromELF: creating hex file...
".\_build\ble_app_uart.axf" - 0 Error(s), 0 Warning(s).
Load "K:\\青云蓝牙光盘V4.1\\5.青云测试代码\\第三部分：BLE蓝牙实验\\BLE实验4：蓝牙串口\\Board\\pca10001\\s110\\experimental\\ble_app_uart\\arm\\_build\\ble_app_uart.AXF" 
* JLink Info: Device "UNSPECIFIED" selected (0 KB flash, 0 KB RAM).
Set JLink Project File to "K:\青云蓝牙光盘V4.1\5.青云测试代码\第三部分：BLE蓝牙实验\BLE实验4：蓝牙串口\Board\pca10001\s110\experimental\ble_app_uart\arm\JLinkSettings.ini"
* JLink Info: Device "UNSPECIFIED" selected (0 KB flash, 0 KB RAM).
 
JLink info:
------------
DLL: V4.54a, compiled Sep 17 2012 15:58:45
Firmware: J-Link ARM V8 compiled Jan 31 2018 18:34:52
Hardware: V8.00
S/N : 20080643 
Feature(s) : RDI,FlashDL,FlashBP,JFlash,GDBFull 
 
* JLink Info: Found SWD-DP with ID 0x0BB11477
* JLink Info: FPUnit: 4 code (BP) slots and 0 literal slots
* JLink Info: Found Cortex-M0 r0p0, Little endian.
ROMTableAddr = 0xE00FF003
 
Target info:
------------
Device: nRF51822_xxAA
VTarget = 3.300V
State of Pins: 
TCK: 0, TDI: 0, TDO: 0, TMS: 0, TRES: 1, TRST: 1
Hardware-Breakpoints: 4
Software-Breakpoints: 8192
Watchpoints:          2
JTAG speed: 2000 kHz
 
Erase Done.
Programming Done.
Verify OK.
Application running ...
Build target 'nrf51822_xxaa_s110 (256K)'
compiling main.c...
..\main.c(228): warning:  #177-D: function "leds_init" was declared but never referenced
linking...
Program Size: Code=9556 RO-data=244 RW-data=108 ZI-data=6916  
FromELF: creating hex file...
".\_build\ble_app_uart.axf" - 0 Error(s), 1 Warning(s).
Load "K:\\青云蓝牙光盘V4.1\\5.青云测试代码\\第三部分：BLE蓝牙实验\\BLE实验4：蓝牙串口\\Board\\pca10001\\s110\\experimental\\ble_app_uart\\arm\\_build\\ble_app_uart.AXF" 
* JLink Info: Device "UNSPECIFIED" selected (0 KB flash, 0 KB RAM).
Set JLink Project File to "K:\青云蓝牙光盘V4.1\5.青云测试代码\第三部分：BLE蓝牙实验\BLE实验4：蓝牙串口\Board\pca10001\s110\experimental\ble_app_uart\arm\JLinkSettings.ini"
* JLink Info: Device "UNSPECIFIED" selected (0 KB flash, 0 KB RAM).
 
JLink info:
------------
DLL: V4.54a, compiled Sep 17 2012 15:58:45
Firmware: J-Link ARM V8 compiled Jan 31 2018 18:34:52
Hardware: V8.00
S/N : 20080643 
Feature(s) : RDI,FlashDL,FlashBP,JFlash,GDBFull 
 
* JLink Info: Found SWD-DP with ID 0x0BB11477
* JLink Info: FPUnit: 4 code (BP) slots and 0 literal slots
* JLink Info: Found Cortex-M0 r0p0, Little endian.
ROMTableAddr = 0xE00FF003
 
Target info:
------------
Device: nRF51822_xxAA
VTarget = 3.300V
State of Pins: 
TCK: 0, TDI: 0, TDO: 0, TMS: 0, TRES: 1, TRST: 1
Hardware-Breakpoints: 4
Software-Breakpoints: 8192
Watchpoints:          2
JTAG speed: 2000 kHz
 
Erase Done.
Programming Done.
Verify OK.
Application running ...
