<!doctype html public "-//w3c//dtd html 4.0 transitional//en">
<html><head>
<title>Static Call Graph - [BootLoader_NEO\BootLoader_NEO.axf]</title></head>
<body><HR>
<H1>Static Call Graph for image BootLoader_NEO\BootLoader_NEO.axf</H1><HR>
<BR><P>#&#060CALLGRAPH&#062# ARM Linker, 5050106: Last Updated: Fri Apr 20 20:34:33 2018
<BR><P>
<H3>Maximum Stack Usage =        996 bytes + Unknown(Cycles, Untraceable Function Pointers)</H3><H3>
Call chain for Maximum Stack Depth:</H3>
main &rArr; Hid_Data_Analysis &rArr; Alg_ECDSASignVerify &rArr; ECCSignVerify &rArr; ECDSAverify &rArr; NAF_Binary_PointMul &rArr; MontyJacProjAddPoints &rArr; MontyJacProjDoublePoint &rArr; ModularFastMul2 &rArr; SubBig &rArr; Add_Moduli_Big &rArr; CopyBig
<P>
<H3>
Mutually Recursive functions
</H3> <LI><a href="#[2e]">ADC_IRQHandler</a>&nbsp;&nbsp;&nbsp;&rArr;&nbsp;&nbsp;&nbsp;<a href="#[2e]">ADC_IRQHandler</a><BR>
 <LI><a href="#[16]">BusFault_Handler</a>&nbsp;&nbsp;&nbsp;&rArr;&nbsp;&nbsp;&nbsp;<a href="#[16]">BusFault_Handler</a><BR>
 <LI><a href="#[14]">HardFault_Handler</a>&nbsp;&nbsp;&nbsp;&rArr;&nbsp;&nbsp;&nbsp;<a href="#[14]">HardFault_Handler</a><BR>
 <LI><a href="#[15]">MemManage_Handler</a>&nbsp;&nbsp;&nbsp;&rArr;&nbsp;&nbsp;&nbsp;<a href="#[15]">MemManage_Handler</a><BR>
 <LI><a href="#[17]">UsageFault_Handler</a>&nbsp;&nbsp;&nbsp;&rArr;&nbsp;&nbsp;&nbsp;<a href="#[17]">UsageFault_Handler</a><BR>
 <LI><a href="#[18e]">_Error_Handler</a>&nbsp;&nbsp;&nbsp;&rArr;&nbsp;&nbsp;&nbsp;<a href="#[18e]">_Error_Handler</a><BR>
</UL>
<P>
<H3>
Function Pointers
</H3><UL>
 <LI><a href="#[2e]">ADC_IRQHandler</a> from startup_stm32f407xx.o(.text) referenced from startup_stm32f407xx.o(RESET)
 <LI><a href="#[16]">BusFault_Handler</a> from stm32f4xx_it.o(i.BusFault_Handler) referenced from startup_stm32f407xx.o(RESET)
 <LI><a href="#[30]">CAN1_RX0_IRQHandler</a> from startup_stm32f407xx.o(.text) referenced from startup_stm32f407xx.o(RESET)
 <LI><a href="#[31]">CAN1_RX1_IRQHandler</a> from startup_stm32f407xx.o(.text) referenced from startup_stm32f407xx.o(RESET)
 <LI><a href="#[32]">CAN1_SCE_IRQHandler</a> from startup_stm32f407xx.o(.text) referenced from startup_stm32f407xx.o(RESET)
 <LI><a href="#[2f]">CAN1_TX_IRQHandler</a> from startup_stm32f407xx.o(.text) referenced from startup_stm32f407xx.o(RESET)
 <LI><a href="#[5c]">CAN2_RX0_IRQHandler</a> from startup_stm32f407xx.o(.text) referenced from startup_stm32f407xx.o(RESET)
 <LI><a href="#[5d]">CAN2_RX1_IRQHandler</a> from startup_stm32f407xx.o(.text) referenced from startup_stm32f407xx.o(RESET)
 <LI><a href="#[5e]">CAN2_SCE_IRQHandler</a> from startup_stm32f407xx.o(.text) referenced from startup_stm32f407xx.o(RESET)
 <LI><a href="#[5b]">CAN2_TX_IRQHandler</a> from startup_stm32f407xx.o(.text) referenced from startup_stm32f407xx.o(RESET)
 <LI><a href="#[9]">CUSTOM_HID_DeInit_FS</a> from usbd_custom_hid_if.o(i.CUSTOM_HID_DeInit_FS) referenced 2 times from usbd_custom_hid_if.o(.data)
 <LI><a href="#[8]">CUSTOM_HID_Init_FS</a> from usbd_custom_hid_if.o(i.CUSTOM_HID_Init_FS) referenced 2 times from usbd_custom_hid_if.o(.data)
 <LI><a href="#[a]">CUSTOM_HID_OutEvent_FS</a> from usbd_custom_hid_if.o(i.CUSTOM_HID_OutEvent_FS) referenced 2 times from usbd_custom_hid_if.o(.data)
 <LI><a href="#[6a]">DCMI_IRQHandler</a> from startup_stm32f407xx.o(.text) referenced from startup_stm32f407xx.o(RESET)
 <LI><a href="#[27]">DMA1_Stream0_IRQHandler</a> from startup_stm32f407xx.o(.text) referenced from startup_stm32f407xx.o(RESET)
 <LI><a href="#[28]">DMA1_Stream1_IRQHandler</a> from startup_stm32f407xx.o(.text) referenced from startup_stm32f407xx.o(RESET)
 <LI><a href="#[29]">DMA1_Stream2_IRQHandler</a> from startup_stm32f407xx.o(.text) referenced from startup_stm32f407xx.o(RESET)
 <LI><a href="#[2a]">DMA1_Stream3_IRQHandler</a> from startup_stm32f407xx.o(.text) referenced from startup_stm32f407xx.o(RESET)
 <LI><a href="#[2b]">DMA1_Stream4_IRQHandler</a> from startup_stm32f407xx.o(.text) referenced from startup_stm32f407xx.o(RESET)
 <LI><a href="#[2c]">DMA1_Stream5_IRQHandler</a> from startup_stm32f407xx.o(.text) referenced from startup_stm32f407xx.o(RESET)
 <LI><a href="#[2d]">DMA1_Stream6_IRQHandler</a> from startup_stm32f407xx.o(.text) referenced from startup_stm32f407xx.o(RESET)
 <LI><a href="#[4b]">DMA1_Stream7_IRQHandler</a> from startup_stm32f407xx.o(.text) referenced from startup_stm32f407xx.o(RESET)
 <LI><a href="#[54]">DMA2_Stream0_IRQHandler</a> from startup_stm32f407xx.o(.text) referenced from startup_stm32f407xx.o(RESET)
 <LI><a href="#[55]">DMA2_Stream1_IRQHandler</a> from startup_stm32f407xx.o(.text) referenced from startup_stm32f407xx.o(RESET)
 <LI><a href="#[56]">DMA2_Stream2_IRQHandler</a> from startup_stm32f407xx.o(.text) referenced from startup_stm32f407xx.o(RESET)
 <LI><a href="#[57]">DMA2_Stream3_IRQHandler</a> from startup_stm32f407xx.o(.text) referenced from startup_stm32f407xx.o(RESET)
 <LI><a href="#[58]">DMA2_Stream4_IRQHandler</a> from startup_stm32f407xx.o(.text) referenced from startup_stm32f407xx.o(RESET)
 <LI><a href="#[60]">DMA2_Stream5_IRQHandler</a> from startup_stm32f407xx.o(.text) referenced from startup_stm32f407xx.o(RESET)
 <LI><a href="#[61]">DMA2_Stream6_IRQHandler</a> from startup_stm32f407xx.o(.text) referenced from startup_stm32f407xx.o(RESET)
 <LI><a href="#[62]">DMA2_Stream7_IRQHandler</a> from startup_stm32f407xx.o(.text) referenced from startup_stm32f407xx.o(RESET)
 <LI><a href="#[19]">DebugMon_Handler</a> from stm32f4xx_it.o(i.DebugMon_Handler) referenced from startup_stm32f407xx.o(RESET)
 <LI><a href="#[59]">ETH_IRQHandler</a> from startup_stm32f407xx.o(.text) referenced from startup_stm32f407xx.o(RESET)
 <LI><a href="#[5a]">ETH_WKUP_IRQHandler</a> from startup_stm32f407xx.o(.text) referenced from startup_stm32f407xx.o(RESET)
 <LI><a href="#[22]">EXTI0_IRQHandler</a> from aw9136.o(i.EXTI0_IRQHandler) referenced from startup_stm32f407xx.o(RESET)
 <LI><a href="#[44]">EXTI15_10_IRQHandler</a> from startup_stm32f407xx.o(.text) referenced from startup_stm32f407xx.o(RESET)
 <LI><a href="#[23]">EXTI1_IRQHandler</a> from startup_stm32f407xx.o(.text) referenced from startup_stm32f407xx.o(RESET)
 <LI><a href="#[24]">EXTI2_IRQHandler</a> from aw9136.o(i.EXTI2_IRQHandler) referenced from startup_stm32f407xx.o(RESET)
 <LI><a href="#[25]">EXTI3_IRQHandler</a> from startup_stm32f407xx.o(.text) referenced from startup_stm32f407xx.o(RESET)
 <LI><a href="#[26]">EXTI4_IRQHandler</a> from startup_stm32f407xx.o(.text) referenced from startup_stm32f407xx.o(RESET)
 <LI><a href="#[33]">EXTI9_5_IRQHandler</a> from startup_stm32f407xx.o(.text) referenced from startup_stm32f407xx.o(RESET)
 <LI><a href="#[20]">FLASH_IRQHandler</a> from startup_stm32f407xx.o(.text) referenced from startup_stm32f407xx.o(RESET)
 <LI><a href="#[4c]">FMC_IRQHandler</a> from startup_stm32f407xx.o(.text) referenced from startup_stm32f407xx.o(RESET)
 <LI><a href="#[6c]">FPU_IRQHandler</a> from startup_stm32f407xx.o(.text) referenced from startup_stm32f407xx.o(RESET)
 <LI><a href="#[6b]">HASH_RNG_IRQHandler</a> from startup_stm32f407xx.o(.text) referenced from startup_stm32f407xx.o(RESET)
 <LI><a href="#[14]">HardFault_Handler</a> from stm32f4xx_it.o(i.HardFault_Handler) referenced from startup_stm32f407xx.o(RESET)
 <LI><a href="#[3c]">I2C1_ER_IRQHandler</a> from startup_stm32f407xx.o(.text) referenced from startup_stm32f407xx.o(RESET)
 <LI><a href="#[3b]">I2C1_EV_IRQHandler</a> from startup_stm32f407xx.o(.text) referenced from startup_stm32f407xx.o(RESET)
 <LI><a href="#[3e]">I2C2_ER_IRQHandler</a> from startup_stm32f407xx.o(.text) referenced from startup_stm32f407xx.o(RESET)
 <LI><a href="#[3d]">I2C2_EV_IRQHandler</a> from startup_stm32f407xx.o(.text) referenced from startup_stm32f407xx.o(RESET)
 <LI><a href="#[65]">I2C3_ER_IRQHandler</a> from startup_stm32f407xx.o(.text) referenced from startup_stm32f407xx.o(RESET)
 <LI><a href="#[64]">I2C3_EV_IRQHandler</a> from startup_stm32f407xx.o(.text) referenced from startup_stm32f407xx.o(RESET)
 <LI><a href="#[15]">MemManage_Handler</a> from stm32f4xx_it.o(i.MemManage_Handler) referenced from startup_stm32f407xx.o(RESET)
 <LI><a href="#[13]">NMI_Handler</a> from stm32f4xx_it.o(i.NMI_Handler) referenced from startup_stm32f407xx.o(RESET)
 <LI><a href="#[5f]">OTG_FS_IRQHandler</a> from stm32f4xx_it.o(i.OTG_FS_IRQHandler) referenced from startup_stm32f407xx.o(RESET)
 <LI><a href="#[46]">OTG_FS_WKUP_IRQHandler</a> from startup_stm32f407xx.o(.text) referenced from startup_stm32f407xx.o(RESET)
 <LI><a href="#[67]">OTG_HS_EP1_IN_IRQHandler</a> from startup_stm32f407xx.o(.text) referenced from startup_stm32f407xx.o(RESET)
 <LI><a href="#[66]">OTG_HS_EP1_OUT_IRQHandler</a> from startup_stm32f407xx.o(.text) referenced from startup_stm32f407xx.o(RESET)
 <LI><a href="#[69]">OTG_HS_IRQHandler</a> from startup_stm32f407xx.o(.text) referenced from startup_stm32f407xx.o(RESET)
 <LI><a href="#[68]">OTG_HS_WKUP_IRQHandler</a> from startup_stm32f407xx.o(.text) referenced from startup_stm32f407xx.o(RESET)
 <LI><a href="#[1d]">PVD_IRQHandler</a> from startup_stm32f407xx.o(.text) referenced from startup_stm32f407xx.o(RESET)
 <LI><a href="#[1a]">PendSV_Handler</a> from stm32f4xx_it.o(i.PendSV_Handler) referenced from startup_stm32f407xx.o(RESET)
 <LI><a href="#[21]">RCC_IRQHandler</a> from startup_stm32f407xx.o(.text) referenced from startup_stm32f407xx.o(RESET)
 <LI><a href="#[45]">RTC_Alarm_IRQHandler</a> from startup_stm32f407xx.o(.text) referenced from startup_stm32f407xx.o(RESET)
 <LI><a href="#[1f]">RTC_WKUP_IRQHandler</a> from startup_stm32f407xx.o(.text) referenced from startup_stm32f407xx.o(RESET)
 <LI><a href="#[12]">Reset_Handler</a> from startup_stm32f407xx.o(.text) referenced from startup_stm32f407xx.o(RESET)
 <LI><a href="#[4d]">SDIO_IRQHandler</a> from startup_stm32f407xx.o(.text) referenced from startup_stm32f407xx.o(RESET)
 <LI><a href="#[3f]">SPI1_IRQHandler</a> from startup_stm32f407xx.o(.text) referenced from startup_stm32f407xx.o(RESET)
 <LI><a href="#[40]">SPI2_IRQHandler</a> from startup_stm32f407xx.o(.text) referenced from startup_stm32f407xx.o(RESET)
 <LI><a href="#[4f]">SPI3_IRQHandler</a> from startup_stm32f407xx.o(.text) referenced from startup_stm32f407xx.o(RESET)
 <LI><a href="#[18]">SVC_Handler</a> from stm32f4xx_it.o(i.SVC_Handler) referenced from startup_stm32f407xx.o(RESET)
 <LI><a href="#[1b]">SysTick_Handler</a> from stm32f4xx_it.o(i.SysTick_Handler) referenced from startup_stm32f407xx.o(RESET)
 <LI><a href="#[6e]">SystemInit</a> from system_stm32f4xx.o(i.SystemInit) referenced from startup_stm32f407xx.o(.text)
 <LI><a href="#[1e]">TAMP_STAMP_IRQHandler</a> from startup_stm32f407xx.o(.text) referenced from startup_stm32f407xx.o(RESET)
 <LI><a href="#[34]">TIM1_BRK_TIM9_IRQHandler</a> from startup_stm32f407xx.o(.text) referenced from startup_stm32f407xx.o(RESET)
 <LI><a href="#[37]">TIM1_CC_IRQHandler</a> from startup_stm32f407xx.o(.text) referenced from startup_stm32f407xx.o(RESET)
 <LI><a href="#[36]">TIM1_TRG_COM_TIM11_IRQHandler</a> from startup_stm32f407xx.o(.text) referenced from startup_stm32f407xx.o(RESET)
 <LI><a href="#[35]">TIM1_UP_TIM10_IRQHandler</a> from startup_stm32f407xx.o(.text) referenced from startup_stm32f407xx.o(RESET)
 <LI><a href="#[38]">TIM2_IRQHandler</a> from startup_stm32f407xx.o(.text) referenced from startup_stm32f407xx.o(RESET)
 <LI><a href="#[39]">TIM3_IRQHandler</a> from timer.o(i.TIM3_IRQHandler) referenced from startup_stm32f407xx.o(RESET)
 <LI><a href="#[3a]">TIM4_IRQHandler</a> from startup_stm32f407xx.o(.text) referenced from startup_stm32f407xx.o(RESET)
 <LI><a href="#[4e]">TIM5_IRQHandler</a> from startup_stm32f407xx.o(.text) referenced from startup_stm32f407xx.o(RESET)
 <LI><a href="#[52]">TIM6_DAC_IRQHandler</a> from startup_stm32f407xx.o(.text) referenced from startup_stm32f407xx.o(RESET)
 <LI><a href="#[53]">TIM7_IRQHandler</a> from startup_stm32f407xx.o(.text) referenced from startup_stm32f407xx.o(RESET)
 <LI><a href="#[47]">TIM8_BRK_TIM12_IRQHandler</a> from startup_stm32f407xx.o(.text) referenced from startup_stm32f407xx.o(RESET)
 <LI><a href="#[4a]">TIM8_CC_IRQHandler</a> from startup_stm32f407xx.o(.text) referenced from startup_stm32f407xx.o(RESET)
 <LI><a href="#[49]">TIM8_TRG_COM_TIM14_IRQHandler</a> from startup_stm32f407xx.o(.text) referenced from startup_stm32f407xx.o(RESET)
 <LI><a href="#[48]">TIM8_UP_TIM13_IRQHandler</a> from startup_stm32f407xx.o(.text) referenced from startup_stm32f407xx.o(RESET)
 <LI><a href="#[50]">UART4_IRQHandler</a> from startup_stm32f407xx.o(.text) referenced from startup_stm32f407xx.o(RESET)
 <LI><a href="#[51]">UART5_IRQHandler</a> from startup_stm32f407xx.o(.text) referenced from startup_stm32f407xx.o(RESET)
 <LI><a href="#[41]">USART1_IRQHandler</a> from startup_stm32f407xx.o(.text) referenced from startup_stm32f407xx.o(RESET)
 <LI><a href="#[42]">USART2_IRQHandler</a> from startup_stm32f407xx.o(.text) referenced from startup_stm32f407xx.o(RESET)
 <LI><a href="#[43]">USART3_IRQHandler</a> from startup_stm32f407xx.o(.text) referenced from startup_stm32f407xx.o(RESET)
 <LI><a href="#[63]">USART6_IRQHandler</a> from startup_stm32f407xx.o(.text) referenced from startup_stm32f407xx.o(RESET)
 <LI><a href="#[4]">USBD_CUSTOM_HID_DataIn</a> from usbd_customhid.o(i.USBD_CUSTOM_HID_DataIn) referenced 2 times from usbd_customhid.o(.data)
 <LI><a href="#[5]">USBD_CUSTOM_HID_DataOut</a> from usbd_customhid.o(i.USBD_CUSTOM_HID_DataOut) referenced 2 times from usbd_customhid.o(.data)
 <LI><a href="#[1]">USBD_CUSTOM_HID_DeInit</a> from usbd_customhid.o(i.USBD_CUSTOM_HID_DeInit) referenced 2 times from usbd_customhid.o(.data)
 <LI><a href="#[3]">USBD_CUSTOM_HID_EP0_RxReady</a> from usbd_customhid.o(i.USBD_CUSTOM_HID_EP0_RxReady) referenced 2 times from usbd_customhid.o(.data)
 <LI><a href="#[6]">USBD_CUSTOM_HID_GetCfgDesc</a> from usbd_customhid.o(i.USBD_CUSTOM_HID_GetCfgDesc) referenced 6 times from usbd_customhid.o(.data)
 <LI><a href="#[7]">USBD_CUSTOM_HID_GetDeviceQualifierDesc</a> from usbd_customhid.o(i.USBD_CUSTOM_HID_GetDeviceQualifierDesc) referenced 2 times from usbd_customhid.o(.data)
 <LI><a href="#[0]">USBD_CUSTOM_HID_Init</a> from usbd_customhid.o(i.USBD_CUSTOM_HID_Init) referenced 2 times from usbd_customhid.o(.data)
 <LI><a href="#[2]">USBD_CUSTOM_HID_Setup</a> from usbd_customhid.o(i.USBD_CUSTOM_HID_Setup) referenced 2 times from usbd_customhid.o(.data)
 <LI><a href="#[10]">USBD_FS_ConfigStrDescriptor</a> from usbd_desc.o(i.USBD_FS_ConfigStrDescriptor) referenced 2 times from usbd_desc.o(.data)
 <LI><a href="#[b]">USBD_FS_DeviceDescriptor</a> from usbd_desc.o(i.USBD_FS_DeviceDescriptor) referenced 2 times from usbd_desc.o(.data)
 <LI><a href="#[11]">USBD_FS_InterfaceStrDescriptor</a> from usbd_desc.o(i.USBD_FS_InterfaceStrDescriptor) referenced 2 times from usbd_desc.o(.data)
 <LI><a href="#[c]">USBD_FS_LangIDStrDescriptor</a> from usbd_desc.o(i.USBD_FS_LangIDStrDescriptor) referenced 2 times from usbd_desc.o(.data)
 <LI><a href="#[d]">USBD_FS_ManufacturerStrDescriptor</a> from usbd_desc.o(i.USBD_FS_ManufacturerStrDescriptor) referenced 2 times from usbd_desc.o(.data)
 <LI><a href="#[e]">USBD_FS_ProductStrDescriptor</a> from usbd_desc.o(i.USBD_FS_ProductStrDescriptor) referenced 2 times from usbd_desc.o(.data)
 <LI><a href="#[f]">USBD_FS_SerialStrDescriptor</a> from usbd_desc.o(i.USBD_FS_SerialStrDescriptor) referenced 2 times from usbd_desc.o(.data)
 <LI><a href="#[17]">UsageFault_Handler</a> from stm32f4xx_it.o(i.UsageFault_Handler) referenced from startup_stm32f407xx.o(RESET)
 <LI><a href="#[1c]">WWDG_IRQHandler</a> from startup_stm32f407xx.o(.text) referenced from startup_stm32f407xx.o(RESET)
 <LI><a href="#[6f]">__main</a> from entry.o(.ARM.Collect$$$$00000000) referenced from startup_stm32f407xx.o(.text)
 <LI><a href="#[6d]">main</a> from main.o(i.main) referenced from entry9a.o(.ARM.Collect$$$$0000000B)
</UL>
<P>
<H3>
Global Symbols
</H3>
<P><STRONG><a name="[6f]"></a>__main</STRONG> (Thumb, 0 bytes, Stack size unknown bytes, entry.o(.ARM.Collect$$$$00000000))
<BR>[Address Reference Count : 1]<UL><LI> startup_stm32f407xx.o(.text)
</UL>
<P><STRONG><a name="[1ac]"></a>_main_stk</STRONG> (Thumb, 0 bytes, Stack size unknown bytes, entry2.o(.ARM.Collect$$$$00000001))

<P><STRONG><a name="[70]"></a>_main_scatterload</STRONG> (Thumb, 0 bytes, Stack size unknown bytes, entry5.o(.ARM.Collect$$$$00000004))
<BR><BR>[Calls]<UL><LI><a href="#[71]">&gt;&gt;</a>&nbsp;&nbsp;&nbsp;__scatterload
</UL>

<P><STRONG><a name="[75]"></a>__main_after_scatterload</STRONG> (Thumb, 0 bytes, Stack size unknown bytes, entry5.o(.ARM.Collect$$$$00000004))
<BR><BR>[Called By]<UL><LI><a href="#[71]">&gt;&gt;</a>&nbsp;&nbsp;&nbsp;__scatterload
</UL>

<P><STRONG><a name="[1ad]"></a>_main_clock</STRONG> (Thumb, 0 bytes, Stack size unknown bytes, entry7b.o(.ARM.Collect$$$$00000008))

<P><STRONG><a name="[1ae]"></a>_main_cpp_init</STRONG> (Thumb, 0 bytes, Stack size unknown bytes, entry8b.o(.ARM.Collect$$$$0000000A))

<P><STRONG><a name="[1af]"></a>_main_init</STRONG> (Thumb, 0 bytes, Stack size unknown bytes, entry9a.o(.ARM.Collect$$$$0000000B))

<P><STRONG><a name="[1b0]"></a>__rt_final_cpp</STRONG> (Thumb, 0 bytes, Stack size unknown bytes, entry10a.o(.ARM.Collect$$$$0000000D))

<P><STRONG><a name="[1b1]"></a>__rt_final_exit</STRONG> (Thumb, 0 bytes, Stack size unknown bytes, entry11a.o(.ARM.Collect$$$$0000000F))

<P><STRONG><a name="[1b2]"></a>WFI_SET</STRONG> (Thumb, 2 bytes, Stack size 0 bytes, sys.o(.emb_text), UNUSED)

<P><STRONG><a name="[1b3]"></a>INTX_DISABLE</STRONG> (Thumb, 4 bytes, Stack size 0 bytes, sys.o(.emb_text), UNUSED)

<P><STRONG><a name="[1b4]"></a>INTX_ENABLE</STRONG> (Thumb, 4 bytes, Stack size 0 bytes, sys.o(.emb_text), UNUSED)

<P><STRONG><a name="[1ab]"></a>MSR_MSP</STRONG> (Thumb, 6 bytes, Stack size 0 bytes, sys.o(.emb_text))
<BR><BR>[Called By]<UL><LI><a href="#[14e]">&gt;&gt;</a>&nbsp;&nbsp;&nbsp;iap_load_app
</UL>

<P><STRONG><a name="[12]"></a>Reset_Handler</STRONG> (Thumb, 8 bytes, Stack size 0 bytes, startup_stm32f407xx.o(.text))
<BR>[Address Reference Count : 1]<UL><LI> startup_stm32f407xx.o(RESET)
</UL>
<P><STRONG><a name="[2e]"></a>ADC_IRQHandler</STRONG> (Thumb, 0 bytes, Stack size 0 bytes, startup_stm32f407xx.o(.text))
<BR><BR>[Calls]<UL><LI><a href="#[2e]">&gt;&gt;</a>&nbsp;&nbsp;&nbsp;ADC_IRQHandler
</UL>
<BR>[Called By]<UL><LI><a href="#[2e]">&gt;&gt;</a>&nbsp;&nbsp;&nbsp;ADC_IRQHandler
</UL>
<BR>[Address Reference Count : 1]<UL><LI> startup_stm32f407xx.o(RESET)
</UL>
<P><STRONG><a name="[30]"></a>CAN1_RX0_IRQHandler</STRONG> (Thumb, 0 bytes, Stack size 0 bytes, startup_stm32f407xx.o(.text))
<BR>[Address Reference Count : 1]<UL><LI> startup_stm32f407xx.o(RESET)
</UL>
<P><STRONG><a name="[31]"></a>CAN1_RX1_IRQHandler</STRONG> (Thumb, 0 bytes, Stack size 0 bytes, startup_stm32f407xx.o(.text))
<BR>[Address Reference Count : 1]<UL><LI> startup_stm32f407xx.o(RESET)
</UL>
<P><STRONG><a name="[32]"></a>CAN1_SCE_IRQHandler</STRONG> (Thumb, 0 bytes, Stack size 0 bytes, startup_stm32f407xx.o(.text))
<BR>[Address Reference Count : 1]<UL><LI> startup_stm32f407xx.o(RESET)
</UL>
<P><STRONG><a name="[2f]"></a>CAN1_TX_IRQHandler</STRONG> (Thumb, 0 bytes, Stack size 0 bytes, startup_stm32f407xx.o(.text))
<BR>[Address Reference Count : 1]<UL><LI> startup_stm32f407xx.o(RESET)
</UL>
<P><STRONG><a name="[5c]"></a>CAN2_RX0_IRQHandler</STRONG> (Thumb, 0 bytes, Stack size 0 bytes, startup_stm32f407xx.o(.text))
<BR>[Address Reference Count : 1]<UL><LI> startup_stm32f407xx.o(RESET)
</UL>
<P><STRONG><a name="[5d]"></a>CAN2_RX1_IRQHandler</STRONG> (Thumb, 0 bytes, Stack size 0 bytes, startup_stm32f407xx.o(.text))
<BR>[Address Reference Count : 1]<UL><LI> startup_stm32f407xx.o(RESET)
</UL>
<P><STRONG><a name="[5e]"></a>CAN2_SCE_IRQHandler</STRONG> (Thumb, 0 bytes, Stack size 0 bytes, startup_stm32f407xx.o(.text))
<BR>[Address Reference Count : 1]<UL><LI> startup_stm32f407xx.o(RESET)
</UL>
<P><STRONG><a name="[5b]"></a>CAN2_TX_IRQHandler</STRONG> (Thumb, 0 bytes, Stack size 0 bytes, startup_stm32f407xx.o(.text))
<BR>[Address Reference Count : 1]<UL><LI> startup_stm32f407xx.o(RESET)
</UL>
<P><STRONG><a name="[6a]"></a>DCMI_IRQHandler</STRONG> (Thumb, 0 bytes, Stack size 0 bytes, startup_stm32f407xx.o(.text))
<BR>[Address Reference Count : 1]<UL><LI> startup_stm32f407xx.o(RESET)
</UL>
<P><STRONG><a name="[27]"></a>DMA1_Stream0_IRQHandler</STRONG> (Thumb, 0 bytes, Stack size 0 bytes, startup_stm32f407xx.o(.text))
<BR>[Address Reference Count : 1]<UL><LI> startup_stm32f407xx.o(RESET)
</UL>
<P><STRONG><a name="[28]"></a>DMA1_Stream1_IRQHandler</STRONG> (Thumb, 0 bytes, Stack size 0 bytes, startup_stm32f407xx.o(.text))
<BR>[Address Reference Count : 1]<UL><LI> startup_stm32f407xx.o(RESET)
</UL>
<P><STRONG><a name="[29]"></a>DMA1_Stream2_IRQHandler</STRONG> (Thumb, 0 bytes, Stack size 0 bytes, startup_stm32f407xx.o(.text))
<BR>[Address Reference Count : 1]<UL><LI> startup_stm32f407xx.o(RESET)
</UL>
<P><STRONG><a name="[2a]"></a>DMA1_Stream3_IRQHandler</STRONG> (Thumb, 0 bytes, Stack size 0 bytes, startup_stm32f407xx.o(.text))
<BR>[Address Reference Count : 1]<UL><LI> startup_stm32f407xx.o(RESET)
</UL>
<P><STRONG><a name="[2b]"></a>DMA1_Stream4_IRQHandler</STRONG> (Thumb, 0 bytes, Stack size 0 bytes, startup_stm32f407xx.o(.text))
<BR>[Address Reference Count : 1]<UL><LI> startup_stm32f407xx.o(RESET)
</UL>
<P><STRONG><a name="[2c]"></a>DMA1_Stream5_IRQHandler</STRONG> (Thumb, 0 bytes, Stack size 0 bytes, startup_stm32f407xx.o(.text))
<BR>[Address Reference Count : 1]<UL><LI> startup_stm32f407xx.o(RESET)
</UL>
<P><STRONG><a name="[2d]"></a>DMA1_Stream6_IRQHandler</STRONG> (Thumb, 0 bytes, Stack size 0 bytes, startup_stm32f407xx.o(.text))
<BR>[Address Reference Count : 1]<UL><LI> startup_stm32f407xx.o(RESET)
</UL>
<P><STRONG><a name="[4b]"></a>DMA1_Stream7_IRQHandler</STRONG> (Thumb, 0 bytes, Stack size 0 bytes, startup_stm32f407xx.o(.text))
<BR>[Address Reference Count : 1]<UL><LI> startup_stm32f407xx.o(RESET)
</UL>
<P><STRONG><a name="[54]"></a>DMA2_Stream0_IRQHandler</STRONG> (Thumb, 0 bytes, Stack size 0 bytes, startup_stm32f407xx.o(.text))
<BR>[Address Reference Count : 1]<UL><LI> startup_stm32f407xx.o(RESET)
</UL>
<P><STRONG><a name="[55]"></a>DMA2_Stream1_IRQHandler</STRONG> (Thumb, 0 bytes, Stack size 0 bytes, startup_stm32f407xx.o(.text))
<BR>[Address Reference Count : 1]<UL><LI> startup_stm32f407xx.o(RESET)
</UL>
<P><STRONG><a name="[56]"></a>DMA2_Stream2_IRQHandler</STRONG> (Thumb, 0 bytes, Stack size 0 bytes, startup_stm32f407xx.o(.text))
<BR>[Address Reference Count : 1]<UL><LI> startup_stm32f407xx.o(RESET)
</UL>
<P><STRONG><a name="[57]"></a>DMA2_Stream3_IRQHandler</STRONG> (Thumb, 0 bytes, Stack size 0 bytes, startup_stm32f407xx.o(.text))
<BR>[Address Reference Count : 1]<UL><LI> startup_stm32f407xx.o(RESET)
</UL>
<P><STRONG><a name="[58]"></a>DMA2_Stream4_IRQHandler</STRONG> (Thumb, 0 bytes, Stack size 0 bytes, startup_stm32f407xx.o(.text))
<BR>[Address Reference Count : 1]<UL><LI> startup_stm32f407xx.o(RESET)
</UL>
<P><STRONG><a name="[60]"></a>DMA2_Stream5_IRQHandler</STRONG> (Thumb, 0 bytes, Stack size 0 bytes, startup_stm32f407xx.o(.text))
<BR>[Address Reference Count : 1]<UL><LI> startup_stm32f407xx.o(RESET)
</UL>
<P><STRONG><a name="[61]"></a>DMA2_Stream6_IRQHandler</STRONG> (Thumb, 0 bytes, Stack size 0 bytes, startup_stm32f407xx.o(.text))
<BR>[Address Reference Count : 1]<UL><LI> startup_stm32f407xx.o(RESET)
</UL>
<P><STRONG><a name="[62]"></a>DMA2_Stream7_IRQHandler</STRONG> (Thumb, 0 bytes, Stack size 0 bytes, startup_stm32f407xx.o(.text))
<BR>[Address Reference Count : 1]<UL><LI> startup_stm32f407xx.o(RESET)
</UL>
<P><STRONG><a name="[59]"></a>ETH_IRQHandler</STRONG> (Thumb, 0 bytes, Stack size 0 bytes, startup_stm32f407xx.o(.text))
<BR>[Address Reference Count : 1]<UL><LI> startup_stm32f407xx.o(RESET)
</UL>
<P><STRONG><a name="[5a]"></a>ETH_WKUP_IRQHandler</STRONG> (Thumb, 0 bytes, Stack size 0 bytes, startup_stm32f407xx.o(.text))
<BR>[Address Reference Count : 1]<UL><LI> startup_stm32f407xx.o(RESET)
</UL>
<P><STRONG><a name="[44]"></a>EXTI15_10_IRQHandler</STRONG> (Thumb, 0 bytes, Stack size 0 bytes, startup_stm32f407xx.o(.text))
<BR>[Address Reference Count : 1]<UL><LI> startup_stm32f407xx.o(RESET)
</UL>
<P><STRONG><a name="[23]"></a>EXTI1_IRQHandler</STRONG> (Thumb, 0 bytes, Stack size 0 bytes, startup_stm32f407xx.o(.text))
<BR>[Address Reference Count : 1]<UL><LI> startup_stm32f407xx.o(RESET)
</UL>
<P><STRONG><a name="[25]"></a>EXTI3_IRQHandler</STRONG> (Thumb, 0 bytes, Stack size 0 bytes, startup_stm32f407xx.o(.text))
<BR>[Address Reference Count : 1]<UL><LI> startup_stm32f407xx.o(RESET)
</UL>
<P><STRONG><a name="[26]"></a>EXTI4_IRQHandler</STRONG> (Thumb, 0 bytes, Stack size 0 bytes, startup_stm32f407xx.o(.text))
<BR>[Address Reference Count : 1]<UL><LI> startup_stm32f407xx.o(RESET)
</UL>
<P><STRONG><a name="[33]"></a>EXTI9_5_IRQHandler</STRONG> (Thumb, 0 bytes, Stack size 0 bytes, startup_stm32f407xx.o(.text))
<BR>[Address Reference Count : 1]<UL><LI> startup_stm32f407xx.o(RESET)
</UL>
<P><STRONG><a name="[20]"></a>FLASH_IRQHandler</STRONG> (Thumb, 0 bytes, Stack size 0 bytes, startup_stm32f407xx.o(.text))
<BR>[Address Reference Count : 1]<UL><LI> startup_stm32f407xx.o(RESET)
</UL>
<P><STRONG><a name="[4c]"></a>FMC_IRQHandler</STRONG> (Thumb, 0 bytes, Stack size 0 bytes, startup_stm32f407xx.o(.text))
<BR>[Address Reference Count : 1]<UL><LI> startup_stm32f407xx.o(RESET)
</UL>
<P><STRONG><a name="[6c]"></a>FPU_IRQHandler</STRONG> (Thumb, 0 bytes, Stack size 0 bytes, startup_stm32f407xx.o(.text))
<BR>[Address Reference Count : 1]<UL><LI> startup_stm32f407xx.o(RESET)
</UL>
<P><STRONG><a name="[6b]"></a>HASH_RNG_IRQHandler</STRONG> (Thumb, 0 bytes, Stack size 0 bytes, startup_stm32f407xx.o(.text))
<BR>[Address Reference Count : 1]<UL><LI> startup_stm32f407xx.o(RESET)
</UL>
<P><STRONG><a name="[3c]"></a>I2C1_ER_IRQHandler</STRONG> (Thumb, 0 bytes, Stack size 0 bytes, startup_stm32f407xx.o(.text))
<BR>[Address Reference Count : 1]<UL><LI> startup_stm32f407xx.o(RESET)
</UL>
<P><STRONG><a name="[3b]"></a>I2C1_EV_IRQHandler</STRONG> (Thumb, 0 bytes, Stack size 0 bytes, startup_stm32f407xx.o(.text))
<BR>[Address Reference Count : 1]<UL><LI> startup_stm32f407xx.o(RESET)
</UL>
<P><STRONG><a name="[3e]"></a>I2C2_ER_IRQHandler</STRONG> (Thumb, 0 bytes, Stack size 0 bytes, startup_stm32f407xx.o(.text))
<BR>[Address Reference Count : 1]<UL><LI> startup_stm32f407xx.o(RESET)
</UL>
<P><STRONG><a name="[3d]"></a>I2C2_EV_IRQHandler</STRONG> (Thumb, 0 bytes, Stack size 0 bytes, startup_stm32f407xx.o(.text))
<BR>[Address Reference Count : 1]<UL><LI> startup_stm32f407xx.o(RESET)
</UL>
<P><STRONG><a name="[65]"></a>I2C3_ER_IRQHandler</STRONG> (Thumb, 0 bytes, Stack size 0 bytes, startup_stm32f407xx.o(.text))
<BR>[Address Reference Count : 1]<UL><LI> startup_stm32f407xx.o(RESET)
</UL>
<P><STRONG><a name="[64]"></a>I2C3_EV_IRQHandler</STRONG> (Thumb, 0 bytes, Stack size 0 bytes, startup_stm32f407xx.o(.text))
<BR>[Address Reference Count : 1]<UL><LI> startup_stm32f407xx.o(RESET)
</UL>
<P><STRONG><a name="[46]"></a>OTG_FS_WKUP_IRQHandler</STRONG> (Thumb, 0 bytes, Stack size 0 bytes, startup_stm32f407xx.o(.text))
<BR>[Address Reference Count : 1]<UL><LI> startup_stm32f407xx.o(RESET)
</UL>
<P><STRONG><a name="[67]"></a>OTG_HS_EP1_IN_IRQHandler</STRONG> (Thumb, 0 bytes, Stack size 0 bytes, startup_stm32f407xx.o(.text))
<BR>[Address Reference Count : 1]<UL><LI> startup_stm32f407xx.o(RESET)
</UL>
<P><STRONG><a name="[66]"></a>OTG_HS_EP1_OUT_IRQHandler</STRONG> (Thumb, 0 bytes, Stack size 0 bytes, startup_stm32f407xx.o(.text))
<BR>[Address Reference Count : 1]<UL><LI> startup_stm32f407xx.o(RESET)
</UL>
<P><STRONG><a name="[69]"></a>OTG_HS_IRQHandler</STRONG> (Thumb, 0 bytes, Stack size 0 bytes, startup_stm32f407xx.o(.text))
<BR>[Address Reference Count : 1]<UL><LI> startup_stm32f407xx.o(RESET)
</UL>
<P><STRONG><a name="[68]"></a>OTG_HS_WKUP_IRQHandler</STRONG> (Thumb, 0 bytes, Stack size 0 bytes, startup_stm32f407xx.o(.text))
<BR>[Address Reference Count : 1]<UL><LI> startup_stm32f407xx.o(RESET)
</UL>
<P><STRONG><a name="[1d]"></a>PVD_IRQHandler</STRONG> (Thumb, 0 bytes, Stack size 0 bytes, startup_stm32f407xx.o(.text))
<BR>[Address Reference Count : 1]<UL><LI> startup_stm32f407xx.o(RESET)
</UL>
<P><STRONG><a name="[21]"></a>RCC_IRQHandler</STRONG> (Thumb, 0 bytes, Stack size 0 bytes, startup_stm32f407xx.o(.text))
<BR>[Address Reference Count : 1]<UL><LI> startup_stm32f407xx.o(RESET)
</UL>
<P><STRONG><a name="[45]"></a>RTC_Alarm_IRQHandler</STRONG> (Thumb, 0 bytes, Stack size 0 bytes, startup_stm32f407xx.o(.text))
<BR>[Address Reference Count : 1]<UL><LI> startup_stm32f407xx.o(RESET)
</UL>
<P><STRONG><a name="[1f]"></a>RTC_WKUP_IRQHandler</STRONG> (Thumb, 0 bytes, Stack size 0 bytes, startup_stm32f407xx.o(.text))
<BR>[Address Reference Count : 1]<UL><LI> startup_stm32f407xx.o(RESET)
</UL>
<P><STRONG><a name="[4d]"></a>SDIO_IRQHandler</STRONG> (Thumb, 0 bytes, Stack size 0 bytes, startup_stm32f407xx.o(.text))
<BR>[Address Reference Count : 1]<UL><LI> startup_stm32f407xx.o(RESET)
</UL>
<P><STRONG><a name="[3f]"></a>SPI1_IRQHandler</STRONG> (Thumb, 0 bytes, Stack size 0 bytes, startup_stm32f407xx.o(.text))
<BR>[Address Reference Count : 1]<UL><LI> startup_stm32f407xx.o(RESET)
</UL>
<P><STRONG><a name="[40]"></a>SPI2_IRQHandler</STRONG> (Thumb, 0 bytes, Stack size 0 bytes, startup_stm32f407xx.o(.text))
<BR>[Address Reference Count : 1]<UL><LI> startup_stm32f407xx.o(RESET)
</UL>
<P><STRONG><a name="[4f]"></a>SPI3_IRQHandler</STRONG> (Thumb, 0 bytes, Stack size 0 bytes, startup_stm32f407xx.o(.text))
<BR>[Address Reference Count : 1]<UL><LI> startup_stm32f407xx.o(RESET)
</UL>
<P><STRONG><a name="[1e]"></a>TAMP_STAMP_IRQHandler</STRONG> (Thumb, 0 bytes, Stack size 0 bytes, startup_stm32f407xx.o(.text))
<BR>[Address Reference Count : 1]<UL><LI> startup_stm32f407xx.o(RESET)
</UL>
<P><STRONG><a name="[34]"></a>TIM1_BRK_TIM9_IRQHandler</STRONG> (Thumb, 0 bytes, Stack size 0 bytes, startup_stm32f407xx.o(.text))
<BR>[Address Reference Count : 1]<UL><LI> startup_stm32f407xx.o(RESET)
</UL>
<P><STRONG><a name="[37]"></a>TIM1_CC_IRQHandler</STRONG> (Thumb, 0 bytes, Stack size 0 bytes, startup_stm32f407xx.o(.text))
<BR>[Address Reference Count : 1]<UL><LI> startup_stm32f407xx.o(RESET)
</UL>
<P><STRONG><a name="[36]"></a>TIM1_TRG_COM_TIM11_IRQHandler</STRONG> (Thumb, 0 bytes, Stack size 0 bytes, startup_stm32f407xx.o(.text))
<BR>[Address Reference Count : 1]<UL><LI> startup_stm32f407xx.o(RESET)
</UL>
<P><STRONG><a name="[35]"></a>TIM1_UP_TIM10_IRQHandler</STRONG> (Thumb, 0 bytes, Stack size 0 bytes, startup_stm32f407xx.o(.text))
<BR>[Address Reference Count : 1]<UL><LI> startup_stm32f407xx.o(RESET)
</UL>
<P><STRONG><a name="[38]"></a>TIM2_IRQHandler</STRONG> (Thumb, 0 bytes, Stack size 0 bytes, startup_stm32f407xx.o(.text))
<BR>[Address Reference Count : 1]<UL><LI> startup_stm32f407xx.o(RESET)
</UL>
<P><STRONG><a name="[3a]"></a>TIM4_IRQHandler</STRONG> (Thumb, 0 bytes, Stack size 0 bytes, startup_stm32f407xx.o(.text))
<BR>[Address Reference Count : 1]<UL><LI> startup_stm32f407xx.o(RESET)
</UL>
<P><STRONG><a name="[4e]"></a>TIM5_IRQHandler</STRONG> (Thumb, 0 bytes, Stack size 0 bytes, startup_stm32f407xx.o(.text))
<BR>[Address Reference Count : 1]<UL><LI> startup_stm32f407xx.o(RESET)
</UL>
<P><STRONG><a name="[52]"></a>TIM6_DAC_IRQHandler</STRONG> (Thumb, 0 bytes, Stack size 0 bytes, startup_stm32f407xx.o(.text))
<BR>[Address Reference Count : 1]<UL><LI> startup_stm32f407xx.o(RESET)
</UL>
<P><STRONG><a name="[53]"></a>TIM7_IRQHandler</STRONG> (Thumb, 0 bytes, Stack size 0 bytes, startup_stm32f407xx.o(.text))
<BR>[Address Reference Count : 1]<UL><LI> startup_stm32f407xx.o(RESET)
</UL>
<P><STRONG><a name="[47]"></a>TIM8_BRK_TIM12_IRQHandler</STRONG> (Thumb, 0 bytes, Stack size 0 bytes, startup_stm32f407xx.o(.text))
<BR>[Address Reference Count : 1]<UL><LI> startup_stm32f407xx.o(RESET)
</UL>
<P><STRONG><a name="[4a]"></a>TIM8_CC_IRQHandler</STRONG> (Thumb, 0 bytes, Stack size 0 bytes, startup_stm32f407xx.o(.text))
<BR>[Address Reference Count : 1]<UL><LI> startup_stm32f407xx.o(RESET)
</UL>
<P><STRONG><a name="[49]"></a>TIM8_TRG_COM_TIM14_IRQHandler</STRONG> (Thumb, 0 bytes, Stack size 0 bytes, startup_stm32f407xx.o(.text))
<BR>[Address Reference Count : 1]<UL><LI> startup_stm32f407xx.o(RESET)
</UL>
<P><STRONG><a name="[48]"></a>TIM8_UP_TIM13_IRQHandler</STRONG> (Thumb, 0 bytes, Stack size 0 bytes, startup_stm32f407xx.o(.text))
<BR>[Address Reference Count : 1]<UL><LI> startup_stm32f407xx.o(RESET)
</UL>
<P><STRONG><a name="[50]"></a>UART4_IRQHandler</STRONG> (Thumb, 0 bytes, Stack size 0 bytes, startup_stm32f407xx.o(.text))
<BR>[Address Reference Count : 1]<UL><LI> startup_stm32f407xx.o(RESET)
</UL>
<P><STRONG><a name="[51]"></a>UART5_IRQHandler</STRONG> (Thumb, 0 bytes, Stack size 0 bytes, startup_stm32f407xx.o(.text))
<BR>[Address Reference Count : 1]<UL><LI> startup_stm32f407xx.o(RESET)
</UL>
<P><STRONG><a name="[41]"></a>USART1_IRQHandler</STRONG> (Thumb, 0 bytes, Stack size 0 bytes, startup_stm32f407xx.o(.text))
<BR>[Address Reference Count : 1]<UL><LI> startup_stm32f407xx.o(RESET)
</UL>
<P><STRONG><a name="[42]"></a>USART2_IRQHandler</STRONG> (Thumb, 0 bytes, Stack size 0 bytes, startup_stm32f407xx.o(.text))
<BR>[Address Reference Count : 1]<UL><LI> startup_stm32f407xx.o(RESET)
</UL>
<P><STRONG><a name="[43]"></a>USART3_IRQHandler</STRONG> (Thumb, 0 bytes, Stack size 0 bytes, startup_stm32f407xx.o(.text))
<BR>[Address Reference Count : 1]<UL><LI> startup_stm32f407xx.o(RESET)
</UL>
<P><STRONG><a name="[63]"></a>USART6_IRQHandler</STRONG> (Thumb, 0 bytes, Stack size 0 bytes, startup_stm32f407xx.o(.text))
<BR>[Address Reference Count : 1]<UL><LI> startup_stm32f407xx.o(RESET)
</UL>
<P><STRONG><a name="[1c]"></a>WWDG_IRQHandler</STRONG> (Thumb, 0 bytes, Stack size 0 bytes, startup_stm32f407xx.o(.text))
<BR>[Address Reference Count : 1]<UL><LI> startup_stm32f407xx.o(RESET)
</UL>
<P><STRONG><a name="[1b5]"></a>___aeabi_memcpy8$move</STRONG> (Thumb, 0 bytes, Stack size 8 bytes, memmovea.o(.text), UNUSED)

<P><STRONG><a name="[155]"></a>__aeabi_memcpy</STRONG> (Thumb, 64 bytes, Stack size 8 bytes, memmovea.o(.text))
<BR><BR>[Stack]<UL><LI>Max Depth = 8<LI>Call Chain = __aeabi_memcpy
</UL>
<BR>[Called By]<UL><LI><a href="#[149]">&gt;&gt;</a>&nbsp;&nbsp;&nbsp;Hid_Data_Analysis
<LI><a href="#[1a9]">&gt;&gt;</a>&nbsp;&nbsp;&nbsp;atcab_write
<LI><a href="#[83]">&gt;&gt;</a>&nbsp;&nbsp;&nbsp;atcab_read_zone
<LI><a href="#[170]">&gt;&gt;</a>&nbsp;&nbsp;&nbsp;SHA256Update
</UL>

<P><STRONG><a name="[de]"></a>__aeabi_memcpy4</STRONG> (Thumb, 0 bytes, Stack size 8 bytes, memmovea.o(.text))
<BR><BR>[Stack]<UL><LI>Max Depth = 8<LI>Call Chain = __aeabi_memcpy4
</UL>
<BR>[Called By]<UL><LI><a href="#[150]">&gt;&gt;</a>&nbsp;&nbsp;&nbsp;Hid_Recv_0101_Rp
<LI><a href="#[dc]">&gt;&gt;</a>&nbsp;&nbsp;&nbsp;EmptyWallet
<LI><a href="#[121]">&gt;&gt;</a>&nbsp;&nbsp;&nbsp;HAL_PCD_Init
</UL>

<P><STRONG><a name="[14f]"></a>__aeabi_memmove</STRONG> (Thumb, 0 bytes, Stack size 8 bytes, memmovea.o(.text))
<BR><BR>[Stack]<UL><LI>Max Depth = 8<LI>Call Chain = __aeabi_memmove
</UL>
<BR>[Called By]<UL><LI><a href="#[154]">&gt;&gt;</a>&nbsp;&nbsp;&nbsp;Hid_Recv_01a3_Rp
<LI><a href="#[149]">&gt;&gt;</a>&nbsp;&nbsp;&nbsp;Hid_Data_Analysis
<LI><a href="#[bb]">&gt;&gt;</a>&nbsp;&nbsp;&nbsp;USB_DataReceiveHander
</UL>

<P><STRONG><a name="[1b6]"></a>__aeabi_memmove4</STRONG> (Thumb, 0 bytes, Stack size 8 bytes, memmovea.o(.text), UNUSED)

<P><STRONG><a name="[1b7]"></a>__aeabi_memmove8</STRONG> (Thumb, 0 bytes, Stack size 8 bytes, memmovea.o(.text), UNUSED)

<P><STRONG><a name="[73]"></a>__aeabi_memset</STRONG> (Thumb, 14 bytes, Stack size 0 bytes, memseta.o(.text))
<BR><BR>[Called By]<UL><LI><a href="#[74]">&gt;&gt;</a>&nbsp;&nbsp;&nbsp;_memset$wrapper
<LI><a href="#[72]">&gt;&gt;</a>&nbsp;&nbsp;&nbsp;__aeabi_memclr
</UL>

<P><STRONG><a name="[1b8]"></a>__aeabi_memset4</STRONG> (Thumb, 0 bytes, Stack size 0 bytes, memseta.o(.text), UNUSED)

<P><STRONG><a name="[1b9]"></a>__aeabi_memset8</STRONG> (Thumb, 0 bytes, Stack size 0 bytes, memseta.o(.text), UNUSED)

<P><STRONG><a name="[72]"></a>__aeabi_memclr</STRONG> (Thumb, 4 bytes, Stack size 0 bytes, memseta.o(.text))
<BR><BR>[Calls]<UL><LI><a href="#[73]">&gt;&gt;</a>&nbsp;&nbsp;&nbsp;__aeabi_memset
</UL>
<BR>[Called By]<UL><LI><a href="#[149]">&gt;&gt;</a>&nbsp;&nbsp;&nbsp;Hid_Data_Analysis
<LI><a href="#[6d]">&gt;&gt;</a>&nbsp;&nbsp;&nbsp;main
</UL>

<P><STRONG><a name="[dd]"></a>__aeabi_memclr4</STRONG> (Thumb, 0 bytes, Stack size 0 bytes, memseta.o(.text))
<BR><BR>[Called By]<UL><LI><a href="#[153]">&gt;&gt;</a>&nbsp;&nbsp;&nbsp;isAllPackGot
<LI><a href="#[14d]">&gt;&gt;</a>&nbsp;&nbsp;&nbsp;Hid_Recv_020b_Rp
<LI><a href="#[154]">&gt;&gt;</a>&nbsp;&nbsp;&nbsp;Hid_Recv_01a3_Rp
<LI><a href="#[150]">&gt;&gt;</a>&nbsp;&nbsp;&nbsp;Hid_Recv_0101_Rp
<LI><a href="#[149]">&gt;&gt;</a>&nbsp;&nbsp;&nbsp;Hid_Data_Analysis
<LI><a href="#[16d]">&gt;&gt;</a>&nbsp;&nbsp;&nbsp;ReadAT204Flag
<LI><a href="#[dc]">&gt;&gt;</a>&nbsp;&nbsp;&nbsp;EmptyWallet
<LI><a href="#[6d]">&gt;&gt;</a>&nbsp;&nbsp;&nbsp;main
</UL>

<P><STRONG><a name="[1ba]"></a>__aeabi_memclr8</STRONG> (Thumb, 0 bytes, Stack size 0 bytes, memseta.o(.text), UNUSED)

<P><STRONG><a name="[74]"></a>_memset$wrapper</STRONG> (Thumb, 18 bytes, Stack size 8 bytes, memseta.o(.text), UNUSED)
<BR><BR>[Calls]<UL><LI><a href="#[73]">&gt;&gt;</a>&nbsp;&nbsp;&nbsp;__aeabi_memset
</UL>

<P><STRONG><a name="[1aa]"></a>memcmp</STRONG> (Thumb, 26 bytes, Stack size 12 bytes, memcmp.o(.text))
<BR><BR>[Stack]<UL><LI>Max Depth = 12<LI>Call Chain = memcmp
</UL>
<BR>[Called By]<UL><LI><a href="#[1a4]">&gt;&gt;</a>&nbsp;&nbsp;&nbsp;atwake
<LI><a href="#[1a7]">&gt;&gt;</a>&nbsp;&nbsp;&nbsp;isATCAError
</UL>

<P><STRONG><a name="[71]"></a>__scatterload</STRONG> (Thumb, 28 bytes, Stack size 0 bytes, init.o(.text))
<BR><BR>[Calls]<UL><LI><a href="#[75]">&gt;&gt;</a>&nbsp;&nbsp;&nbsp;__main_after_scatterload
</UL>
<BR>[Called By]<UL><LI><a href="#[70]">&gt;&gt;</a>&nbsp;&nbsp;&nbsp;_main_scatterload
</UL>

<P><STRONG><a name="[1bb]"></a>__scatterload_rt2</STRONG> (Thumb, 0 bytes, Stack size 0 bytes, init.o(.text), UNUSED)

<P><STRONG><a name="[1bc]"></a>__decompress</STRONG> (Thumb, 0 bytes, Stack size unknown bytes, __dczerorl2.o(.text), UNUSED)

<P><STRONG><a name="[1bd]"></a>__decompress1</STRONG> (Thumb, 86 bytes, Stack size unknown bytes, __dczerorl2.o(.text), UNUSED)

<P><STRONG><a name="[76]"></a>ATSHA204_Init</STRONG> (Thumb, 26 bytes, Stack size 8 bytes, hw_config.o(i.ATSHA204_Init))
<BR><BR>[Stack]<UL><LI>Max Depth = 72<LI>Call Chain = ATSHA204_Init &rArr; bitBang_I2c_Init &rArr; HAL_GPIO_Init
</UL>
<BR>[Calls]<UL><LI><a href="#[77]">&gt;&gt;</a>&nbsp;&nbsp;&nbsp;bitBang_I2c_Init
</UL>
<BR>[Called By]<UL><LI><a href="#[af]">&gt;&gt;</a>&nbsp;&nbsp;&nbsp;BSP_Init
</UL>

<P><STRONG><a name="[78]"></a>ATSHA_IRcvNBytes</STRONG> (Thumb, 106 bytes, Stack size 16 bytes, bitbang_i2c.o(i.ATSHA_IRcvNBytes))
<BR><BR>[Stack]<UL><LI>Max Depth = 80<LI>Call Chain = ATSHA_IRcvNBytes &rArr; SendByte &rArr; Stop_I2c &rArr; __delay_us
</UL>
<BR>[Calls]<UL><LI><a href="#[7d]">&gt;&gt;</a>&nbsp;&nbsp;&nbsp;Stop_I2c
<LI><a href="#[79]">&gt;&gt;</a>&nbsp;&nbsp;&nbsp;Start_I2c
<LI><a href="#[7a]">&gt;&gt;</a>&nbsp;&nbsp;&nbsp;SendByte
<LI><a href="#[7b]">&gt;&gt;</a>&nbsp;&nbsp;&nbsp;RcvByte
<LI><a href="#[7c]">&gt;&gt;</a>&nbsp;&nbsp;&nbsp;Ack_I2c
</UL>
<BR>[Called By]<UL><LI><a href="#[1a6]">&gt;&gt;</a>&nbsp;&nbsp;&nbsp;atreceive
</UL>

<P><STRONG><a name="[7e]"></a>ATSHA_ISendNBytes</STRONG> (Thumb, 58 bytes, Stack size 16 bytes, bitbang_i2c.o(i.ATSHA_ISendNBytes))
<BR><BR>[Stack]<UL><LI>Max Depth = 80<LI>Call Chain = ATSHA_ISendNBytes &rArr; SendByte &rArr; Stop_I2c &rArr; __delay_us
</UL>
<BR>[Calls]<UL><LI><a href="#[7d]">&gt;&gt;</a>&nbsp;&nbsp;&nbsp;Stop_I2c
<LI><a href="#[79]">&gt;&gt;</a>&nbsp;&nbsp;&nbsp;Start_I2c
<LI><a href="#[7a]">&gt;&gt;</a>&nbsp;&nbsp;&nbsp;SendByte
</UL>
<BR>[Called By]<UL><LI><a href="#[1a5]">&gt;&gt;</a>&nbsp;&nbsp;&nbsp;atsend
<LI><a href="#[1a8]">&gt;&gt;</a>&nbsp;&nbsp;&nbsp;atidle
</UL>

<P><STRONG><a name="[7f]"></a>ATSHA_i2c_send_wake_token</STRONG> (Thumb, 26 bytes, Stack size 8 bytes, bitbang_i2c.o(i.ATSHA_i2c_send_wake_token))
<BR><BR>[Stack]<UL><LI>Max Depth = 32<LI>Call Chain = ATSHA_i2c_send_wake_token &rArr; __delay_us
</UL>
<BR>[Calls]<UL><LI><a href="#[80]">&gt;&gt;</a>&nbsp;&nbsp;&nbsp;__delay_us
</UL>
<BR>[Called By]<UL><LI><a href="#[1a4]">&gt;&gt;</a>&nbsp;&nbsp;&nbsp;atwake
</UL>

<P><STRONG><a name="[81]"></a>ATSHA_read_data_slot</STRONG> (Thumb, 40 bytes, Stack size 24 bytes, atsha204a.o(i.ATSHA_read_data_slot))
<BR><BR>[Stack]<UL><LI>Max Depth = 280<LI>Call Chain = ATSHA_read_data_slot &rArr; test_assert_data_is_locked &rArr; atcab_is_locked &rArr; atcab_read_zone &rArr; atwake &rArr; atreceive &rArr; ATSHA_IRcvNBytes &rArr; SendByte &rArr; Stop_I2c &rArr; __delay_us
</UL>
<BR>[Calls]<UL><LI><a href="#[82]">&gt;&gt;</a>&nbsp;&nbsp;&nbsp;test_assert_data_is_locked
<LI><a href="#[83]">&gt;&gt;</a>&nbsp;&nbsp;&nbsp;atcab_read_zone
</UL>
<BR>[Called By]<UL><LI><a href="#[16d]">&gt;&gt;</a>&nbsp;&nbsp;&nbsp;ReadAT204Flag
</UL>

<P><STRONG><a name="[84]"></a>ATSHA_write_data_slot</STRONG> (Thumb, 60 bytes, Stack size 32 bytes, atsha204a.o(i.ATSHA_write_data_slot))
<BR><BR>[Stack]<UL><LI>Max Depth = 280<LI>Call Chain = ATSHA_write_data_slot &rArr; atcab_is_locked &rArr; atcab_read_zone &rArr; atwake &rArr; atreceive &rArr; ATSHA_IRcvNBytes &rArr; SendByte &rArr; Stop_I2c &rArr; __delay_us
</UL>
<BR>[Calls]<UL><LI><a href="#[86]">&gt;&gt;</a>&nbsp;&nbsp;&nbsp;atcab_write_zone
<LI><a href="#[85]">&gt;&gt;</a>&nbsp;&nbsp;&nbsp;atcab_is_locked
</UL>
<BR>[Called By]<UL><LI><a href="#[dc]">&gt;&gt;</a>&nbsp;&nbsp;&nbsp;EmptyWallet
</UL>

<P><STRONG><a name="[87]"></a>AW9136_Init</STRONG> (Thumb, 128 bytes, Stack size 40 bytes, aw9136.o(i.AW9136_Init))
<BR><BR>[Stack]<UL><LI>Max Depth = 120<LI>Call Chain = AW9136_Init &rArr; I2C_read_reg &rArr; IIC2_Read_Byte &rArr; IIC2_NAck &rArr; delay_us
</UL>
<BR>[Calls]<UL><LI><a href="#[88]">&gt;&gt;</a>&nbsp;&nbsp;&nbsp;HAL_GPIO_Init
<LI><a href="#[8d]">&gt;&gt;</a>&nbsp;&nbsp;&nbsp;HAL_Delay
<LI><a href="#[8f]">&gt;&gt;</a>&nbsp;&nbsp;&nbsp;AW_NormalMode
<LI><a href="#[8c]">&gt;&gt;</a>&nbsp;&nbsp;&nbsp;AW9136_pwron
<LI><a href="#[90]">&gt;&gt;</a>&nbsp;&nbsp;&nbsp;AW9136_LED_ON
<LI><a href="#[8b]">&gt;&gt;</a>&nbsp;&nbsp;&nbsp;IIC2_Init
<LI><a href="#[89]">&gt;&gt;</a>&nbsp;&nbsp;&nbsp;HAL_NVIC_SetPriority
<LI><a href="#[8a]">&gt;&gt;</a>&nbsp;&nbsp;&nbsp;HAL_NVIC_EnableIRQ
<LI><a href="#[8e]">&gt;&gt;</a>&nbsp;&nbsp;&nbsp;I2C_read_reg
</UL>
<BR>[Called By]<UL><LI><a href="#[af]">&gt;&gt;</a>&nbsp;&nbsp;&nbsp;BSP_Init
</UL>

<P><STRONG><a name="[91]"></a>AW9136_LED_OFF</STRONG> (Thumb, 78 bytes, Stack size 8 bytes, aw9136.o(i.AW9136_LED_OFF))
<BR><BR>[Stack]<UL><LI>Max Depth = 72<LI>Call Chain = AW9136_LED_OFF &rArr; I2C_write_reg &rArr; IIC2_Wait_Ack &rArr; IIC2_Stop &rArr; delay_us
</UL>
<BR>[Calls]<UL><LI><a href="#[92]">&gt;&gt;</a>&nbsp;&nbsp;&nbsp;I2C_write_reg
</UL>
<BR>[Called By]<UL><LI><a href="#[160]">&gt;&gt;</a>&nbsp;&nbsp;&nbsp;Key_Control
</UL>

<P><STRONG><a name="[90]"></a>AW9136_LED_ON</STRONG> (Thumb, 78 bytes, Stack size 8 bytes, aw9136.o(i.AW9136_LED_ON))
<BR><BR>[Stack]<UL><LI>Max Depth = 72<LI>Call Chain = AW9136_LED_ON &rArr; I2C_write_reg &rArr; IIC2_Wait_Ack &rArr; IIC2_Stop &rArr; delay_us
</UL>
<BR>[Calls]<UL><LI><a href="#[92]">&gt;&gt;</a>&nbsp;&nbsp;&nbsp;I2C_write_reg
</UL>
<BR>[Called By]<UL><LI><a href="#[160]">&gt;&gt;</a>&nbsp;&nbsp;&nbsp;Key_Control
<LI><a href="#[87]">&gt;&gt;</a>&nbsp;&nbsp;&nbsp;AW9136_Init
</UL>

<P><STRONG><a name="[93]"></a>AW9136_eint_work</STRONG> (Thumb, 36 bytes, Stack size 8 bytes, aw9136.o(i.AW9136_eint_work))
<BR><BR>[Stack]<UL><LI>Max Depth = 224<LI>Call Chain = AW9136_eint_work &rArr; AW_NormalMode_Proc &rArr; AW91xx_Auto_Cali &rArr; I2C_read_reg &rArr; IIC2_Read_Byte &rArr; IIC2_NAck &rArr; delay_us
</UL>
<BR>[Calls]<UL><LI><a href="#[94]">&gt;&gt;</a>&nbsp;&nbsp;&nbsp;AW_SleepMode_Proc
<LI><a href="#[95]">&gt;&gt;</a>&nbsp;&nbsp;&nbsp;AW_NormalMode_Proc
<LI><a href="#[8e]">&gt;&gt;</a>&nbsp;&nbsp;&nbsp;I2C_read_reg
</UL>
<BR>[Called By]<UL><LI><a href="#[ef]">&gt;&gt;</a>&nbsp;&nbsp;&nbsp;HAL_GPIO_EXTI_Callback
</UL>

<P><STRONG><a name="[8c]"></a>AW9136_pwron</STRONG> (Thumb, 40 bytes, Stack size 8 bytes, aw9136.o(i.AW9136_pwron))
<BR><BR>[Stack]<UL><LI>Max Depth = 24<LI>Call Chain = AW9136_pwron &rArr; HAL_Delay
</UL>
<BR>[Calls]<UL><LI><a href="#[96]">&gt;&gt;</a>&nbsp;&nbsp;&nbsp;HAL_GPIO_WritePin
<LI><a href="#[8d]">&gt;&gt;</a>&nbsp;&nbsp;&nbsp;HAL_Delay
</UL>
<BR>[Called By]<UL><LI><a href="#[87]">&gt;&gt;</a>&nbsp;&nbsp;&nbsp;AW9136_Init
</UL>

<P><STRONG><a name="[97]"></a>AW91xx_Auto_Cali</STRONG> (Thumb, 594 bytes, Stack size 120 bytes, aw9136.o(i.AW91xx_Auto_Cali))
<BR><BR>[Stack]<UL><LI>Max Depth = 200<LI>Call Chain = AW91xx_Auto_Cali &rArr; I2C_read_reg &rArr; IIC2_Read_Byte &rArr; IIC2_NAck &rArr; delay_us
</UL>
<BR>[Calls]<UL><LI><a href="#[92]">&gt;&gt;</a>&nbsp;&nbsp;&nbsp;I2C_write_reg
<LI><a href="#[8e]">&gt;&gt;</a>&nbsp;&nbsp;&nbsp;I2C_read_reg
</UL>
<BR>[Called By]<UL><LI><a href="#[94]">&gt;&gt;</a>&nbsp;&nbsp;&nbsp;AW_SleepMode_Proc
<LI><a href="#[95]">&gt;&gt;</a>&nbsp;&nbsp;&nbsp;AW_NormalMode_Proc
</UL>

<P><STRONG><a name="[8f]"></a>AW_NormalMode</STRONG> (Thumb, 270 bytes, Stack size 8 bytes, aw9136.o(i.AW_NormalMode))
<BR><BR>[Stack]<UL><LI>Max Depth = 72<LI>Call Chain = AW_NormalMode &rArr; I2C_write_reg &rArr; IIC2_Wait_Ack &rArr; IIC2_Stop &rArr; delay_us
</UL>
<BR>[Calls]<UL><LI><a href="#[92]">&gt;&gt;</a>&nbsp;&nbsp;&nbsp;I2C_write_reg
</UL>
<BR>[Called By]<UL><LI><a href="#[87]">&gt;&gt;</a>&nbsp;&nbsp;&nbsp;AW9136_Init
</UL>

<P><STRONG><a name="[95]"></a>AW_NormalMode_Proc</STRONG> (Thumb, 158 bytes, Stack size 16 bytes, aw9136.o(i.AW_NormalMode_Proc))
<BR><BR>[Stack]<UL><LI>Max Depth = 216<LI>Call Chain = AW_NormalMode_Proc &rArr; AW91xx_Auto_Cali &rArr; I2C_read_reg &rArr; IIC2_Read_Byte &rArr; IIC2_NAck &rArr; delay_us
</UL>
<BR>[Calls]<UL><LI><a href="#[9c]">&gt;&gt;</a>&nbsp;&nbsp;&nbsp;AW_right_release
<LI><a href="#[9b]">&gt;&gt;</a>&nbsp;&nbsp;&nbsp;AW_right_press
<LI><a href="#[98]">&gt;&gt;</a>&nbsp;&nbsp;&nbsp;AW_double
<LI><a href="#[9a]">&gt;&gt;</a>&nbsp;&nbsp;&nbsp;AW_center_release
<LI><a href="#[99]">&gt;&gt;</a>&nbsp;&nbsp;&nbsp;AW_center_press
<LI><a href="#[97]">&gt;&gt;</a>&nbsp;&nbsp;&nbsp;AW91xx_Auto_Cali
<LI><a href="#[92]">&gt;&gt;</a>&nbsp;&nbsp;&nbsp;I2C_write_reg
<LI><a href="#[8e]">&gt;&gt;</a>&nbsp;&nbsp;&nbsp;I2C_read_reg
</UL>
<BR>[Called By]<UL><LI><a href="#[93]">&gt;&gt;</a>&nbsp;&nbsp;&nbsp;AW9136_eint_work
</UL>

<P><STRONG><a name="[94]"></a>AW_SleepMode_Proc</STRONG> (Thumb, 90 bytes, Stack size 8 bytes, aw9136.o(i.AW_SleepMode_Proc))
<BR><BR>[Stack]<UL><LI>Max Depth = 208<LI>Call Chain = AW_SleepMode_Proc &rArr; AW91xx_Auto_Cali &rArr; I2C_read_reg &rArr; IIC2_Read_Byte &rArr; IIC2_NAck &rArr; delay_us
</UL>
<BR>[Calls]<UL><LI><a href="#[98]">&gt;&gt;</a>&nbsp;&nbsp;&nbsp;AW_double
<LI><a href="#[97]">&gt;&gt;</a>&nbsp;&nbsp;&nbsp;AW91xx_Auto_Cali
<LI><a href="#[92]">&gt;&gt;</a>&nbsp;&nbsp;&nbsp;I2C_write_reg
<LI><a href="#[8e]">&gt;&gt;</a>&nbsp;&nbsp;&nbsp;I2C_read_reg
</UL>
<BR>[Called By]<UL><LI><a href="#[93]">&gt;&gt;</a>&nbsp;&nbsp;&nbsp;AW9136_eint_work
</UL>

<P><STRONG><a name="[99]"></a>AW_center_press</STRONG> (Thumb, 32 bytes, Stack size 0 bytes, aw9136.o(i.AW_center_press))
<BR><BR>[Stack]<UL><LI>Max Depth = 32<LI>Call Chain = AW_center_press &rArr; Motor_touch &rArr; HAL_Delay
</UL>
<BR>[Calls]<UL><LI><a href="#[9d]">&gt;&gt;</a>&nbsp;&nbsp;&nbsp;Motor_touch
</UL>
<BR>[Called By]<UL><LI><a href="#[95]">&gt;&gt;</a>&nbsp;&nbsp;&nbsp;AW_NormalMode_Proc
</UL>

<P><STRONG><a name="[9a]"></a>AW_center_release</STRONG> (Thumb, 16 bytes, Stack size 0 bytes, aw9136.o(i.AW_center_release))
<BR><BR>[Called By]<UL><LI><a href="#[95]">&gt;&gt;</a>&nbsp;&nbsp;&nbsp;AW_NormalMode_Proc
</UL>

<P><STRONG><a name="[98]"></a>AW_double</STRONG> (Thumb, 24 bytes, Stack size 0 bytes, aw9136.o(i.AW_double))
<BR><BR>[Called By]<UL><LI><a href="#[94]">&gt;&gt;</a>&nbsp;&nbsp;&nbsp;AW_SleepMode_Proc
<LI><a href="#[95]">&gt;&gt;</a>&nbsp;&nbsp;&nbsp;AW_NormalMode_Proc
</UL>

<P><STRONG><a name="[9b]"></a>AW_right_press</STRONG> (Thumb, 32 bytes, Stack size 0 bytes, aw9136.o(i.AW_right_press))
<BR><BR>[Stack]<UL><LI>Max Depth = 32<LI>Call Chain = AW_right_press &rArr; Motor_touch &rArr; HAL_Delay
</UL>
<BR>[Calls]<UL><LI><a href="#[9d]">&gt;&gt;</a>&nbsp;&nbsp;&nbsp;Motor_touch
</UL>
<BR>[Called By]<UL><LI><a href="#[95]">&gt;&gt;</a>&nbsp;&nbsp;&nbsp;AW_NormalMode_Proc
</UL>

<P><STRONG><a name="[9c]"></a>AW_right_release</STRONG> (Thumb, 16 bytes, Stack size 0 bytes, aw9136.o(i.AW_right_release))
<BR><BR>[Called By]<UL><LI><a href="#[95]">&gt;&gt;</a>&nbsp;&nbsp;&nbsp;AW_NormalMode_Proc
</UL>

<P><STRONG><a name="[9e]"></a>AddBig</STRONG> (Thumb, 318 bytes, Stack size 32 bytes, crypto.o(i.AddBig))
<BR><BR>[Stack]<UL><LI>Max Depth = 84<LI>Call Chain = AddBig &rArr; Add_Moduli_Big &rArr; CopyBig
</UL>
<BR>[Calls]<UL><LI><a href="#[a5]">&gt;&gt;</a>&nbsp;&nbsp;&nbsp;InitBig
<LI><a href="#[a1]">&gt;&gt;</a>&nbsp;&nbsp;&nbsp;CopyBig
<LI><a href="#[a0]">&gt;&gt;</a>&nbsp;&nbsp;&nbsp;CompareBig
<LI><a href="#[a3]">&gt;&gt;</a>&nbsp;&nbsp;&nbsp;Add_Moduli_Big
<LI><a href="#[a2]">&gt;&gt;</a>&nbsp;&nbsp;&nbsp;Sub_Moduli_Big
<LI><a href="#[9f]">&gt;&gt;</a>&nbsp;&nbsp;&nbsp;StAllocBig
<LI><a href="#[a4]">&gt;&gt;</a>&nbsp;&nbsp;&nbsp;SetZeroBig
</UL>
<BR>[Called By]<UL><LI><a href="#[16a]">&gt;&gt;</a>&nbsp;&nbsp;&nbsp;MontyJacProjDoublePoint
<LI><a href="#[d8]">&gt;&gt;</a>&nbsp;&nbsp;&nbsp;MontyJacProjAddPoints
<LI><a href="#[d6]">&gt;&gt;</a>&nbsp;&nbsp;&nbsp;ModularInvBig
<LI><a href="#[d2]">&gt;&gt;</a>&nbsp;&nbsp;&nbsp;ModularAddBig
</UL>

<P><STRONG><a name="[a6]"></a>Alg_ECDSASignVerify</STRONG> (Thumb, 116 bytes, Stack size 120 bytes, app_ecdsa.c.o(i.Alg_ECDSASignVerify))
<BR><BR>[Stack]<UL><LI>Max Depth = 892<LI>Call Chain = Alg_ECDSASignVerify &rArr; ECCSignVerify &rArr; ECDSAverify &rArr; NAF_Binary_PointMul &rArr; MontyJacProjAddPoints &rArr; MontyJacProjDoublePoint &rArr; ModularFastMul2 &rArr; SubBig &rArr; Add_Moduli_Big &rArr; CopyBig
</UL>
<BR>[Calls]<UL><LI><a href="#[a7]">&gt;&gt;</a>&nbsp;&nbsp;&nbsp;Crypto_DeInit
<LI><a href="#[a8]">&gt;&gt;</a>&nbsp;&nbsp;&nbsp;EC_paraTestInit
<LI><a href="#[a9]">&gt;&gt;</a>&nbsp;&nbsp;&nbsp;ECCSignVerify
</UL>
<BR>[Called By]<UL><LI><a href="#[149]">&gt;&gt;</a>&nbsp;&nbsp;&nbsp;Hid_Data_Analysis
</UL>

<P><STRONG><a name="[aa]"></a>Asc8_16</STRONG> (Thumb, 112 bytes, Stack size 32 bytes, oled.o(i.Asc8_16))
<BR><BR>[Stack]<UL><LI>Max Depth = 104<LI>Call Chain = Asc8_16 &rArr; Con_4_byte &rArr; OLED_WR_Byte
</UL>
<BR>[Calls]<UL><LI><a href="#[ad]">&gt;&gt;</a>&nbsp;&nbsp;&nbsp;Set_Write_RAM
<LI><a href="#[ac]">&gt;&gt;</a>&nbsp;&nbsp;&nbsp;Set_Row_Address
<LI><a href="#[ab]">&gt;&gt;</a>&nbsp;&nbsp;&nbsp;Set_Column_Address
<LI><a href="#[ae]">&gt;&gt;</a>&nbsp;&nbsp;&nbsp;Con_4_byte
</UL>
<BR>[Called By]<UL><LI><a href="#[151]">&gt;&gt;</a>&nbsp;&nbsp;&nbsp;Update_Error_Deal
<LI><a href="#[16b]">&gt;&gt;</a>&nbsp;&nbsp;&nbsp;NEO_Test
<LI><a href="#[6d]">&gt;&gt;</a>&nbsp;&nbsp;&nbsp;main
</UL>

<P><STRONG><a name="[16]"></a>BusFault_Handler</STRONG> (Thumb, 2 bytes, Stack size 0 bytes, stm32f4xx_it.o(i.BusFault_Handler))
<BR><BR>[Calls]<UL><LI><a href="#[16]">&gt;&gt;</a>&nbsp;&nbsp;&nbsp;BusFault_Handler
</UL>
<BR>[Called By]<UL><LI><a href="#[16]">&gt;&gt;</a>&nbsp;&nbsp;&nbsp;BusFault_Handler
</UL>
<BR>[Address Reference Count : 1]<UL><LI> startup_stm32f407xx.o(RESET)
</UL>
<P><STRONG><a name="[b5]"></a>Center_button_init</STRONG> (Thumb, 64 bytes, Stack size 32 bytes, aw9136.o(i.Center_button_init))
<BR><BR>[Stack]<UL><LI>Max Depth = 72<LI>Call Chain = Center_button_init &rArr; HAL_GPIO_Init
</UL>
<BR>[Calls]<UL><LI><a href="#[88]">&gt;&gt;</a>&nbsp;&nbsp;&nbsp;HAL_GPIO_Init
<LI><a href="#[89]">&gt;&gt;</a>&nbsp;&nbsp;&nbsp;HAL_NVIC_SetPriority
<LI><a href="#[8a]">&gt;&gt;</a>&nbsp;&nbsp;&nbsp;HAL_NVIC_EnableIRQ
</UL>
<BR>[Called By]<UL><LI><a href="#[af]">&gt;&gt;</a>&nbsp;&nbsp;&nbsp;BSP_Init
</UL>

<P><STRONG><a name="[a0]"></a>CompareBig</STRONG> (Thumb, 166 bytes, Stack size 12 bytes, crypto.o(i.CompareBig))
<BR><BR>[Stack]<UL><LI>Max Depth = 12<LI>Call Chain = CompareBig
</UL>
<BR>[Called By]<UL><LI><a href="#[c8]">&gt;&gt;</a>&nbsp;&nbsp;&nbsp;ECDSAverify
<LI><a href="#[c5]">&gt;&gt;</a>&nbsp;&nbsp;&nbsp;ECCvalidatePubKey
<LI><a href="#[d1]">&gt;&gt;</a>&nbsp;&nbsp;&nbsp;MontyMul
<LI><a href="#[16a]">&gt;&gt;</a>&nbsp;&nbsp;&nbsp;MontyJacProjDoublePoint
<LI><a href="#[d0]">&gt;&gt;</a>&nbsp;&nbsp;&nbsp;MontyInit
<LI><a href="#[d6]">&gt;&gt;</a>&nbsp;&nbsp;&nbsp;ModularInvBig
<LI><a href="#[166]">&gt;&gt;</a>&nbsp;&nbsp;&nbsp;ModularFastMul2
<LI><a href="#[d2]">&gt;&gt;</a>&nbsp;&nbsp;&nbsp;ModularAddBig
<LI><a href="#[9e]">&gt;&gt;</a>&nbsp;&nbsp;&nbsp;AddBig
<LI><a href="#[da]">&gt;&gt;</a>&nbsp;&nbsp;&nbsp;SubBig
</UL>

<P><STRONG><a name="[ae]"></a>Con_4_byte</STRONG> (Thumb, 148 bytes, Stack size 48 bytes, oled.o(i.Con_4_byte))
<BR><BR>[Stack]<UL><LI>Max Depth = 72<LI>Call Chain = Con_4_byte &rArr; OLED_WR_Byte
</UL>
<BR>[Calls]<UL><LI><a href="#[bc]">&gt;&gt;</a>&nbsp;&nbsp;&nbsp;OLED_WR_Byte
</UL>
<BR>[Called By]<UL><LI><a href="#[aa]">&gt;&gt;</a>&nbsp;&nbsp;&nbsp;Asc8_16
<LI><a href="#[146]">&gt;&gt;</a>&nbsp;&nbsp;&nbsp;HZ12_12
</UL>

<P><STRONG><a name="[a1]"></a>CopyBig</STRONG> (Thumb, 158 bytes, Stack size 12 bytes, crypto.o(i.CopyBig))
<BR><BR>[Stack]<UL><LI>Max Depth = 12<LI>Call Chain = CopyBig
</UL>
<BR>[Called By]<UL><LI><a href="#[c5]">&gt;&gt;</a>&nbsp;&nbsp;&nbsp;ECCvalidatePubKey
<LI><a href="#[d9]">&gt;&gt;</a>&nbsp;&nbsp;&nbsp;Normalize
<LI><a href="#[d1]">&gt;&gt;</a>&nbsp;&nbsp;&nbsp;MontyMul
<LI><a href="#[16a]">&gt;&gt;</a>&nbsp;&nbsp;&nbsp;MontyJacProjDoublePoint
<LI><a href="#[d8]">&gt;&gt;</a>&nbsp;&nbsp;&nbsp;MontyJacProjAddPoints
<LI><a href="#[d0]">&gt;&gt;</a>&nbsp;&nbsp;&nbsp;MontyInit
<LI><a href="#[d6]">&gt;&gt;</a>&nbsp;&nbsp;&nbsp;ModularInvBig
<LI><a href="#[cf]">&gt;&gt;</a>&nbsp;&nbsp;&nbsp;ECCsetPointGenerator
<LI><a href="#[cc]">&gt;&gt;</a>&nbsp;&nbsp;&nbsp;ECCcopyPoint
<LI><a href="#[9e]">&gt;&gt;</a>&nbsp;&nbsp;&nbsp;AddBig
<LI><a href="#[a3]">&gt;&gt;</a>&nbsp;&nbsp;&nbsp;Add_Moduli_Big
<LI><a href="#[da]">&gt;&gt;</a>&nbsp;&nbsp;&nbsp;SubBig
</UL>

<P><STRONG><a name="[d4]"></a>CountBits</STRONG> (Thumb, 48 bytes, Stack size 0 bytes, crypto.o(i.CountBits))
<BR><BR>[Called By]<UL><LI><a href="#[c8]">&gt;&gt;</a>&nbsp;&nbsp;&nbsp;ECDSAverify
<LI><a href="#[d0]">&gt;&gt;</a>&nbsp;&nbsp;&nbsp;MontyInit
</UL>

<P><STRONG><a name="[a7]"></a>Crypto_DeInit</STRONG> (Thumb, 8 bytes, Stack size 0 bytes, crypto.o(i.Crypto_DeInit))
<BR><BR>[Calls]<UL><LI><a href="#[bd]">&gt;&gt;</a>&nbsp;&nbsp;&nbsp;RCC_AHB1PeriphClockCmd
</UL>
<BR>[Called By]<UL><LI><a href="#[a6]">&gt;&gt;</a>&nbsp;&nbsp;&nbsp;Alg_ECDSASignVerify
</UL>

<P><STRONG><a name="[be]"></a>Deal_USB_ERROR</STRONG> (Thumb, 46 bytes, Stack size 32 bytes, app_command.o(i.Deal_USB_ERROR))
<BR><BR>[Stack]<UL><LI>Max Depth = 72<LI>Call Chain = Deal_USB_ERROR &rArr; HAL_GPIO_Init
</UL>
<BR>[Calls]<UL><LI><a href="#[88]">&gt;&gt;</a>&nbsp;&nbsp;&nbsp;HAL_GPIO_Init
<LI><a href="#[96]">&gt;&gt;</a>&nbsp;&nbsp;&nbsp;HAL_GPIO_WritePin
</UL>
<BR>[Called By]<UL><LI><a href="#[149]">&gt;&gt;</a>&nbsp;&nbsp;&nbsp;Hid_Data_Analysis
</UL>

<P><STRONG><a name="[19]"></a>DebugMon_Handler</STRONG> (Thumb, 2 bytes, Stack size 0 bytes, stm32f4xx_it.o(i.DebugMon_Handler))
<BR>[Address Reference Count : 1]<UL><LI> startup_stm32f407xx.o(RESET)
</UL>
<P><STRONG><a name="[a9]"></a>ECCSignVerify</STRONG> (Thumb, 330 bytes, Stack size 280 bytes, app_ecdsa.c.o(i.ECCSignVerify))
<BR><BR>[Stack]<UL><LI>Max Depth = 772<LI>Call Chain = ECCSignVerify &rArr; ECDSAverify &rArr; NAF_Binary_PointMul &rArr; MontyJacProjAddPoints &rArr; MontyJacProjDoublePoint &rArr; ModularFastMul2 &rArr; SubBig &rArr; Add_Moduli_Big &rArr; CopyBig
</UL>
<BR>[Calls]<UL><LI><a href="#[c8]">&gt;&gt;</a>&nbsp;&nbsp;&nbsp;ECDSAverify
<LI><a href="#[c7]">&gt;&gt;</a>&nbsp;&nbsp;&nbsp;ECDSAsetSignature
<LI><a href="#[c6]">&gt;&gt;</a>&nbsp;&nbsp;&nbsp;ECDSAinitSign
<LI><a href="#[c9]">&gt;&gt;</a>&nbsp;&nbsp;&nbsp;ECDSAfreeSign
<LI><a href="#[c5]">&gt;&gt;</a>&nbsp;&nbsp;&nbsp;ECCvalidatePubKey
<LI><a href="#[c4]">&gt;&gt;</a>&nbsp;&nbsp;&nbsp;ECCsetPointCoordinate
<LI><a href="#[c3]">&gt;&gt;</a>&nbsp;&nbsp;&nbsp;ECCinitPoint
<LI><a href="#[c2]">&gt;&gt;</a>&nbsp;&nbsp;&nbsp;ECCinitEC
<LI><a href="#[ca]">&gt;&gt;</a>&nbsp;&nbsp;&nbsp;ECCfreePoint
<LI><a href="#[cb]">&gt;&gt;</a>&nbsp;&nbsp;&nbsp;ECCfreeEC
<LI><a href="#[bf]">&gt;&gt;</a>&nbsp;&nbsp;&nbsp;SHA256_Init
<LI><a href="#[c1]">&gt;&gt;</a>&nbsp;&nbsp;&nbsp;SHA256_Finish
<LI><a href="#[c0]">&gt;&gt;</a>&nbsp;&nbsp;&nbsp;SHA256_Append
</UL>
<BR>[Called By]<UL><LI><a href="#[a6]">&gt;&gt;</a>&nbsp;&nbsp;&nbsp;Alg_ECDSASignVerify
</UL>

<P><STRONG><a name="[cc]"></a>ECCcopyPoint</STRONG> (Thumb, 102 bytes, Stack size 12 bytes, crypto.o(i.ECCcopyPoint))
<BR><BR>[Stack]<UL><LI>Max Depth = 24<LI>Call Chain = ECCcopyPoint &rArr; CopyBig
</UL>
<BR>[Calls]<UL><LI><a href="#[a1]">&gt;&gt;</a>&nbsp;&nbsp;&nbsp;CopyBig
</UL>
<BR>[Called By]<UL><LI><a href="#[c5]">&gt;&gt;</a>&nbsp;&nbsp;&nbsp;ECCvalidatePubKey
<LI><a href="#[d9]">&gt;&gt;</a>&nbsp;&nbsp;&nbsp;Normalize
<LI><a href="#[d7]">&gt;&gt;</a>&nbsp;&nbsp;&nbsp;NAF_Binary_PointMul
<LI><a href="#[d8]">&gt;&gt;</a>&nbsp;&nbsp;&nbsp;MontyJacProjAddPoints
</UL>

<P><STRONG><a name="[cb]"></a>ECCfreeEC</STRONG> (Thumb, 124 bytes, Stack size 12 bytes, crypto.o(i.ECCfreeEC))
<BR><BR>[Stack]<UL><LI>Max Depth = 12<LI>Call Chain = ECCfreeEC
</UL>
<BR>[Calls]<UL><LI><a href="#[cd]">&gt;&gt;</a>&nbsp;&nbsp;&nbsp;StFreeBig
</UL>
<BR>[Called By]<UL><LI><a href="#[a9]">&gt;&gt;</a>&nbsp;&nbsp;&nbsp;ECCSignVerify
</UL>

<P><STRONG><a name="[ca]"></a>ECCfreePoint</STRONG> (Thumb, 66 bytes, Stack size 12 bytes, crypto.o(i.ECCfreePoint))
<BR><BR>[Stack]<UL><LI>Max Depth = 12<LI>Call Chain = ECCfreePoint
</UL>
<BR>[Calls]<UL><LI><a href="#[cd]">&gt;&gt;</a>&nbsp;&nbsp;&nbsp;StFreeBig
</UL>
<BR>[Called By]<UL><LI><a href="#[c8]">&gt;&gt;</a>&nbsp;&nbsp;&nbsp;ECDSAverify
<LI><a href="#[c5]">&gt;&gt;</a>&nbsp;&nbsp;&nbsp;ECCvalidatePubKey
<LI><a href="#[a9]">&gt;&gt;</a>&nbsp;&nbsp;&nbsp;ECCSignVerify
<LI><a href="#[d7]">&gt;&gt;</a>&nbsp;&nbsp;&nbsp;NAF_Binary_PointMul
</UL>

<P><STRONG><a name="[c2]"></a>ECCinitEC</STRONG> (Thumb, 440 bytes, Stack size 20 bytes, crypto.o(i.ECCinitEC))
<BR><BR>[Stack]<UL><LI>Max Depth = 52<LI>Call Chain = ECCinitEC &rArr; W8_to_Big &rArr; SetZeroBig
</UL>
<BR>[Calls]<UL><LI><a href="#[ce]">&gt;&gt;</a>&nbsp;&nbsp;&nbsp;W8_to_Big
<LI><a href="#[cd]">&gt;&gt;</a>&nbsp;&nbsp;&nbsp;StFreeBig
<LI><a href="#[9f]">&gt;&gt;</a>&nbsp;&nbsp;&nbsp;StAllocBig
</UL>
<BR>[Called By]<UL><LI><a href="#[a9]">&gt;&gt;</a>&nbsp;&nbsp;&nbsp;ECCSignVerify
</UL>

<P><STRONG><a name="[c3]"></a>ECCinitPoint</STRONG> (Thumb, 208 bytes, Stack size 16 bytes, crypto.o(i.ECCinitPoint))
<BR><BR>[Stack]<UL><LI>Max Depth = 28<LI>Call Chain = ECCinitPoint &rArr; InitBig
</UL>
<BR>[Calls]<UL><LI><a href="#[a5]">&gt;&gt;</a>&nbsp;&nbsp;&nbsp;InitBig
<LI><a href="#[cd]">&gt;&gt;</a>&nbsp;&nbsp;&nbsp;StFreeBig
<LI><a href="#[9f]">&gt;&gt;</a>&nbsp;&nbsp;&nbsp;StAllocBig
</UL>
<BR>[Called By]<UL><LI><a href="#[c8]">&gt;&gt;</a>&nbsp;&nbsp;&nbsp;ECDSAverify
<LI><a href="#[c5]">&gt;&gt;</a>&nbsp;&nbsp;&nbsp;ECCvalidatePubKey
<LI><a href="#[a9]">&gt;&gt;</a>&nbsp;&nbsp;&nbsp;ECCSignVerify
<LI><a href="#[d7]">&gt;&gt;</a>&nbsp;&nbsp;&nbsp;NAF_Binary_PointMul
</UL>

<P><STRONG><a name="[c4]"></a>ECCsetPointCoordinate</STRONG> (Thumb, 74 bytes, Stack size 4 bytes, crypto.o(i.ECCsetPointCoordinate))
<BR><BR>[Stack]<UL><LI>Max Depth = 36<LI>Call Chain = ECCsetPointCoordinate &rArr; W8_to_Big &rArr; SetZeroBig
</UL>
<BR>[Calls]<UL><LI><a href="#[ce]">&gt;&gt;</a>&nbsp;&nbsp;&nbsp;W8_to_Big
</UL>
<BR>[Called By]<UL><LI><a href="#[a9]">&gt;&gt;</a>&nbsp;&nbsp;&nbsp;ECCSignVerify
</UL>

<P><STRONG><a name="[cf]"></a>ECCsetPointGenerator</STRONG> (Thumb, 122 bytes, Stack size 20 bytes, crypto.o(i.ECCsetPointGenerator))
<BR><BR>[Stack]<UL><LI>Max Depth = 32<LI>Call Chain = ECCsetPointGenerator &rArr; InitBig
</UL>
<BR>[Calls]<UL><LI><a href="#[a5]">&gt;&gt;</a>&nbsp;&nbsp;&nbsp;InitBig
<LI><a href="#[a1]">&gt;&gt;</a>&nbsp;&nbsp;&nbsp;CopyBig
</UL>
<BR>[Called By]<UL><LI><a href="#[c8]">&gt;&gt;</a>&nbsp;&nbsp;&nbsp;ECDSAverify
</UL>

<P><STRONG><a name="[c5]"></a>ECCvalidatePubKey</STRONG> (Thumb, 602 bytes, Stack size 64 bytes, crypto.o(i.ECCvalidatePubKey))
<BR><BR>[Stack]<UL><LI>Max Depth = 212<LI>Call Chain = ECCvalidatePubKey &rArr; MontyInit &rArr; SubBig &rArr; Add_Moduli_Big &rArr; CopyBig
</UL>
<BR>[Calls]<UL><LI><a href="#[c3]">&gt;&gt;</a>&nbsp;&nbsp;&nbsp;ECCinitPoint
<LI><a href="#[ca]">&gt;&gt;</a>&nbsp;&nbsp;&nbsp;ECCfreePoint
<LI><a href="#[d1]">&gt;&gt;</a>&nbsp;&nbsp;&nbsp;MontyMul
<LI><a href="#[d3]">&gt;&gt;</a>&nbsp;&nbsp;&nbsp;MontyKillAll
<LI><a href="#[d0]">&gt;&gt;</a>&nbsp;&nbsp;&nbsp;MontyInit
<LI><a href="#[d2]">&gt;&gt;</a>&nbsp;&nbsp;&nbsp;ModularAddBig
<LI><a href="#[cc]">&gt;&gt;</a>&nbsp;&nbsp;&nbsp;ECCcopyPoint
<LI><a href="#[a1]">&gt;&gt;</a>&nbsp;&nbsp;&nbsp;CopyBig
<LI><a href="#[a0]">&gt;&gt;</a>&nbsp;&nbsp;&nbsp;CompareBig
<LI><a href="#[9f]">&gt;&gt;</a>&nbsp;&nbsp;&nbsp;StAllocBig
</UL>
<BR>[Called By]<UL><LI><a href="#[a9]">&gt;&gt;</a>&nbsp;&nbsp;&nbsp;ECCSignVerify
</UL>

<P><STRONG><a name="[c9]"></a>ECDSAfreeSign</STRONG> (Thumb, 56 bytes, Stack size 12 bytes, crypto.o(i.ECDSAfreeSign))
<BR><BR>[Stack]<UL><LI>Max Depth = 12<LI>Call Chain = ECDSAfreeSign
</UL>
<BR>[Calls]<UL><LI><a href="#[cd]">&gt;&gt;</a>&nbsp;&nbsp;&nbsp;StFreeBig
</UL>
<BR>[Called By]<UL><LI><a href="#[a9]">&gt;&gt;</a>&nbsp;&nbsp;&nbsp;ECCSignVerify
</UL>

<P><STRONG><a name="[c6]"></a>ECDSAinitSign</STRONG> (Thumb, 124 bytes, Stack size 16 bytes, crypto.o(i.ECDSAinitSign))
<BR><BR>[Stack]<UL><LI>Max Depth = 24<LI>Call Chain = ECDSAinitSign &rArr; StAllocBig
</UL>
<BR>[Calls]<UL><LI><a href="#[cd]">&gt;&gt;</a>&nbsp;&nbsp;&nbsp;StFreeBig
<LI><a href="#[9f]">&gt;&gt;</a>&nbsp;&nbsp;&nbsp;StAllocBig
</UL>
<BR>[Called By]<UL><LI><a href="#[a9]">&gt;&gt;</a>&nbsp;&nbsp;&nbsp;ECCSignVerify
</UL>

<P><STRONG><a name="[c7]"></a>ECDSAsetSignature</STRONG> (Thumb, 48 bytes, Stack size 0 bytes, crypto.o(i.ECDSAsetSignature))
<BR><BR>[Stack]<UL><LI>Max Depth = 32<LI>Call Chain = ECDSAsetSignature &rArr; W8_to_Big &rArr; SetZeroBig
</UL>
<BR>[Calls]<UL><LI><a href="#[ce]">&gt;&gt;</a>&nbsp;&nbsp;&nbsp;W8_to_Big
</UL>
<BR>[Called By]<UL><LI><a href="#[a9]">&gt;&gt;</a>&nbsp;&nbsp;&nbsp;ECCSignVerify
</UL>

<P><STRONG><a name="[c8]"></a>ECDSAverify</STRONG> (Thumb, 810 bytes, Stack size 80 bytes, crypto.o(i.ECDSAverify))
<BR><BR>[Stack]<UL><LI>Max Depth = 492<LI>Call Chain = ECDSAverify &rArr; NAF_Binary_PointMul &rArr; MontyJacProjAddPoints &rArr; MontyJacProjDoublePoint &rArr; ModularFastMul2 &rArr; SubBig &rArr; Add_Moduli_Big &rArr; CopyBig
</UL>
<BR>[Calls]<UL><LI><a href="#[c3]">&gt;&gt;</a>&nbsp;&nbsp;&nbsp;ECCinitPoint
<LI><a href="#[ca]">&gt;&gt;</a>&nbsp;&nbsp;&nbsp;ECCfreePoint
<LI><a href="#[d5]">&gt;&gt;</a>&nbsp;&nbsp;&nbsp;RightShift
<LI><a href="#[d9]">&gt;&gt;</a>&nbsp;&nbsp;&nbsp;Normalize
<LI><a href="#[d7]">&gt;&gt;</a>&nbsp;&nbsp;&nbsp;NAF_Binary_PointMul
<LI><a href="#[d1]">&gt;&gt;</a>&nbsp;&nbsp;&nbsp;MontyMul
<LI><a href="#[d3]">&gt;&gt;</a>&nbsp;&nbsp;&nbsp;MontyKillAll
<LI><a href="#[d8]">&gt;&gt;</a>&nbsp;&nbsp;&nbsp;MontyJacProjAddPoints
<LI><a href="#[d0]">&gt;&gt;</a>&nbsp;&nbsp;&nbsp;MontyInit
<LI><a href="#[d6]">&gt;&gt;</a>&nbsp;&nbsp;&nbsp;ModularInvBig
<LI><a href="#[cf]">&gt;&gt;</a>&nbsp;&nbsp;&nbsp;ECCsetPointGenerator
<LI><a href="#[d4]">&gt;&gt;</a>&nbsp;&nbsp;&nbsp;CountBits
<LI><a href="#[a0]">&gt;&gt;</a>&nbsp;&nbsp;&nbsp;CompareBig
<LI><a href="#[ce]">&gt;&gt;</a>&nbsp;&nbsp;&nbsp;W8_to_Big
<LI><a href="#[da]">&gt;&gt;</a>&nbsp;&nbsp;&nbsp;SubBig
<LI><a href="#[9f]">&gt;&gt;</a>&nbsp;&nbsp;&nbsp;StAllocBig
</UL>
<BR>[Called By]<UL><LI><a href="#[a9]">&gt;&gt;</a>&nbsp;&nbsp;&nbsp;ECCSignVerify
</UL>

<P><STRONG><a name="[a8]"></a>EC_paraTestInit</STRONG> (Thumb, 56 bytes, Stack size 0 bytes, app_ecdsa.c.o(i.EC_paraTestInit))
<BR><BR>[Called By]<UL><LI><a href="#[a6]">&gt;&gt;</a>&nbsp;&nbsp;&nbsp;Alg_ECDSASignVerify
</UL>

<P><STRONG><a name="[22]"></a>EXTI0_IRQHandler</STRONG> (Thumb, 6 bytes, Stack size 0 bytes, aw9136.o(i.EXTI0_IRQHandler))
<BR><BR>[Stack]<UL><LI>Max Depth = 232<LI>Call Chain = EXTI0_IRQHandler &rArr; HAL_GPIO_EXTI_IRQHandler &rArr; HAL_GPIO_EXTI_Callback &rArr; AW9136_eint_work &rArr; AW_NormalMode_Proc &rArr; AW91xx_Auto_Cali &rArr; I2C_read_reg &rArr; IIC2_Read_Byte &rArr; IIC2_NAck &rArr; delay_us
</UL>
<BR>[Calls]<UL><LI><a href="#[db]">&gt;&gt;</a>&nbsp;&nbsp;&nbsp;HAL_GPIO_EXTI_IRQHandler
</UL>
<BR>[Address Reference Count : 1]<UL><LI> startup_stm32f407xx.o(RESET)
</UL>
<P><STRONG><a name="[24]"></a>EXTI2_IRQHandler</STRONG> (Thumb, 6 bytes, Stack size 0 bytes, aw9136.o(i.EXTI2_IRQHandler))
<BR><BR>[Stack]<UL><LI>Max Depth = 232<LI>Call Chain = EXTI2_IRQHandler &rArr; HAL_GPIO_EXTI_IRQHandler &rArr; HAL_GPIO_EXTI_Callback &rArr; AW9136_eint_work &rArr; AW_NormalMode_Proc &rArr; AW91xx_Auto_Cali &rArr; I2C_read_reg &rArr; IIC2_Read_Byte &rArr; IIC2_NAck &rArr; delay_us
</UL>
<BR>[Calls]<UL><LI><a href="#[db]">&gt;&gt;</a>&nbsp;&nbsp;&nbsp;HAL_GPIO_EXTI_IRQHandler
</UL>
<BR>[Address Reference Count : 1]<UL><LI> startup_stm32f407xx.o(RESET)
</UL>
<P><STRONG><a name="[dc]"></a>EmptyWallet</STRONG> (Thumb, 60 bytes, Stack size 72 bytes, app_interface.o(i.EmptyWallet))
<BR><BR>[Stack]<UL><LI>Max Depth = 352<LI>Call Chain = EmptyWallet &rArr; ATSHA_write_data_slot &rArr; atcab_is_locked &rArr; atcab_read_zone &rArr; atwake &rArr; atreceive &rArr; ATSHA_IRcvNBytes &rArr; SendByte &rArr; Stop_I2c &rArr; __delay_us
</UL>
<BR>[Calls]<UL><LI><a href="#[84]">&gt;&gt;</a>&nbsp;&nbsp;&nbsp;ATSHA_write_data_slot
<LI><a href="#[dd]">&gt;&gt;</a>&nbsp;&nbsp;&nbsp;__aeabi_memclr4
<LI><a href="#[de]">&gt;&gt;</a>&nbsp;&nbsp;&nbsp;__aeabi_memcpy4
</UL>
<BR>[Called By]<UL><LI><a href="#[16d]">&gt;&gt;</a>&nbsp;&nbsp;&nbsp;ReadAT204Flag
</UL>

<P><STRONG><a name="[e8]"></a>FLASH_Erase_Sector</STRONG> (Thumb, 84 bytes, Stack size 0 bytes, stm32f4xx_hal_flash_ex.o(i.FLASH_Erase_Sector))
<BR><BR>[Called By]<UL><LI><a href="#[e6]">&gt;&gt;</a>&nbsp;&nbsp;&nbsp;HAL_FLASHEx_Erase
</UL>

<P><STRONG><a name="[e9]"></a>FLASH_FlushCaches</STRONG> (Thumb, 80 bytes, Stack size 0 bytes, stm32f4xx_hal_flash_ex.o(i.FLASH_FlushCaches))
<BR><BR>[Called By]<UL><LI><a href="#[e6]">&gt;&gt;</a>&nbsp;&nbsp;&nbsp;HAL_FLASHEx_Erase
</UL>

<P><STRONG><a name="[df]"></a>FLASH_WaitForLastOperation</STRONG> (Thumb, 72 bytes, Stack size 16 bytes, stm32f4xx_hal_flash.o(i.FLASH_WaitForLastOperation))
<BR><BR>[Stack]<UL><LI>Max Depth = 16<LI>Call Chain = FLASH_WaitForLastOperation
</UL>
<BR>[Calls]<UL><LI><a href="#[e0]">&gt;&gt;</a>&nbsp;&nbsp;&nbsp;HAL_GetTick
<LI><a href="#[e1]">&gt;&gt;</a>&nbsp;&nbsp;&nbsp;FLASH_SetErrorCode
</UL>
<BR>[Called By]<UL><LI><a href="#[14b]">&gt;&gt;</a>&nbsp;&nbsp;&nbsp;STMFLASH_Erase_Sectors
<LI><a href="#[ea]">&gt;&gt;</a>&nbsp;&nbsp;&nbsp;HAL_FLASH_Program
<LI><a href="#[e6]">&gt;&gt;</a>&nbsp;&nbsp;&nbsp;HAL_FLASHEx_Erase
<LI><a href="#[173]">&gt;&gt;</a>&nbsp;&nbsp;&nbsp;STMFLASH_Write
</UL>

<P><STRONG><a name="[167]"></a>FastDiv2</STRONG> (Thumb, 98 bytes, Stack size 8 bytes, crypto.o(i.FastDiv2))
<BR><BR>[Stack]<UL><LI>Max Depth = 8<LI>Call Chain = FastDiv2
</UL>
<BR>[Called By]<UL><LI><a href="#[d6]">&gt;&gt;</a>&nbsp;&nbsp;&nbsp;ModularInvBig
</UL>

<P><STRONG><a name="[e2]"></a>Fill_Block</STRONG> (Thumb, 98 bytes, Stack size 32 bytes, oled.o(i.Fill_Block))
<BR><BR>[Stack]<UL><LI>Max Depth = 72<LI>Call Chain = Fill_Block &rArr; Set_Row_Address &rArr; OLED_WR_Byte
</UL>
<BR>[Calls]<UL><LI><a href="#[ad]">&gt;&gt;</a>&nbsp;&nbsp;&nbsp;Set_Write_RAM
<LI><a href="#[ac]">&gt;&gt;</a>&nbsp;&nbsp;&nbsp;Set_Row_Address
<LI><a href="#[ab]">&gt;&gt;</a>&nbsp;&nbsp;&nbsp;Set_Column_Address
<LI><a href="#[bc]">&gt;&gt;</a>&nbsp;&nbsp;&nbsp;OLED_WR_Byte
</UL>
<BR>[Called By]<UL><LI><a href="#[b8]">&gt;&gt;</a>&nbsp;&nbsp;&nbsp;clearArea
</UL>

<P><STRONG><a name="[e3]"></a>Fill_RAM</STRONG> (Thumb, 62 bytes, Stack size 16 bytes, oled.o(i.Fill_RAM))
<BR><BR>[Stack]<UL><LI>Max Depth = 56<LI>Call Chain = Fill_RAM &rArr; Set_Row_Address &rArr; OLED_WR_Byte
</UL>
<BR>[Calls]<UL><LI><a href="#[ad]">&gt;&gt;</a>&nbsp;&nbsp;&nbsp;Set_Write_RAM
<LI><a href="#[ac]">&gt;&gt;</a>&nbsp;&nbsp;&nbsp;Set_Row_Address
<LI><a href="#[ab]">&gt;&gt;</a>&nbsp;&nbsp;&nbsp;Set_Column_Address
<LI><a href="#[bc]">&gt;&gt;</a>&nbsp;&nbsp;&nbsp;OLED_WR_Byte
</UL>
<BR>[Called By]<UL><LI><a href="#[151]">&gt;&gt;</a>&nbsp;&nbsp;&nbsp;Update_Error_Deal
<LI><a href="#[150]">&gt;&gt;</a>&nbsp;&nbsp;&nbsp;Hid_Recv_0101_Rp
<LI><a href="#[149]">&gt;&gt;</a>&nbsp;&nbsp;&nbsp;Hid_Data_Analysis
<LI><a href="#[16b]">&gt;&gt;</a>&nbsp;&nbsp;&nbsp;NEO_Test
<LI><a href="#[b6]">&gt;&gt;</a>&nbsp;&nbsp;&nbsp;OLED_Init
<LI><a href="#[6d]">&gt;&gt;</a>&nbsp;&nbsp;&nbsp;main
</UL>

<P><STRONG><a name="[e4]"></a>Get_Serial_ID</STRONG> (Thumb, 10 bytes, Stack size 8 bytes, app_command.o(i.Get_Serial_ID))
<BR><BR>[Stack]<UL><LI>Max Depth = 8<LI>Call Chain = Get_Serial_ID
</UL>
<BR>[Calls]<UL><LI><a href="#[e0]">&gt;&gt;</a>&nbsp;&nbsp;&nbsp;HAL_GetTick
</UL>
<BR>[Called By]<UL><LI><a href="#[150]">&gt;&gt;</a>&nbsp;&nbsp;&nbsp;Hid_Recv_0101_Rp
</UL>

<P><STRONG><a name="[b3]"></a>HAL_CRC_Init</STRONG> (Thumb, 38 bytes, Stack size 8 bytes, stm32f4xx_hal_crc.o(i.HAL_CRC_Init))
<BR><BR>[Stack]<UL><LI>Max Depth = 16<LI>Call Chain = HAL_CRC_Init &rArr; HAL_CRC_MspInit
</UL>
<BR>[Calls]<UL><LI><a href="#[e5]">&gt;&gt;</a>&nbsp;&nbsp;&nbsp;HAL_CRC_MspInit
</UL>
<BR>[Called By]<UL><LI><a href="#[af]">&gt;&gt;</a>&nbsp;&nbsp;&nbsp;BSP_Init
</UL>

<P><STRONG><a name="[e5]"></a>HAL_CRC_MspInit</STRONG> (Thumb, 30 bytes, Stack size 8 bytes, stm32f4xx_hal_msp.o(i.HAL_CRC_MspInit))
<BR><BR>[Stack]<UL><LI>Max Depth = 8<LI>Call Chain = HAL_CRC_MspInit
</UL>
<BR>[Called By]<UL><LI><a href="#[b3]">&gt;&gt;</a>&nbsp;&nbsp;&nbsp;HAL_CRC_Init
</UL>

<P><STRONG><a name="[8d]"></a>HAL_Delay</STRONG> (Thumb, 28 bytes, Stack size 16 bytes, stm32f4xx_hal.o(i.HAL_Delay))
<BR><BR>[Stack]<UL><LI>Max Depth = 16<LI>Call Chain = HAL_Delay
</UL>
<BR>[Calls]<UL><LI><a href="#[e0]">&gt;&gt;</a>&nbsp;&nbsp;&nbsp;HAL_GetTick
</UL>
<BR>[Called By]<UL><LI><a href="#[151]">&gt;&gt;</a>&nbsp;&nbsp;&nbsp;Update_Error_Deal
<LI><a href="#[149]">&gt;&gt;</a>&nbsp;&nbsp;&nbsp;Hid_Data_Analysis
<LI><a href="#[16b]">&gt;&gt;</a>&nbsp;&nbsp;&nbsp;NEO_Test
<LI><a href="#[8c]">&gt;&gt;</a>&nbsp;&nbsp;&nbsp;AW9136_pwron
<LI><a href="#[87]">&gt;&gt;</a>&nbsp;&nbsp;&nbsp;AW9136_Init
<LI><a href="#[9d]">&gt;&gt;</a>&nbsp;&nbsp;&nbsp;Motor_touch
<LI><a href="#[1a1]">&gt;&gt;</a>&nbsp;&nbsp;&nbsp;atca_delay_ms
<LI><a href="#[b6]">&gt;&gt;</a>&nbsp;&nbsp;&nbsp;OLED_Init
<LI><a href="#[92]">&gt;&gt;</a>&nbsp;&nbsp;&nbsp;I2C_write_reg
<LI><a href="#[125]">&gt;&gt;</a>&nbsp;&nbsp;&nbsp;USB_SetCurrentMode
<LI><a href="#[127]">&gt;&gt;</a>&nbsp;&nbsp;&nbsp;USB_DevDisconnect
<LI><a href="#[130]">&gt;&gt;</a>&nbsp;&nbsp;&nbsp;USB_DevConnect
<LI><a href="#[6d]">&gt;&gt;</a>&nbsp;&nbsp;&nbsp;main
</UL>

<P><STRONG><a name="[e6]"></a>HAL_FLASHEx_Erase</STRONG> (Thumb, 144 bytes, Stack size 32 bytes, stm32f4xx_hal_flash_ex.o(i.HAL_FLASHEx_Erase))
<BR><BR>[Stack]<UL><LI>Max Depth = 48<LI>Call Chain = HAL_FLASHEx_Erase &rArr; FLASH_WaitForLastOperation
</UL>
<BR>[Calls]<UL><LI><a href="#[df]">&gt;&gt;</a>&nbsp;&nbsp;&nbsp;FLASH_WaitForLastOperation
<LI><a href="#[e9]">&gt;&gt;</a>&nbsp;&nbsp;&nbsp;FLASH_FlushCaches
<LI><a href="#[e8]">&gt;&gt;</a>&nbsp;&nbsp;&nbsp;FLASH_Erase_Sector
<LI><a href="#[e7]">&gt;&gt;</a>&nbsp;&nbsp;&nbsp;FLASH_MassErase
</UL>
<BR>[Called By]<UL><LI><a href="#[14b]">&gt;&gt;</a>&nbsp;&nbsp;&nbsp;STMFLASH_Erase_Sectors
<LI><a href="#[173]">&gt;&gt;</a>&nbsp;&nbsp;&nbsp;STMFLASH_Write
</UL>

<P><STRONG><a name="[172]"></a>HAL_FLASH_Lock</STRONG> (Thumb, 14 bytes, Stack size 0 bytes, stm32f4xx_hal_flash.o(i.HAL_FLASH_Lock))
<BR><BR>[Called By]<UL><LI><a href="#[14b]">&gt;&gt;</a>&nbsp;&nbsp;&nbsp;STMFLASH_Erase_Sectors
<LI><a href="#[173]">&gt;&gt;</a>&nbsp;&nbsp;&nbsp;STMFLASH_Write
</UL>

<P><STRONG><a name="[ea]"></a>HAL_FLASH_Program</STRONG> (Thumb, 116 bytes, Stack size 32 bytes, stm32f4xx_hal_flash.o(i.HAL_FLASH_Program))
<BR><BR>[Stack]<UL><LI>Max Depth = 48<LI>Call Chain = HAL_FLASH_Program &rArr; FLASH_WaitForLastOperation
</UL>
<BR>[Calls]<UL><LI><a href="#[df]">&gt;&gt;</a>&nbsp;&nbsp;&nbsp;FLASH_WaitForLastOperation
<LI><a href="#[ee]">&gt;&gt;</a>&nbsp;&nbsp;&nbsp;FLASH_Program_Word
<LI><a href="#[ed]">&gt;&gt;</a>&nbsp;&nbsp;&nbsp;FLASH_Program_HalfWord
<LI><a href="#[eb]">&gt;&gt;</a>&nbsp;&nbsp;&nbsp;FLASH_Program_DoubleWord
<LI><a href="#[ec]">&gt;&gt;</a>&nbsp;&nbsp;&nbsp;FLASH_Program_Byte
</UL>
<BR>[Called By]<UL><LI><a href="#[173]">&gt;&gt;</a>&nbsp;&nbsp;&nbsp;STMFLASH_Write
</UL>

<P><STRONG><a name="[171]"></a>HAL_FLASH_Unlock</STRONG> (Thumb, 28 bytes, Stack size 0 bytes, stm32f4xx_hal_flash.o(i.HAL_FLASH_Unlock))
<BR><BR>[Called By]<UL><LI><a href="#[14b]">&gt;&gt;</a>&nbsp;&nbsp;&nbsp;STMFLASH_Erase_Sectors
<LI><a href="#[173]">&gt;&gt;</a>&nbsp;&nbsp;&nbsp;STMFLASH_Write
</UL>

<P><STRONG><a name="[ef]"></a>HAL_GPIO_EXTI_Callback</STRONG> (Thumb, 18 bytes, Stack size 0 bytes, aw9136.o(i.HAL_GPIO_EXTI_Callback))
<BR><BR>[Stack]<UL><LI>Max Depth = 224<LI>Call Chain = HAL_GPIO_EXTI_Callback &rArr; AW9136_eint_work &rArr; AW_NormalMode_Proc &rArr; AW91xx_Auto_Cali &rArr; I2C_read_reg &rArr; IIC2_Read_Byte &rArr; IIC2_NAck &rArr; delay_us
</UL>
<BR>[Calls]<UL><LI><a href="#[93]">&gt;&gt;</a>&nbsp;&nbsp;&nbsp;AW9136_eint_work
<LI><a href="#[f0]">&gt;&gt;</a>&nbsp;&nbsp;&nbsp;Home_Key_press
</UL>
<BR>[Called By]<UL><LI><a href="#[db]">&gt;&gt;</a>&nbsp;&nbsp;&nbsp;HAL_GPIO_EXTI_IRQHandler
</UL>

<P><STRONG><a name="[db]"></a>HAL_GPIO_EXTI_IRQHandler</STRONG> (Thumb, 18 bytes, Stack size 8 bytes, stm32f4xx_hal_gpio.o(i.HAL_GPIO_EXTI_IRQHandler))
<BR><BR>[Stack]<UL><LI>Max Depth = 232<LI>Call Chain = HAL_GPIO_EXTI_IRQHandler &rArr; HAL_GPIO_EXTI_Callback &rArr; AW9136_eint_work &rArr; AW_NormalMode_Proc &rArr; AW91xx_Auto_Cali &rArr; I2C_read_reg &rArr; IIC2_Read_Byte &rArr; IIC2_NAck &rArr; delay_us
</UL>
<BR>[Calls]<UL><LI><a href="#[ef]">&gt;&gt;</a>&nbsp;&nbsp;&nbsp;HAL_GPIO_EXTI_Callback
</UL>
<BR>[Called By]<UL><LI><a href="#[24]">&gt;&gt;</a>&nbsp;&nbsp;&nbsp;EXTI2_IRQHandler
<LI><a href="#[22]">&gt;&gt;</a>&nbsp;&nbsp;&nbsp;EXTI0_IRQHandler
</UL>

<P><STRONG><a name="[88]"></a>HAL_GPIO_Init</STRONG> (Thumb, 388 bytes, Stack size 40 bytes, stm32f4xx_hal_gpio.o(i.HAL_GPIO_Init))
<BR><BR>[Stack]<UL><LI>Max Depth = 40<LI>Call Chain = HAL_GPIO_Init
</UL>
<BR>[Called By]<UL><LI><a href="#[77]">&gt;&gt;</a>&nbsp;&nbsp;&nbsp;bitBang_I2c_Init
<LI><a href="#[be]">&gt;&gt;</a>&nbsp;&nbsp;&nbsp;Deal_USB_ERROR
<LI><a href="#[b5]">&gt;&gt;</a>&nbsp;&nbsp;&nbsp;Center_button_init
<LI><a href="#[87]">&gt;&gt;</a>&nbsp;&nbsp;&nbsp;AW9136_Init
<LI><a href="#[8b]">&gt;&gt;</a>&nbsp;&nbsp;&nbsp;IIC2_Init
<LI><a href="#[144]">&gt;&gt;</a>&nbsp;&nbsp;&nbsp;HAL_UART_MspInit
<LI><a href="#[b2]">&gt;&gt;</a>&nbsp;&nbsp;&nbsp;MX_GPIO_Init
<LI><a href="#[122]">&gt;&gt;</a>&nbsp;&nbsp;&nbsp;HAL_PCD_MspInit
</UL>

<P><STRONG><a name="[96]"></a>HAL_GPIO_WritePin</STRONG> (Thumb, 10 bytes, Stack size 0 bytes, stm32f4xx_hal_gpio.o(i.HAL_GPIO_WritePin))
<BR><BR>[Called By]<UL><LI><a href="#[be]">&gt;&gt;</a>&nbsp;&nbsp;&nbsp;Deal_USB_ERROR
<LI><a href="#[16b]">&gt;&gt;</a>&nbsp;&nbsp;&nbsp;NEO_Test
<LI><a href="#[8c]">&gt;&gt;</a>&nbsp;&nbsp;&nbsp;AW9136_pwron
<LI><a href="#[9d]">&gt;&gt;</a>&nbsp;&nbsp;&nbsp;Motor_touch
<LI><a href="#[bc]">&gt;&gt;</a>&nbsp;&nbsp;&nbsp;OLED_WR_Byte
<LI><a href="#[b6]">&gt;&gt;</a>&nbsp;&nbsp;&nbsp;OLED_Init
<LI><a href="#[b2]">&gt;&gt;</a>&nbsp;&nbsp;&nbsp;MX_GPIO_Init
</UL>

<P><STRONG><a name="[e0]"></a>HAL_GetTick</STRONG> (Thumb, 6 bytes, Stack size 0 bytes, stm32f4xx_hal.o(i.HAL_GetTick))
<BR><BR>[Called By]<UL><LI><a href="#[e4]">&gt;&gt;</a>&nbsp;&nbsp;&nbsp;Get_Serial_ID
<LI><a href="#[8d]">&gt;&gt;</a>&nbsp;&nbsp;&nbsp;HAL_Delay
<LI><a href="#[df]">&gt;&gt;</a>&nbsp;&nbsp;&nbsp;FLASH_WaitForLastOperation
<LI><a href="#[135]">&gt;&gt;</a>&nbsp;&nbsp;&nbsp;HAL_RCC_OscConfig
<LI><a href="#[133]">&gt;&gt;</a>&nbsp;&nbsp;&nbsp;HAL_RCC_ClockConfig
</UL>

<P><STRONG><a name="[176]"></a>HAL_IncTick</STRONG> (Thumb, 10 bytes, Stack size 0 bytes, stm32f4xx_hal.o(i.HAL_IncTick))
<BR><BR>[Called By]<UL><LI><a href="#[1b]">&gt;&gt;</a>&nbsp;&nbsp;&nbsp;SysTick_Handler
</UL>

<P><STRONG><a name="[b0]"></a>HAL_Init</STRONG> (Thumb, 48 bytes, Stack size 8 bytes, stm32f4xx_hal.o(i.HAL_Init))
<BR><BR>[Stack]<UL><LI>Max Depth = 32<LI>Call Chain = HAL_Init &rArr; HAL_InitTick &rArr; HAL_NVIC_SetPriority
</UL>
<BR>[Calls]<UL><LI><a href="#[f1]">&gt;&gt;</a>&nbsp;&nbsp;&nbsp;HAL_NVIC_SetPriorityGrouping
<LI><a href="#[f2]">&gt;&gt;</a>&nbsp;&nbsp;&nbsp;HAL_InitTick
<LI><a href="#[f3]">&gt;&gt;</a>&nbsp;&nbsp;&nbsp;HAL_MspInit
</UL>
<BR>[Called By]<UL><LI><a href="#[af]">&gt;&gt;</a>&nbsp;&nbsp;&nbsp;BSP_Init
</UL>

<P><STRONG><a name="[f2]"></a>HAL_InitTick</STRONG> (Thumb, 34 bytes, Stack size 8 bytes, stm32f4xx_hal.o(i.HAL_InitTick))
<BR><BR>[Stack]<UL><LI>Max Depth = 24<LI>Call Chain = HAL_InitTick &rArr; HAL_NVIC_SetPriority
</UL>
<BR>[Calls]<UL><LI><a href="#[89]">&gt;&gt;</a>&nbsp;&nbsp;&nbsp;HAL_NVIC_SetPriority
<LI><a href="#[f4]">&gt;&gt;</a>&nbsp;&nbsp;&nbsp;HAL_SYSTICK_Config
</UL>
<BR>[Called By]<UL><LI><a href="#[b0]">&gt;&gt;</a>&nbsp;&nbsp;&nbsp;HAL_Init
<LI><a href="#[133]">&gt;&gt;</a>&nbsp;&nbsp;&nbsp;HAL_RCC_ClockConfig
</UL>

<P><STRONG><a name="[f3]"></a>HAL_MspInit</STRONG> (Thumb, 88 bytes, Stack size 8 bytes, stm32f4xx_hal_msp.o(i.HAL_MspInit))
<BR><BR>[Stack]<UL><LI>Max Depth = 24<LI>Call Chain = HAL_MspInit &rArr; HAL_NVIC_SetPriority
</UL>
<BR>[Calls]<UL><LI><a href="#[89]">&gt;&gt;</a>&nbsp;&nbsp;&nbsp;HAL_NVIC_SetPriority
<LI><a href="#[f1]">&gt;&gt;</a>&nbsp;&nbsp;&nbsp;HAL_NVIC_SetPriorityGrouping
</UL>
<BR>[Called By]<UL><LI><a href="#[b0]">&gt;&gt;</a>&nbsp;&nbsp;&nbsp;HAL_Init
</UL>

<P><STRONG><a name="[8a]"></a>HAL_NVIC_EnableIRQ</STRONG> (Thumb, 22 bytes, Stack size 0 bytes, stm32f4xx_hal_cortex.o(i.HAL_NVIC_EnableIRQ))
[...]
<LI><a href="#[af]">&gt;&gt;</a>&nbsp;&nbsp;&nbsp;BSP_Init
</UL>

<P><STRONG><a name="[156]"></a>command_crc32</STRONG> (Thumb, 86 bytes, Stack size 20 bytes, app_command.o(i.command_crc32))
<BR><BR>[Stack]<UL><LI>Max Depth = 20<LI>Call Chain = command_crc32
</UL>
<BR>[Called By]<UL><LI><a href="#[14a]">&gt;&gt;</a>&nbsp;&nbsp;&nbsp;command_verifycrc
<LI><a href="#[14d]">&gt;&gt;</a>&nbsp;&nbsp;&nbsp;Hid_Recv_020b_Rp
<LI><a href="#[154]">&gt;&gt;</a>&nbsp;&nbsp;&nbsp;Hid_Recv_01a3_Rp
<LI><a href="#[150]">&gt;&gt;</a>&nbsp;&nbsp;&nbsp;Hid_Recv_0101_Rp
</UL>

<P><STRONG><a name="[14a]"></a>command_verifycrc</STRONG> (Thumb, 48 bytes, Stack size 8 bytes, app_command.o(i.command_verifycrc))
<BR><BR>[Stack]<UL><LI>Max Depth = 28<LI>Call Chain = command_verifycrc &rArr; command_crc32
</UL>
<BR>[Calls]<UL><LI><a href="#[156]">&gt;&gt;</a>&nbsp;&nbsp;&nbsp;command_crc32
</UL>
<BR>[Called By]<UL><LI><a href="#[149]">&gt;&gt;</a>&nbsp;&nbsp;&nbsp;Hid_Data_Analysis
</UL>

<P><STRONG><a name="[17d]"></a>free</STRONG> (Thumb, 76 bytes, Stack size 8 bytes, malloc.o(i.free))
<BR><BR>[Stack]<UL><LI>Max Depth = 8<LI>Call Chain = free
</UL>
<BR>[Called By]<UL><LI><a href="#[1]">&gt;&gt;</a>&nbsp;&nbsp;&nbsp;USBD_CUSTOM_HID_DeInit
</UL>

<P><STRONG><a name="[14e]"></a>iap_load_app</STRONG> (Thumb, 36 bytes, Stack size 8 bytes, iap.o(i.iap_load_app))
<BR><BR>[Stack]<UL><LI>Max Depth = 8<LI>Call Chain = iap_load_app
</UL>
<BR>[Calls]<UL><LI><a href="#[1ab]">&gt;&gt;</a>&nbsp;&nbsp;&nbsp;MSR_MSP
</UL>
<BR>[Called By]<UL><LI><a href="#[149]">&gt;&gt;</a>&nbsp;&nbsp;&nbsp;Hid_Data_Analysis
<LI><a href="#[6d]">&gt;&gt;</a>&nbsp;&nbsp;&nbsp;main
</UL>

<P><STRONG><a name="[14c]"></a>iap_write_appbin</STRONG> (Thumb, 102 bytes, Stack size 32 bytes, iap.o(i.iap_write_appbin))
<BR><BR>[Stack]<UL><LI>Max Depth = 144<LI>Call Chain = iap_write_appbin &rArr; STMFLASH_Write &rArr; HAL_FLASH_Program &rArr; FLASH_WaitForLastOperation
</UL>
<BR>[Calls]<UL><LI><a href="#[173]">&gt;&gt;</a>&nbsp;&nbsp;&nbsp;STMFLASH_Write
</UL>
<BR>[Called By]<UL><LI><a href="#[149]">&gt;&gt;</a>&nbsp;&nbsp;&nbsp;Hid_Data_Analysis
</UL>

<P><STRONG><a name="[1a7]"></a>isATCAError</STRONG> (Thumb, 84 bytes, Stack size 16 bytes, atca_command.o(i.isATCAError))
<BR><BR>[Stack]<UL><LI>Max Depth = 28<LI>Call Chain = isATCAError &rArr; memcmp
</UL>
<BR>[Calls]<UL><LI><a href="#[1aa]">&gt;&gt;</a>&nbsp;&nbsp;&nbsp;memcmp
</UL>
<BR>[Called By]<UL><LI><a href="#[1a9]">&gt;&gt;</a>&nbsp;&nbsp;&nbsp;atcab_write
<LI><a href="#[83]">&gt;&gt;</a>&nbsp;&nbsp;&nbsp;atcab_read_zone
</UL>

<P><STRONG><a name="[153]"></a>isAllPackGot</STRONG> (Thumb, 58 bytes, Stack size 56 bytes, app_command.o(i.isAllPackGot))
<BR><BR>[Stack]<UL><LI>Max Depth = 56<LI>Call Chain = isAllPackGot
</UL>
<BR>[Calls]<UL><LI><a href="#[dd]">&gt;&gt;</a>&nbsp;&nbsp;&nbsp;__aeabi_memclr4
</UL>
<BR>[Called By]<UL><LI><a href="#[149]">&gt;&gt;</a>&nbsp;&nbsp;&nbsp;Hid_Data_Analysis
</UL>

<P><STRONG><a name="[6d]"></a>main</STRONG> (Thumb, 448 bytes, Stack size 32 bytes, main.o(i.main))
<BR><BR>[Stack]<UL><LI>Max Depth = 996<LI>Call Chain = main &rArr; Hid_Data_Analysis &rArr; Alg_ECDSASignVerify &rArr; ECCSignVerify &rArr; ECDSAverify &rArr; NAF_Binary_PointMul &rArr; MontyJacProjAddPoints &rArr; MontyJacProjDoublePoint &rArr; ModularFastMul2 &rArr; SubBig &rArr; Add_Moduli_Big &rArr; CopyBig
</UL>
<BR>[Calls]<UL><LI><a href="#[14e]">&gt;&gt;</a>&nbsp;&nbsp;&nbsp;iap_load_app
<LI><a href="#[149]">&gt;&gt;</a>&nbsp;&nbsp;&nbsp;Hid_Data_Analysis
<LI><a href="#[160]">&gt;&gt;</a>&nbsp;&nbsp;&nbsp;Key_Control
<LI><a href="#[8d]">&gt;&gt;</a>&nbsp;&nbsp;&nbsp;HAL_Delay
<LI><a href="#[e3]">&gt;&gt;</a>&nbsp;&nbsp;&nbsp;Fill_RAM
<LI><a href="#[aa]">&gt;&gt;</a>&nbsp;&nbsp;&nbsp;Asc8_16
<LI><a href="#[16d]">&gt;&gt;</a>&nbsp;&nbsp;&nbsp;ReadAT204Flag
<LI><a href="#[16b]">&gt;&gt;</a>&nbsp;&nbsp;&nbsp;NEO_Test
<LI><a href="#[147]">&gt;&gt;</a>&nbsp;&nbsp;&nbsp;Have_App
<LI><a href="#[175]">&gt;&gt;</a>&nbsp;&nbsp;&nbsp;Show_HZ12_12
<LI><a href="#[af]">&gt;&gt;</a>&nbsp;&nbsp;&nbsp;BSP_Init
<LI><a href="#[161]">&gt;&gt;</a>&nbsp;&nbsp;&nbsp;MX_USB_DEVICE_Init
<LI><a href="#[dd]">&gt;&gt;</a>&nbsp;&nbsp;&nbsp;__aeabi_memclr4
<LI><a href="#[72]">&gt;&gt;</a>&nbsp;&nbsp;&nbsp;__aeabi_memclr
</UL>
<BR>[Address Reference Count : 1]<UL><LI> entry9a.o(.ARM.Collect$$$$0000000B)
</UL>
<P><STRONG><a name="[17f]"></a>malloc</STRONG> (Thumb, 92 bytes, Stack size 20 bytes, malloc.o(i.malloc))
<BR><BR>[Stack]<UL><LI>Max Depth = 20<LI>Call Chain = malloc
</UL>
<BR>[Called By]<UL><LI><a href="#[0]">&gt;&gt;</a>&nbsp;&nbsp;&nbsp;USBD_CUSTOM_HID_Init
</UL>
<P>
<H3>
Local Symbols
</H3>
<P><STRONG><a name="[7c]"></a>Ack_I2c</STRONG> (Thumb, 42 bytes, Stack size 8 bytes, bitbang_i2c.o(i.Ack_I2c))
<BR><BR>[Stack]<UL><LI>Max Depth = 32<LI>Call Chain = Ack_I2c &rArr; __delay_us
</UL>
<BR>[Calls]<UL><LI><a href="#[80]">&gt;&gt;</a>&nbsp;&nbsp;&nbsp;__delay_us
</UL>
<BR>[Called By]<UL><LI><a href="#[78]">&gt;&gt;</a>&nbsp;&nbsp;&nbsp;ATSHA_IRcvNBytes
</UL>

<P><STRONG><a name="[7b]"></a>RcvByte</STRONG> (Thumb, 92 bytes, Stack size 24 bytes, bitbang_i2c.o(i.RcvByte))
<BR><BR>[Stack]<UL><LI>Max Depth = 48<LI>Call Chain = RcvByte &rArr; __delay_us
</UL>
<BR>[Calls]<UL><LI><a href="#[80]">&gt;&gt;</a>&nbsp;&nbsp;&nbsp;__delay_us
</UL>
<BR>[Called By]<UL><LI><a href="#[78]">&gt;&gt;</a>&nbsp;&nbsp;&nbsp;ATSHA_IRcvNBytes
</UL>

<P><STRONG><a name="[7a]"></a>SendByte</STRONG> (Thumb, 126 bytes, Stack size 24 bytes, bitbang_i2c.o(i.SendByte))
<BR><BR>[Stack]<UL><LI>Max Depth = 64<LI>Call Chain = SendByte &rArr; Stop_I2c &rArr; __delay_us
</UL>
<BR>[Calls]<UL><LI><a href="#[80]">&gt;&gt;</a>&nbsp;&nbsp;&nbsp;__delay_us
<LI><a href="#[7d]">&gt;&gt;</a>&nbsp;&nbsp;&nbsp;Stop_I2c
</UL>
<BR>[Called By]<UL><LI><a href="#[7e]">&gt;&gt;</a>&nbsp;&nbsp;&nbsp;ATSHA_ISendNBytes
<LI><a href="#[78]">&gt;&gt;</a>&nbsp;&nbsp;&nbsp;ATSHA_IRcvNBytes
</UL>

<P><STRONG><a name="[79]"></a>Start_I2c</STRONG> (Thumb, 50 bytes, Stack size 16 bytes, bitbang_i2c.o(i.Start_I2c))
<BR><BR>[Stack]<UL><LI>Max Depth = 40<LI>Call Chain = Start_I2c &rArr; __delay_us
</UL>
<BR>[Calls]<UL><LI><a href="#[80]">&gt;&gt;</a>&nbsp;&nbsp;&nbsp;__delay_us
</UL>
<BR>[Called By]<UL><LI><a href="#[7e]">&gt;&gt;</a>&nbsp;&nbsp;&nbsp;ATSHA_ISendNBytes
<LI><a href="#[78]">&gt;&gt;</a>&nbsp;&nbsp;&nbsp;ATSHA_IRcvNBytes
</UL>

<P><STRONG><a name="[7d]"></a>Stop_I2c</STRONG> (Thumb, 42 bytes, Stack size 16 bytes, bitbang_i2c.o(i.Stop_I2c))
<BR><BR>[Stack]<UL><LI>Max Depth = 40<LI>Call Chain = Stop_I2c &rArr; __delay_us
</UL>
<BR>[Calls]<UL><LI><a href="#[80]">&gt;&gt;</a>&nbsp;&nbsp;&nbsp;__delay_us
</UL>
<BR>[Called By]<UL><LI><a href="#[7e]">&gt;&gt;</a>&nbsp;&nbsp;&nbsp;ATSHA_ISendNBytes
<LI><a href="#[78]">&gt;&gt;</a>&nbsp;&nbsp;&nbsp;ATSHA_IRcvNBytes
<LI><a href="#[7a]">&gt;&gt;</a>&nbsp;&nbsp;&nbsp;SendByte
</UL>

<P><STRONG><a name="[82]"></a>test_assert_data_is_locked</STRONG> (Thumb, 34 bytes, Stack size 8 bytes, atsha204a.o(i.test_assert_data_is_locked))
<BR><BR>[Stack]<UL><LI>Max Depth = 256<LI>Call Chain = test_assert_data_is_locked &rArr; atcab_is_locked &rArr; atcab_read_zone &rArr; atwake &rArr; atreceive &rArr; ATSHA_IRcvNBytes &rArr; SendByte &rArr; Stop_I2c &rArr; __delay_us
</UL>
<BR>[Calls]<UL><LI><a href="#[85]">&gt;&gt;</a>&nbsp;&nbsp;&nbsp;atcab_is_locked
</UL>
<BR>[Called By]<UL><LI><a href="#[81]">&gt;&gt;</a>&nbsp;&nbsp;&nbsp;ATSHA_read_data_slot
</UL>

<P><STRONG><a name="[9d]"></a>Motor_touch</STRONG> (Thumb, 36 bytes, Stack size 16 bytes, aw9136.o(i.Motor_touch))
<BR><BR>[Stack]<UL><LI>Max Depth = 32<LI>Call Chain = Motor_touch &rArr; HAL_Delay
</UL>
<BR>[Calls]<UL><LI><a href="#[96]">&gt;&gt;</a>&nbsp;&nbsp;&nbsp;HAL_GPIO_WritePin
<LI><a href="#[8d]">&gt;&gt;</a>&nbsp;&nbsp;&nbsp;HAL_Delay
</UL>
<BR>[Called By]<UL><LI><a href="#[9b]">&gt;&gt;</a>&nbsp;&nbsp;&nbsp;AW_right_press
<LI><a href="#[99]">&gt;&gt;</a>&nbsp;&nbsp;&nbsp;AW_center_press
<LI><a href="#[f0]">&gt;&gt;</a>&nbsp;&nbsp;&nbsp;Home_Key_press
</UL>

<P><STRONG><a name="[15e]"></a>delay_us</STRONG> (Thumb, 54 bytes, Stack size 24 bytes, myiic.o(i.delay_us))
<BR><BR>[Stack]<UL><LI>Max Depth = 24<LI>Call Chain = delay_us
</UL>
<BR>[Calls]<UL><LI><a href="#[119]">&gt;&gt;</a>&nbsp;&nbsp;&nbsp;HAL_RCC_GetHCLKFreq
</UL>
<BR>[Called By]<UL><LI><a href="#[15f]">&gt;&gt;</a>&nbsp;&nbsp;&nbsp;IIC2_NAck
<LI><a href="#[15d]">&gt;&gt;</a>&nbsp;&nbsp;&nbsp;IIC2_Ack
<LI><a href="#[15a]">&gt;&gt;</a>&nbsp;&nbsp;&nbsp;IIC2_Wait_Ack
<LI><a href="#[15b]">&gt;&gt;</a>&nbsp;&nbsp;&nbsp;IIC2_Stop
<LI><a href="#[158]">&gt;&gt;</a>&nbsp;&nbsp;&nbsp;IIC2_Start
<LI><a href="#[159]">&gt;&gt;</a>&nbsp;&nbsp;&nbsp;IIC2_Send_Byte
<LI><a href="#[15c]">&gt;&gt;</a>&nbsp;&nbsp;&nbsp;IIC2_Read_Byte
</UL>

<P><STRONG><a name="[4]"></a>USBD_CUSTOM_HID_DataIn</STRONG> (Thumb, 14 bytes, Stack size 0 bytes, usbd_customhid.o(i.USBD_CUSTOM_HID_DataIn))
<BR>[Address Reference Count : 1]<UL><LI> usbd_customhid.o(.data)
</UL>
<P><STRONG><a name="[5]"></a>USBD_CUSTOM_HID_DataOut</STRONG> (Thumb, 36 bytes, Stack size 16 bytes, usbd_customhid.o(i.USBD_CUSTOM_HID_DataOut))
<BR><BR>[Stack]<UL><LI>Max Depth = 72<LI>Call Chain = USBD_CUSTOM_HID_DataOut &rArr; USBD_LL_PrepareReceive &rArr; HAL_PCD_EP_Receive &rArr; USB_EPStartXfer &rArr; USB_WritePacket
</UL>
<BR>[Calls]<UL><LI><a href="#[17b]">&gt;&gt;</a>&nbsp;&nbsp;&nbsp;USBD_LL_PrepareReceive
</UL>
<BR>[Address Reference Count : 1]<UL><LI> usbd_customhid.o(.data)
</UL>
<P><STRONG><a name="[1]"></a>USBD_CUSTOM_HID_DeInit</STRONG> (Thumb, 50 bytes, Stack size 8 bytes, usbd_customhid.o(i.USBD_CUSTOM_HID_DeInit))
<BR><BR>[Stack]<UL><LI>Max Depth = 44<LI>Call Chain = USBD_CUSTOM_HID_DeInit &rArr; USBD_LL_CloseEP &rArr; HAL_PCD_EP_Close &rArr; USB_DeactivateEndpoint
</UL>
<BR>[Calls]<UL><LI><a href="#[17c]">&gt;&gt;</a>&nbsp;&nbsp;&nbsp;USBD_LL_CloseEP
<LI><a href="#[17d]">&gt;&gt;</a>&nbsp;&nbsp;&nbsp;free
</UL>
<BR>[Address Reference Count : 1]<UL><LI> usbd_customhid.o(.data)
</UL>
<P><STRONG><a name="[3]"></a>USBD_CUSTOM_HID_EP0_RxReady</STRONG> (Thumb, 34 bytes, Stack size 8 bytes, usbd_customhid.o(i.USBD_CUSTOM_HID_EP0_RxReady))
<BR><BR>[Stack]<UL><LI>Max Depth = 8<LI>Call Chain = USBD_CUSTOM_HID_EP0_RxReady
</UL>
<BR>[Address Reference Count : 1]<UL><LI> usbd_customhid.o(.data)
</UL>
<P><STRONG><a name="[6]"></a>USBD_CUSTOM_HID_GetCfgDesc</STRONG> (Thumb, 8 bytes, Stack size 0 bytes, usbd_customhid.o(i.USBD_CUSTOM_HID_GetCfgDesc))
<BR>[Address Reference Count : 1]<UL><LI> usbd_customhid.o(.data)
</UL>
<P><STRONG><a name="[7]"></a>USBD_CUSTOM_HID_GetDeviceQualifierDesc</STRONG> (Thumb, 8 bytes, Stack size 0 bytes, usbd_customhid.o(i.USBD_CUSTOM_HID_GetDeviceQualifierDesc))
<BR>[Address Reference Count : 1]<UL><LI> usbd_customhid.o(.data)
</UL>
<P><STRONG><a name="[0]"></a>USBD_CUSTOM_HID_Init</STRONG> (Thumb, 76 bytes, Stack size 16 bytes, usbd_customhid.o(i.USBD_CUSTOM_HID_Init))
<BR><BR>[Stack]<UL><LI>Max Depth = 72<LI>Call Chain = USBD_CUSTOM_HID_Init &rArr; USBD_LL_PrepareReceive &rArr; HAL_PCD_EP_Receive &rArr; USB_EPStartXfer &rArr; USB_WritePacket
</UL>
<BR>[Calls]<UL><LI><a href="#[17b]">&gt;&gt;</a>&nbsp;&nbsp;&nbsp;USBD_LL_PrepareReceive
<LI><a href="#[17e]">&gt;&gt;</a>&nbsp;&nbsp;&nbsp;USBD_LL_OpenEP
<LI><a href="#[17f]">&gt;&gt;</a>&nbsp;&nbsp;&nbsp;malloc
</UL>
<BR>[Address Reference Count : 1]<UL><LI> usbd_customhid.o(.data)
</UL>
<P><STRONG><a name="[2]"></a>USBD_CUSTOM_HID_Setup</STRONG> (Thumb, 180 bytes, Stack size 16 bytes, usbd_customhid.o(i.USBD_CUSTOM_HID_Setup))
<BR><BR>[Stack]<UL><LI>Max Depth = 80<LI>Call Chain = USBD_CUSTOM_HID_Setup &rArr; USBD_CtlSendData &rArr; USBD_LL_Transmit &rArr; HAL_PCD_EP_Transmit &rArr; USB_EPStartXfer &rArr; USB_WritePacket
</UL>
<BR>[Calls]<UL><LI><a href="#[184]">&gt;&gt;</a>&nbsp;&nbsp;&nbsp;USBD_CtlSendData
<LI><a href="#[182]">&gt;&gt;</a>&nbsp;&nbsp;&nbsp;USBD_CtlPrepareRx
<LI><a href="#[183]">&gt;&gt;</a>&nbsp;&nbsp;&nbsp;USBD_CtlError
</UL>
<BR>[Address Reference Count : 1]<UL><LI> usbd_customhid.o(.data)
</UL>
<P><STRONG><a name="[18b]"></a>USBD_GetDescriptor</STRONG> (Thumb, 242 bytes, Stack size 24 bytes, usbd_ctlreq.o(i.USBD_GetDescriptor))
<BR><BR>[Stack]<UL><LI>Max Depth = 88<LI>Call Chain = USBD_GetDescriptor &rArr; USBD_CtlSendData &rArr; USBD_LL_Transmit &rArr; HAL_PCD_EP_Transmit &rArr; USB_EPStartXfer &rArr; USB_WritePacket
</UL>
<BR>[Calls]<UL><LI><a href="#[184]">&gt;&gt;</a>&nbsp;&nbsp;&nbsp;USBD_CtlSendData
<LI><a href="#[183]">&gt;&gt;</a>&nbsp;&nbsp;&nbsp;USBD_CtlError
</UL>
<BR>[Called By]<UL><LI><a href="#[193]">&gt;&gt;</a>&nbsp;&nbsp;&nbsp;USBD_StdDevReq
</UL>

<P><STRONG><a name="[197]"></a>USBD_SetConfig</STRONG> (Thumb, 110 bytes, Stack size 16 bytes, usbd_ctlreq.o(i.USBD_SetConfig))
<BR><BR>[Stack]<UL><LI>Max Depth = 80<LI>Call Chain = USBD_SetConfig &rArr; USBD_CtlSendStatus &rArr; USBD_LL_Transmit &rArr; HAL_PCD_EP_Transmit &rArr; USB_EPStartXfer &rArr; USB_WritePacket
</UL>
<BR>[Calls]<UL><LI><a href="#[189]">&gt;&gt;</a>&nbsp;&nbsp;&nbsp;USBD_CtlSendStatus
<LI><a href="#[183]">&gt;&gt;</a>&nbsp;&nbsp;&nbsp;USBD_CtlError
<LI><a href="#[199]">&gt;&gt;</a>&nbsp;&nbsp;&nbsp;USBD_SetClassConfig
<LI><a href="#[198]">&gt;&gt;</a>&nbsp;&nbsp;&nbsp;USBD_ClrClassConfig
</UL>
<BR>[Called By]<UL><LI><a href="#[193]">&gt;&gt;</a>&nbsp;&nbsp;&nbsp;USBD_StdDevReq
</UL>

<P><STRONG><a name="[19b]"></a>USB_CoreReset</STRONG> (Thumb, 50 bytes, Stack size 0 bytes, stm32f4xx_ll_usb.o(i.USB_CoreReset))
<BR><BR>[Called By]<UL><LI><a href="#[124]">&gt;&gt;</a>&nbsp;&nbsp;&nbsp;USB_CoreInit
</UL>

<P><STRONG><a name="[113]"></a>PCD_WriteEmptyTxFifo</STRONG> (Thumb, 136 bytes, Stack size 40 bytes, stm32f4xx_hal_pcd.o(i.PCD_WriteEmptyTxFifo))
<BR><BR>[Stack]<UL><LI>Max Depth = 52<LI>Call Chain = PCD_WriteEmptyTxFifo &rArr; USB_WritePacket
</UL>
<BR>[Calls]<UL><LI><a href="#[16c]">&gt;&gt;</a>&nbsp;&nbsp;&nbsp;USB_WritePacket
</UL>
<BR>[Called By]<UL><LI><a href="#[10b]">&gt;&gt;</a>&nbsp;&nbsp;&nbsp;HAL_PCD_IRQHandler
</UL>

<P><STRONG><a name="[e7]"></a>FLASH_MassErase</STRONG> (Thumb, 34 bytes, Stack size 0 bytes, stm32f4xx_hal_flash_ex.o(i.FLASH_MassErase))
<BR><BR>[Called By]<UL><LI><a href="#[e6]">&gt;&gt;</a>&nbsp;&nbsp;&nbsp;HAL_FLASHEx_Erase
</UL>

<P><STRONG><a name="[ec]"></a>FLASH_Program_Byte</STRONG> (Thumb, 26 bytes, Stack size 0 bytes, stm32f4xx_hal_flash.o(i.FLASH_Program_Byte))
<BR><BR>[Called By]<UL><LI><a href="#[ea]">&gt;&gt;</a>&nbsp;&nbsp;&nbsp;HAL_FLASH_Program
</UL>

<P><STRONG><a name="[eb]"></a>FLASH_Program_DoubleWord</STRONG> (Thumb, 34 bytes, Stack size 8 bytes, stm32f4xx_hal_flash.o(i.FLASH_Program_DoubleWord))
<BR><BR>[Stack]<UL><LI>Max Depth = 8<LI>Call Chain = FLASH_Program_DoubleWord
</UL>
<BR>[Called By]<UL><LI><a href="#[ea]">&gt;&gt;</a>&nbsp;&nbsp;&nbsp;HAL_FLASH_Program
</UL>

<P><STRONG><a name="[ed]"></a>FLASH_Program_HalfWord</STRONG> (Thumb, 30 bytes, Stack size 0 bytes, stm32f4xx_hal_flash.o(i.FLASH_Program_HalfWord))
<BR><BR>[Called By]<UL><LI><a href="#[ea]">&gt;&gt;</a>&nbsp;&nbsp;&nbsp;HAL_FLASH_Program
</UL>

<P><STRONG><a name="[ee]"></a>FLASH_Program_Word</STRONG> (Thumb, 30 bytes, Stack size 0 bytes, stm32f4xx_hal_flash.o(i.FLASH_Program_Word))
<BR><BR>[Called By]<UL><LI><a href="#[ea]">&gt;&gt;</a>&nbsp;&nbsp;&nbsp;HAL_FLASH_Program
</UL>

<P><STRONG><a name="[e1]"></a>FLASH_SetErrorCode</STRONG> (Thumb, 96 bytes, Stack size 0 bytes, stm32f4xx_hal_flash.o(i.FLASH_SetErrorCode))
<BR><BR>[Called By]<UL><LI><a href="#[df]">&gt;&gt;</a>&nbsp;&nbsp;&nbsp;FLASH_WaitForLastOperation
</UL>

<P><STRONG><a name="[f5]"></a>NVIC_SetPriority</STRONG> (Thumb, 32 bytes, Stack size 0 bytes, stm32f4xx_hal_cortex.o(i.NVIC_SetPriority))
<BR><BR>[Called By]<UL><LI><a href="#[89]">&gt;&gt;</a>&nbsp;&nbsp;&nbsp;HAL_NVIC_SetPriority
<LI><a href="#[f4]">&gt;&gt;</a>&nbsp;&nbsp;&nbsp;HAL_SYSTICK_Config
</UL>

<P><STRONG><a name="[145]"></a>UART_SetConfig</STRONG> (Thumb, 676 bytes, Stack size 24 bytes, stm32f4xx_hal_uart.o(i.UART_SetConfig))
<BR><BR>[Stack]<UL><LI>Max Depth = 24<LI>Call Chain = UART_SetConfig
</UL>
<BR>[Calls]<UL><LI><a href="#[179]">&gt;&gt;</a>&nbsp;&nbsp;&nbsp;HAL_RCC_GetPCLK2Freq
<LI><a href="#[17a]">&gt;&gt;</a>&nbsp;&nbsp;&nbsp;HAL_RCC_GetPCLK1Freq
</UL>
<BR>[Called By]<UL><LI><a href="#[b9]">&gt;&gt;</a>&nbsp;&nbsp;&nbsp;HAL_UART_Init
</UL>

<P><STRONG><a name="[9]"></a>CUSTOM_HID_DeInit_FS</STRONG> (Thumb, 4 bytes, Stack size 0 bytes, usbd_custom_hid_if.o(i.CUSTOM_HID_DeInit_FS))
<BR>[Address Reference Count : 1]<UL><LI> usbd_custom_hid_if.o(.data)
</UL>
<P><STRONG><a name="[8]"></a>CUSTOM_HID_Init_FS</STRONG> (Thumb, 10 bytes, Stack size 0 bytes, usbd_custom_hid_if.o(i.CUSTOM_HID_Init_FS))
<BR>[Address Reference Count : 1]<UL><LI> usbd_custom_hid_if.o(.data)
</UL>
<P><STRONG><a name="[a]"></a>CUSTOM_HID_OutEvent_FS</STRONG> (Thumb, 18 bytes, Stack size 8 bytes, usbd_custom_hid_if.o(i.CUSTOM_HID_OutEvent_FS))
<BR><BR>[Stack]<UL><LI>Max Depth = 24<LI>Call Chain = CUSTOM_HID_OutEvent_FS &rArr; USB_DataReceiveHander &rArr; __aeabi_memmove
</UL>
<BR>[Calls]<UL><LI><a href="#[bb]">&gt;&gt;</a>&nbsp;&nbsp;&nbsp;USB_DataReceiveHander
</UL>
<BR>[Address Reference Count : 1]<UL><LI> usbd_custom_hid_if.o(.data)
</UL>
<P><STRONG><a name="[af]"></a>BSP_Init</STRONG> (Thumb, 168 bytes, Stack size 24 bytes, main.o(i.BSP_Init))
<BR><BR>[Stack]<UL><LI>Max Depth = 168<LI>Call Chain = BSP_Init &rArr; SystemClock_Config &rArr; HAL_RCC_ClockConfig &rArr; HAL_InitTick &rArr; HAL_NVIC_SetPriority
</UL>
<BR>[Calls]<UL><LI><a href="#[76]">&gt;&gt;</a>&nbsp;&nbsp;&nbsp;ATSHA204_Init
<LI><a href="#[b8]">&gt;&gt;</a>&nbsp;&nbsp;&nbsp;clearArea
<LI><a href="#[b7]">&gt;&gt;</a>&nbsp;&nbsp;&nbsp;Show_Pattern
<LI><a href="#[b5]">&gt;&gt;</a>&nbsp;&nbsp;&nbsp;Center_button_init
<LI><a href="#[87]">&gt;&gt;</a>&nbsp;&nbsp;&nbsp;AW9136_Init
<LI><a href="#[ba]">&gt;&gt;</a>&nbsp;&nbsp;&nbsp;TIM3_Init
<LI><a href="#[b6]">&gt;&gt;</a>&nbsp;&nbsp;&nbsp;OLED_Init
<LI><a href="#[b0]">&gt;&gt;</a>&nbsp;&nbsp;&nbsp;HAL_Init
<LI><a href="#[b9]">&gt;&gt;</a>&nbsp;&nbsp;&nbsp;HAL_UART_Init
<LI><a href="#[b1]">&gt;&gt;</a>&nbsp;&nbsp;&nbsp;SystemClock_Config
<LI><a href="#[b2]">&gt;&gt;</a>&nbsp;&nbsp;&nbsp;MX_GPIO_Init
<LI><a href="#[b3]">&gt;&gt;</a>&nbsp;&nbsp;&nbsp;HAL_CRC_Init
<LI><a href="#[b4]">&gt;&gt;</a>&nbsp;&nbsp;&nbsp;HAL_RNG_Init
</UL>
<BR>[Called By]<UL><LI><a href="#[6d]">&gt;&gt;</a>&nbsp;&nbsp;&nbsp;main
</UL>

<P><STRONG><a name="[b2]"></a>MX_GPIO_Init</STRONG> (Thumb, 248 bytes, Stack size 56 bytes, main.o(i.MX_GPIO_Init))
<BR><BR>[Stack]<UL><LI>Max Depth = 96<LI>Call Chain = MX_GPIO_Init &rArr; HAL_GPIO_Init
</UL>
<BR>[Calls]<UL><LI><a href="#[88]">&gt;&gt;</a>&nbsp;&nbsp;&nbsp;HAL_GPIO_Init
<LI><a href="#[96]">&gt;&gt;</a>&nbsp;&nbsp;&nbsp;HAL_GPIO_WritePin
</UL>
<BR>[Called By]<UL><LI><a href="#[af]">&gt;&gt;</a>&nbsp;&nbsp;&nbsp;BSP_Init
</UL>

<P><STRONG><a name="[a3]"></a>Add_Moduli_Big</STRONG> (Thumb, 454 bytes, Stack size 40 bytes, crypto.o(i.Add_Moduli_Big))
<BR><BR>[Stack]<UL><LI>Max Depth = 52<LI>Call Chain = Add_Moduli_Big &rArr; CopyBig
</UL>
<BR>[Calls]<UL><LI><a href="#[a1]">&gt;&gt;</a>&nbsp;&nbsp;&nbsp;CopyBig
</UL>
<BR>[Called By]<UL><LI><a href="#[9e]">&gt;&gt;</a>&nbsp;&nbsp;&nbsp;AddBig
<LI><a href="#[da]">&gt;&gt;</a>&nbsp;&nbsp;&nbsp;SubBig
</UL>

<P><STRONG><a name="[16f]"></a>SHA256Transform</STRONG> (Thumb, 588 bytes, Stack size 296 bytes, crypto.o(i.SHA256Transform))
<BR><BR>[Stack]<UL><LI>Max Depth = 296<LI>Call Chain = SHA256Transform
</UL>
<BR>[Called By]<UL><LI><a href="#[170]">&gt;&gt;</a>&nbsp;&nbsp;&nbsp;SHA256Update
<LI><a href="#[16e]">&gt;&gt;</a>&nbsp;&nbsp;&nbsp;SHA256Final
</UL>
<P>
<H3>
Undefined Global Symbols
</H3><HR></body></html>
