<html>
<body>
<pre>
<h1>µVision Build Log</h1>
<h2>Tool Versions:</h2>
IDE-Version: ¦ÌVision V5.13.0.0
Copyright (C) 2014 ARM Ltd and ARM Germany GmbH. All rights reserved.
License Information: 1 Microsoft, Microsoft, LIC=0VR63-AJMP3-FZHWU-SIIHV-KXDRG-U0U7S
 
Tool Versions:
Toolchain:       MDK-ARM Professional  Version: 5.13.0.0
Toolchain Path:  F:\Keil_v5\ARM\ARMCC\Bin
C Compiler:      Armcc.exe V5.05 update 1 (build 106)
Assembler:       Armasm.exe V5.05 update 1 (build 106)
Linker/Locator:  ArmLink.exe V5.05 update 1 (build 106)
Library Manager: ArmAr.exe V5.05 update 1 (build 106)
Hex Converter:   FromElf.exe V5.05 update 1 (build 106)
CPU DLL:         SARMCM3.DLL V5.13.0.0
Dialog DLL:      DCM.DLL V1.13.1.0
Target DLL:      Segger\JL2CM3.dll V2.99.11.0
Dialog DLL:      TCM.DLL V1.14.4.0
 
<h2>Project:</h2>
C:\Users\Administrator\Desktop\BootLoader_NEO\MDK-ARM\BootLoader_NEO.uvprojx
Project File Date:  11/20/2017

<h2>Output:</h2>
Build target 'BootLoader_NEO'
compiling main.c...
../Src/main.c(162): warning:  #177-D: function "GetPassportArray" was declared but never referenced
  void GetPassportArray(int *data)
../Src/main.c: 1 warning, 0 errors
linking...
Program Size: Code=21556 RO-data=512 RW-data=20432 ZI-data=109376  
"BootLoader_NEO\BootLoader_NEO.axf" - 0 Error(s), 1 Warning(s).

<h2>Software Packages used:</h2>

Package Vendor: ARM
                http://www.keil.com/pack/ARM.CMSIS.4.2.0.pack
                ARM::CMSIS:CORE:3.40.0
                CMSIS (Cortex Microcontroller Software Interface Standard)
   * Component: CORE Version: 3.40.0

<h2>Collection of Component include folders:</h2>
  C:\Users\Administrator\Desktop\BootLoader_NEO\MDK-ARM\RTE
  F:\Keil_v5\ARM\PACK\ARM\CMSIS\4.2.0\CMSIS\Include
  F:\Keil_v5\ARM\PACK\Keil\STM32F4xx_DFP\2.11.0

<h2>Collection of Component Files used:</h2>

   * Component: ARM::CMSIS:CORE:3.40.0
      Source file:   CMSIS\UserCodeTemplates\ARM\ITM_Retarget.c
</pre>
</body>
</html>
