Component: ARM Compiler 5.05 update 1 (build 106) Tool: armlink [4d0efa]

==============================================================================

Section Cross References

    system_stm32f4xx.o(i.SystemCoreClockUpdate) refers to system_stm32f4xx.o(.data) for SystemCoreClock
    system_stm32f4xx.o(i.SystemCoreClockUpdate) refers to system_stm32f4xx.o(.constdata) for AHBPrescTable
    app_interface.o(i.EmptyWallet) refers to memseta.o(.text) for __aeabi_memclr4
    app_interface.o(i.EmptyWallet) refers to memmovea.o(.text) for __aeabi_memcpy4
    app_interface.o(i.EmptyWallet) refers to atsha204a.o(i.ATSHA_write_data_slot) for ATSHA_write_data_slot
    app_interface.o(i.Have_App) refers to stmflash.o(i.STMFLASH_ReadWord) for STMFLASH_ReadWord
    app_interface.o(i.NEO_Test) refers to oled.o(i.Fill_RAM) for Fill_RAM
    app_interface.o(i.NEO_Test) refers to oled.o(i.Asc8_16) for Asc8_16
    app_interface.o(i.NEO_Test) refers to aw9136.o(i.Key_Control) for Key_Control
    app_interface.o(i.NEO_Test) refers to stm32f4xx_hal.o(i.HAL_Delay) for HAL_Delay
    app_interface.o(i.NEO_Test) refers to stm32f4xx_hal_gpio.o(i.HAL_GPIO_WritePin) for HAL_GPIO_WritePin
    app_interface.o(i.NEO_Test) refers to main_define.o(.data) for Key_Flag
    app_interface.o(i.ReadAT204Flag) refers to atsha204a.o(i.ATSHA_read_data_slot) for ATSHA_read_data_slot
    app_interface.o(i.ReadAT204Flag) refers to memseta.o(.text) for __aeabi_memclr4
    app_interface.o(i.ReadAT204Flag) refers to app_interface.o(i.EmptyWallet) for EmptyWallet
    app_command.o(i.Deal_USB_ERROR) refers to stm32f4xx_hal_gpio.o(i.HAL_GPIO_Init) for HAL_GPIO_Init
    app_command.o(i.Deal_USB_ERROR) refers to stm32f4xx_hal_gpio.o(i.HAL_GPIO_WritePin) for HAL_GPIO_WritePin
    app_command.o(i.Get_Serial_ID) refers to stm32f4xx_hal.o(i.HAL_GetTick) for HAL_GetTick
    app_command.o(i.Hid_Data_Analysis) refers to app_command.o(i.command_verifycrc) for command_verifycrc
    app_command.o(i.Hid_Data_Analysis) refers to memseta.o(.text) for __aeabi_memclr4
    app_command.o(i.Hid_Data_Analysis) refers to memmovea.o(.text) for __aeabi_memmove
    app_command.o(i.Hid_Data_Analysis) refers to app_command.o(i.Hid_Recv_0101_Rp) for Hid_Recv_0101_Rp
    app_command.o(i.Hid_Data_Analysis) refers to app_command.o(i.Update_Error_Deal) for Update_Error_Deal
    app_command.o(i.Hid_Data_Analysis) refers to app_command.o(i.SHA256_Data) for SHA256_Data
    app_command.o(i.Hid_Data_Analysis) refers to app_command.o(i.isAllPackGot) for isAllPackGot
    app_command.o(i.Hid_Data_Analysis) refers to app_command.o(i.CommpareArray) for CommpareArray
    app_command.o(i.Hid_Data_Analysis) refers to stmflash.o(i.STMFLASH_Write_ByteArray) for STMFLASH_Write_ByteArray
    app_command.o(i.Hid_Data_Analysis) refers to app_command.o(i.Hid_Recv_01a3_Rp) for Hid_Recv_01a3_Rp
    app_command.o(i.Hid_Data_Analysis) refers to stm32f4xx_hal.o(i.HAL_Delay) for HAL_Delay
    app_command.o(i.Hid_Data_Analysis) refers to app_command.o(i.Hid_Recv_0301_Rp) for Hid_Recv_0301_Rp
    app_command.o(i.Hid_Data_Analysis) refers to app_ecdsa.c.o(i.Alg_ECDSASignVerify) for Alg_ECDSASignVerify
    app_command.o(i.Hid_Data_Analysis) refers to stmflash.o(i.STMFLASH_WriteHalfWord) for STMFLASH_WriteHalfWord
    app_command.o(i.Hid_Data_Analysis) refers to aw9136.o(i.AW9136_pwroff) for AW9136_pwroff
    app_command.o(i.Hid_Data_Analysis) refers to app_command.o(i.Deal_USB_ERROR) for Deal_USB_ERROR
    app_command.o(i.Hid_Data_Analysis) refers to oled.o(i.Fill_RAM) for Fill_RAM
    app_command.o(i.Hid_Data_Analysis) refers to iap.o(i.iap_load_app) for iap_load_app
    app_command.o(i.Hid_Data_Analysis) refers to stmflash.o(i.STMFLASH_Erase_Sectors) for STMFLASH_Erase_Sectors
    app_command.o(i.Hid_Data_Analysis) refers to app_command.o(i.Hid_Recv_0304_Rp) for Hid_Recv_0304_Rp
    app_command.o(i.Hid_Data_Analysis) refers to app_command.o(i.Hid_Need_Updata_Rp) for Hid_Need_Updata_Rp
    app_command.o(i.Hid_Data_Analysis) refers to main_define.o(.bss) for Bin_File
    app_command.o(i.Hid_Data_Analysis) refers to app_command.o(.data) for PageIndex
    app_command.o(i.Hid_Data_Analysis) refers to app_command.o(.bss) for packIndexRecord
    app_command.o(i.Hid_Data_Analysis) refers to main_define.o(.ARM.__AT_0x20001000) for HID_RX_BUF
    app_command.o(i.Hid_Need_Updata_Rp) refers to app_command.o(i.Get_Serial_ID) for Get_Serial_ID
    app_command.o(i.Hid_Need_Updata_Rp) refers to memseta.o(.text) for __aeabi_memclr4
    app_command.o(i.Hid_Need_Updata_Rp) refers to app_command.o(i.command_crc32) for command_crc32
    app_command.o(i.Hid_Need_Updata_Rp) refers to app_command.o(i.USBHIDSend) for USBHIDSend
    app_command.o(i.Hid_Recv_0101_Rp) refers to memseta.o(.text) for __aeabi_memclr4
    app_command.o(i.Hid_Recv_0101_Rp) refers to app_command.o(i.Get_Serial_ID) for Get_Serial_ID
    app_command.o(i.Hid_Recv_0101_Rp) refers to memmovea.o(.text) for __aeabi_memcpy4
[...]
    DMA1_Stream4_IRQHandler                  0x080001c7   Thumb Code     0  startup_stm32f407xx.o(.text)
    DMA1_Stream5_IRQHandler                  0x080001c7   Thumb Code     0  startup_stm32f407xx.o(.text)
    DMA1_Stream6_IRQHandler                  0x080001c7   Thumb Code     0  startup_stm32f407xx.o(.text)
    DMA1_Stream7_IRQHandler                  0x080001c7   Thumb Code     0  startup_stm32f407xx.o(.text)
    DMA2_Stream0_IRQHandler                  0x080001c7   Thumb Code     0  startup_stm32f407xx.o(.text)
    DMA2_Stream1_IRQHandler                  0x080001c7   Thumb Code     0  startup_stm32f407xx.o(.text)
    DMA2_Stream2_IRQHandler                  0x080001c7   Thumb Code     0  startup_stm32f407xx.o(.text)
    DMA2_Stream3_IRQHandler                  0x080001c7   Thumb Code     0  startup_stm32f407xx.o(.text)
    DMA2_Stream4_IRQHandler                  0x080001c7   Thumb Code     0  startup_stm32f407xx.o(.text)
    DMA2_Stream5_IRQHandler                  0x080001c7   Thumb Code     0  startup_stm32f407xx.o(.text)
    DMA2_Stream6_IRQHandler                  0x080001c7   Thumb Code     0  startup_stm32f407xx.o(.text)
    DMA2_Stream7_IRQHandler                  0x080001c7   Thumb Code     0  startup_stm32f407xx.o(.text)
    ETH_IRQHandler                           0x080001c7   Thumb Code     0  startup_stm32f407xx.o(.text)
    ETH_WKUP_IRQHandler                      0x080001c7   Thumb Code     0  startup_stm32f407xx.o(.text)
    EXTI15_10_IRQHandler                     0x080001c7   Thumb Code     0  startup_stm32f407xx.o(.text)
    EXTI1_IRQHandler                         0x080001c7   Thumb Code     0  startup_stm32f407xx.o(.text)
    EXTI3_IRQHandler                         0x080001c7   Thumb Code     0  startup_stm32f407xx.o(.text)
    EXTI4_IRQHandler                         0x080001c7   Thumb Code     0  startup_stm32f407xx.o(.text)
    EXTI9_5_IRQHandler                       0x080001c7   Thumb Code     0  startup_stm32f407xx.o(.text)
    FLASH_IRQHandler                         0x080001c7   Thumb Code     0  startup_stm32f407xx.o(.text)
    FMC_IRQHandler                           0x080001c7   Thumb Code     0  startup_stm32f407xx.o(.text)
    FPU_IRQHandler                           0x080001c7   Thumb Code     0  startup_stm32f407xx.o(.text)
    HASH_RNG_IRQHandler                      0x080001c7   Thumb Code     0  startup_stm32f407xx.o(.text)
    I2C1_ER_IRQHandler                       0x080001c7   Thumb Code     0  startup_stm32f407xx.o(.text)
    I2C1_EV_IRQHandler                       0x080001c7   Thumb Code     0  startup_stm32f407xx.o(.text)
    I2C2_ER_IRQHandler                       0x080001c7   Thumb Code     0  startup_stm32f407xx.o(.text)
    I2C2_EV_IRQHandler                       0x080001c7   Thumb Code     0  startup_stm32f407xx.o(.text)
    I2C3_ER_IRQHandler                       0x080001c7   Thumb Code     0  startup_stm32f407xx.o(.text)
    I2C3_EV_IRQHandler                       0x080001c7   Thumb Code     0  startup_stm32f407xx.o(.text)
    OTG_FS_WKUP_IRQHandler                   0x080001c7   Thumb Code     0  startup_stm32f407xx.o(.text)
    OTG_HS_EP1_IN_IRQHandler                 0x080001c7   Thumb Code     0  startup_stm32f407xx.o(.text)
    OTG_HS_EP1_OUT_IRQHandler                0x080001c7   Thumb Code     0  startup_stm32f407xx.o(.text)
    OTG_HS_IRQHandler                        0x080001c7   Thumb Code     0  startup_stm32f407xx.o(.text)
    OTG_HS_WKUP_IRQHandler                   0x080001c7   Thumb Code     0  startup_stm32f407xx.o(.text)
    PVD_IRQHandler                           0x080001c7   Thumb Code     0  startup_stm32f407xx.o(.text)
    RCC_IRQHandler                           0x080001c7   Thumb Code     0  startup_stm32f407xx.o(.text)
    RTC_Alarm_IRQHandler                     0x080001c7   Thumb Code     0  startup_stm32f407xx.o(.text)
    RTC_WKUP_IRQHandler                      0x080001c7   Thumb Code     0  startup_stm32f407xx.o(.text)
    SDIO_IRQHandler                          0x080001c7   Thumb Code     0  startup_stm32f407xx.o(.text)
    SPI1_IRQHandler                          0x080001c7   Thumb Code     0  startup_stm32f407xx.o(.text)
    SPI2_IRQHandler                          0x080001c7   Thumb Code     0  startup_stm32f407xx.o(.text)
    SPI3_IRQHandler                          0x080001c7   Thumb Code     0  startup_stm32f407xx.o(.text)
    TAMP_STAMP_IRQHandler                    0x080001c7   Thumb Code     0  startup_stm32f407xx.o(.text)
    TIM1_BRK_TIM9_IRQHandler                 0x080001c7   Thumb Code     0  startup_stm32f407xx.o(.text)
    TIM1_CC_IRQHandler                       0x080001c7   Thumb Code     0  startup_stm32f407xx.o(.text)
    TIM1_TRG_COM_TIM11_IRQHandler            0x080001c7   Thumb Code     0  startup_stm32f407xx.o(.text)
    TIM1_UP_TIM10_IRQHandler                 0x080001c7   Thumb Code     0  startup_stm32f407xx.o(.text)
    TIM2_IRQHandler                          0x080001c7   Thumb Code     0  startup_stm32f407xx.o(.text)
    TIM3_IRQHandler                          0x080001c7   Thumb Code     0  startup_stm32f407xx.o(.text)
    TIM4_IRQHandler                          0x080001c7   Thumb Code     0  startup_stm32f407xx.o(.text)
    TIM5_IRQHandler                          0x080001c7   Thumb Code     0  startup_stm32f407xx.o(.text)
    TIM6_DAC_IRQHandler                      0x080001c7   Thumb Code     0  startup_stm32f407xx.o(.text)
    TIM7_IRQHandler                          0x080001c7   Thumb Code     0  startup_stm32f407xx.o(.text)
    TIM8_BRK_TIM12_IRQHandler                0x080001c7   Thumb Code     0  startup_stm32f407xx.o(.text)
    TIM8_CC_IRQHandler                       0x080001c7   Thumb Code     0  startup_stm32f407xx.o(.text)
    TIM8_TRG_COM_TIM14_IRQHandler            0x080001c7   Thumb Code     0  startup_stm32f407xx.o(.text)
    TIM8_UP_TIM13_IRQHandler                 0x080001c7   Thumb Code     0  startup_stm32f407xx.o(.text)
    UART4_IRQHandler                         0x080001c7   Thumb Code     0  startup_stm32f407xx.o(.text)
    UART5_IRQHandler                         0x080001c7   Thumb Code     0  startup_stm32f407xx.o(.text)
    USART1_IRQHandler                        0x080001c7   Thumb Code     0  startup_stm32f407xx.o(.text)
    USART2_IRQHandler                        0x080001c7   Thumb Code     0  startup_stm32f407xx.o(.text)
    USART3_IRQHandler                        0x080001c7   Thumb Code     0  startup_stm32f407xx.o(.text)
    USART6_IRQHandler                        0x080001c7   Thumb Code     0  startup_stm32f407xx.o(.text)
    WWDG_IRQHandler                          0x080001c7   Thumb Code     0  startup_stm32f407xx.o(.text)
    ___aeabi_memcpy8$move                    0x080001d1   Thumb Code     0  memmovea.o(.text)
    __aeabi_memcpy                           0x080001d1   Thumb Code    64  memmovea.o(.text)
    __aeabi_memcpy4                          0x080001d1   Thumb Code     0  memmovea.o(.text)
    __aeabi_memmove                          0x080001d1   Thumb Code     0  memmovea.o(.text)
    __aeabi_memmove4                         0x080001d1   Thumb Code     0  memmovea.o(.text)
    __aeabi_memmove8                         0x080001d1   Thumb Code     0  memmovea.o(.text)
    __aeabi_memset                           0x08000211   Thumb Code    14  memseta.o(.text)
    __aeabi_memset4                          0x08000211   Thumb Code     0  memseta.o(.text)
    __aeabi_memset8                          0x08000211   Thumb Code     0  memseta.o(.text)
    __aeabi_memclr                           0x0800021f   Thumb Code     4  memseta.o(.text)
    __aeabi_memclr4                          0x0800021f   Thumb Code     0  memseta.o(.text)
    __aeabi_memclr8                          0x0800021f   Thumb Code     0  memseta.o(.text)
    _memset$wrapper                          0x08000223   Thumb Code    18  memseta.o(.text)
    memcmp                                   0x08000235   Thumb Code    26  memcmp.o(.text)
    __scatterload                            0x08000251   Thumb Code    28  init.o(.text)
    __scatterload_rt2                        0x08000251   Thumb Code     0  init.o(.text)
    __decompress                             0x08000275   Thumb Code     0  __dczerorl2.o(.text)
    __decompress1                            0x08000275   Thumb Code    86  __dczerorl2.o(.text)
    ATSHA204_Init                            0x080002cd   Thumb Code    40  hw_config.o(i.ATSHA204_Init)
    ATSHA_IRcvNBytes                         0x080002f9   Thumb Code   106  bitbang_i2c.o(i.ATSHA_IRcvNBytes)
    ATSHA_ISendNBytes                        0x08000369   Thumb Code    62  bitbang_i2c.o(i.ATSHA_ISendNBytes)
    ATSHA_i2c_send_wake_token                0x080003ad   Thumb Code    24  bitbang_i2c.o(i.ATSHA_i2c_send_wake_token)
    ATSHA_read_data_slot                     0x080003cd   Thumb Code    62  atsha204a.o(i.ATSHA_read_data_slot)
    ATSHA_write_data_slot                    0x0800040b   Thumb Code    74  atsha204a.o(i.ATSHA_write_data_slot)
    AW9136_Init                              0x08000455   Thumb Code   132  aw9136.o(i.AW9136_Init)
    AW9136_LED_OFF                           0x080004f1   Thumb Code    76  aw9136.o(i.AW9136_LED_OFF)
    AW9136_LED_ON                            0x0800053d   Thumb Code    76  aw9136.o(i.AW9136_LED_ON)
    AW9136_clear_intr                        0x08000589   Thumb Code    14  aw9136.o(i.AW9136_clear_intr)
    AW9136_eint_work                         0x08000599   Thumb Code    38  aw9136.o(i.AW9136_eint_work)
    AW9136_pwroff                            0x080005c5   Thumb Code    20  aw9136.o(i.AW9136_pwroff)
    AW9136_pwron                             0x080005dd   Thumb Code    36  aw9136.o(i.AW9136_pwron)
    AW91xx_Auto_Cali                         0x08000605   Thumb Code   842  aw9136.o(i.AW91xx_Auto_Cali)
    AW_NormalMode                            0x0800096d   Thumb Code   272  aw9136.o(i.AW_NormalMode)
    AW_NormalMode_Proc                       0x08000a81   Thumb Code   182  aw9136.o(i.AW_NormalMode_Proc)
    AW_SleepMode_Proc                        0x08000b49   Thumb Code   110  aw9136.o(i.AW_SleepMode_Proc)
    AW_center_press                          0x08000bc5   Thumb Code    46  aw9136.o(i.AW_center_press)
    AW_center_release                        0x08000c01   Thumb Code     2  aw9136.o(i.AW_center_release)
    AW_double                                0x08000c03   Thumb Code     2  aw9136.o(i.AW_double)
    AW_left_press                            0x08000c05   Thumb Code     2  aw9136.o(i.AW_left_press)
    AW_left_release                          0x08000c07   Thumb Code     2  aw9136.o(i.AW_left_release)
    AW_left_slip                             0x08000c09   Thumb Code     2  aw9136.o(i.AW_left_slip)
    AW_right_press                           0x08000c0d   Thumb Code    46  aw9136.o(i.AW_right_press)
    AW_right_release                         0x08000c49   Thumb Code     2  aw9136.o(i.AW_right_release)
    AW_right_slip                            0x08000c4b   Thumb Code     2  aw9136.o(i.AW_right_slip)
    AddBig                                   0x08000c81   Thumb Code   318  crypto.o(i.AddBig)
    Alg_ECDSASignVerify                      0x08000f89   Thumb Code   140  app_ecdsa.c.o(i.Alg_ECDSASignVerify)
    Asc8_16                                  0x08001019   Thumb Code   152  oled.o(i.Asc8_16)
    BusFault_Handler                         0x080010fd   Thumb Code     4  stm32f4xx_it.o(i.BusFault_Handler)
    Center_button_init                       0x08001135   Thumb Code    82  aw9136.o(i.Center_button_init)
    CompareBig                               0x080011b9   Thumb Code   166  crypto.o(i.CompareBig)
    Con_4_byte                               0x0800125f   Thumb Code   174  oled.o(i.Con_4_byte)
    CopyBig                                  0x0800130d   Thumb Code   158  crypto.o(i.CopyBig)
    CountBits                                0x080013ab   Thumb Code    48  crypto.o(i.CountBits)
    Crypto_DeInit                            0x080013db   Thumb Code     8  crypto.o(i.Crypto_DeInit)
    DATA_Init                                0x080013e5   Thumb Code    22  main_define.o(i.DATA_Init)
    Deal_USB_ERROR                           0x08001409   Thumb Code    46  app_command.o(i.Deal_USB_ERROR)
    DebugMon_Handler                         0x0800143d   Thumb Code     2  stm32f4xx_it.o(i.DebugMon_Handler)
    ECCSignVerify                            0x0800143f   Thumb Code   354  app_ecdsa.c.o(i.ECCSignVerify)
    ECCcopyPoint                             0x080015a1   Thumb Code   102  crypto.o(i.ECCcopyPoint)
    ECCfreeEC                                0x08001607   Thumb Code   124  crypto.o(i.ECCfreeEC)
    ECCfreePoint                             0x08001683   Thumb Code    66  crypto.o(i.ECCfreePoint)
    ECCinitEC                                0x080016c5   Thumb Code   440  crypto.o(i.ECCinitEC)
    ECCinitPoint                             0x0800187d   Thumb Code   208  crypto.o(i.ECCinitPoint)
    ECCsetPointCoordinate                    0x0800194d   Thumb Code    74  crypto.o(i.ECCsetPointCoordinate)
    ECCsetPointGenerator                     0x08001999   Thumb Code   122  crypto.o(i.ECCsetPointGenerator)
    ECCvalidatePubKey                        0x08001a19   Thumb Code   602  crypto.o(i.ECCvalidatePubKey)
    ECDSAfreeSign                            0x08001c79   Thumb Code    56  crypto.o(i.ECDSAfreeSign)
    ECDSAinitSign                            0x08001cb1   Thumb Code   124  crypto.o(i.ECDSAinitSign)
    ECDSAsetSignature                        0x08001d2d   Thumb Code    48  crypto.o(i.ECDSAsetSignature)
    ECDSAverify                              0x08001d5d   Thumb Code   810  crypto.o(i.ECDSAverify)
    EC_paraTestInit                          0x08002089   Thumb Code    60  app_ecdsa.c.o(i.EC_paraTestInit)
    EXTI0_IRQHandler                         0x080020ed   Thumb Code    10  aw9136.o(i.EXTI0_IRQHandler)
    EXTI2_IRQHandler                         0x080020f7   Thumb Code    10  aw9136.o(i.EXTI2_IRQHandler)
    EmptyWallet                              0x08002101   Thumb Code    64  app_interface.o(i.EmptyWallet)
    FLASH_Erase_Sector                       0x08002161   Thumb Code    98  stm32f4xx_hal_flash_ex.o(i.FLASH_Erase_Sector)
    FLASH_FlushCaches                        0x080021c9   Thumb Code   114  stm32f4xx_hal_flash_ex.o(i.FLASH_FlushCaches)
    FLASH_WaitForLastOperation               0x080023a9   Thumb Code    90  stm32f4xx_hal_flash.o(i.FLASH_WaitForLastOperation)
    FastDiv2                                 0x0800240d   Thumb Code    98  crypto.o(i.FastDiv2)
    Fill_Block                               0x0800246f   Thumb Code   106  oled.o(i.Fill_Block)
    Fill_RAM                                 0x080024d9   Thumb Code    66  oled.o(i.Fill_RAM)
    Get_Serial_ID                            0x0800251b   Thumb Code    12  app_command.o(i.Get_Serial_ID)
    HAL_CRC_Init                             0x08002527   Thumb Code    36  stm32f4xx_hal_crc.o(i.HAL_CRC_Init)
    HAL_CRC_MspInit                          0x0800254d   Thumb Code    44  stm32f4xx_hal_msp.o(i.HAL_CRC_MspInit)
    HAL_DeInit                               0x08002581   Thumb Code    64  stm32f4xx_hal.o(i.HAL_DeInit)
    HAL_Delay                                0x080025c5   Thumb Code    30  stm32f4xx_hal.o(i.HAL_Delay)
    HAL_FLASHEx_Erase                        0x080025e5   Thumb Code   164  stm32f4xx_hal_flash_ex.o(i.HAL_FLASHEx_Erase)
    HAL_FLASH_Lock                           0x08002691   Thumb Code    16  stm32f4xx_hal_flash.o(i.HAL_FLASH_Lock)
    HAL_FLASH_Program                        0x080026a5   Thumb Code   142  stm32f4xx_hal_flash.o(i.HAL_FLASH_Program)
    HAL_FLASH_Unlock                         0x0800273d   Thumb Code    32  stm32f4xx_hal_flash.o(i.HAL_FLASH_Unlock)
    HAL_GPIO_EXTI_Callback                   0x08002769   Thumb Code    30  aw9136.o(i.HAL_GPIO_EXTI_Callback)
    HAL_GPIO_EXTI_IRQHandler                 0x08002789   Thumb Code    24  stm32f4xx_hal_gpio.o(i.HAL_GPIO_EXTI_IRQHandler)
    HAL_GPIO_Init                            0x080027a5   Thumb Code   466  stm32f4xx_hal_gpio.o(i.HAL_GPIO_Init)
    HAL_GPIO_WritePin                        0x080029a5   Thumb Code    12  stm32f4xx_hal_gpio.o(i.HAL_GPIO_WritePin)
    HAL_GetTick                              0x080029b1   Thumb Code     6  stm32f4xx_hal.o(i.HAL_GetTick)
    HAL_IncTick                              0x080029bd   Thumb Code    12  stm32f4xx_hal.o(i.HAL_IncTick)
    HAL_Init                                 0x080029cd   Thumb Code    54  stm32f4xx_hal.o(i.HAL_Init)
    HAL_InitTick                             0x08002a09   Thumb Code    36  stm32f4xx_hal.o(i.HAL_InitTick)
    HAL_MspDeInit                            0x08002a31   Thumb Code     2  stm32f4xx_hal.o(i.HAL_MspDeInit)
    HAL_MspInit                              0x08002a33   Thumb Code    86  stm32f4xx_hal_msp.o(i.HAL_MspInit)
    HAL_NVIC_DisableIRQ                      0x08002a89   Thumb Code    22  stm32f4xx_hal_cortex.o(i.HAL_NVIC_DisableIRQ)
    HAL_NVIC_EnableIRQ                       0x08002aa5   Thumb Code    26  stm32f4xx_hal_cortex.o(i.HAL_NVIC_EnableIRQ)
    HAL_NVIC_SetPriority                     0x08002abf   Thumb Code   124  stm32f4xx_hal_cortex.o(i.HAL_NVIC_SetPriority)
    HAL_NVIC_SetPriorityGrouping             0x08002b3d   Thumb Code    32  stm32f4xx_hal_cortex.o(i.HAL_NVIC_SetPriorityGrouping)
    HAL_PCDEx_SetRxFiFo                      0x08002b65   Thumb Code    10  stm32f4xx_hal_pcd_ex.o(i.HAL_PCDEx_SetRxFiFo)
    HAL_PCDEx_SetTxFiFo                      0x08002b6f   Thumb Code    82  stm32f4xx_hal_pcd_ex.o(i.HAL_PCDEx_SetTxFiFo)
    HAL_PCD_ConnectCallback                  0x08002bc1   Thumb Code    14  usbd_conf.o(i.HAL_PCD_ConnectCallback)
    HAL_PCD_DataInStageCallback              0x08002bcf   Thumb Code    32  usbd_conf.o(i.HAL_PCD_DataInStageCallback)
    HAL_PCD_DataOutStageCallback             0x08002bef   Thumb Code    32  usbd_conf.o(i.HAL_PCD_DataOutStageCallback)
    HAL_PCD_DisconnectCallback               0x08002c0f   Thumb Code    14  usbd_conf.o(i.HAL_PCD_DisconnectCallback)
    HAL_PCD_EP_Close                         0x08002c1d   Thumb Code   106  stm32f4xx_hal_pcd.o(i.HAL_PCD_EP_Close)
    HAL_PCD_EP_ClrStall                      0x08002c87   Thumb Code   104  stm32f4xx_hal_pcd.o(i.HAL_PCD_EP_ClrStall)
    HAL_PCD_EP_Open                          0x08002cef   Thumb Code   140  stm32f4xx_hal_pcd.o(i.HAL_PCD_EP_Open)
    HAL_PCD_EP_Receive                       0x08002d7b   Thumb Code    88  stm32f4xx_hal_pcd.o(i.HAL_PCD_EP_Receive)
    HAL_PCD_EP_SetStall                      0x08002dd3   Thumb Code   122  stm32f4xx_hal_pcd.o(i.HAL_PCD_EP_SetStall)
    HAL_PCD_EP_Transmit                      0x08002e4d   Thumb Code    90  stm32f4xx_hal_pcd.o(i.HAL_PCD_EP_Transmit)
    HAL_PCD_IRQHandler                       0x08002ea9   Thumb Code  1642  stm32f4xx_hal_pcd.o(i.HAL_PCD_IRQHandler)
    HAL_PCD_ISOINIncompleteCallback          0x0800353d   Thumb Code    18  usbd_conf.o(i.HAL_PCD_ISOINIncompleteCallback)
    HAL_PCD_ISOOUTIncompleteCallback         0x0800354f   Thumb Code    18  usbd_conf.o(i.HAL_PCD_ISOOUTIncompleteCallback)
    HAL_PCD_Init                             0x08003561   Thumb Code   322  stm32f4xx_hal_pcd.o(i.HAL_PCD_Init)
    HAL_PCD_MspInit                          0x080036a5   Thumb Code   116  usbd_conf.o(i.HAL_PCD_MspInit)
    HAL_PCD_ResetCallback                    0x08003721   Thumb Code    50  usbd_conf.o(i.HAL_PCD_ResetCallback)
    HAL_PCD_ResumeCallback                   0x08003753   Thumb Code    14  usbd_conf.o(i.HAL_PCD_ResumeCallback)
    HAL_PCD_SOFCallback                      0x08003761   Thumb Code    14  usbd_conf.o(i.HAL_PCD_SOFCallback)
    HAL_PCD_SetAddress                       0x0800376f   Thumb Code    50  stm32f4xx_hal_pcd.o(i.HAL_PCD_SetAddress)
    HAL_PCD_SetupStageCallback               0x080037a1   Thumb Code    18  usbd_conf.o(i.HAL_PCD_SetupStageCallback)
    HAL_PCD_Start                            0x080037b3   Thumb Code    52  stm32f4xx_hal_pcd.o(i.HAL_PCD_Start)
    HAL_PCD_SuspendCallback                  0x080037e9   Thumb Code    46  usbd_conf.o(i.HAL_PCD_SuspendCallback)
    HAL_RCC_ClockConfig                      0x0800381d   Thumb Code   446  stm32f4xx_hal_rcc.o(i.HAL_RCC_ClockConfig)
    HAL_RCC_GetHCLKFreq                      0x080039ed   Thumb Code     6  stm32f4xx_hal_rcc.o(i.HAL_RCC_GetHCLKFreq)
    HAL_RCC_GetPCLK1Freq                     0x080039f9   Thumb Code    36  stm32f4xx_hal_rcc.o(i.HAL_RCC_GetPCLK1Freq)
    HAL_RCC_GetPCLK2Freq                     0x08003a25   Thumb Code    36  stm32f4xx_hal_rcc.o(i.HAL_RCC_GetPCLK2Freq)
    HAL_RCC_GetSysClockFreq                  0x08003a51   Thumb Code   168  stm32f4xx_hal_rcc.o(i.HAL_RCC_GetSysClockFreq)
    HAL_RCC_OscConfig                        0x08003b05   Thumb Code  1090  stm32f4xx_hal_rcc.o(i.HAL_RCC_OscConfig)
    HAL_RNG_Init                             0x08003f51   Thumb Code    74  stm32f4xx_hal_rng.o(i.HAL_RNG_Init)
    HAL_RNG_MspInit                          0x08003f9d   Thumb Code    44  stm32f4xx_hal_msp.o(i.HAL_RNG_MspInit)
    HAL_SYSTICK_CLKSourceConfig              0x08003fd1   Thumb Code    40  stm32f4xx_hal_cortex.o(i.HAL_SYSTICK_CLKSourceConfig)
    HAL_SYSTICK_Callback                     0x08003ff9   Thumb Code     2  stm32f4xx_hal_cortex.o(i.HAL_SYSTICK_Callback)
    HAL_SYSTICK_Config                       0x08003ffb   Thumb Code    52  stm32f4xx_hal_cortex.o(i.HAL_SYSTICK_Config)
    HAL_SYSTICK_IRQHandler                   0x0800402f   Thumb Code     8  stm32f4xx_hal_cortex.o(i.HAL_SYSTICK_IRQHandler)
    HAL_UART_Init                            0x08004037   Thumb Code   114  stm32f4xx_hal_uart.o(i.HAL_UART_Init)
    HAL_UART_MspInit                         0x080040a9   Thumb Code   152  stm32f4xx_hal_msp.o(i.HAL_UART_MspInit)
    HZ12_12                                  0x080041a9   Thumb Code    84  oled.o(i.HZ12_12)
    HardFault_Handler                        0x08004201   Thumb Code     4  stm32f4xx_it.o(i.HardFault_Handler)
    Have_App                                 0x08004205   Thumb Code    20  app_interface.o(i.Have_App)
    Hid_Data_Analysis                        0x0800421d   Thumb Code   746  app_command.o(i.Hid_Data_Analysis)
    Hid_Need_Updata_Rp                       0x0800452d   Thumb Code    80  app_command.o(i.Hid_Need_Updata_Rp)
    Hid_Recv_0101_Rp                         0x0800457d   Thumb Code   196  app_command.o(i.Hid_Recv_0101_Rp)
    Hid_Recv_01a3_Rp                         0x0800464d   Thumb Code   138  app_command.o(i.Hid_Recv_01a3_Rp)
    Hid_Recv_0301_Rp                         0x080046dd   Thumb Code    88  app_command.o(i.Hid_Recv_0301_Rp)
    Hid_Recv_0304_Rp                         0x08004735   Thumb Code    76  app_command.o(i.Hid_Recv_0304_Rp)
    Home_Key_press                           0x08004781   Thumb Code    46  aw9136.o(i.Home_Key_press)
    I2C_read_reg                             0x080047bd   Thumb Code    72  aw9136.o(i.I2C_read_reg)
    I2C_write_reg                            0x08004805   Thumb Code    76  aw9136.o(i.I2C_write_reg)
    IIC2_Ack                                 0x08004851   Thumb Code    66  myiic.o(i.IIC2_Ack)
    IIC2_Init                                0x080048a1   Thumb Code    76  myiic.o(i.IIC2_Init)
    IIC2_NAck                                0x080048fd   Thumb Code    66  myiic.o(i.IIC2_NAck)
    IIC2_Read_Byte                           0x0800494d   Thumb Code    94  myiic.o(i.IIC2_Read_Byte)
    IIC2_Send_Byte                           0x080049b9   Thumb Code    90  myiic.o(i.IIC2_Send_Byte)
    IIC2_Start                               0x08004a21   Thumb Code    64  myiic.o(i.IIC2_Start)
    IIC2_Stop                                0x08004a6d   Thumb Code    62  myiic.o(i.IIC2_Stop)
    IIC2_Wait_Ack                            0x08004ab9   Thumb Code    82  myiic.o(i.IIC2_Wait_Ack)
    InitBig                                  0x08004b19   Thumb Code   104  crypto.o(i.InitBig)
    Key_Control                              0x08004b81   Thumb Code    52  aw9136.o(i.Key_Control)
    LeftShift                                0x08004bb9   Thumb Code   144  crypto.o(i.LeftShift)
    MX_USB_DEVICE_Init                       0x08004e19   Thumb Code    36  usb_device.o(i.MX_USB_DEVICE_Init)
    MemManage_Handler                        0x08004e4d   Thumb Code     4  stm32f4xx_it.o(i.MemManage_Handler)
    ModularAddBig                            0x08004e51   Thumb Code    68  crypto.o(i.ModularAddBig)
    ModularFastMul2                          0x08004e95   Thumb Code   138  crypto.o(i.ModularFastMul2)
    ModularInvBig                            0x08004f1f   Thumb Code   540  crypto.o(i.ModularInvBig)
    MontyExit                                0x0800513b   Thumb Code    88  crypto.o(i.MontyExit)
    MontyInit                                0x08005195   Thumb Code   874  crypto.o(i.MontyInit)
    MontyJacProjAddPoints                    0x080054ff   Thumb Code   894  crypto.o(i.MontyJacProjAddPoints)
    MontyJacProjDoublePoint                  0x0800587d   Thumb Code   778  crypto.o(i.MontyJacProjDoublePoint)
    MontyKillAll                             0x08005b87   Thumb Code    48  crypto.o(i.MontyKillAll)
    MontyMul                                 0x08005bb9   Thumb Code   524  crypto.o(i.MontyMul)
    NAF_Binary_PointMul                      0x08005de9   Thumb Code   832  crypto.o(i.NAF_Binary_PointMul)
    NEO_Test                                 0x0800612d   Thumb Code   338  app_interface.o(i.NEO_Test)
    NMI_Handler                              0x080062dd   Thumb Code     2  stm32f4xx_it.o(i.NMI_Handler)
    Normalize                                0x08006319   Thumb Code   368  crypto.o(i.Normalize)
    OLED_Init                                0x08006489   Thumb Code   500  oled.o(i.OLED_Init)
    OLED_WR_Byte                             0x08006681   Thumb Code   126  oled.o(i.OLED_WR_Byte)
    OTG_FS_IRQHandler                        0x08006709   Thumb Code    10  stm32f4xx_it.o(i.OTG_FS_IRQHandler)
    PendSV_Handler                           0x080067bb   Thumb Code     2  stm32f4xx_it.o(i.PendSV_Handler)
    RCC_AHB1PeriphClockCmd                   0x080067bd   Thumb Code    26  stm32f4xx_rcc.o(i.RCC_AHB1PeriphClockCmd)
    ReadAT204Flag                            0x08006845   Thumb Code   154  app_interface.o(i.ReadAT204Flag)
    RightShift                               0x080068df   Thumb Code   176  crypto.o(i.RightShift)
    SHA256Final                              0x08006991   Thumb Code   390  crypto.o(i.SHA256Final)
    SHA256Update                             0x08006d71   Thumb Code   154  crypto.o(i.SHA256Update)
    SHA256_Append                            0x08006e0b   Thumb Code    42  crypto.o(i.SHA256_Append)
    SHA256_Data                              0x08006e35   Thumb Code    62  app_command.o(i.SHA256_Data)
    SHA256_Finish                            0x08006e73   Thumb Code   144  crypto.o(i.SHA256_Finish)
    SHA256_Init                              0x08006f05   Thumb Code    60  crypto.o(i.SHA256_Init)
    STMFLASH_Erase_Sectors                   0x08006f61   Thumb Code    54  stmflash.o(i.STMFLASH_Erase_Sectors)
    STMFLASH_ReadWord                        0x08006f97   Thumb Code     6  stmflash.o(i.STMFLASH_ReadWord)
    STMFLASH_WriteHalfWord                   0x08006f9d   Thumb Code    28  stmflash.o(i.STMFLASH_WriteHalfWord)
    STMFLASH_Write_ByteArray                 0x08006fb9   Thumb Code    80  stmflash.o(i.STMFLASH_Write_ByteArray)
    SVC_Handler                              0x0800700d   Thumb Code     2  stm32f4xx_it.o(i.SVC_Handler)
    SetZeroBig                               0x080070ad   Thumb Code    70  crypto.o(i.SetZeroBig)
    Set_Column_Address                       0x080070f3   Thumb Code    32  oled.o(i.Set_Column_Address)
    Set_Row_Address                          0x08007113   Thumb Code    32  oled.o(i.Set_Row_Address)
    Set_Write_RAM                            0x08007133   Thumb Code    12  oled.o(i.Set_Write_RAM)
    Show_HZ12_12                             0x0800713f   Thumb Code    60  oled.o(i.Show_HZ12_12)
    Show_Pattern                             0x0800717b   Thumb Code   116  oled.o(i.Show_Pattern)
    StAllocBig                               0x080071ef   Thumb Code    66  crypto.o(i.StAllocBig)
    StFreeBig                                0x08007231   Thumb Code    36  crypto.o(i.StFreeBig)
    SubBig                                   0x080072c9   Thumb Code   234  crypto.o(i.SubBig)
    Sub_Moduli_Big                           0x080073b3   Thumb Code   436  crypto.o(i.Sub_Moduli_Big)
    SysTick_Handler                          0x08007567   Thumb Code    12  stm32f4xx_it.o(i.SysTick_Handler)
    SystemClock_Config                       0x08007575   Thumb Code   198  main.o(i.SystemClock_Config)
    SystemInit                               0x08007655   Thumb Code    82  system_stm32f4xx.o(i.SystemInit)
    USBD_CUSTOM_HID_RegisterInterface        0x08007b27   Thumb Code    14  usbd_customhid.o(i.USBD_CUSTOM_HID_RegisterInterface)
    USBD_CUSTOM_HID_SendReport               0x08007b35   Thumb Code    52  usbd_customhid.o(i.USBD_CUSTOM_HID_SendReport)
    USBD_ClrClassConfig                      0x08007c65   Thumb Code    22  usbd_core.o(i.USBD_ClrClassConfig)
    USBD_CtlContinueRx                       0x08007cbf   Thumb Code    24  usbd_ioreq.o(i.USBD_CtlContinueRx)
    USBD_CtlContinueSendData                 0x08007cd7   Thumb Code    24  usbd_ioreq.o(i.USBD_CtlContinueSendData)
    USBD_CtlError                            0x08007cef   Thumb Code    24  usbd_ctlreq.o(i.USBD_CtlError)
    USBD_CtlPrepareRx                        0x08007d07   Thumb Code    40  usbd_ioreq.o(i.USBD_CtlPrepareRx)
    USBD_CtlReceiveStatus                    0x08007d2f   Thumb Code    26  usbd_ioreq.o(i.USBD_CtlReceiveStatus)
    USBD_CtlSendData                         0x08007d49   Thumb Code    34  usbd_ioreq.o(i.USBD_CtlSendData)
    USBD_CtlSendStatus                       0x08007d6b   Thumb Code    26  usbd_ioreq.o(i.USBD_CtlSendStatus)
    USBD_FS_ConfigStrDescriptor              0x08007d85   Thumb Code    34  usbd_desc.o(i.USBD_FS_ConfigStrDescriptor)
    USBD_FS_DeviceDescriptor                 0x08007dc1   Thumb Code    10  usbd_desc.o(i.USBD_FS_DeviceDescriptor)
    USBD_FS_InterfaceStrDescriptor           0x08007dd1   Thumb Code    34  usbd_desc.o(i.USBD_FS_InterfaceStrDescriptor)
    USBD_FS_LangIDStrDescriptor              0x08007e11   Thumb Code    10  usbd_desc.o(i.USBD_FS_LangIDStrDescriptor)
    USBD_FS_ManufacturerStrDescriptor        0x08007e21   Thumb Code    20  usbd_desc.o(i.USBD_FS_ManufacturerStrDescriptor)
    USBD_FS_ProductStrDescriptor             0x08007e4d   Thumb Code    34  usbd_desc.o(i.USBD_FS_ProductStrDescriptor)
    USBD_FS_SerialStrDescriptor              0x08007e8d   Thumb Code    34  usbd_desc.o(i.USBD_FS_SerialStrDescriptor)
    USBD_GetString                           0x080080bd   Thumb Code    82  usbd_ctlreq.o(i.USBD_GetString)
    USBD_Init                                0x0800810f   Thumb Code    50  usbd_core.o(i.USBD_Init)
    USBD_LL_ClearStallEP                     0x08008141   Thumb Code    68  usbd_conf.o(i.USBD_LL_ClearStallEP)
    USBD_LL_CloseEP                          0x08008185   Thumb Code    68  usbd_conf.o(i.USBD_LL_CloseEP)
    USBD_LL_DataInStage                      0x080081c9   Thumb Code   218  usbd_core.o(i.USBD_LL_DataInStage)
    USBD_LL_DataOutStage                     0x080082a3   Thumb Code   134  usbd_core.o(i.USBD_LL_DataOutStage)
    USBD_LL_DevConnected                     0x08008329   Thumb Code     6  usbd_core.o(i.USBD_LL_DevConnected)
    USBD_LL_DevDisconnected                  0x0800832f   Thumb Code    26  usbd_core.o(i.USBD_LL_DevDisconnected)
    USBD_LL_Init                             0x08008349   Thumb Code   112  usbd_conf.o(i.USBD_LL_Init)
    USBD_LL_IsStallEP                        0x080083d1   Thumb Code    56  usbd_conf.o(i.USBD_LL_IsStallEP)
    USBD_LL_IsoINIncomplete                  0x08008409   Thumb Code     6  usbd_core.o(i.USBD_LL_IsoINIncomplete)
    USBD_LL_IsoOUTIncomplete                 0x0800840f   Thumb Code     6  usbd_core.o(i.USBD_LL_IsoOUTIncomplete)
    USBD_LL_OpenEP                           0x08008415   Thumb Code    98  usbd_conf.o(i.USBD_LL_OpenEP)
    USBD_LL_PrepareReceive                   0x08008477   Thumb Code    98  usbd_conf.o(i.USBD_LL_PrepareReceive)
    USBD_LL_Reset                            0x080084d9   Thumb Code    68  usbd_core.o(i.USBD_LL_Reset)
    USBD_LL_Resume                           0x0800851d   Thumb Code    14  usbd_core.o(i.USBD_LL_Resume)
    USBD_LL_SOF                              0x0800852b   Thumb Code    34  usbd_core.o(i.USBD_LL_SOF)
    USBD_LL_SetSpeed                         0x0800854d   Thumb Code     8  usbd_core.o(i.USBD_LL_SetSpeed)
    USBD_LL_SetUSBAddress                    0x08008555   Thumb Code    68  usbd_conf.o(i.USBD_LL_SetUSBAddress)
    USBD_LL_SetupStage                       0x08008599   Thumb Code   110  usbd_core.o(i.USBD_LL_SetupStage)
    USBD_LL_StallEP                          0x08008607   Thumb Code    68  usbd_conf.o(i.USBD_LL_StallEP)
    USBD_LL_Start                            0x0800864b   Thumb Code    60  usbd_conf.o(i.USBD_LL_Start)
    USBD_LL_Suspend                          0x08008687   Thumb Code    20  usbd_core.o(i.USBD_LL_Suspend)
    USBD_LL_Transmit                         0x0800869b   Thumb Code    98  usbd_conf.o(i.USBD_LL_Transmit)
    USBD_ParseSetupRequest                   0x080086fd   Thumb Code    40  usbd_ctlreq.o(i.USBD_ParseSetupRequest)
    USBD_RegisterClass                       0x08008725   Thumb Code    16  usbd_core.o(i.USBD_RegisterClass)
    USBD_RunTestMode                         0x08008735   Thumb Code     6  usbd_core.o(i.USBD_RunTestMode)
    USBD_SetClassConfig                      0x0800878f   Thumb Code    34  usbd_core.o(i.USBD_SetClassConfig)
    USBD_Start                               0x080088b5   Thumb Code    14  usbd_core.o(i.USBD_Start)
    USBD_StdDevReq                           0x080088c3   Thumb Code   114  usbd_ctlreq.o(i.USBD_StdDevReq)
    USBD_StdEPReq                            0x08008935   Thumb Code   342  usbd_ctlreq.o(i.USBD_StdEPReq)
    USBD_StdItfReq                           0x08008a8b   Thumb Code    74  usbd_ctlreq.o(i.USBD_StdItfReq)
    USBHIDSend                               0x08008ad5   Thumb Code    30  app_command.o(i.USBHIDSend)
    USB_ActivateEndpoint                     0x08008af9   Thumb Code   192  stm32f4xx_ll_usb.o(i.USB_ActivateEndpoint)
    USB_ActivateSetup                        0x08008bbd   Thumb Code    68  stm32f4xx_ll_usb.o(i.USB_ActivateSetup)
    USB_CoreInit                             0x08008c01   Thumb Code   108  stm32f4xx_ll_usb.o(i.USB_CoreInit)
    USB_DataReceiveHander                    0x08008cbd   Thumb Code    28  main.o(i.USB_DataReceiveHander)
    USB_DeactivateEndpoint                   0x08008ce5   Thumb Code   258  stm32f4xx_ll_usb.o(i.USB_DeactivateEndpoint)
    USB_DevConnect                           0x08008df1   Thumb Code    30  stm32f4xx_ll_usb.o(i.USB_DevConnect)
    USB_DevDisconnect                        0x08008e0f   Thumb Code    30  stm32f4xx_ll_usb.o(i.USB_DevDisconnect)
    USB_DevInit                              0x08008e2d   Thumb Code   398  stm32f4xx_ll_usb.o(i.USB_DevInit)
    USB_DisableGlobalInt                     0x08008fcd   Thumb Code    14  stm32f4xx_ll_usb.o(i.USB_DisableGlobalInt)
    USB_EP0StartXfer                         0x08008fdd   Thumb Code   422  stm32f4xx_ll_usb.o(i.USB_EP0StartXfer)
    USB_EP0_OutStart                         0x08009189   Thumb Code    68  stm32f4xx_ll_usb.o(i.USB_EP0_OutStart)
    USB_EPClearStall                         0x080091cd   Thumb Code   136  stm32f4xx_ll_usb.o(i.USB_EPClearStall)
    USB_EPSetStall                           0x08009255   Thumb Code   140  stm32f4xx_ll_usb.o(i.USB_EPSetStall)
    USB_EPStartXfer                          0x080092e1   Thumb Code   714  stm32f4xx_ll_usb.o(i.USB_EPStartXfer)
    USB_EnableGlobalInt                      0x080095b1   Thumb Code    14  stm32f4xx_ll_usb.o(i.USB_EnableGlobalInt)
    USB_FlushRxFifo                          0x080095c1   Thumb Code    38  stm32f4xx_ll_usb.o(i.USB_FlushRxFifo)
    USB_FlushTxFifo                          0x080095ed   Thumb Code    44  stm32f4xx_ll_usb.o(i.USB_FlushTxFifo)
    USB_GetDevSpeed                          0x0800961d   Thumb Code    68  stm32f4xx_ll_usb.o(i.USB_GetDevSpeed)
    USB_GetMode                              0x08009661   Thumb Code    10  stm32f4xx_ll_usb.o(i.USB_GetMode)
    USB_ReadDevAllInEpInterrupt              0x0800966b   Thumb Code    18  stm32f4xx_ll_usb.o(i.USB_ReadDevAllInEpInterrupt)
    USB_ReadDevAllOutEpInterrupt             0x0800967d   Thumb Code    18  stm32f4xx_ll_usb.o(i.USB_ReadDevAllOutEpInterrupt)
    USB_ReadDevInEPInterrupt                 0x0800968f   Thumb Code    44  stm32f4xx_ll_usb.o(i.USB_ReadDevInEPInterrupt)
    USB_ReadDevOutEPInterrupt                0x080096bb   Thumb Code    22  stm32f4xx_ll_usb.o(i.USB_ReadDevOutEPInterrupt)
    USB_ReadInterrupts                       0x080096d1   Thumb Code    12  stm32f4xx_ll_usb.o(i.USB_ReadInterrupts)
    USB_ReadPacket                           0x080096dd   Thumb Code    34  stm32f4xx_ll_usb.o(i.USB_ReadPacket)
    USB_SetCurrentMode                       0x080096ff   Thumb Code    48  stm32f4xx_ll_usb.o(i.USB_SetCurrentMode)
    USB_SetDevAddress                        0x0800972f   Thumb Code    36  stm32f4xx_ll_usb.o(i.USB_SetDevAddress)
    USB_SetDevSpeed                          0x08009753   Thumb Code    16  stm32f4xx_ll_usb.o(i.USB_SetDevSpeed)
    USB_WritePacket                          0x08009763   Thumb Code    48  stm32f4xx_ll_usb.o(i.USB_WritePacket)
    Update_Error_Deal                        0x08009795   Thumb Code   136  app_command.o(i.Update_Error_Deal)
    UsageFault_Handler                       0x080098ad   Thumb Code     4  stm32f4xx_it.o(i.UsageFault_Handler)
    W8_to_Big                                0x080098b1   Thumb Code   326  crypto.o(i.W8_to_Big)
    _Error_Handler                           0x080099f7   Thumb Code     4  main.o(i._Error_Handler)
    __delay_us                               0x080099fd   Thumb Code    66  hal_stm32_timer.o(i.__delay_us)
    __scatterload_copy                       0x08009a45   Thumb Code    14  handlers.o(i.__scatterload_copy)
    __scatterload_null                       0x08009a53   Thumb Code     2  handlers.o(i.__scatterload_null)
    __scatterload_zeroinit                   0x08009a55   Thumb Code    14  handlers.o(i.__scatterload_zeroinit)
    atCRC                                    0x08009a6b   Thumb Code    96  atca_command.o(i.atCRC)
    atCalcCrc                                0x08009acb   Thumb Code    26  atca_command.o(i.atCalcCrc)
    atGetExecTime                            0x08009ae5   Thumb Code    10  atca_command.o(i.atGetExecTime)
    atRead                                   0x08009af5   Thumb Code    44  atca_command.o(i.atRead)
    atWrite                                  0x08009b21   Thumb Code    60  atca_command.o(i.atWrite)
    atca_delay_ms                            0x08009b5d   Thumb Code    12  hal_stm32_timer.o(i.atca_delay_ms)
    atcab_get_addr                           0x08009b69   Thumb Code    92  atca_basic.o(i.atcab_get_addr)
    atcab_idle                               0x08009bc5   Thumb Code     8  atca_basic.o(i.atcab_idle)
    atcab_is_locked                          0x08009bcd   Thumb Code   100  atca_basic.o(i.atcab_is_locked)
    atcab_read_zone                          0x08009c31   Thumb Code   236  atca_basic.o(i.atcab_read_zone)
    atcab_wakeup                             0x08009d1d   Thumb Code     8  atca_basic.o(i.atcab_wakeup)
    atcab_write                              0x08009d25   Thumb Code   224  atca_basic.o(i.atcab_write)
    atcab_write_zone                         0x08009e05   Thumb Code    98  atca_basic.o(i.atcab_write_zone)
    atidle                                   0x08009e67   Thumb Code    28  atca_iface_stm32_i2c.o(i.atidle)
    atreceive                                0x08009e83   Thumb Code    22  atca_iface_stm32_i2c.o(i.atreceive)
    atsend                                   0x08009e99   Thumb Code    28  atca_iface_stm32_i2c.o(i.atsend)
    atwake                                   0x08009eb5   Thumb Code    58  atca_iface_stm32_i2c.o(i.atwake)
    bitBang_I2c_Init                         0x08009ef5   Thumb Code    46  bitbang_i2c.o(i.bitBang_I2c_Init)
    clearArea                                0x08009f31   Thumb Code    62  oled.o(i.clearArea)
    command_crc32                            0x08009f71   Thumb Code    50  app_command.o(i.command_crc32)
    command_verifycrc                        0x08009fad   Thumb Code    56  app_command.o(i.command_verifycrc)
    free                                     0x0800a039   Thumb Code    76  malloc.o(i.free)
    iap_load_app                             0x0800a089   Thumb Code    66  iap.o(i.iap_load_app)
    isATCAError                              0x0800a0d5   Thumb Code    88  atca_command.o(i.isATCAError)
    isAllPackGot                             0x0800a131   Thumb Code    56  app_command.o(i.isAllPackGot)
    main                                     0x0800a171   Thumb Code   618  main.o(i.main)
    malloc                                   0x0800a4a9   Thumb Code    92  malloc.o(i.malloc)
    AHBPrescTable                            0x0800a55a   Data          16  system_stm32f4xx.o(.constdata)
    APBPrescTable                            0x0800a56a   Data           8  system_stm32f4xx.o(.constdata)
    P_256_a                                  0x0800a572   Data          32  app_ecdsa.c.o(.constdata)
    P_256_b                                  0x0800a592   Data          32  app_ecdsa.c.o(.constdata)
    P_256_p                                  0x0800a5b2   Data          32  app_ecdsa.c.o(.constdata)
    P_256_n                                  0x0800a5d2   Data          32  app_ecdsa.c.o(.constdata)
    P_256_Gx                                 0x0800a5f2   Data          32  app_ecdsa.c.o(.constdata)
    P_256_Gy                                 0x0800a612   Data          32  app_ecdsa.c.o(.constdata)
    Sbox                                     0x0800a634   Data         256  crypto.o(.constdata)
    InvSbox                                  0x0800a734   Data         256  crypto.o(.constdata)
    rcon                                     0x0800a834   Data          40  crypto.o(.constdata)
    enc_table                                0x0800a85c   Data        1024  crypto.o(.constdata)
    dec_table                                0x0800ac5c   Data        1024  crypto.o(.constdata)
    SP1                                      0x0800b27c   Data         256  crypto.o(.constdata)
    SP2                                      0x0800b37c   Data         256  crypto.o(.constdata)
    SP3                                      0x0800b47c   Data         256  crypto.o(.constdata)
    SP4                                      0x0800b57c   Data         256  crypto.o(.constdata)
    SP5                                      0x0800b67c   Data         256  crypto.o(.constdata)
    SP6                                      0x0800b77c   Data         256  crypto.o(.constdata)
    SP7                                      0x0800b87c   Data         256  crypto.o(.constdata)
    SP8                                      0x0800b97c   Data         256  crypto.o(.constdata)
    K256                                     0x0800ba7c   Data         256  crypto.o(.constdata)
    Region$$Table$$Base                      0x0800bdcc   Number         0  anon$$obj.o(Region$$Table)
    Region$$Table$$Limit                     0x0800bdec   Number         0  anon$$obj.o(Region$$Table)
    SystemCoreClock                          0x20000000   Data           4  system_stm32f4xx.o(.data)
    Key_Flag                                 0x2000004e   Data           1  main_define.o(.data)
    BootFlag                                 0x2000004f   Data           1  main_define.o(.data)
    touch_motor_flag                         0x20000050   Data           1  main_define.o(.data)
    exectimes_204a                           0x20000058   Data          42  atca_command.o(.data)
    jump2app                                 0x2000009c   Data           4  iap.o(.data)
    ASC5X8                                   0x200000a0   Data           1  oled.o(.data)
    ASC6X12                                  0x200000a1   Data           1  oled.o(.data)
    ASC8X16                                  0x200000a2   Data        1536  oled.o(.data)
    ASC12X24                                 0x200006a2   Data           1  oled.o(.data)
    HZ12X12_S                                0x200006a3   Data         336  oled.o(.data)
    USBD_CUSTOM_HID                          0x200007f4   Data          60  usbd_customhid.o(.data)
    uwTick                                   0x20000874   Data           4  stm32f4xx_hal.o(.data)
    hUsbDevice_0                             0x2000089c   Data           4  usbd_custom_hid_if.o(.data)
    USBD_CustomHID_fops_FS                   0x200008a0   Data          16  usbd_custom_hid_if.o(.data)
    gImage_logo                              0x200008b0   Data        1152  main.o(.data)
    gImage_wait                              0x20000d30   Data         128  main.o(.data)
    hcrc                                     0x20000db0   Data           8  main.o(.data)
    FS_Desc                                  0x20000dc4   Data          28  usbd_desc.o(.data)
    USBD_FS_DeviceDesc                       0x20000de0   Data          18  usbd_desc.o(.data)
    USBD_LangIDDesc                          0x20000df4   Data           4  usbd_desc.o(.data)
    __microlib_freelist                      0x20000df8   Data           4  mvars.o(.data)
    __microlib_freelist_initialised          0x20000dfc   Data           4  mvars.o(.data)
    digest_malloc                            0x20000e00   Data         128  app_ecdsa.c.o(.bss)
    pub_x_malloc                             0x20000e80   Data          50  app_ecdsa.c.o(.bss)
    pub_y_malloc                             0x20000eb2   Data          50  app_ecdsa.c.o(.bss)
    sign_r_malloc                            0x20000ee4   Data          50  app_ecdsa.c.o(.bss)
    sign_s_malloc                            0x20000f16   Data          50  app_ecdsa.c.o(.bss)
    Bin_File                                 0x20000f48   Data         112  main_define.o(.bss)
    HID_RX_BUF                               0x20001000   Data       61440  main_define.o(.ARM.__AT_0x20001000)
    pFlash                                   0x200108d0   Data          32  stm32f4xx_hal_flash.o(.bss)
    hUsbDeviceFS                             0x200108f0   Data         548  usb_device.o(.bss)
    hpcd_USB_OTG_FS                          0x20010b14   Data        1008  usbd_conf.o(.bss)
    huart1                                   0x20010f04   Data          64  main.o(.bss)
    hrng                                     0x20010f44   Data          12  main.o(.bss)
    USBD_StrDesc                             0x20010f90   Data         512  usbd_desc.o(.bss)
    __heap_base                              0x20011190   Data           0  startup_stm32f407xx.o(HEAP)
    __heap_limit                             0x20013190   Data           0  startup_stm32f407xx.o(HEAP)
    __initial_sp                             0x20015190   Data           0  startup_stm32f407xx.o(STACK)



==============================================================================

Memory Map of the image

  Image Entry point : 0x08000189

  Load Region LR_IROM1 (Base: 0x08000000, Size: 0x0000cbec, Max: 0x00100000, ABSOLUTE, COMPRESSED[0x0000c4c8])

    Execution Region ER_IROM1 (Base: 0x08000000, Size: 0x0000bdec, Max: 0x00100000, ABSOLUTE)

    Base Addr    Size         Type   Attr      Idx    E Section Name        Object

    0x08000000   0x00000188   Data   RO         1991    RESET               startup_stm32f407xx.o
    0x08000188   0x00000000   Code   RO         6887  * .ARM.Collect$$$$00000000  mc_w.l(entry.o)
    0x08000188   0x00000004   Code   RO         7193    .ARM.Collect$$$$00000001  mc_w.l(entry2.o)
    0x0800018c   0x00000004   Code   RO         7196    .ARM.Collect$$$$00000004  mc_w.l(entry5.o)
    0x08000190   0x00000000   Code   RO         7198    .ARM.Collect$$$$00000008  mc_w.l(entry7b.o)
    0x08000190   0x00000000   Code   RO         7200    .ARM.Collect$$$$0000000A  mc_w.l(entry8b.o)
    0x08000190   0x00000008   Code   RO         7201    .ARM.Collect$$$$0000000B  mc_w.l(entry9a.o)
    0x08000198   0x00000000   Code   RO         7203    .ARM.Collect$$$$0000000D  mc_w.l(entry10a.o)
    0x08000198   0x00000000   Code   RO         7205    .ARM.Collect$$$$0000000F  mc_w.l(entry11a.o)
    0x08000198   0x00000004   Code   RO         7194    .ARM.Collect$$$$00002712  mc_w.l(entry2.o)
    0x0800019c   0x00000010   Code   RO         1970    .emb_text           sys.o
    0x080001ac   0x00000024   Code   RO         1992    .text               startup_stm32f407xx.o
    0x080001d0   0x00000040   Code   RO         6892    .text               mc_w.l(memmovea.o)
    0x08000210   0x00000024   Code   RO         6894    .text               mc_w.l(memseta.o)
    0x08000234   0x0000001a   Code   RO         6896    .text               mc_w.l(memcmp.o)
    0x0800024e   0x00000002   PAD
    0x08000250   0x00000024   Code   RO         7224    .text               mc_w.l(init.o)
    0x08000274   0x00000056   Code   RO         7242    .text               mc_w.l(__dczerorl2.o)
    0x080002ca   0x00000002   PAD
    0x080002cc   0x0000002c   Code   RO          723    i.ATSHA204_Init     hw_config.o
    0x080002f8   0x00000070   Code   RO          645    i.ATSHA_IRcvNBytes  bitbang_i2c.o
    0x08000368   0x00000044   Code   RO          646    i.ATSHA_ISendNBytes  bitbang_i2c.o
    0x080003ac   0x00000020   Code   RO          647    i.ATSHA_i2c_send_wake_token  bitbang_i2c.o
    0x080003cc   0x0000003e   Code   RO         1307    i.ATSHA_read_data_slot  atsha204a.o
    0x0800040a   0x0000004a   Code   RO         1312    i.ATSHA_write_data_slot  atsha204a.o
    0x08000454   0x0000009c   Code   RO         1403    i.AW9136_Init       aw9136.o
    0x080004f0   0x0000004c   Code   RO         1404    i.AW9136_LED_OFF    aw9136.o
    0x0800053c   0x0000004c   Code   RO         1405    i.AW9136_LED_ON     aw9136.o
    0x08000588   0x0000000e   Code   RO         1406    i.AW9136_clear_intr  aw9136.o
    0x08000596   0x00000002   PAD
    0x08000598   0x0000002c   Code   RO         1407    i.AW9136_eint_work  aw9136.o
    0x080005c4   0x00000018   Code   RO         1408    i.AW9136_pwroff     aw9136.o
    0x080005dc   0x00000028   Code   RO         1409    i.AW9136_pwron      aw9136.o
    0x08000604   0x00000368   Code   RO         1410    i.AW91xx_Auto_Cali  aw9136.o
    0x0800096c   0x00000114   Code   RO         1412    i.AW_NormalMode     aw9136.o
    0x08000a80   0x000000c8   Code   RO         1413    i.AW_NormalMode_Proc  aw9136.o
    0x08000b48   0x0000007c   Code   RO         1415    i.AW_SleepMode_Proc  aw9136.o
    0x08000bc4   0x0000003c   Code   RO         1416    i.AW_center_press   aw9136.o
    0x08000c00   0x00000002   Code   RO         1417    i.AW_center_release  aw9136.o
    0x08000c02   0x00000002   Code   RO         1418    i.AW_double         aw9136.o
    0x08000c04   0x00000002   Code   RO         1419    i.AW_left_press     aw9136.o
    0x08000c06   0x00000002   Code   RO         1420    i.AW_left_release   aw9136.o
    0x08000c08   0x00000002   Code   RO         1421    i.AW_left_slip      aw9136.o
    0x08000c0a   0x00000002   PAD
    0x08000c0c   0x0000003c   Code   RO         1422    i.AW_right_press    aw9136.o
    0x08000c48   0x00000002   Code   RO         1423    i.AW_right_release  aw9136.o
    0x08000c4a   0x00000002   Code   RO         1424    i.AW_right_slip     aw9136.o
    0x08000c4c   0x00000034   Code   RO          648    i.Ack_I2c           bitbang_i2c.o
    0x08000c80   0x0000013e   Code   RO         6015    i.AddBig            Sha256.lib(crypto.o)
    0x08000dbe   0x00000002   PAD
    0x08000dc0   0x000001c6   Code   RO         6016    i.Add_Moduli_Big    Sha256.lib(crypto.o)
    0x08000f86   0x00000002   PAD
    0x08000f88   0x00000090   Code   RO          531    i.Alg_ECDSASignVerify  app_ecdsa.c.o
    0x08001018   0x0000009c   Code   RO         1720    i.Asc8_16           oled.o
    0x080010b4   0x00000048   Code   RO         5682    i.BSP_Init          main.o
    0x080010fc   0x00000004   Code   RO         5371    i.BusFault_Handler  stm32f4xx_it.o
    0x08001100   0x00000004   Code   RO         5453    i.CUSTOM_HID_DeInit_FS  usbd_custom_hid_if.o
    0x08001104   0x00000014   Code   RO         5454    i.CUSTOM_HID_Init_FS  usbd_custom_hid_if.o
    0x08001118   0x0000001c   Code   RO         5455    i.CUSTOM_HID_OutEvent_FS  usbd_custom_hid_if.o
    0x08001134   0x00000064   Code   RO         1425    i.Center_button_init  aw9136.o
    0x08001198   0x00000020   Code   RO          228    i.CommpareArray     app_command.o
    0x080011b8   0x000000a6   Code   RO         6019    i.CompareBig        Sha256.lib(crypto.o)
    0x0800125e   0x000000ae   Code   RO         1721    i.Con_4_byte        oled.o
    0x0800130c   0x0000009e   Code   RO         6020    i.CopyBig           Sha256.lib(crypto.o)
    0x080013aa   0x00000030   Code   RO         6021    i.CountBits         Sha256.lib(crypto.o)
    0x080013da   0x00000008   Code   RO         6023    i.Crypto_DeInit     Sha256.lib(crypto.o)
    0x080013e2   0x00000002   PAD
    0x080013e4   0x00000024   Code   RO          612    i.DATA_Init         main_define.o
    0x08001408   0x00000034   Code   RO          229    i.Deal_USB_ERROR    app_command.o
    0x0800143c   0x00000002   Code   RO         5372    i.DebugMon_Handler  stm32f4xx_it.o
    0x0800143e   0x00000162   Code   RO          532    i.ECCSignVerify     app_ecdsa.c.o
    0x080015a0   0x00000066   Code   RO         6039    i.ECCcopyPoint      Sha256.lib(crypto.o)
    0x08001606   0x0000007c   Code   RO         6040    i.ECCfreeEC         Sha256.lib(crypto.o)
    0x08001682   0x00000042   Code   RO         6041    i.ECCfreePoint      Sha256.lib(crypto.o)
    0x080016c4   0x000001b8   Code   RO         6046    i.ECCinitEC         Sha256.lib(crypto.o)
    0x0800187c   0x000000d0   Code   RO         6047    i.ECCinitPoint      Sha256.lib(crypto.o)
    0x0800194c   0x0000004a   Code   RO         6053    i.ECCsetPointCoordinate  Sha256.lib(crypto.o)
    0x08001996   0x00000002   PAD
    0x08001998   0x00000080   Code   RO         6055    i.ECCsetPointGenerator  Sha256.lib(crypto.o)
    0x08001a18   0x00000260   Code   RO         6058    i.ECCvalidatePubKey  Sha256.lib(crypto.o)
    0x08001c78   0x00000038   Code   RO         6059    i.ECDSAfreeSign     Sha256.lib(crypto.o)
    0x08001cb0   0x0000007c   Code   RO         6061    i.ECDSAinitSign     Sha256.lib(crypto.o)
    0x08001d2c   0x00000030   Code   RO         6062    i.ECDSAsetSignature  Sha256.lib(crypto.o)
    0x08001d5c   0x0000032a   Code   RO         6064    i.ECDSAverify       Sha256.lib(crypto.o)
    0x08002086   0x00000002   PAD
    0x08002088   0x00000064   Code   RO          534    i.EC_paraTestInit   app_ecdsa.c.o
    0x080020ec   0x0000000a   Code   RO         1426    i.EXTI0_IRQHandler  aw9136.o
    0x080020f6   0x0000000a   Code   RO         1427    i.EXTI2_IRQHandler  aw9136.o
    0x08002100   0x00000060   Code   RO          148    i.EmptyWallet       app_interface.o
    0x08002160   0x00000068   Code   RO         3589    i.FLASH_Erase_Sector  stm32f4xx_hal_flash_ex.o
    0x080021c8   0x00000078   Code   RO         3590    i.FLASH_FlushCaches  stm32f4xx_hal_flash_ex.o
    0x08002240   0x00000030   Code   RO         3591    i.FLASH_MassErase   stm32f4xx_hal_flash_ex.o
    0x08002270   0x00000024   Code   RO         3694    i.FLASH_Program_Byte  stm32f4xx_hal_flash.o
    0x08002294   0x0000002c   Code   RO         3695    i.FLASH_Program_DoubleWord  stm32f4xx_hal_flash.o
    0x080022c0   0x00000028   Code   RO         3696    i.FLASH_Program_HalfWord  stm32f4xx_hal_flash.o
    0x080022e8   0x00000028   Code   RO         3697    i.FLASH_Program_Word  stm32f4xx_hal_flash.o
    0x08002310   0x00000098   Code   RO         3698    i.FLASH_SetErrorCode  stm32f4xx_hal_flash.o
    0x080023a8   0x00000064   Code   RO         3699    i.FLASH_WaitForLastOperation  stm32f4xx_hal_flash.o
    0x0800240c   0x00000062   Code   RO         6066    i.FastDiv2          Sha256.lib(crypto.o)
    0x0800246e   0x0000006a   Code   RO         1723    i.Fill_Block        oled.o
    0x080024d8   0x00000042   Code   RO         1724    i.Fill_RAM          oled.o
    0x0800251a   0x0000000c   Code   RO          230    i.Get_Serial_ID     app_command.o
    0x08002526   0x00000024   Code   RO         5281    i.HAL_CRC_Init      stm32f4xx_hal_crc.o
    0x0800254a   0x00000002   PAD
    0x0800254c   0x00000034   Code   RO         5837    i.HAL_CRC_MspInit   stm32f4xx_hal_msp.o
    0x08002580   0x00000044   Code   RO         3336    i.HAL_DeInit        stm32f4xx_hal.o
    0x080025c4   0x0000001e   Code   RO         3337    i.HAL_Delay         stm32f4xx_hal.o
    0x080025e2   0x00000002   PAD
    0x080025e4   0x000000ac   Code   RO         3601    i.HAL_FLASHEx_Erase  stm32f4xx_hal_flash_ex.o
    0x08002690   0x00000014   Code   RO         3703    i.HAL_FLASH_Lock    stm32f4xx_hal_flash.o
    0x080026a4   0x00000098   Code   RO         3708    i.HAL_FLASH_Program  stm32f4xx_hal_flash.o
    0x0800273c   0x0000002c   Code   RO         3710    i.HAL_FLASH_Unlock  stm32f4xx_hal_flash.o
    0x08002768   0x0000001e   Code   RO         1428    i.HAL_GPIO_EXTI_Callback  aw9136.o
    0x08002786   0x00000002   PAD
    0x08002788   0x0000001c   Code   RO         2758    i.HAL_GPIO_EXTI_IRQHandler  stm32f4xx_hal_gpio.o
    0x080027a4   0x00000200   Code   RO         2759    i.HAL_GPIO_Init     stm32f4xx_hal_gpio.o
    0x080029a4   0x0000000c   Code   RO         2763    i.HAL_GPIO_WritePin  stm32f4xx_hal_gpio.o
    0x080029b0   0x0000000c   Code   RO         3343    i.HAL_GetTick       stm32f4xx_hal.o
    0x080029bc   0x00000010   Code   RO         3345    i.HAL_IncTick       stm32f4xx_hal.o
    0x080029cc   0x0000003c   Code   RO         3346    i.HAL_Init          stm32f4xx_hal.o
    0x08002a08   0x00000028   Code   RO         3347    i.HAL_InitTick      stm32f4xx_hal.o
    0x08002a30   0x00000002   Code   RO         3348    i.HAL_MspDeInit     stm32f4xx_hal.o
    0x08002a32   0x00000056   Code   RO         5838    i.HAL_MspInit       stm32f4xx_hal_msp.o
    0x08002a88   0x0000001c   Code   RO         3834    i.HAL_NVIC_DisableIRQ  stm32f4xx_hal_cortex.o
    0x08002aa4   0x0000001a   Code   RO         3835    i.HAL_NVIC_EnableIRQ  stm32f4xx_hal_cortex.o
    0x08002abe   0x0000007c   Code   RO         3841    i.HAL_NVIC_SetPriority  stm32f4xx_hal_cortex.o
    0x08002b3a   0x00000002   PAD
    0x08002b3c   0x00000028   Code   RO         3842    i.HAL_NVIC_SetPriorityGrouping  stm32f4xx_hal_cortex.o
    0x08002b64   0x0000000a   Code   RO         2863    i.HAL_PCDEx_SetRxFiFo  stm32f4xx_hal_pcd_ex.o
    0x08002b6e   0x00000052   Code   RO         2864    i.HAL_PCDEx_SetTxFiFo  stm32f4xx_hal_pcd_ex.o
    0x08002bc0   0x0000000e   Code   RO         5493    i.HAL_PCD_ConnectCallback  usbd_conf.o
    0x08002bce   0x00000020   Code   RO         5494    i.HAL_PCD_DataInStageCallback  usbd_conf.o
    0x08002bee   0x00000020   Code   RO         5495    i.HAL_PCD_DataOutStageCallback  usbd_conf.o
    0x08002c0e   0x0000000e   Code   RO         5496    i.HAL_PCD_DisconnectCallback  usbd_conf.o
    0x08002c1c   0x0000006a   Code   RO         2902    i.HAL_PCD_EP_Close  stm32f4xx_hal_pcd.o
    0x08002c86   0x00000068   Code   RO         2903    i.HAL_PCD_EP_ClrStall  stm32f4xx_hal_pcd.o
    0x08002cee   0x0000008c   Code   RO         2906    i.HAL_PCD_EP_Open   stm32f4xx_hal_pcd.o
    0x08002d7a   0x00000058   Code   RO         2907    i.HAL_PCD_EP_Receive  stm32f4xx_hal_pcd.o
    0x08002dd2   0x0000007a   Code   RO         2908    i.HAL_PCD_EP_SetStall  stm32f4xx_hal_pcd.o
    0x08002e4c   0x0000005a   Code   RO         2909    i.HAL_PCD_EP_Transmit  stm32f4xx_hal_pcd.o
    0x08002ea6   0x00000002   PAD
    0x08002ea8   0x00000694   Code   RO         2911    i.HAL_PCD_IRQHandler  stm32f4xx_hal_pcd.o
    0x0800353c   0x00000012   Code   RO         5497    i.HAL_PCD_ISOINIncompleteCallback  usbd_conf.o
    0x0800354e   0x00000012   Code   RO         5498    i.HAL_PCD_ISOOUTIncompleteCallback  usbd_conf.o
    0x08003560   0x00000142   Code   RO         2914    i.HAL_PCD_Init      stm32f4xx_hal_pcd.o
    0x080036a2   0x00000002   PAD
    0x080036a4   0x0000007c   Code   RO         5500    i.HAL_PCD_MspInit   usbd_conf.o
    0x08003720   0x00000032   Code   RO         5501    i.HAL_PCD_ResetCallback  usbd_conf.o
    0x08003752   0x0000000e   Code   RO         5502    i.HAL_PCD_ResumeCallback  usbd_conf.o
    0x08003760   0x0000000e   Code   RO         5503    i.HAL_PCD_SOFCallback  usbd_conf.o
    0x0800376e   0x00000032   Code   RO         2920    i.HAL_PCD_SetAddress  stm32f4xx_hal_pcd.o
    0x080037a0   0x00000012   Code   RO         5504    i.HAL_PCD_SetupStageCallback  usbd_conf.o
    0x080037b2   0x00000034   Code   RO         2922    i.HAL_PCD_Start     stm32f4xx_hal_pcd.o
    0x080037e6   0x00000002   PAD
    0x080037e8   0x00000034   Code   RO         5505    i.HAL_PCD_SuspendCallback  usbd_conf.o
    0x0800381c   0x000001d0   Code   RO         3109    i.HAL_RCC_ClockConfig  stm32f4xx_hal_rcc.o
    0x080039ec   0x0000000c   Code   RO         3114    i.HAL_RCC_GetHCLKFreq  stm32f4xx_hal_rcc.o
    0x080039f8   0x0000002c   Code   RO         3116    i.HAL_RCC_GetPCLK1Freq  stm32f4xx_hal_rcc.o
    0x08003a24   0x0000002c   Code   RO         3117    i.HAL_RCC_GetPCLK2Freq  stm32f4xx_hal_rcc.o
    0x08003a50   0x000000b4   Code   RO         3118    i.HAL_RCC_GetSysClockFreq  stm32f4xx_hal_rcc.o
    0x08003b04   0x0000044c   Code   RO         3121    i.HAL_RCC_OscConfig  stm32f4xx_hal_rcc.o
    0x08003f50   0x0000004a   Code   RO         5189    i.HAL_RNG_Init      stm32f4xx_hal_rng.o
    0x08003f9a   0x00000002   PAD
    0x08003f9c   0x00000034   Code   RO         5840    i.HAL_RNG_MspInit   stm32f4xx_hal_msp.o
    0x08003fd0   0x00000028   Code   RO         3844    i.HAL_SYSTICK_CLKSourceConfig  stm32f4xx_hal_cortex.o
    0x08003ff8   0x00000002   Code   RO         3845    i.HAL_SYSTICK_Callback  stm32f4xx_hal_cortex.o
    0x08003ffa   0x00000034   Code   RO         3846    i.HAL_SYSTICK_Config  stm32f4xx_hal_cortex.o
    0x0800402e   0x00000008   Code   RO         3847    i.HAL_SYSTICK_IRQHandler  stm32f4xx_hal_cortex.o
    0x08004036   0x00000072   Code   RO         3995    i.HAL_UART_Init     stm32f4xx_hal_uart.o
    0x080040a8   0x000000ac   Code   RO         5842    i.HAL_UART_MspInit  stm32f4xx_hal_msp.o
    0x08004154   0x00000054   Code   RO          535    i.HASH_DigestCompute  app_ecdsa.c.o
    0x080041a8   0x00000058   Code   RO         1726    i.HZ12_12           oled.o
    0x08004200   0x00000004   Code   RO         5373    i.HardFault_Handler  stm32f4xx_it.o
    0x08004204   0x00000018   Code   RO          149    i.Have_App          app_interface.o
    0x0800421c   0x00000310   Code   RO          231    i.Hid_Data_Analysis  app_command.o
    0x0800452c   0x00000050   Code   RO          232    i.Hid_Need_Updata_Rp  app_command.o
    0x0800457c   0x000000d0   Code   RO          233    i.Hid_Recv_0101_Rp  app_command.o
    0x0800464c   0x00000090   Code   RO          234    i.Hid_Recv_01a3_Rp  app_command.o
    0x080046dc   0x00000058   Code   RO          235    i.Hid_Recv_0301_Rp  app_command.o
    0x08004734   0x0000004c   Code   RO          236    i.Hid_Recv_0304_Rp  app_command.o
    0x08004780   0x0000003c   Code   RO         1429    i.Home_Key_press    aw9136.o
    0x080047bc   0x00000048   Code   RO         1430    i.I2C_read_reg      aw9136.o
    0x08004804   0x0000004c   Code   RO         1431    i.I2C_write_reg     aw9136.o
    0x08004850   0x00000050   Code   RO         1646    i.IIC2_Ack          myiic.o
    0x080048a0   0x0000005c   Code   RO         1647    i.IIC2_Init         myiic.o
    0x080048fc   0x00000050   Code   RO         1648    i.IIC2_NAck         myiic.o
    0x0800494c   0x0000006c   Code   RO         1649    i.IIC2_Read_Byte    myiic.o
    0x080049b8   0x00000068   Code   RO         1650    i.IIC2_Send_Byte    myiic.o
    0x08004a20   0x0000004c   Code   RO         1651    i.IIC2_Start        myiic.o
    0x08004a6c   0x0000004c   Code   RO         1652    i.IIC2_Stop         myiic.o
    0x08004ab8   0x00000060   Code   RO         1653    i.IIC2_Wait_Ack     myiic.o
    0x08004b18   0x00000068   Code   RO         6085    i.InitBig           Sha256.lib(crypto.o)
    0x08004b80   0x00000038   Code   RO         1432    i.Key_Control       aw9136.o
    0x08004bb8   0x00000090   Code   RO         6087    i.LeftShift         Sha256.lib(crypto.o)
    0x08004c48   0x00000018   Code   RO         5683    i.MX_CRC_Init       main.o
    0x08004c60   0x00000154   Code   RO         5684    i.MX_GPIO_Init      main.o
    0x08004db4   0x00000018   Code   RO         5685    i.MX_RNG_Init       main.o
    0x08004dcc   0x0000004c   Code   RO         5686    i.MX_USART1_UART_Init  main.o
    0x08004e18   0x00000034   Code   RO         5337    i.MX_USB_DEVICE_Init  usb_device.o
    0x08004e4c   0x00000004   Code   RO         5374    i.MemManage_Handler  stm32f4xx_it.o
    0x08004e50   0x00000044   Code   RO         6091    i.ModularAddBig     Sha256.lib(crypto.o)
    0x08004e94   0x0000008a   Code   RO         6093    i.ModularFastMul2   Sha256.lib(crypto.o)
    0x08004f1e   0x0000021c   Code   RO         6094    i.ModularInvBig     Sha256.lib(crypto.o)
    0x0800513a   0x00000058   Code   RO         6096    i.MontyExit         Sha256.lib(crypto.o)
    0x08005192   0x00000002   PAD
    0x08005194   0x0000036a   Code   RO         6097    i.MontyInit         Sha256.lib(crypto.o)
    0x080054fe   0x0000037e   Code   RO         6098    i.MontyJacProjAddPoints  Sha256.lib(crypto.o)
    0x0800587c   0x0000030a   Code   RO         6099    i.MontyJacProjDoublePoint  Sha256.lib(crypto.o)
    0x08005b86   0x00000030   Code   RO         6100    i.MontyKillAll      Sha256.lib(crypto.o)
    0x08005bb6   0x00000002   PAD
    0x08005bb8   0x0000020c   Code   RO         6102    i.MontyMul          Sha256.lib(crypto.o)
    0x08005dc4   0x00000024   Code   RO         1433    i.Motor_touch       aw9136.o
    0x08005de8   0x00000344   Code   RO         6104    i.NAF_Binary_PointMul  Sha256.lib(crypto.o)
    0x0800612c   0x000001b0   Code   RO          150    i.NEO_Test          app_interface.o
    0x080062dc   0x00000002   Code   RO         5375    i.NMI_Handler       stm32f4xx_it.o
    0x080062de   0x00000002   PAD
    0x080062e0   0x00000010   Code   RO         3848    i.NVIC_GetPriorityGrouping  stm32f4xx_hal_cortex.o
    0x080062f0   0x00000028   Code   RO         3849    i.NVIC_SetPriority  stm32f4xx_hal_cortex.o
    0x08006318   0x00000170   Code   RO         6105    i.Normalize         Sha256.lib(crypto.o)
    0x08006488   0x000001f8   Code   RO         1727    i.OLED_Init         oled.o
    0x08006680   0x00000088   Code   RO         1728    i.OLED_WR_Byte      oled.o
    0x08006708   0x00000010   Code   RO         5376    i.OTG_FS_IRQHandler  stm32f4xx_it.o
    0x08006718   0x000000a2   Code   RO         2925    i.PCD_WriteEmptyTxFifo  stm32f4xx_hal_pcd.o
    0x080067ba   0x00000002   Code   RO         5377    i.PendSV_Handler    stm32f4xx_it.o
    0x080067bc   0x00000020   Code   RO         6389    i.RCC_AHB1PeriphClockCmd  Sha256.lib(stm32f4xx_rcc.o)
    0x080067dc   0x00000068   Code   RO          649    i.RcvByte           bitbang_i2c.o
    0x08006844   0x0000009a   Code   RO          151    i.ReadAT204Flag     app_interface.o
    0x080068de   0x000000b0   Code   RO         6115    i.RightShift        Sha256.lib(crypto.o)
    0x0800698e   0x00000002   PAD
    0x08006990   0x00000186   Code   RO         6128    i.SHA256Final       Sha256.lib(crypto.o)
    0x08006b16   0x00000002   PAD
    0x08006b18   0x00000258   Code   RO         6130    i.SHA256Transform   Sha256.lib(crypto.o)
    0x08006d70   0x0000009a   Code   RO         6131    i.SHA256Update      Sha256.lib(crypto.o)
    0x08006e0a   0x0000002a   Code   RO         6132    i.SHA256_Append     Sha256.lib(crypto.o)
    0x08006e34   0x0000003e   Code   RO          238    i.SHA256_Data       app_command.o
    0x08006e72   0x00000090   Code   RO         6133    i.SHA256_Finish     Sha256.lib(crypto.o)
    0x08006f02   0x00000002   PAD
    0x08006f04   0x0000005c   Code   RO         6134    i.SHA256_Init       Sha256.lib(crypto.o)
    0x08006f60   0x00000036   Code   RO         1904    i.STMFLASH_Erase_Sectors  stmflash.o
    0x08006f96   0x00000006   Code   RO         1907    i.STMFLASH_ReadWord  stmflash.o
    0x08006f9c   0x0000001c   Code   RO         1909    i.STMFLASH_WriteHalfWord  stmflash.o
    0x08006fb8   0x00000054   Code   RO         1911    i.STMFLASH_Write_ByteArray  stmflash.o
    0x0800700c   0x00000002   Code   RO         5378    i.SVC_Handler       stm32f4xx_it.o
    0x0800700e   0x00000002   PAD
    0x08007010   0x0000009c   Code   RO          650    i.SendByte          bitbang_i2c.o
    0x080070ac   0x00000046   Code   RO         6135    i.SetZeroBig        Sha256.lib(crypto.o)
    0x080070f2   0x00000020   Code   RO         1729    i.Set_Column_Address  oled.o
    0x08007112   0x00000020   Code   RO         1737    i.Set_Row_Address   oled.o
    0x08007132   0x0000000c   Code   RO         1739    i.Set_Write_RAM     oled.o
    0x0800713e   0x0000003c   Code   RO         1740    i.Show_HZ12_12      oled.o
    0x0800717a   0x00000074   Code   RO         1741    i.Show_Pattern      oled.o
    0x080071ee   0x00000042   Code   RO         6137    i.StAllocBig        Sha256.lib(crypto.o)
    0x08007230   0x00000024   Code   RO         6138    i.StFreeBig         Sha256.lib(crypto.o)
    0x08007254   0x00000040   Code   RO          651    i.Start_I2c         bitbang_i2c.o
    0x08007294   0x00000034   Code   RO          652    i.Stop_I2c          bitbang_i2c.o
    0x080072c8   0x000000ea   Code   RO         6139    i.SubBig            Sha256.lib(crypto.o)
    0x080073b2   0x000001b4   Code   RO         6140    i.Sub_Moduli_Big    Sha256.lib(crypto.o)
    0x08007566   0x0000000c   Code   RO         5379    i.SysTick_Handler   stm32f4xx_it.o
    0x08007572   0x00000002   PAD
    0x08007574   0x000000e0   Code   RO         5687    i.SystemClock_Config  main.o
    0x08007654   0x00000064   Code   RO            5    i.SystemInit        system_stm32f4xx.o
    0x080076b8   0x00000368   Code   RO         4022    i.UART_SetConfig    stm32f4xx_hal_uart.o
    0x08007a20   0x0000000e   Code   RO         1999    i.USBD_CUSTOM_HID_DataIn  usbd_customhid.o
    0x08007a2e   0x00000026   Code   RO         2000    i.USBD_CUSTOM_HID_DataOut  usbd_customhid.o
    0x08007a54   0x00000036   Code   RO         2001    i.USBD_CUSTOM_HID_DeInit  usbd_customhid.o
    0x08007a8a   0x00000022   Code   RO         2002    i.USBD_CUSTOM_HID_EP0_RxReady  usbd_customhid.o
    0x08007aac   0x00000010   Code   RO         2003    i.USBD_CUSTOM_HID_GetCfgDesc  usbd_customhid.o
    0x08007abc   0x00000010   Code   RO         2004    i.USBD_CUSTOM_HID_GetDeviceQualifierDesc  usbd_customhid.o
    0x08007acc   0x0000005a   Code   RO         2005    i.USBD_CUSTOM_HID_Init  usbd_customhid.o
    0x08007b26   0x0000000e   Code   RO         2006    i.USBD_CUSTOM_HID_RegisterInterface  usbd_customhid.o
    0x08007b34   0x00000034   Code   RO         2007    i.USBD_CUSTOM_HID_SendReport  usbd_customhid.o
    0x08007b68   0x000000fc   Code   RO         2008    i.USBD_CUSTOM_HID_Setup  usbd_customhid.o
    0x08007c64   0x00000016   Code   RO         2139    i.USBD_ClrClassConfig  usbd_core.o
    0x08007c7a   0x00000044   Code   RO         2277    i.USBD_ClrFeature   usbd_ctlreq.o
    0x08007cbe   0x00000018   Code   RO         2079    i.USBD_CtlContinueRx  usbd_ioreq.o
    0x08007cd6   0x00000018   Code   RO         2080    i.USBD_CtlContinueSendData  usbd_ioreq.o
    0x08007cee   0x00000018   Code   RO         2278    i.USBD_CtlError     usbd_ctlreq.o
    0x08007d06   0x00000028   Code   RO         2081    i.USBD_CtlPrepareRx  usbd_ioreq.o
    0x08007d2e   0x0000001a   Code   RO         2082    i.USBD_CtlReceiveStatus  usbd_ioreq.o
    0x08007d48   0x00000022   Code   RO         2083    i.USBD_CtlSendData  usbd_ioreq.o
    0x08007d6a   0x0000001a   Code   RO         2084    i.USBD_CtlSendStatus  usbd_ioreq.o
    0x08007d84   0x0000003c   Code   RO         5769    i.USBD_FS_ConfigStrDescriptor  usbd_desc.o
    0x08007dc0   0x00000010   Code   RO         5770    i.USBD_FS_DeviceDescriptor  usbd_desc.o
    0x08007dd0   0x00000040   Code   RO         5771    i.USBD_FS_InterfaceStrDescriptor  usbd_desc.o
    0x08007e10   0x00000010   Code   RO         5772    i.USBD_FS_LangIDStrDescriptor  usbd_desc.o
    0x08007e20   0x0000002c   Code   RO         5773    i.USBD_FS_ManufacturerStrDescriptor  usbd_desc.o
    0x08007e4c   0x00000040   Code   RO         5774    i.USBD_FS_ProductStrDescriptor  usbd_desc.o
    0x08007e8c   0x00000038   Code   RO         5775    i.USBD_FS_SerialStrDescriptor  usbd_desc.o
    0x08007ec4   0x00000050   Code   RO         2279    i.USBD_GetConfig    usbd_ctlreq.o
    0x08007f14   0x00000150   Code   RO         2280    i.USBD_GetDescriptor  usbd_ctlreq.o
    0x08008064   0x00000014   Code   RO         2281    i.USBD_GetLen       usbd_ctlreq.o
    0x08008078   0x00000044   Code   RO         2282    i.USBD_GetStatus    usbd_ctlreq.o
    0x080080bc   0x00000052   Code   RO         2283    i.USBD_GetString    usbd_ctlreq.o
    0x0800810e   0x00000032   Code   RO         2141    i.USBD_Init         usbd_core.o
    0x08008140   0x00000044   Code   RO         5506    i.USBD_LL_ClearStallEP  usbd_conf.o
    0x08008184   0x00000044   Code   RO         5507    i.USBD_LL_CloseEP   usbd_conf.o
    0x080081c8   0x000000da   Code   RO         2142    i.USBD_LL_DataInStage  usbd_core.o
    0x080082a2   0x00000086   Code   RO         2143    i.USBD_LL_DataOutStage  usbd_core.o
    0x08008328   0x00000006   Code   RO         2144    i.USBD_LL_DevConnected  usbd_core.o
    0x0800832e   0x0000001a   Code   RO         2145    i.USBD_LL_DevDisconnected  usbd_core.o
    0x08008348   0x00000088   Code   RO         5512    i.USBD_LL_Init      usbd_conf.o
    0x080083d0   0x00000038   Code   RO         5513    i.USBD_LL_IsStallEP  usbd_conf.o
    0x08008408   0x00000006   Code   RO         2146    i.USBD_LL_IsoINIncomplete  usbd_core.o
    0x0800840e   0x00000006   Code   RO         2147    i.USBD_LL_IsoOUTIncomplete  usbd_core.o
    0x08008414   0x00000062   Code   RO         5514    i.USBD_LL_OpenEP    usbd_conf.o
    0x08008476   0x00000062   Code   RO         5515    i.USBD_LL_PrepareReceive  usbd_conf.o
    0x080084d8   0x00000044   Code   RO         2148    i.USBD_LL_Reset     usbd_core.o
    0x0800851c   0x0000000e   Code   RO         2149    i.USBD_LL_Resume    usbd_core.o
    0x0800852a   0x00000022   Code   RO         2150    i.USBD_LL_SOF       usbd_core.o
    0x0800854c   0x00000008   Code   RO         2151    i.USBD_LL_SetSpeed  usbd_core.o
    0x08008554   0x00000044   Code   RO         5516    i.USBD_LL_SetUSBAddress  usbd_conf.o
    0x08008598   0x0000006e   Code   RO         2152    i.USBD_LL_SetupStage  usbd_core.o
    0x08008606   0x00000044   Code   RO         5517    i.USBD_LL_StallEP   usbd_conf.o
    0x0800864a   0x0000003c   Code   RO         5518    i.USBD_LL_Start     usbd_conf.o
    0x08008686   0x00000014   Code   RO         2153    i.USBD_LL_Suspend   usbd_core.o
    0x0800869a   0x00000062   Code   RO         5520    i.USBD_LL_Transmit  usbd_conf.o
    0x080086fc   0x00000028   Code   RO         2284    i.USBD_ParseSetupRequest  usbd_ctlreq.o
    0x08008724   0x00000010   Code   RO         2154    i.USBD_RegisterClass  usbd_core.o
    0x08008734   0x00000006   Code   RO         2155    i.USBD_RunTestMode  usbd_core.o
    0x0800873a   0x00000054   Code   RO         2285    i.USBD_SetAddress   usbd_ctlreq.o
    0x0800878e   0x00000022   Code   RO         2156    i.USBD_SetClassConfig  usbd_core.o
    0x080087b0   0x000000e0   Code   RO         2286    i.USBD_SetConfig    usbd_ctlreq.o
    0x08008890   0x00000024   Code   RO         2287    i.USBD_SetFeature   usbd_ctlreq.o
    0x080088b4   0x0000000e   Code   RO         2157    i.USBD_Start        usbd_core.o
    0x080088c2   0x00000072   Code   RO         2288    i.USBD_StdDevReq    usbd_ctlreq.o
    0x08008934   0x00000156   Code   RO         2289    i.USBD_StdEPReq     usbd_ctlreq.o
    0x08008a8a   0x0000004a   Code   RO         2290    i.USBD_StdItfReq    usbd_ctlreq.o
    0x08008ad4   0x00000024   Code   RO          240    i.USBHIDSend        app_command.o
    0x08008af8   0x000000c4   Code   RO         2373    i.USB_ActivateEndpoint  stm32f4xx_ll_usb.o
    0x08008bbc   0x00000044   Code   RO         2374    i.USB_ActivateSetup  stm32f4xx_ll_usb.o
    0x08008c00   0x00000070   Code   RO         2376    i.USB_CoreInit      stm32f4xx_ll_usb.o
    0x08008c70   0x0000004c   Code   RO         2377    i.USB_CoreReset     stm32f4xx_ll_usb.o
    0x08008cbc   0x00000028   Code   RO         5688    i.USB_DataReceiveHander  main.o
    0x08008ce4   0x0000010c   Code   RO         2379    i.USB_DeactivateEndpoint  stm32f4xx_ll_usb.o
    0x08008df0   0x0000001e   Code   RO         2380    i.USB_DevConnect    stm32f4xx_ll_usb.o
    0x08008e0e   0x0000001e   Code   RO         2381    i.USB_DevDisconnect  stm32f4xx_ll_usb.o
    0x08008e2c   0x000001a0   Code   RO         2382    i.USB_DevInit       stm32f4xx_ll_usb.o
    0x08008fcc   0x0000000e   Code   RO         2383    i.USB_DisableGlobalInt  stm32f4xx_ll_usb.o
    0x08008fda   0x00000002   PAD
    0x08008fdc   0x000001ac   Code   RO         2386    i.USB_EP0StartXfer  stm32f4xx_ll_usb.o
    0x08009188   0x00000044   Code   RO         2387    i.USB_EP0_OutStart  stm32f4xx_ll_usb.o
    0x080091cc   0x00000088   Code   RO         2388    i.USB_EPClearStall  stm32f4xx_ll_usb.o
    0x08009254   0x0000008c   Code   RO         2389    i.USB_EPSetStall    stm32f4xx_ll_usb.o
    0x080092e0   0x000002d0   Code   RO         2390    i.USB_EPStartXfer   stm32f4xx_ll_usb.o
    0x080095b0   0x0000000e   Code   RO         2391    i.USB_EnableGlobalInt  stm32f4xx_ll_usb.o
    0x080095be   0x00000002   PAD
    0x080095c0   0x0000002c   Code   RO         2392    i.USB_FlushRxFifo   stm32f4xx_ll_usb.o
    0x080095ec   0x00000030   Code   RO         2393    i.USB_FlushTxFifo   stm32f4xx_ll_usb.o
    0x0800961c   0x00000044   Code   RO         2395    i.USB_GetDevSpeed   stm32f4xx_ll_usb.o
    0x08009660   0x0000000a   Code   RO         2397    i.USB_GetMode       stm32f4xx_ll_usb.o
    0x0800966a   0x00000012   Code   RO         2404    i.USB_ReadDevAllInEpInterrupt  stm32f4xx_ll_usb.o
    0x0800967c   0x00000012   Code   RO         2405    i.USB_ReadDevAllOutEpInterrupt  stm32f4xx_ll_usb.o
    0x0800968e   0x0000002c   Code   RO         2406    i.USB_ReadDevInEPInterrupt  stm32f4xx_ll_usb.o
    0x080096ba   0x00000016   Code   RO         2407    i.USB_ReadDevOutEPInterrupt  stm32f4xx_ll_usb.o
    0x080096d0   0x0000000c   Code   RO         2408    i.USB_ReadInterrupts  stm32f4xx_ll_usb.o
    0x080096dc   0x00000022   Code   RO         2409    i.USB_ReadPacket    stm32f4xx_ll_usb.o
    0x080096fe   0x00000030   Code   RO         2411    i.USB_SetCurrentMode  stm32f4xx_ll_usb.o
    0x0800972e   0x00000024   Code   RO         2412    i.USB_SetDevAddress  stm32f4xx_ll_usb.o
    0x08009752   0x00000010   Code   RO         2413    i.USB_SetDevSpeed   stm32f4xx_ll_usb.o
    0x08009762   0x00000030   Code   RO         2416    i.USB_WritePacket   stm32f4xx_ll_usb.o
    0x08009792   0x00000002   PAD
    0x08009794   0x00000118   Code   RO          241    i.Update_Error_Deal  app_command.o
    0x080098ac   0x00000004   Code   RO         5380    i.UsageFault_Handler  stm32f4xx_it.o
    0x080098b0   0x00000146   Code   RO         6155    i.W8_to_Big         Sha256.lib(crypto.o)
    0x080099f6   0x00000004   Code   RO         5689    i._Error_Handler    main.o
    0x080099fa   0x00000002   PAD
    0x080099fc   0x00000048   Code   RO         1266    i.__delay_us        hal_stm32_timer.o
    0x08009a44   0x0000000e   Code   RO         7236    i.__scatterload_copy  mc_w.l(handlers.o)
    0x08009a52   0x00000002   Code   RO         7237    i.__scatterload_null  mc_w.l(handlers.o)
    0x08009a54   0x0000000e   Code   RO         7238    i.__scatterload_zeroinit  mc_w.l(handlers.o)
    0x08009a62   0x00000008   Code   RO          879    i._atcab_exit       atca_basic.o
    0x08009a6a   0x00000060   Code   RO          747    i.atCRC             atca_command.o
    0x08009aca   0x0000001a   Code   RO          748    i.atCalcCrc         atca_command.o
    0x08009ae4   0x00000010   Code   RO          753    i.atGetExecTime     atca_command.o
    0x08009af4   0x0000002c   Code   RO          761    i.atRead            atca_command.o
    0x08009b20   0x0000003c   Code   RO          764    i.atWrite           atca_command.o
    0x08009b5c   0x0000000c   Code   RO         1267    i.atca_delay_ms     hal_stm32_timer.o
    0x08009b68   0x0000005c   Code   RO          884    i.atcab_get_addr    atca_basic.o
    0x08009bc4   0x00000008   Code   RO          886    i.atcab_idle        atca_basic.o
    0x08009bcc   0x00000064   Code   RO          888    i.atcab_is_locked   atca_basic.o
    0x08009c30   0x000000ec   Code   RO          897    i.atcab_read_zone   atca_basic.o
    0x08009d1c   0x00000008   Code   RO          900    i.atcab_wakeup      atca_basic.o
    0x08009d24   0x000000e0   Code   RO          901    i.atcab_write       atca_basic.o
    0x08009e04   0x00000062   Code   RO          904    i.atcab_write_zone  atca_basic.o
    0x08009e66   0x0000001c   Code   RO         1214    i.atidle            atca_iface_stm32_i2c.o
    0x08009e82   0x00000016   Code   RO         1215    i.atreceive         atca_iface_stm32_i2c.o
    0x08009e98   0x0000001c   Code   RO         1216    i.atsend            atca_iface_stm32_i2c.o
    0x08009eb4   0x00000040   Code   RO         1218    i.atwake            atca_iface_stm32_i2c.o
    0x08009ef4   0x0000003c   Code   RO          653    i.bitBang_I2c_Init  bitbang_i2c.o
    0x08009f30   0x0000003e   Code   RO         1742    i.clearArea         oled.o
    0x08009f6e   0x00000002   PAD
    0x08009f70   0x0000003c   Code   RO          242    i.command_crc32     app_command.o
    0x08009fac   0x00000038   Code   RO          243    i.command_verifycrc  app_command.o
    0x08009fe4   0x0000000c   Code   RO         1743    i.delay_ms          oled.o
    0x08009ff0   0x00000048   Code   RO         1654    i.delay_us          myiic.o
    0x0800a038   0x00000050   Code   RO         7165    i.free              mc_w.l(malloc.o)
    0x0800a088   0x0000004c   Code   RO         1612    i.iap_load_app      iap.o
    0x0800a0d4   0x0000005c   Code   RO          765    i.isATCAError       atca_command.o
    0x0800a130   0x00000040   Code   RO          244    i.isAllPackGot      app_command.o
    0x0800a170   0x000002e8   Code   RO         5690    i.main              main.o
    0x0800a458   0x00000050   Code   RO          245    i.make_table        app_command.o
    0x0800a4a8   0x0000006c   Code   RO         7166    i.malloc            mc_w.l(malloc.o)
    0x0800a514   0x00000022   Code   RO         1314    i.test_assert_config_is_locked  atsha204a.o
    0x0800a536   0x00000024   Code   RO         1315    i.test_assert_data_is_locked  atsha204a.o
    0x0800a55a   0x00000018   Data   RO            6    .constdata          system_stm32f4xx.o
    0x0800a572   0x000000c0   Data   RO          539    .constdata          app_ecdsa.c.o
    0x0800a632   0x00000002   PAD
    0x0800a634   0x00001798   Data   RO         6167    .constdata          Sha256.lib(crypto.o)
    0x0800bdcc   0x00000020   Data   RO         7234    Region$$Table       anon$$obj.o


    Execution Region RW_IRAM1 (Base: 0x20000000, Size: 0x00015190, Max: 0x00020000, ABSOLUTE, COMPRESSED[0x000006dc])

    Base Addr    Size         Type   Attr      Idx    E Section Name        Object

    0x20000000   0x00000004   Data   RW            7    .data               system_stm32f4xx.o
    0x20000004   0x0000004a   Data   RW          247    .data               app_command.o
    0x2000004e   0x00000003   Data   RW          615    .data               main_define.o
    0x20000051   0x00000003   PAD
    0x20000054   0x00000004   Data   RW          654    .data               bitbang_i2c.o
    0x20000058   0x0000002a   Data   RW          766    .data               atca_command.o
    0x20000082   0x00000002   PAD
    0x20000084   0x00000015   Data   RW         1435    .data               aw9136.o
    0x20000099   0x00000003   PAD
    0x2000009c   0x00000004   Data   RW         1615    .data               iap.o
    0x200000a0   0x00000753   Data   RW         1744    .data               oled.o
    0x200007f3   0x00000001   PAD
    0x200007f4   0x0000007e   Data   RW         2009    .data               usbd_customhid.o
    0x20000872   0x00000001   Data   RW         2291    .data               usbd_ctlreq.o
    0x20000873   0x00000001   PAD
    0x20000874   0x00000004   Data   RW         3352    .data               stm32f4xx_hal.o
    0x20000878   0x00000038   Data   RW         5456    .data               usbd_custom_hid_if.o
    0x200008b0   0x00000511   Data   RW         5692    .data               main.o
    0x20000dc1   0x00000003   PAD
    0x20000dc4   0x00000034   Data   RW         5777    .data               usbd_desc.o
    0x20000df8   0x00000004   Data   RW         7211    .data               mc_w.l(mvars.o)
    0x20000dfc   0x00000004   Data   RW         7212    .data               mc_w.l(mvars.o)
    0x20000e00   0x00000148   Zero   RW          538    .bss                app_ecdsa.c.o
    0x20000f48   0x00000070   Zero   RW          614    .bss                main_define.o
    0x20000fb8   0x00000030   Zero   RW         1434    .bss                aw9136.o
    0x20000fe8   0x00000018   PAD
    0x20001000   0x0000f000   Zero   RW          613    .ARM.__AT_0x20001000  main_define.o
    0x20010000   0x000008cd   Zero   RW          246    .bss                app_command.o
    0x200108cd   0x00000003   PAD
    0x200108d0   0x00000020   Zero   RW         3711    .bss                stm32f4xx_hal_flash.o
    0x200108f0   0x00000224   Zero   RW         5338    .bss                usb_device.o
    0x20010b14   0x000003f0   Zero   RW         5521    .bss                usbd_conf.o
    0x20010f04   0x0000008c   Zero   RW         5691    .bss                main.o
    0x20010f90   0x00000200   Zero   RW         5776    .bss                usbd_desc.o
    0x20011190   0x00002000   Zero   RW         1990    HEAP                startup_stm32f407xx.o
    0x20013190   0x00002000   Zero   RW         1989    STACK               startup_stm32f407xx.o


==============================================================================

Image component sizes


      Code (inc. data)   RO Data    RW Data    ZI Data      Debug   Object Name

      2114        250          0         74       2253      24533   app_command.o
       682         44        192          0        328       5280   app_ecdsa.c.o
       706        130          0          0          0       4513   app_interface.o
       774          0          0          0          0       7246   atca_basic.o
       334         10          0         42          0      17214   atca_command.o
       142          6          0          0          0       3095   atca_iface_stm32_i2c.o
       206          0          0          0          0       3231   atsha204a.o
      2486        172          0         21         48      17110   aw9136.o
       700         86          0          4          0       7466   bitbang_i2c.o
        84          6          0          0          0       1229   hal_stm32_timer.o
        44          4          0          0          0        908   hw_config.o
        76         10          0          4          0       1093   iap.o
      1548        228          0       1297        140      37563   main.o
        36         14          0          3      61552       2431   main_define.o
       784        118          0          0          0       5374   myiic.o
      1556         22          0       1875          0      10497   oled.o
        36          8        392          0      16384        816   startup_stm32f407xx.o
       228         24          0          4          0       5676   stm32f4xx_hal.o
       376         28          0          0          0      33431   stm32f4xx_hal_cortex.o
        36          0          0          0          0       1063   stm32f4xx_hal_crc.o
       628         62          0          0         32       6094   stm32f4xx_hal_flash.o
       444         26          0          0          0       3318   stm32f4xx_hal_flash_ex.o
       552         50          0          0          0       2979   stm32f4xx_hal_gpio.o
       362         36          0          0          0       2805   stm32f4xx_hal_msp.o
      2920         46          0          0          0      10269   stm32f4xx_hal_pcd.o
        92          0          0          0          0       1848   stm32f4xx_hal_pcd_ex.o
      1844         80          0          0          0       5556   stm32f4xx_hal_rcc.o
        74          0          0          0          0       1107   stm32f4xx_hal_rng.o
       986          8          0          0          0       1860   stm32f4xx_hal_uart.o
        52          6          0          0          0       4770   stm32f4xx_it.o
      3182         64          0          0          0      20858   stm32f4xx_ll_usb.o
       172          4          0          0          0       2853   stmflash.o
        16          0          0          0          0        484   sys.o
       100         18         24          4          0     667327   system_stm32f4xx.o
        52         16          0          0        548        740   usb_device.o
      1218         38          0          0       1008      14738   usbd_conf.o
       792          0          0          0          0      12857   usbd_core.o
      1592         30          0          1          0      10872   usbd_ctlreq.o
        52         16          0         56          0       2265   usbd_custom_hid_if.o
       580         28          0        126          0       9751   usbd_customhid.o
       320        144          0         52        512       5443   usbd_desc.o
       174          0          0          0          0       4680   usbd_ioreq.o

    ----------------------------------------------------------------------
     29188       1832        642       3576      82832     983243   Object Totals
         0          0         32          0          0          0   (incl. Generated)
        36          0          2         13         27          0   (incl. Padding)

    ----------------------------------------------------------------------

      Code (inc. data)   RO Data    RW Data    ZI Data      Debug   Library Member Name

     12208         76       6040          0          0       6196   crypto.o
        32          6          0          0          0     230721   stm32f4xx_rcc.o
        86          0          0          0          0          0   __dczerorl2.o
         0          0          0          0          0          0   entry.o
         0          0          0          0          0          0   entry10a.o
         0          0          0          0          0          0   entry11a.o
         8          4          0          0          0          0   entry2.o
         4          0          0          0          0          0   entry5.o
         0          0          0          0          0          0   entry7b.o
         0          0          0          0          0          0   entry8b.o
         8          4          0          0          0          0   entry9a.o
        30          0          0          0          0          0   handlers.o
        36          8          0          0          0         68   init.o
       188         20          0          0          0        160   malloc.o
        26          0          0          0          0         80   memcmp.o
        64          0          0          0          0         76   memmovea.o
        36          0          0          0          0        108   memseta.o
         0          0          0          8          0          0   mvars.o

    ----------------------------------------------------------------------
     12750        118       6040          8          0     237409   Library Totals
        24          0          0          0          0          0   (incl. Padding)

    ----------------------------------------------------------------------

      Code (inc. data)   RO Data    RW Data    ZI Data      Debug   Library Name

     12240         82       6040          0          0     236917   Sha256.lib
       486         36          0          8          0        492   mc_w.l

    ----------------------------------------------------------------------
     12750        118       6040          8          0     237409   Library Totals

    ----------------------------------------------------------------------

==============================================================================


      Code (inc. data)   RO Data    RW Data    ZI Data      Debug   

     41938       1950       6682       3584      82832    1186128   Grand Totals
     41938       1950       6682       1756      82832    1186128   ELF Image Totals (compressed)
     41938       1950       6682       1756          0          0   ROM Totals

==============================================================================

    Total RO  Size (Code + RO Data)                48620 (  47.48kB)
    Total RW  Size (RW Data + ZI Data)             86416 (  84.39kB)
    Total ROM Size (Code + RO Data + RW Data)      50376 (  49.20kB)

==============================================================================

