<!doctype html public "-//w3c//dtd html 4.0 transitional//en">
<html><head>
<title>Static Call Graph - [.\OBJ\neo.axf]</title></head>
<body><HR>
<H1>Static Call Graph for image .\OBJ\neo.axf</H1><HR>
<BR><P>#&#060CALLGRAPH&#062# ARM Linker, 5050106: Last Updated: Mon Feb 12 00:42:16 2018
<BR><P>
<H3>Maximum Stack Usage =       6360 bytes + Unknown(Cycles, Untraceable Function Pointers)</H3><H3>
Call chain for Maximum Stack Depth:</H3>
main &rArr; my_main &rArr; ReceiveAnalysis::PackDataFromPcCallback(unsigned char*, int) &rArr; Alg_Base58Decode &rArr; bigpow &rArr; bigmul
<P>
<H3>
Mutually Recursive functions
</H3> <LI><a href="#[15]">NMI_Handler</a>&nbsp;&nbsp;&nbsp;&rArr;&nbsp;&nbsp;&nbsp;<a href="#[15]">NMI_Handler</a><BR>
 <LI><a href="#[17]">MemManage_Handler</a>&nbsp;&nbsp;&nbsp;&rArr;&nbsp;&nbsp;&nbsp;<a href="#[17]">MemManage_Handler</a><BR>
 <LI><a href="#[18]">BusFault_Handler</a>&nbsp;&nbsp;&nbsp;&rArr;&nbsp;&nbsp;&nbsp;<a href="#[18]">BusFault_Handler</a><BR>
 <LI><a href="#[19]">UsageFault_Handler</a>&nbsp;&nbsp;&nbsp;&rArr;&nbsp;&nbsp;&nbsp;<a href="#[19]">UsageFault_Handler</a><BR>
 <LI><a href="#[1a]">SVC_Handler</a>&nbsp;&nbsp;&nbsp;&rArr;&nbsp;&nbsp;&nbsp;<a href="#[1a]">SVC_Handler</a><BR>
 <LI><a href="#[1b]">DebugMon_Handler</a>&nbsp;&nbsp;&nbsp;&rArr;&nbsp;&nbsp;&nbsp;<a href="#[1b]">DebugMon_Handler</a><BR>
 <LI><a href="#[1c]">PendSV_Handler</a>&nbsp;&nbsp;&nbsp;&rArr;&nbsp;&nbsp;&nbsp;<a href="#[1c]">PendSV_Handler</a><BR>
 <LI><a href="#[30]">ADC_IRQHandler</a>&nbsp;&nbsp;&nbsp;&rArr;&nbsp;&nbsp;&nbsp;<a href="#[30]">ADC_IRQHandler</a><BR>
</UL>
<P>
<H3>
Function Pointers
</H3><UL>
 <LI><a href="#[30]">ADC_IRQHandler</a> from startup_stm32f407xx.o(.text) referenced from startup_stm32f407xx.o(RESET)
 <LI><a href="#[18]">BusFault_Handler</a> from startup_stm32f407xx.o(.text) referenced from startup_stm32f407xx.o(RESET)
 <LI><a href="#[32]">CAN1_RX0_IRQHandler</a> from startup_stm32f407xx.o(.text) referenced from startup_stm32f407xx.o(RESET)
 <LI><a href="#[33]">CAN1_RX1_IRQHandler</a> from startup_stm32f407xx.o(.text) referenced from startup_stm32f407xx.o(RESET)
 <LI><a href="#[34]">CAN1_SCE_IRQHandler</a> from startup_stm32f407xx.o(.text) referenced from startup_stm32f407xx.o(RESET)
 <LI><a href="#[31]">CAN1_TX_IRQHandler</a> from startup_stm32f407xx.o(.text) referenced from startup_stm32f407xx.o(RESET)
 <LI><a href="#[5e]">CAN2_RX0_IRQHandler</a> from startup_stm32f407xx.o(.text) referenced from startup_stm32f407xx.o(RESET)
 <LI><a href="#[5f]">CAN2_RX1_IRQHandler</a> from startup_stm32f407xx.o(.text) referenced from startup_stm32f407xx.o(RESET)
 <LI><a href="#[60]">CAN2_SCE_IRQHandler</a> from startup_stm32f407xx.o(.text) referenced from startup_stm32f407xx.o(RESET)
 <LI><a href="#[5d]">CAN2_TX_IRQHandler</a> from startup_stm32f407xx.o(.text) referenced from startup_stm32f407xx.o(RESET)
 <LI><a href="#[12]">CUSTOM_HID_DeInit_FS</a> from usbd_custom_hid_if.o(i.CUSTOM_HID_DeInit_FS) referenced 2 times from usbd_custom_hid_if.o(.data)
 <LI><a href="#[11]">CUSTOM_HID_Init_FS</a> from usbd_custom_hid_if.o(i.CUSTOM_HID_Init_FS) referenced 2 times from usbd_custom_hid_if.o(.data)
 <LI><a href="#[13]">CUSTOM_HID_OutEvent_FS</a> from usbd_custom_hid_if.o(i.CUSTOM_HID_OutEvent_FS) referenced 2 times from usbd_custom_hid_if.o(.data)
 <LI><a href="#[6c]">DCMI_IRQHandler</a> from startup_stm32f407xx.o(.text) referenced from startup_stm32f407xx.o(RESET)
 <LI><a href="#[29]">DMA1_Stream0_IRQHandler</a> from startup_stm32f407xx.o(.text) referenced from startup_stm32f407xx.o(RESET)
 <LI><a href="#[2a]">DMA1_Stream1_IRQHandler</a> from startup_stm32f407xx.o(.text) referenced from startup_stm32f407xx.o(RESET)
 <LI><a href="#[2b]">DMA1_Stream2_IRQHandler</a> from startup_stm32f407xx.o(.text) referenced from startup_stm32f407xx.o(RESET)
 <LI><a href="#[2c]">DMA1_Stream3_IRQHandler</a> from startup_stm32f407xx.o(.text) referenced from startup_stm32f407xx.o(RESET)
 <LI><a href="#[2d]">DMA1_Stream4_IRQHandler</a> from startup_stm32f407xx.o(.text) referenced from startup_stm32f407xx.o(RESET)
 <LI><a href="#[2e]">DMA1_Stream5_IRQHandler</a> from startup_stm32f407xx.o(.text) referenced from startup_stm32f407xx.o(RESET)
 <LI><a href="#[2f]">DMA1_Stream6_IRQHandler</a> from startup_stm32f407xx.o(.text) referenced from startup_stm32f407xx.o(RESET)
 <LI><a href="#[4d]">DMA1_Stream7_IRQHandler</a> from startup_stm32f407xx.o(.text) referenced from startup_stm32f407xx.o(RESET)
 <LI><a href="#[56]">DMA2_Stream0_IRQHandler</a> from startup_stm32f407xx.o(.text) referenced from startup_stm32f407xx.o(RESET)
 <LI><a href="#[57]">DMA2_Stream1_IRQHandler</a> from startup_stm32f407xx.o(.text) referenced from startup_stm32f407xx.o(RESET)
 <LI><a href="#[58]">DMA2_Stream2_IRQHandler</a> from startup_stm32f407xx.o(.text) referenced from startup_stm32f407xx.o(RESET)
 <LI><a href="#[59]">DMA2_Stream3_IRQHandler</a> from startup_stm32f407xx.o(.text) referenced from startup_stm32f407xx.o(RESET)
 <LI><a href="#[5a]">DMA2_Stream4_IRQHandler</a> from startup_stm32f407xx.o(.text) referenced from startup_stm32f407xx.o(RESET)
 <LI><a href="#[62]">DMA2_Stream5_IRQHandler</a> from startup_stm32f407xx.o(.text) referenced from startup_stm32f407xx.o(RESET)
 <LI><a href="#[63]">DMA2_Stream6_IRQHandler</a> from startup_stm32f407xx.o(.text) referenced from startup_stm32f407xx.o(RESET)
 <LI><a href="#[64]">DMA2_Stream7_IRQHandler</a> from startup_stm32f407xx.o(.text) referenced from startup_stm32f407xx.o(RESET)
 <LI><a href="#[1b]">DebugMon_Handler</a> from startup_stm32f407xx.o(.text) referenced from startup_stm32f407xx.o(RESET)
 <LI><a href="#[5b]">ETH_IRQHandler</a> from startup_stm32f407xx.o(.text) referenced from startup_stm32f407xx.o(RESET)
 <LI><a href="#[5c]">ETH_WKUP_IRQHandler</a> from startup_stm32f407xx.o(.text) referenced from startup_stm32f407xx.o(RESET)
 <LI><a href="#[24]">EXTI0_IRQHandler</a> from aw9136.o(i.EXTI0_IRQHandler) referenced from startup_stm32f407xx.o(RESET)
 <LI><a href="#[46]">EXTI15_10_IRQHandler</a> from startup_stm32f407xx.o(.text) referenced from startup_stm32f407xx.o(RESET)
 <LI><a href="#[25]">EXTI1_IRQHandler</a> from startup_stm32f407xx.o(.text) referenced from startup_stm32f407xx.o(RESET)
 <LI><a href="#[26]">EXTI2_IRQHandler</a> from aw9136.o(i.EXTI2_IRQHandler) referenced from startup_stm32f407xx.o(RESET)
 <LI><a href="#[27]">EXTI3_IRQHandler</a> from startup_stm32f407xx.o(.text) referenced from startup_stm32f407xx.o(RESET)
 <LI><a href="#[28]">EXTI4_IRQHandler</a> from startup_stm32f407xx.o(.text) referenced from startup_stm32f407xx.o(RESET)
 <LI><a href="#[35]">EXTI9_5_IRQHandler</a> from startup_stm32f407xx.o(.text) referenced from startup_stm32f407xx.o(RESET)
 <LI><a href="#[22]">FLASH_IRQHandler</a> from startup_stm32f407xx.o(.text) referenced from startup_stm32f407xx.o(RESET)
 <LI><a href="#[4e]">FMC_IRQHandler</a> from startup_stm32f407xx.o(.text) referenced from startup_stm32f407xx.o(RESET)
 <LI><a href="#[6e]">FPU_IRQHandler</a> from startup_stm32f407xx.o(.text) referenced from startup_stm32f407xx.o(RESET)
 <LI><a href="#[6d]">HASH_RNG_IRQHandler</a> from startup_stm32f407xx.o(.text) referenced from startup_stm32f407xx.o(RESET)
 <LI><a href="#[16]">HardFault_Handler</a> from forprintf.o(i.HardFault_Handler) referenced from startup_stm32f407xx.o(RESET)
 <LI><a href="#[3e]">I2C1_ER_IRQHandler</a> from startup_stm32f407xx.o(.text) referenced from startup_stm32f407xx.o(RESET)
 <LI><a href="#[3d]">I2C1_EV_IRQHandler</a> from startup_stm32f407xx.o(.text) referenced from startup_stm32f407xx.o(RESET)
 <LI><a href="#[40]">I2C2_ER_IRQHandler</a> from startup_stm32f407xx.o(.text) referenced from startup_stm32f407xx.o(RESET)
 <LI><a href="#[3f]">I2C2_EV_IRQHandler</a> from startup_stm32f407xx.o(.text) referenced from startup_stm32f407xx.o(RESET)
 <LI><a href="#[67]">I2C3_ER_IRQHandler</a> from startup_stm32f407xx.o(.text) referenced from startup_stm32f407xx.o(RESET)
 <LI><a href="#[66]">I2C3_EV_IRQHandler</a> from startup_stm32f407xx.o(.text) referenced from startup_stm32f407xx.o(RESET)
 <LI><a href="#[17]">MemManage_Handler</a> from startup_stm32f407xx.o(.text) referenced from startup_stm32f407xx.o(RESET)
 <LI><a href="#[15]">NMI_Handler</a> from startup_stm32f407xx.o(.text) referenced from startup_stm32f407xx.o(RESET)
 <LI><a href="#[61]">OTG_FS_IRQHandler</a> from irq_handler.o(i.OTG_FS_IRQHandler) referenced from startup_stm32f407xx.o(RESET)
 <LI><a href="#[48]">OTG_FS_WKUP_IRQHandler</a> from startup_stm32f407xx.o(.text) referenced from startup_stm32f407xx.o(RESET)
 <LI><a href="#[69]">OTG_HS_EP1_IN_IRQHandler</a> from startup_stm32f407xx.o(.text) referenced from startup_stm32f407xx.o(RESET)
 <LI><a href="#[68]">OTG_HS_EP1_OUT_IRQHandler</a> from startup_stm32f407xx.o(.text) referenced from startup_stm32f407xx.o(RESET)
 <LI><a href="#[6b]">OTG_HS_IRQHandler</a> from startup_stm32f407xx.o(.text) referenced from startup_stm32f407xx.o(RESET)
 <LI><a href="#[6a]">OTG_HS_WKUP_IRQHandler</a> from startup_stm32f407xx.o(.text) referenced from startup_stm32f407xx.o(RESET)
 <LI><a href="#[1f]">PVD_IRQHandler</a> from startup_stm32f407xx.o(.text) referenced from startup_stm32f407xx.o(RESET)
 <LI><a href="#[1c]">PendSV_Handler</a> from startup_stm32f407xx.o(.text) referenced from startup_stm32f407xx.o(RESET)
 <LI><a href="#[23]">RCC_IRQHandler</a> from startup_stm32f407xx.o(.text) referenced from startup_stm32f407xx.o(RESET)
 <LI><a href="#[47]">RTC_Alarm_IRQHandler</a> from startup_stm32f407xx.o(.text) referenced from startup_stm32f407xx.o(RESET)
 <LI><a href="#[21]">RTC_WKUP_IRQHandler</a> from startup_stm32f407xx.o(.text) referenced from startup_stm32f407xx.o(RESET)
 <LI><a href="#[14]">Reset_Handler</a> from startup_stm32f407xx.o(.text) referenced from startup_stm32f407xx.o(RESET)
 <LI><a href="#[4f]">SDIO_IRQHandler</a> from startup_stm32f407xx.o(.text) referenced from startup_stm32f407xx.o(RESET)
 <LI><a href="#[41]">SPI1_IRQHandler</a> from startup_stm32f407xx.o(.text) referenced from startup_stm32f407xx.o(RESET)
 <LI><a href="#[42]">SPI2_IRQHandler</a> from startup_stm32f407xx.o(.text) referenced from startup_stm32f407xx.o(RESET)
 <LI><a href="#[51]">SPI3_IRQHandler</a> from startup_stm32f407xx.o(.text) referenced from startup_stm32f407xx.o(RESET)
 <LI><a href="#[1a]">SVC_Handler</a> from startup_stm32f407xx.o(.text) referenced from startup_stm32f407xx.o(RESET)
 <LI><a href="#[1d]">SysTick_Handler</a> from irq_handler.o(i.SysTick_Handler) referenced from startup_stm32f407xx.o(RESET)
 <LI><a href="#[70]">SystemInit</a> from system_stm32f4xx.o(i.SystemInit) referenced from startup_stm32f407xx.o(.text)
 <LI><a href="#[20]">TAMP_STAMP_IRQHandler</a> from startup_stm32f407xx.o(.text) referenced from startup_stm32f407xx.o(RESET)
 <LI><a href="#[36]">TIM1_BRK_TIM9_IRQHandler</a> from startup_stm32f407xx.o(.text) referenced from startup_stm32f407xx.o(RESET)
 <LI><a href="#[39]">TIM1_CC_IRQHandler</a> from startup_stm32f407xx.o(.text) referenced from startup_stm32f407xx.o(RESET)
 <LI><a href="#[38]">TIM1_TRG_COM_TIM11_IRQHandler</a> from startup_stm32f407xx.o(.text) referenced from startup_stm32f407xx.o(RESET)
 <LI><a href="#[37]">TIM1_UP_TIM10_IRQHandler</a> from startup_stm32f407xx.o(.text) referenced from startup_stm32f407xx.o(RESET)
 <LI><a href="#[3a]">TIM2_IRQHandler</a> from startup_stm32f407xx.o(.text) referenced from startup_stm32f407xx.o(RESET)
 <LI><a href="#[3b]">TIM3_IRQHandler</a> from startup_stm32f407xx.o(.text) referenced from startup_stm32f407xx.o(RESET)
 <LI><a href="#[3c]">TIM4_IRQHandler</a> from startup_stm32f407xx.o(.text) referenced from startup_stm32f407xx.o(RESET)
 <LI><a href="#[50]">TIM5_IRQHandler</a> from startup_stm32f407xx.o(.text) referenced from startup_stm32f407xx.o(RESET)
 <LI><a href="#[54]">TIM6_DAC_IRQHandler</a> from startup_stm32f407xx.o(.text) referenced from startup_stm32f407xx.o(RESET)
 <LI><a href="#[55]">TIM7_IRQHandler</a> from startup_stm32f407xx.o(.text) referenced from startup_stm32f407xx.o(RESET)
 <LI><a href="#[49]">TIM8_BRK_TIM12_IRQHandler</a> from startup_stm32f407xx.o(.text) referenced from startup_stm32f407xx.o(RESET)
 <LI><a href="#[4c]">TIM8_CC_IRQHandler</a> from startup_stm32f407xx.o(.text) referenced from startup_stm32f407xx.o(RESET)
 <LI><a href="#[4b]">TIM8_TRG_COM_TIM14_IRQHandler</a> from startup_stm32f407xx.o(.text) referenced from startup_stm32f407xx.o(RESET)
 <LI><a href="#[4a]">TIM8_UP_TIM13_IRQHandler</a> from startup_stm32f407xx.o(.text) referenced from startup_stm32f407xx.o(RESET)
 <LI><a href="#[52]">UART4_IRQHandler</a> from startup_stm32f407xx.o(.text) referenced from startup_stm32f407xx.o(RESET)
 <LI><a href="#[53]">UART5_IRQHandler</a> from startup_stm32f407xx.o(.text) referenced from startup_stm32f407xx.o(RESET)
 <LI><a href="#[43]">USART1_IRQHandler</a> from startup_stm32f407xx.o(.text) referenced from startup_stm32f407xx.o(RESET)
 <LI><a href="#[44]">USART2_IRQHandler</a> from irq_handler.o(i.USART2_IRQHandler) referenced from startup_stm32f407xx.o(RESET)
 <LI><a href="#[45]">USART3_IRQHandler</a> from startup_stm32f407xx.o(.text) referenced from startup_stm32f407xx.o(RESET)
 <LI><a href="#[65]">USART6_IRQHandler</a> from startup_stm32f407xx.o(.text) referenced from startup_stm32f407xx.o(RESET)
 <LI><a href="#[6]">USBD_CUSTOM_HID_DataIn</a> from usbd_customhid.o(i.USBD_CUSTOM_HID_DataIn) referenced 2 times from usbd_customhid.o(.data)
 <LI><a href="#[7]">USBD_CUSTOM_HID_DataOut</a> from usbd_customhid.o(i.USBD_CUSTOM_HID_DataOut) referenced 2 times from usbd_customhid.o(.data)
 <LI><a href="#[3]">USBD_CUSTOM_HID_DeInit</a> from usbd_customhid.o(i.USBD_CUSTOM_HID_DeInit) referenced 2 times from usbd_customhid.o(.data)
 <LI><a href="#[5]">USBD_CUSTOM_HID_EP0_RxReady</a> from usbd_customhid.o(i.USBD_CUSTOM_HID_EP0_RxReady) referenced 2 times from usbd_customhid.o(.data)
 <LI><a href="#[8]">USBD_CUSTOM_HID_GetCfgDesc</a> from usbd_customhid.o(i.USBD_CUSTOM_HID_GetCfgDesc) referenced 6 times from usbd_customhid.o(.data)
 <LI><a href="#[9]">USBD_CUSTOM_HID_GetDeviceQualifierDesc</a> from usbd_customhid.o(i.USBD_CUSTOM_HID_GetDeviceQualifierDesc) referenced 2 times from usbd_customhid.o(.data)
 <LI><a href="#[2]">USBD_CUSTOM_HID_Init</a> from usbd_customhid.o(i.USBD_CUSTOM_HID_Init) referenced 2 times from usbd_customhid.o(.data)
 <LI><a href="#[4]">USBD_CUSTOM_HID_Setup</a> from usbd_customhid.o(i.USBD_CUSTOM_HID_Setup) referenced 2 times from usbd_customhid.o(.data)
 <LI><a href="#[f]">USBD_FS_ConfigStrDescriptor</a> from usbd_desc.o(i.USBD_FS_ConfigStrDescriptor) referenced 2 times from usbd_desc.o(.data)
 <LI><a href="#[a]">USBD_FS_DeviceDescriptor</a> from usbd_desc.o(i.USBD_FS_DeviceDescriptor) referenced 2 times from usbd_desc.o(.data)
 <LI><a href="#[10]">USBD_FS_InterfaceStrDescriptor</a> from usbd_desc.o(i.USBD_FS_InterfaceStrDescriptor) referenced 2 times from usbd_desc.o(.data)
 <LI><a href="#[b]">USBD_FS_LangIDStrDescriptor</a> from usbd_desc.o(i.USBD_FS_LangIDStrDescriptor) referenced 2 times from usbd_desc.o(.data)
 <LI><a href="#[c]">USBD_FS_ManufacturerStrDescriptor</a> from usbd_desc.o(i.USBD_FS_ManufacturerStrDescriptor) referenced 2 times from usbd_desc.o(.data)
 <LI><a href="#[d]">USBD_FS_ProductStrDescriptor</a> from usbd_desc.o(i.USBD_FS_ProductStrDescriptor) referenced 2 times from usbd_desc.o(.data)
 <LI><a href="#[e]">USBD_FS_SerialStrDescriptor</a> from usbd_desc.o(i.USBD_FS_SerialStrDescriptor) referenced 2 times from usbd_desc.o(.data)
 <LI><a href="#[19]">UsageFault_Handler</a> from startup_stm32f407xx.o(.text) referenced from startup_stm32f407xx.o(RESET)
 <LI><a href="#[1e]">WWDG_IRQHandler</a> from startup_stm32f407xx.o(.text) referenced from startup_stm32f407xx.o(RESET)
 <LI><a href="#[71]">__main</a> from entry.o(.ARM.Collect$$$$00000000) referenced from startup_stm32f407xx.o(.text)
 <LI><a href="#[73]">__sti___10_myMain_cpp_Disp</a> from mymain.o(i.__sti___10_myMain_cpp_Disp) referenced from mymain.o(.init_array)
 <LI><a href="#[72]">fputc</a> from forprintf.o(i.fputc) referenced from printf8.o(i.__0printf$8)
 <LI><a href="#[6f]">main</a> from main.o(i.main) referenced from entry9a.o(.ARM.Collect$$$$0000000B)
</UL>
<P>
<H3>
Global Symbols
</H3>
<P><STRONG><a name="[71]"></a>__main</STRONG> (Thumb, 0 bytes, Stack size unknown bytes, entry.o(.ARM.Collect$$$$00000000))
<BR>[Address Reference Count : 1]<UL><LI> startup_stm32f407xx.o(.text)
</UL>
<P><STRONG><a name="[220]"></a>_main_stk</STRONG> (Thumb, 0 bytes, Stack size unknown bytes, entry2.o(.ARM.Collect$$$$00000001))

<P><STRONG><a name="[75]"></a>_main_scatterload</STRONG> (Thumb, 0 bytes, Stack size unknown bytes, entry5.o(.ARM.Collect$$$$00000004))
<BR><BR>[Calls]<UL><LI><a href="#[76]">&gt;&gt;</a>&nbsp;&nbsp;&nbsp;__scatterload
</UL>

<P><STRONG><a name="[8b]"></a>__main_after_scatterload</STRONG> (Thumb, 0 bytes, Stack size unknown bytes, entry5.o(.ARM.Collect$$$$00000004))
<BR><BR>[Called By]<UL><LI><a href="#[76]">&gt;&gt;</a>&nbsp;&nbsp;&nbsp;__scatterload
</UL>

<P><STRONG><a name="[221]"></a>_main_clock</STRONG> (Thumb, 0 bytes, Stack size unknown bytes, entry7b.o(.ARM.Collect$$$$00000008))

<P><STRONG><a name="[77]"></a>_main_cpp_init$empty</STRONG> (Thumb, 0 bytes, Stack size unknown bytes, entry8a.o(.ARM.Collect$$$$00000009))
<BR><BR>[Stack]<UL><LI>Max Depth = 16 + Unknown Stack Size
<LI>Call Chain = _main_cpp_init$empty &rArr; __cpp_initialize__aeabi_
</UL>
<BR>[Calls]<UL><LI><a href="#[74]">&gt;&gt;</a>&nbsp;&nbsp;&nbsp;__cpp_initialize__aeabi_
</UL>

<P><STRONG><a name="[222]"></a>_main_cpp_init</STRONG> (Thumb, 0 bytes, Stack size unknown bytes, entry8b.o(.ARM.Collect$$$$0000000A))

<P><STRONG><a name="[223]"></a>_main_init</STRONG> (Thumb, 0 bytes, Stack size unknown bytes, entry9a.o(.ARM.Collect$$$$0000000B))

<P><STRONG><a name="[224]"></a>__rt_final_cpp</STRONG> (Thumb, 0 bytes, Stack size unknown bytes, entry10a.o(.ARM.Collect$$$$0000000D))

<P><STRONG><a name="[225]"></a>__rt_final_exit</STRONG> (Thumb, 0 bytes, Stack size unknown bytes, entry11a.o(.ARM.Collect$$$$0000000F))

<P><STRONG><a name="[14]"></a>Reset_Handler</STRONG> (Thumb, 8 bytes, Stack size 0 bytes, startup_stm32f407xx.o(.text))
<BR>[Address Reference Count : 1]<UL><LI> startup_stm32f407xx.o(RESET)
</UL>
<P><STRONG><a name="[15]"></a>NMI_Handler</STRONG> (Thumb, 2 bytes, Stack size 0 bytes, startup_stm32f407xx.o(.text))
<BR><BR>[Calls]<UL><LI><a href="#[15]">&gt;&gt;</a>&nbsp;&nbsp;&nbsp;NMI_Handler
</UL>
<BR>[Called By]<UL><LI><a href="#[15]">&gt;&gt;</a>&nbsp;&nbsp;&nbsp;NMI_Handler
</UL>
<BR>[Address Reference Count : 1]<UL><LI> startup_stm32f407xx.o(RESET)
</UL>
<P><STRONG><a name="[17]"></a>MemManage_Handler</STRONG> (Thumb, 2 bytes, Stack size 0 bytes, startup_stm32f407xx.o(.text))
<BR><BR>[Calls]<UL><LI><a href="#[17]">&gt;&gt;</a>&nbsp;&nbsp;&nbsp;MemManage_Handler
</UL>
<BR>[Called By]<UL><LI><a href="#[17]">&gt;&gt;</a>&nbsp;&nbsp;&nbsp;MemManage_Handler
</UL>
<BR>[Address Reference Count : 1]<UL><LI> startup_stm32f407xx.o(RESET)
</UL>
<P><STRONG><a name="[18]"></a>BusFault_Handler</STRONG> (Thumb, 2 bytes, Stack size 0 bytes, startup_stm32f407xx.o(.text))
<BR><BR>[Calls]<UL><LI><a href="#[18]">&gt;&gt;</a>&nbsp;&nbsp;&nbsp;BusFault_Handler
</UL>
<BR>[Called By]<UL><LI><a href="#[18]">&gt;&gt;</a>&nbsp;&nbsp;&nbsp;BusFault_Handler
</UL>
<BR>[Address Reference Count : 1]<UL><LI> startup_stm32f407xx.o(RESET)
</UL>
<P><STRONG><a name="[19]"></a>UsageFault_Handler</STRONG> (Thumb, 2 bytes, Stack size 0 bytes, startup_stm32f407xx.o(.text))
<BR><BR>[Calls]<UL><LI><a href="#[19]">&gt;&gt;</a>&nbsp;&nbsp;&nbsp;UsageFault_Handler
</UL>
<BR>[Called By]<UL><LI><a href="#[19]">&gt;&gt;</a>&nbsp;&nbsp;&nbsp;UsageFault_Handler
</UL>
<BR>[Address Reference Count : 1]<UL><LI> startup_stm32f407xx.o(RESET)
</UL>
<P><STRONG><a name="[1a]"></a>SVC_Handler</STRONG> (Thumb, 2 bytes, Stack size 0 bytes, startup_stm32f407xx.o(.text))
<BR><BR>[Calls]<UL><LI><a href="#[1a]">&gt;&gt;</a>&nbsp;&nbsp;&nbsp;SVC_Handler
</UL>
<BR>[Called By]<UL><LI><a href="#[1a]">&gt;&gt;</a>&nbsp;&nbsp;&nbsp;SVC_Handler
</UL>
<BR>[Address Reference Count : 1]<UL><LI> startup_stm32f407xx.o(RESET)
</UL>
<P><STRONG><a name="[1b]"></a>DebugMon_Handler</STRONG> (Thumb, 2 bytes, Stack size 0 bytes, startup_stm32f407xx.o(.text))
<BR><BR>[Calls]<UL><LI><a href="#[1b]">&gt;&gt;</a>&nbsp;&nbsp;&nbsp;DebugMon_Handler
</UL>
<BR>[Called By]<UL><LI><a href="#[1b]">&gt;&gt;</a>&nbsp;&nbsp;&nbsp;DebugMon_Handler
</UL>
<BR>[Address Reference Count : 1]<UL><LI> startup_stm32f407xx.o(RESET)
</UL>
<P><STRONG><a name="[1c]"></a>PendSV_Handler</STRONG> (Thumb, 2 bytes, Stack size 0 bytes, startup_stm32f407xx.o(.text))
<BR><BR>[Calls]<UL><LI><a href="#[1c]">&gt;&gt;</a>&nbsp;&nbsp;&nbsp;PendSV_Handler
</UL>
<BR>[Called By]<UL><LI><a href="#[1c]">&gt;&gt;</a>&nbsp;&nbsp;&nbsp;PendSV_Handler
</UL>
<BR>[Address Reference Count : 1]<UL><LI> startup_stm32f407xx.o(RESET)
</UL>
<P><STRONG><a name="[30]"></a>ADC_IRQHandler</STRONG> (Thumb, 0 bytes, Stack size 0 bytes, startup_stm32f407xx.o(.text))
<BR><BR>[Calls]<UL><LI><a href="#[30]">&gt;&gt;</a>&nbsp;&nbsp;&nbsp;ADC_IRQHandler
</UL>
<BR>[Called By]<UL><LI><a href="#[30]">&gt;&gt;</a>&nbsp;&nbsp;&nbsp;ADC_IRQHandler
</UL>
<BR>[Address Reference Count : 1]<UL><LI> startup_stm32f407xx.o(RESET)
</UL>
<P><STRONG><a name="[32]"></a>CAN1_RX0_IRQHandler</STRONG> (Thumb, 0 bytes, Stack size 0 bytes, startup_stm32f407xx.o(.text))
<BR>[Address Reference Count : 1]<UL><LI> startup_stm32f407xx.o(RESET)
</UL>
<P><STRONG><a name="[33]"></a>CAN1_RX1_IRQHandler</STRONG> (Thumb, 0 bytes, Stack size 0 bytes, startup_stm32f407xx.o(.text))
<BR>[Address Reference Count : 1]<UL><LI> startup_stm32f407xx.o(RESET)
</UL>
<P><STRONG><a name="[34]"></a>CAN1_SCE_IRQHandler</STRONG> (Thumb, 0 bytes, Stack size 0 bytes, startup_stm32f407xx.o(.text))
<BR>[Address Reference Count : 1]<UL><LI> startup_stm32f407xx.o(RESET)
</UL>
<P><STRONG><a name="[31]"></a>CAN1_TX_IRQHandler</STRONG> (Thumb, 0 bytes, Stack size 0 bytes, startup_stm32f407xx.o(.text))
<BR>[Address Reference Count : 1]<UL><LI> startup_stm32f407xx.o(RESET)
</UL>
<P><STRONG><a name="[5e]"></a>CAN2_RX0_IRQHandler</STRONG> (Thumb, 0 bytes, Stack size 0 bytes, startup_stm32f407xx.o(.text))
<BR>[Address Reference Count : 1]<UL><LI> startup_stm32f407xx.o(RESET)
</UL>
<P><STRONG><a name="[5f]"></a>CAN2_RX1_IRQHandler</STRONG> (Thumb, 0 bytes, Stack size 0 bytes, startup_stm32f407xx.o(.text))
<BR>[Address Reference Count : 1]<UL><LI> startup_stm32f407xx.o(RESET)
</UL>
<P><STRONG><a name="[60]"></a>CAN2_SCE_IRQHandler</STRONG> (Thumb, 0 bytes, Stack size 0 bytes, startup_stm32f407xx.o(.text))
<BR>[Address Reference Count : 1]<UL><LI> startup_stm32f407xx.o(RESET)
</UL>
<P><STRONG><a name="[5d]"></a>CAN2_TX_IRQHandler</STRONG> (Thumb, 0 bytes, Stack size 0 bytes, startup_stm32f407xx.o(.text))
<BR>[Address Reference Count : 1]<UL><LI> startup_stm32f407xx.o(RESET)
</UL>
<P><STRONG><a name="[6c]"></a>DCMI_IRQHandler</STRONG> (Thumb, 0 bytes, Stack size 0 bytes, startup_stm32f407xx.o(.text))
<BR>[Address Reference Count : 1]<UL><LI> startup_stm32f407xx.o(RESET)
</UL>
<P><STRONG><a name="[29]"></a>DMA1_Stream0_IRQHandler</STRONG> (Thumb, 0 bytes, Stack size 0 bytes, startup_stm32f407xx.o(.text))
<BR>[Address Reference Count : 1]<UL><LI> startup_stm32f407xx.o(RESET)
</UL>
<P><STRONG><a name="[2a]"></a>DMA1_Stream1_IRQHandler</STRONG> (Thumb, 0 bytes, Stack size 0 bytes, startup_stm32f407xx.o(.text))
<BR>[Address Reference Count : 1]<UL><LI> startup_stm32f407xx.o(RESET)
</UL>
<P><STRONG><a name="[2b]"></a>DMA1_Stream2_IRQHandler</STRONG> (Thumb, 0 bytes, Stack size 0 bytes, startup_stm32f407xx.o(.text))
<BR>[Address Reference Count : 1]<UL><LI> startup_stm32f407xx.o(RESET)
</UL>
<P><STRONG><a name="[2c]"></a>DMA1_Stream3_IRQHandler</STRONG> (Thumb, 0 bytes, Stack size 0 bytes, startup_stm32f407xx.o(.text))
<BR>[Address Reference Count : 1]<UL><LI> startup_stm32f407xx.o(RESET)
</UL>
<P><STRONG><a name="[2d]"></a>DMA1_Stream4_IRQHandler</STRONG> (Thumb, 0 bytes, Stack size 0 bytes, startup_stm32f407xx.o(.text))
<BR>[Address Reference Count : 1]<UL><LI> startup_stm32f407xx.o(RESET)
</UL>
<P><STRONG><a name="[2e]"></a>DMA1_Stream5_IRQHandler</STRONG> (Thumb, 0 bytes, Stack size 0 bytes, startup_stm32f407xx.o(.text))
<BR>[Address Reference Count : 1]<UL><LI> startup_stm32f407xx.o(RESET)
</UL>
<P><STRONG><a name="[2f]"></a>DMA1_Stream6_IRQHandler</STRONG> (Thumb, 0 bytes, Stack size 0 bytes, startup_stm32f407xx.o(.text))
<BR>[Address Reference Count : 1]<UL><LI> startup_stm32f407xx.o(RESET)
</UL>
<P><STRONG><a name="[4d]"></a>DMA1_Stream7_IRQHandler</STRONG> (Thumb, 0 bytes, Stack size 0 bytes, startup_stm32f407xx.o(.text))
<BR>[Address Reference Count : 1]<UL><LI> startup_stm32f407xx.o(RESET)
</UL>
<P><STRONG><a name="[56]"></a>DMA2_Stream0_IRQHandler</STRONG> (Thumb, 0 bytes, Stack size 0 bytes, startup_stm32f407xx.o(.text))
<BR>[Address Reference Count : 1]<UL><LI> startup_stm32f407xx.o(RESET)
</UL>
<P><STRONG><a name="[57]"></a>DMA2_Stream1_IRQHandler</STRONG> (Thumb, 0 bytes, Stack size 0 bytes, startup_stm32f407xx.o(.text))
<BR>[Address Reference Count : 1]<UL><LI> startup_stm32f407xx.o(RESET)
</UL>
<P><STRONG><a name="[58]"></a>DMA2_Stream2_IRQHandler</STRONG> (Thumb, 0 bytes, Stack size 0 bytes, startup_stm32f407xx.o(.text))
<BR>[Address Reference Count : 1]<UL><LI> startup_stm32f407xx.o(RESET)
</UL>
<P><STRONG><a name="[59]"></a>DMA2_Stream3_IRQHandler</STRONG> (Thumb, 0 bytes, Stack size 0 bytes, startup_stm32f407xx.o(.text))
<BR>[Address Reference Count : 1]<UL><LI> startup_stm32f407xx.o(RESET)
</UL>
<P><STRONG><a name="[5a]"></a>DMA2_Stream4_IRQHandler</STRONG> (Thumb, 0 bytes, Stack size 0 bytes, startup_stm32f407xx.o(.text))
<BR>[Address Reference Count : 1]<UL><LI> startup_stm32f407xx.o(RESET)
</UL>
<P><STRONG><a name="[62]"></a>DMA2_Stream5_IRQHandler</STRONG> (Thumb, 0 bytes, Stack size 0 bytes, startup_stm32f407xx.o(.text))
<BR>[Address Reference Count : 1]<UL><LI> startup_stm32f407xx.o(RESET)
</UL>
<P><STRONG><a name="[63]"></a>DMA2_Stream6_IRQHandler</STRONG> (Thumb, 0 bytes, Stack size 0 bytes, startup_stm32f407xx.o(.text))
<BR>[Address Reference Count : 1]<UL><LI> startup_stm32f407xx.o(RESET)
</UL>
<P><STRONG><a name="[64]"></a>DMA2_Stream7_IRQHandler</STRONG> (Thumb, 0 bytes, Stack size 0 bytes, startup_stm32f407xx.o(.text))
<BR>[Address Reference Count : 1]<UL><LI> startup_stm32f407xx.o(RESET)
</UL>
<P><STRONG><a name="[5b]"></a>ETH_IRQHandler</STRONG> (Thumb, 0 bytes, Stack size 0 bytes, startup_stm32f407xx.o(.text))
<BR>[Address Reference Count : 1]<UL><LI> startup_stm32f407xx.o(RESET)
</UL>
<P><STRONG><a name="[5c]"></a>ETH_WKUP_IRQHandler</STRONG> (Thumb, 0 bytes, Stack size 0 bytes, startup_stm32f407xx.o(.text))
<BR>[Address Reference Count : 1]<UL><LI> startup_stm32f407xx.o(RESET)
</UL>
<P><STRONG><a name="[46]"></a>EXTI15_10_IRQHandler</STRONG> (Thumb, 0 bytes, Stack size 0 bytes, startup_stm32f407xx.o(.text))
<BR>[Address Reference Count : 1]<UL><LI> startup_stm32f407xx.o(RESET)
</UL>
<P><STRONG><a name="[25]"></a>EXTI1_IRQHandler</STRONG> (Thumb, 0 bytes, Stack size 0 bytes, startup_stm32f407xx.o(.text))
<BR>[Address Reference Count : 1]<UL><LI> startup_stm32f407xx.o(RESET)
</UL>
<P><STRONG><a name="[27]"></a>EXTI3_IRQHandler</STRONG> (Thumb, 0 bytes, Stack size 0 bytes, startup_stm32f407xx.o(.text))
<BR>[Address Reference Count : 1]<UL><LI> startup_stm32f407xx.o(RESET)
</UL>
<P><STRONG><a name="[28]"></a>EXTI4_IRQHandler</STRONG> (Thumb, 0 bytes, Stack size 0 bytes, startup_stm32f407xx.o(.text))
<BR>[Address Reference Count : 1]<UL><LI> startup_stm32f407xx.o(RESET)
</UL>
<P><STRONG><a name="[35]"></a>EXTI9_5_IRQHandler</STRONG> (Thumb, 0 bytes, Stack size 0 bytes, startup_stm32f407xx.o(.text))
<BR>[Address Reference Count : 1]<UL><LI> startup_stm32f407xx.o(RESET)
</UL>
<P><STRONG><a name="[22]"></a>FLASH_IRQHandler</STRONG> (Thumb, 0 bytes, Stack size 0 bytes, startup_stm32f407xx.o(.text))
<BR>[Address Reference Count : 1]<UL><LI> startup_stm32f407xx.o(RESET)
</UL>
<P><STRONG><a name="[4e]"></a>FMC_IRQHandler</STRONG> (Thumb, 0 bytes, Stack size 0 bytes, startup_stm32f407xx.o(.text))
<BR>[Address Reference Count : 1]<UL><LI> startup_stm32f407xx.o(RESET)
</UL>
<P><STRONG><a name="[6e]"></a>FPU_IRQHandler</STRONG> (Thumb, 0 bytes, Stack size 0 bytes, startup_stm32f407xx.o(.text))
<BR>[Address Reference Count : 1]<UL><LI> startup_stm32f407xx.o(RESET)
</UL>
<P><STRONG><a name="[6d]"></a>HASH_RNG_IRQHandler</STRONG> (Thumb, 0 bytes, Stack size 0 bytes, startup_stm32f407xx.o(.text))
<BR>[Address Reference Count : 1]<UL><LI> startup_stm32f407xx.o(RESET)
</UL>
<P><STRONG><a name="[3e]"></a>I2C1_ER_IRQHandler</STRONG> (Thumb, 0 bytes, Stack size 0 bytes, startup_stm32f407xx.o(.text))
<BR>[Address Reference Count : 1]<UL><LI> startup_stm32f407xx.o(RESET)
</UL>
<P><STRONG><a name="[3d]"></a>I2C1_EV_IRQHandler</STRONG> (Thumb, 0 bytes, Stack size 0 bytes, startup_stm32f407xx.o(.text))
<BR>[Address Reference Count : 1]<UL><LI> startup_stm32f407xx.o(RESET)
</UL>
<P><STRONG><a name="[40]"></a>I2C2_ER_IRQHandler</STRONG> (Thumb, 0 bytes, Stack size 0 bytes, startup_stm32f407xx.o(.text))
<BR>[Address Reference Count : 1]<UL><LI> startup_stm32f407xx.o(RESET)
</UL>
<P><STRONG><a name="[3f]"></a>I2C2_EV_IRQHandler</STRONG> (Thumb, 0 bytes, Stack size 0 bytes, startup_stm32f407xx.o(.text))
<BR>[Address Reference Count : 1]<UL><LI> startup_stm32f407xx.o(RESET)
</UL>
<P><STRONG><a name="[67]"></a>I2C3_ER_IRQHandler</STRONG> (Thumb, 0 bytes, Stack size 0 bytes, startup_stm32f407xx.o(.text))
<BR>[Address Reference Count : 1]<UL><LI> startup_stm32f407xx.o(RESET)
</UL>
<P><STRONG><a name="[66]"></a>I2C3_EV_IRQHandler</STRONG> (Thumb, 0 bytes, Stack size 0 bytes, startup_stm32f407xx.o(.text))
<BR>[Address Reference Count : 1]<UL><LI> startup_stm32f407xx.o(RESET)
</UL>
<P><STRONG><a name="[48]"></a>OTG_FS_WKUP_IRQHandler</STRONG> (Thumb, 0 bytes, Stack size 0 bytes, startup_stm32f407xx.o(.text))
<BR>[Address Reference Count : 1]<UL><LI> startup_stm32f407xx.o(RESET)
</UL>
<P><STRONG><a name="[69]"></a>OTG_HS_EP1_IN_IRQHandler</STRONG> (Thumb, 0 bytes, Stack size 0 bytes, startup_stm32f407xx.o(.text))
<BR>[Address Reference Count : 1]<UL><LI> startup_stm32f407xx.o(RESET)
</UL>
<P><STRONG><a name="[68]"></a>OTG_HS_EP1_OUT_IRQHandler</STRONG> (Thumb, 0 bytes, Stack size 0 bytes, startup_stm32f407xx.o(.text))
<BR>[Address Reference Count : 1]<UL><LI> startup_stm32f407xx.o(RESET)
</UL>
<P><STRONG><a name="[6b]"></a>OTG_HS_IRQHandler</STRONG> (Thumb, 0 bytes, Stack size 0 bytes, startup_stm32f407xx.o(.text))
<BR>[Address Reference Count : 1]<UL><LI> startup_stm32f407xx.o(RESET)
</UL>
<P><STRONG><a name="[6a]"></a>OTG_HS_WKUP_IRQHandler</STRONG> (Thumb, 0 bytes, Stack size 0 bytes, startup_stm32f407xx.o(.text))
<BR>[Address Reference Count : 1]<UL><LI> startup_stm32f407xx.o(RESET)
</UL>
<P><STRONG><a name="[1f]"></a>PVD_IRQHandler</STRONG> (Thumb, 0 bytes, Stack size 0 bytes, startup_stm32f407xx.o(.text))
<BR>[Address Reference Count : 1]<UL><LI> startup_stm32f407xx.o(RESET)
</UL>
<P><STRONG><a name="[23]"></a>RCC_IRQHandler</STRONG> (Thumb, 0 bytes, Stack size 0 bytes, startup_stm32f407xx.o(.text))
<BR>[Address Reference Count : 1]<UL><LI> startup_stm32f407xx.o(RESET)
</UL>
<P><STRONG><a name="[47]"></a>RTC_Alarm_IRQHandler</STRONG> (Thumb, 0 bytes, Stack size 0 bytes, startup_stm32f407xx.o(.text))
<BR>[Address Reference Count : 1]<UL><LI> startup_stm32f407xx.o(RESET)
</UL>
<P><STRONG><a name="[21]"></a>RTC_WKUP_IRQHandler</STRONG> (Thumb, 0 bytes, Stack size 0 bytes, startup_stm32f407xx.o(.text))
<BR>[Address Reference Count : 1]<UL><LI> startup_stm32f407xx.o(RESET)
</UL>
<P><STRONG><a name="[4f]"></a>SDIO_IRQHandler</STRONG> (Thumb, 0 bytes, Stack size 0 bytes, startup_stm32f407xx.o(.text))
<BR>[Address Reference Count : 1]<UL><LI> startup_stm32f407xx.o(RESET)
</UL>
<P><STRONG><a name="[41]"></a>SPI1_IRQHandler</STRONG> (Thumb, 0 bytes, Stack size 0 bytes, startup_stm32f407xx.o(.text))
<BR>[Address Reference Count : 1]<UL><LI> startup_stm32f407xx.o(RESET)
</UL>
<P><STRONG><a name="[42]"></a>SPI2_IRQHandler</STRONG> (Thumb, 0 bytes, Stack size 0 bytes, startup_stm32f407xx.o(.text))
<BR>[Address Reference Count : 1]<UL><LI> startup_stm32f407xx.o(RESET)
</UL>
<P><STRONG><a name="[51]"></a>SPI3_IRQHandler</STRONG> (Thumb, 0 bytes, Stack size 0 bytes, startup_stm32f407xx.o(.text))
<BR>[Address Reference Count : 1]<UL><LI> startup_stm32f407xx.o(RESET)
</UL>
<P><STRONG><a name="[20]"></a>TAMP_STAMP_IRQHandler</STRONG> (Thumb, 0 bytes, Stack size 0 bytes, startup_stm32f407xx.o(.text))
<BR>[Address Reference Count : 1]<UL><LI> startup_stm32f407xx.o(RESET)
</UL>
<P><STRONG><a name="[36]"></a>TIM1_BRK_TIM9_IRQHandler</STRONG> (Thumb, 0 bytes, Stack size 0 bytes, startup_stm32f407xx.o(.text))
<BR>[Address Reference Count : 1]<UL><LI> startup_stm32f407xx.o(RESET)
</UL>
<P><STRONG><a name="[39]"></a>TIM1_CC_IRQHandler</STRONG> (Thumb, 0 bytes, Stack size 0 bytes, startup_stm32f407xx.o(.text))
<BR>[Address Reference Count : 1]<UL><LI> startup_stm32f407xx.o(RESET)
</UL>
<P><STRONG><a name="[38]"></a>TIM1_TRG_COM_TIM11_IRQHandler</STRONG> (Thumb, 0 bytes, Stack size 0 bytes, startup_stm32f407xx.o(.text))
<BR>[Address Reference Count : 1]<UL><LI> startup_stm32f407xx.o(RESET)
</UL>
<P><STRONG><a name="[37]"></a>TIM1_UP_TIM10_IRQHandler</STRONG> (Thumb, 0 bytes, Stack size 0 bytes, startup_stm32f407xx.o(.text))
<BR>[Address Reference Count : 1]<UL><LI> startup_stm32f407xx.o(RESET)
</UL>
<P><STRONG><a name="[3a]"></a>TIM2_IRQHandler</STRONG> (Thumb, 0 bytes, Stack size 0 bytes, startup_stm32f407xx.o(.text))
<BR>[Address Reference Count : 1]<UL><LI> startup_stm32f407xx.o(RESET)
</UL>
<P><STRONG><a name="[3b]"></a>TIM3_IRQHandler</STRONG> (Thumb, 0 bytes, Stack size 0 bytes, startup_stm32f407xx.o(.text))
<BR>[Address Reference Count : 1]<UL><LI> startup_stm32f407xx.o(RESET)
</UL>
<P><STRONG><a name="[3c]"></a>TIM4_IRQHandler</STRONG> (Thumb, 0 bytes, Stack size 0 bytes, startup_stm32f407xx.o(.text))
<BR>[Address Reference Count : 1]<UL><LI> startup_stm32f407xx.o(RESET)
</UL>
<P><STRONG><a name="[50]"></a>TIM5_IRQHandler</STRONG> (Thumb, 0 bytes, Stack size 0 bytes, startup_stm32f407xx.o(.text))
<BR>[Address Reference Count : 1]<UL><LI> startup_stm32f407xx.o(RESET)
</UL>
<P><STRONG><a name="[54]"></a>TIM6_DAC_IRQHandler</STRONG> (Thumb, 0 bytes, Stack size 0 bytes, startup_stm32f407xx.o(.text))
<BR>[Address Reference Count : 1]<UL><LI> startup_stm32f407xx.o(RESET)
</UL>
<P><STRONG><a name="[55]"></a>TIM7_IRQHandler</STRONG> (Thumb, 0 bytes, Stack size 0 bytes, startup_stm32f407xx.o(.text))
<BR>[Address Reference Count : 1]<UL><LI> startup_stm32f407xx.o(RESET)
</UL>
<P><STRONG><a name="[49]"></a>TIM8_BRK_TIM12_IRQHandler</STRONG> (Thumb, 0 bytes, Stack size 0 bytes, startup_stm32f407xx.o(.text))
<BR>[Address Reference Count : 1]<UL><LI> startup_stm32f407xx.o(RESET)
</UL>
<P><STRONG><a name="[4c]"></a>TIM8_CC_IRQHandler</STRONG> (Thumb, 0 bytes, Stack size 0 bytes, startup_stm32f407xx.o(.text))
<BR>[Address Reference Count : 1]<UL><LI> startup_stm32f407xx.o(RESET)
</UL>
<P><STRONG><a name="[4b]"></a>TIM8_TRG_COM_TIM14_IRQHandler</STRONG> (Thumb, 0 bytes, Stack size 0 bytes, startup_stm32f407xx.o(.text))
<BR>[Address Reference Count : 1]<UL><LI> startup_stm32f407xx.o(RESET)
</UL>
<P><STRONG><a name="[4a]"></a>TIM8_UP_TIM13_IRQHandler</STRONG> (Thumb, 0 bytes, Stack size 0 bytes, startup_stm32f407xx.o(.text))
<BR>[Address Reference Count : 1]<UL><LI> startup_stm32f407xx.o(RESET)
</UL>
<P><STRONG><a name="[52]"></a>UART4_IRQHandler</STRONG> (Thumb, 0 bytes, Stack size 0 bytes, startup_stm32f407xx.o(.text))
<BR>[Address Reference Count : 1]<UL><LI> startup_stm32f407xx.o(RESET)
</UL>
<P><STRONG><a name="[53]"></a>UART5_IRQHandler</STRONG> (Thumb, 0 bytes, Stack size 0 bytes, startup_stm32f407xx.o(.text))
<BR>[Address Reference Count : 1]<UL><LI> startup_stm32f407xx.o(RESET)
</UL>
<P><STRONG><a name="[43]"></a>USART1_IRQHandler</STRONG> (Thumb, 0 bytes, Stack size 0 bytes, startup_stm32f407xx.o(.text))
<BR>[Address Reference Count : 1]<UL><LI> startup_stm32f407xx.o(RESET)
</UL>
<P><STRONG><a name="[45]"></a>USART3_IRQHandler</STRONG> (Thumb, 0 bytes, Stack size 0 bytes, startup_stm32f407xx.o(.text))
<BR>[Address Reference Count : 1]<UL><LI> startup_stm32f407xx.o(RESET)
</UL>
<P><STRONG><a name="[65]"></a>USART6_IRQHandler</STRONG> (Thumb, 0 bytes, Stack size 0 bytes, startup_stm32f407xx.o(.text))
<BR>[Address Reference Count : 1]<UL><LI> startup_stm32f407xx.o(RESET)
</UL>
<P><STRONG><a name="[1e]"></a>WWDG_IRQHandler</STRONG> (Thumb, 0 bytes, Stack size 0 bytes, startup_stm32f407xx.o(.text))
<BR>[Address Reference Count : 1]<UL><LI> startup_stm32f407xx.o(RESET)
</UL>
<P><STRONG><a name="[78]"></a>__aeabi_ldivmod</STRONG> (Thumb, 98 bytes, Stack size 24 bytes, ldiv.o(.text))
<BR><BR>[Stack]<UL><LI>Max Depth = 64<LI>Call Chain = __aeabi_ldivmod &rArr; __aeabi_uldivmod
</UL>
<BR>[Calls]<UL><LI><a href="#[79]">&gt;&gt;</a>&nbsp;&nbsp;&nbsp;__aeabi_uldivmod
</UL>
<BR>[Called By]<UL><LI><a href="#[1dd]">&gt;&gt;</a>&nbsp;&nbsp;&nbsp;ReceiveAnalysis::PackDataFromPcCallback(unsigned char*, int)
<LI><a href="#[1fa]">&gt;&gt;</a>&nbsp;&nbsp;&nbsp;view::DisplayMem::drawxNumber(int, int, long long, int, view::FONT_t)
<LI><a href="#[1f8]">&gt;&gt;</a>&nbsp;&nbsp;&nbsp;view::DisplayMem::drawNumber(int, int, long long, int, view::FONT_t)
</UL>

<P><STRONG><a name="[16f]"></a>__rt_ctype_table</STRONG> (Thumb, 4 bytes, Stack size 0 bytes, ctype_o.o(.text))
<BR><BR>[Called By]<UL><LI><a href="#[bc]">&gt;&gt;</a>&nbsp;&nbsp;&nbsp;HexToDec
</UL>

<P><STRONG><a name="[226]"></a>___aeabi_memcpy8$move</STRONG> (Thumb, 0 bytes, Stack size 8 bytes, memmovea.o(.text), UNUSED)

<P><STRONG><a name="[e4]"></a>__aeabi_memcpy</STRONG> (Thumb, 64 bytes, Stack size 8 bytes, memmovea.o(.text))
<BR><BR>[Stack]<UL><LI>Max Depth = 8<LI>Call Chain = __aeabi_memcpy
</UL>
<BR>[Called By]<UL><LI><a href="#[1d6]">&gt;&gt;</a>&nbsp;&nbsp;&nbsp;PrivateKey::GetPublicKey(bool)
<LI><a href="#[196]">&gt;&gt;</a>&nbsp;&nbsp;&nbsp;RNGinit
<LI><a href="#[e2]">&gt;&gt;</a>&nbsp;&nbsp;&nbsp;DRBG_AES128_Block_cipher_df
<LI><a href="#[19e]">&gt;&gt;</a>&nbsp;&nbsp;&nbsp;SHA256Update
</UL>

<P><STRONG><a name="[e3]"></a>__aeabi_memcpy4</STRONG> (Thumb, 0 bytes, Stack size 8 bytes, memmovea.o(.text))
<BR><BR>[Stack]<UL><LI>Max Depth = 8<LI>Call Chain = __aeabi_memcpy4
</UL>
<BR>[Called By]<UL><LI><a href="#[14d]">&gt;&gt;</a>&nbsp;&nbsp;&nbsp;HAL_PCD_Init
<LI><a href="#[bd]">&gt;&gt;</a>&nbsp;&nbsp;&nbsp;DecTOAddress
<LI><a href="#[196]">&gt;&gt;</a>&nbsp;&nbsp;&nbsp;RNGinit
<LI><a href="#[c7]">&gt;&gt;</a>&nbsp;&nbsp;&nbsp;RNG_init_for_sign
<LI><a href="#[e2]">&gt;&gt;</a>&nbsp;&nbsp;&nbsp;DRBG_AES128_Block_cipher_df
</UL>

<P><STRONG><a name="[d8]"></a>__aeabi_memmove</STRONG> (Thumb, 0 bytes, Stack size 8 bytes, memmovea.o(.text))
<BR><BR>[Stack]<UL><LI>Max Depth = 8<LI>Call Chain = __aeabi_memmove
</UL>
<BR>[Called By]<UL><LI><a href="#[dd]">&gt;&gt;</a>&nbsp;&nbsp;&nbsp;USB_DataReceiveHander
<LI><a href="#[1e5]">&gt;&gt;</a>&nbsp;&nbsp;&nbsp;Commands::CreateDataQuest(unsigned short, unsigned short, unsigned short, unsigned short, unsigned char*, unsigned)
<LI><a href="#[1f6]">&gt;&gt;</a>&nbsp;&nbsp;&nbsp;Commands::SendHidFrame(unsigned short, unsigned short, unsigned, unsigned char*, unsigned char)
<LI><a href="#[1e8]">&gt;&gt;</a>&nbsp;&nbsp;&nbsp;Commands::AppendBytes(unsigned char*, int)
<LI><a href="#[1dd]">&gt;&gt;</a>&nbsp;&nbsp;&nbsp;ReceiveAnalysis::PackDataFromPcCallback(unsigned char*, int)
<LI><a href="#[1d9]">&gt;&gt;</a>&nbsp;&nbsp;&nbsp;PrivateKey::PrivateKey(unsigned char*)
<LI><a href="#[d4]">&gt;&gt;</a>&nbsp;&nbsp;&nbsp;Alg_ShowSignData
</UL>

<P><STRONG><a name="[da]"></a>__aeabi_memmove4</STRONG> (Thumb, 0 bytes, Stack size 8 bytes, memmovea.o(.text))
<BR><BR>[Stack]<UL><LI>Max Depth = 8<LI>Call Chain = __aeabi_memmove4
</UL>
<BR>[Called By]<UL><LI><a href="#[1dd]">&gt;&gt;</a>&nbsp;&nbsp;&nbsp;ReceiveAnalysis::PackDataFromPcCallback(unsigned char*, int)
<LI><a href="#[d4]">&gt;&gt;</a>&nbsp;&nbsp;&nbsp;Alg_ShowSignData
</UL>

<P><STRONG><a name="[227]"></a>__aeabi_memmove8</STRONG> (Thumb, 0 bytes, Stack size 8 bytes, memmovea.o(.text), UNUSED)

<P><STRONG><a name="[7b]"></a>__aeabi_memset</STRONG> (Thumb, 14 bytes, Stack size 0 bytes, memseta.o(.text))
<BR><BR>[Called By]<UL><LI><a href="#[21d]">&gt;&gt;</a>&nbsp;&nbsp;&nbsp;my_main
<LI><a href="#[7c]">&gt;&gt;</a>&nbsp;&nbsp;&nbsp;_memset$wrapper
<LI><a href="#[7a]">&gt;&gt;</a>&nbsp;&nbsp;&nbsp;__aeabi_memclr
</UL>

<P><STRONG><a name="[228]"></a>__aeabi_memset4</STRONG> (Thumb, 0 bytes, Stack size 0 bytes, memseta.o(.text), UNUSED)

<P><STRONG><a name="[229]"></a>__aeabi_memset8</STRONG> (Thumb, 0 bytes, Stack size 0 bytes, memseta.o(.text), UNUSED)

<P><STRONG><a name="[7a]"></a>__aeabi_memclr</STRONG> (Thumb, 4 bytes, Stack size 0 bytes, memseta.o(.text))
<BR><BR>[Calls]<UL><LI><a href="#[7b]">&gt;&gt;</a>&nbsp;&nbsp;&nbsp;__aeabi_memset
</UL>
<BR>[Called By]<UL><LI><a href="#[21d]">&gt;&gt;</a>&nbsp;&nbsp;&nbsp;my_main
<LI><a href="#[1e3]">&gt;&gt;</a>&nbsp;&nbsp;&nbsp;Commands::Commands()
<LI><a href="#[1e7]">&gt;&gt;</a>&nbsp;&nbsp;&nbsp;Commands::Commands(unsigned short, unsigned short)
<LI><a href="#[1e5]">&gt;&gt;</a>&nbsp;&nbsp;&nbsp;Commands::CreateDataQuest(unsigned short, unsigned short, unsigned short, unsigned short, unsigned char*, unsigned)
<LI><a href="#[1f6]">&gt;&gt;</a>&nbsp;&nbsp;&nbsp;Commands::SendHidFrame(unsigned short, unsigned short, unsigned, unsigned char*, unsigned char)
<LI><a href="#[1dd]">&gt;&gt;</a>&nbsp;&nbsp;&nbsp;ReceiveAnalysis::PackDataFromPcCallback(unsigned char*, int)
<LI><a href="#[c6]">&gt;&gt;</a>&nbsp;&nbsp;&nbsp;Alg_GetPublicFromPrivate
<LI><a href="#[1d9]">&gt;&gt;</a>&nbsp;&nbsp;&nbsp;PrivateKey::PrivateKey(unsigned char*)
<LI><a href="#[c2]">&gt;&gt;</a>&nbsp;&nbsp;&nbsp;Alg_GetAddressFromPublic
<LI><a href="#[e8]">&gt;&gt;</a>&nbsp;&nbsp;&nbsp;bigdiv
<LI><a href="#[bd]">&gt;&gt;</a>&nbsp;&nbsp;&nbsp;DecTOAddress
<LI><a href="#[b4]">&gt;&gt;</a>&nbsp;&nbsp;&nbsp;bigpow
</UL>

<P><STRONG><a name="[b2]"></a>__aeabi_memclr4</STRONG> (Thumb, 0 bytes, Stack size 0 bytes, memseta.o(.text))
<BR><BR>[Called By]<UL><LI><a href="#[1dd]">&gt;&gt;</a>&nbsp;&nbsp;&nbsp;ReceiveAnalysis::PackDataFromPcCallback(unsigned char*, int)
<LI><a href="#[1d5]">&gt;&gt;</a>&nbsp;&nbsp;&nbsp;Update_PowerOn_SetFlag
<LI><a href="#[1d3]">&gt;&gt;</a>&nbsp;&nbsp;&nbsp;Update_Passport
<LI><a href="#[1d2]">&gt;&gt;</a>&nbsp;&nbsp;&nbsp;Update_Count_Num
<LI><a href="#[1d1]">&gt;&gt;</a>&nbsp;&nbsp;&nbsp;Updata_Set_Flag
<LI><a href="#[10a]">&gt;&gt;</a>&nbsp;&nbsp;&nbsp;Get_Flash_Address
<LI><a href="#[d4]">&gt;&gt;</a>&nbsp;&nbsp;&nbsp;Alg_ShowSignData
<LI><a href="#[c2]">&gt;&gt;</a>&nbsp;&nbsp;&nbsp;Alg_GetAddressFromPublic
<LI><a href="#[ba]">&gt;&gt;</a>&nbsp;&nbsp;&nbsp;Alg_Base58Encode
<LI><a href="#[b1]">&gt;&gt;</a>&nbsp;&nbsp;&nbsp;Alg_Base58Decode
<LI><a href="#[e8]">&gt;&gt;</a>&nbsp;&nbsp;&nbsp;bigdiv
<LI><a href="#[19b]">&gt;&gt;</a>&nbsp;&nbsp;&nbsp;ripemd160_EndHash
<LI><a href="#[c4]">&gt;&gt;</a>&nbsp;&nbsp;&nbsp;Ripemd160
<LI><a href="#[b8]">&gt;&gt;</a>&nbsp;&nbsp;&nbsp;DecToHex
<LI><a href="#[bd]">&gt;&gt;</a>&nbsp;&nbsp;&nbsp;DecTOAddress
<LI><a href="#[c5]">&gt;&gt;</a>&nbsp;&nbsp;&nbsp;Base58_Encode
<LI><a href="#[196]">&gt;&gt;</a>&nbsp;&nbsp;&nbsp;RNGinit
<LI><a href="#[b4]">&gt;&gt;</a>&nbsp;&nbsp;&nbsp;bigpow
<LI><a href="#[b6]">&gt;&gt;</a>&nbsp;&nbsp;&nbsp;bigmul
</UL>

<P><STRONG><a name="[22a]"></a>__aeabi_memclr8</STRONG> (Thumb, 0 bytes, Stack size 0 bytes, memseta.o(.text), UNUSED)

<P><STRONG><a name="[7c]"></a>_memset$wrapper</STRONG> (Thumb, 18 bytes, Stack size 8 bytes, memseta.o(.text), UNUSED)
<BR><BR>[Calls]<UL><LI><a href="#[7b]">&gt;&gt;</a>&nbsp;&nbsp;&nbsp;__aeabi_memset
</UL>

<P><STRONG><a name="[b5]"></a>strlen</STRONG> (Thumb, 14 bytes, Stack size 0 bytes, strlen.o(.text))
<BR><BR>[Called By]<UL><LI><a href="#[1dd]">&gt;&gt;</a>&nbsp;&nbsp;&nbsp;ReceiveAnalysis::PackDataFromPcCallback(unsigned char*, int)
<LI><a href="#[10a]">&gt;&gt;</a>&nbsp;&nbsp;&nbsp;Get_Flash_Address
<LI><a href="#[ba]">&gt;&gt;</a>&nbsp;&nbsp;&nbsp;Alg_Base58Encode
<LI><a href="#[b1]">&gt;&gt;</a>&nbsp;&nbsp;&nbsp;Alg_Base58Decode
<LI><a href="#[170]">&gt;&gt;</a>&nbsp;&nbsp;&nbsp;strupr
<LI><a href="#[ec]">&gt;&gt;</a>&nbsp;&nbsp;&nbsp;convert2to16
<LI><a href="#[ea]">&gt;&gt;</a>&nbsp;&nbsp;&nbsp;ReverseArray
<LI><a href="#[eb]">&gt;&gt;</a>&nbsp;&nbsp;&nbsp;Div
<LI><a href="#[bc]">&gt;&gt;</a>&nbsp;&nbsp;&nbsp;HexToDec
<LI><a href="#[b3]">&gt;&gt;</a>&nbsp;&nbsp;&nbsp;GetIndexFromBuff
<LI><a href="#[b8]">&gt;&gt;</a>&nbsp;&nbsp;&nbsp;DecToHex
<LI><a href="#[bd]">&gt;&gt;</a>&nbsp;&nbsp;&nbsp;DecTOAddress
<LI><a href="#[c5]">&gt;&gt;</a>&nbsp;&nbsp;&nbsp;Base58_Encode
<LI><a href="#[b4]">&gt;&gt;</a>&nbsp;&nbsp;&nbsp;bigpow
<LI><a href="#[b6]">&gt;&gt;</a>&nbsp;&nbsp;&nbsp;bigmul
<LI><a href="#[b7]">&gt;&gt;</a>&nbsp;&nbsp;&nbsp;bigadd
</UL>

<P><STRONG><a name="[21c]"></a>strcmp</STRONG> (Thumb, 28 bytes, Stack size 8 bytes, strcmp.o(.text))
<BR><BR>[Stack]<UL><LI>Max Depth = 8<LI>Call Chain = strcmp
</UL>
<BR>[Called By]<UL><LI><a href="#[e8]">&gt;&gt;</a>&nbsp;&nbsp;&nbsp;bigdiv
</UL>

<P><STRONG><a name="[e9]"></a>strcpy</STRONG> (Thumb, 18 bytes, Stack size 0 bytes, strcpy.o(.text))
<BR><BR>[Called By]<UL><LI><a href="#[bc]">&gt;&gt;</a>&nbsp;&nbsp;&nbsp;HexToDec
<LI><a href="#[b8]">&gt;&gt;</a>&nbsp;&nbsp;&nbsp;DecToHex
<LI><a href="#[bd]">&gt;&gt;</a>&nbsp;&nbsp;&nbsp;DecTOAddress
</UL>

<P><STRONG><a name="[10c]"></a>strncmp</STRONG> (Thumb, 30 bytes, Stack size 12 bytes, strncmp.o(.text))
<BR><BR>[Stack]<UL><LI>Max Depth = 12<LI>Call Chain = strncmp
</UL>
<BR>[Called By]<UL><LI><a href="#[10a]">&gt;&gt;</a>&nbsp;&nbsp;&nbsp;Get_Flash_Address
</UL>

<P><STRONG><a name="[74]"></a>__cpp_initialize__aeabi_</STRONG> (Thumb, 22 bytes, Stack size 16 bytes, cpp_init.o(.text))
<BR><BR>[Stack]<UL><LI>Max Depth = 16<LI>Call Chain = __cpp_initialize__aeabi_
</UL>
<BR>[Called By]<UL><LI><a href="#[77]">&gt;&gt;</a>&nbsp;&nbsp;&nbsp;_main_cpp_init$empty
</UL>

<P><STRONG><a name="[7d]"></a>__aeabi_dadd</STRONG> (Thumb, 322 bytes, Stack size 48 bytes, dadd.o(.text))
<BR><BR>[Stack]<UL><LI>Max Depth = 88<LI>Call Chain = __aeabi_dadd &rArr; _double_epilogue &rArr; _double_round
</UL>
<BR>[Calls]<UL><LI><a href="#[7f]">&gt;&gt;</a>&nbsp;&nbsp;&nbsp;__aeabi_lasr
<LI><a href="#[7e]">&gt;&gt;</a>&nbsp;&nbsp;&nbsp;__aeabi_llsl
<LI><a href="#[81]">&gt;&gt;</a>&nbsp;&nbsp;&nbsp;_double_round
<LI><a href="#[80]">&gt;&gt;</a>&nbsp;&nbsp;&nbsp;_double_epilogue
</UL>
<BR>[Called By]<UL><LI><a href="#[d4]">&gt;&gt;</a>&nbsp;&nbsp;&nbsp;Alg_ShowSignData
<LI><a href="#[d6]">&gt;&gt;</a>&nbsp;&nbsp;&nbsp;ReadByteLength
<LI><a href="#[d9]">&gt;&gt;</a>&nbsp;&nbsp;&nbsp;CountMoney
<LI><a href="#[82]">&gt;&gt;</a>&nbsp;&nbsp;&nbsp;__aeabi_dsub
<LI><a href="#[83]">&gt;&gt;</a>&nbsp;&nbsp;&nbsp;__aeabi_drsub
<LI><a href="#[d5]">&gt;&gt;</a>&nbsp;&nbsp;&nbsp;__hardfp_pow
<LI><a href="#[216]">&gt;&gt;</a>&nbsp;&nbsp;&nbsp;__kernel_poly
<LI><a href="#[20e]">&gt;&gt;</a>&nbsp;&nbsp;&nbsp;__mathlib_dbl_infnan2
</UL>

<P><STRONG><a name="[82]"></a>__aeabi_dsub</STRONG> (Thumb, 6 bytes, Stack size 0 bytes, dadd.o(.text))
<BR><BR>[Stack]<UL><LI>Max Depth = 88<LI>Call Chain = __aeabi_dsub &rArr; __aeabi_dadd &rArr; _double_epilogue &rArr; _double_round
</UL>
<BR>[Calls]<UL><LI><a href="#[7d]">&gt;&gt;</a>&nbsp;&nbsp;&nbsp;__aeabi_dadd
</UL>
<BR>[Called By]<UL><LI><a href="#[d5]">&gt;&gt;</a>&nbsp;&nbsp;&nbsp;__hardfp_pow
</UL>

<P><STRONG><a name="[83]"></a>__aeabi_drsub</STRONG> (Thumb, 6 bytes, Stack size 0 bytes, dadd.o(.text))
<BR><BR>[Stack]<UL><LI>Max Depth = 88<LI>Call Chain = __aeabi_drsub &rArr; __aeabi_dadd &rArr; _double_epilogue &rArr; _double_round
</UL>
<BR>[Calls]<UL><LI><a href="#[7d]">&gt;&gt;</a>&nbsp;&nbsp;&nbsp;__aeabi_dadd
</UL>
<BR>[Called By]<UL><LI><a href="#[d5]">&gt;&gt;</a>&nbsp;&nbsp;&nbsp;__hardfp_pow
</UL>

<P><STRONG><a name="[84]"></a>__aeabi_dmul</STRONG> (Thumb, 228 bytes, Stack size 48 bytes, dmul.o(.text))
<BR><BR>[Stack]<UL><LI>Max Depth = 88<LI>Call Chain = __aeabi_dmul &rArr; _double_epilogue &rArr; _double_round
</UL>
<BR>[Calls]<UL><LI><a href="#[80]">&gt;&gt;</a>&nbsp;&nbsp;&nbsp;_double_epilogue
</UL>
<BR>[Called By]<UL><LI><a href="#[d4]">&gt;&gt;</a>&nbsp;&nbsp;&nbsp;Alg_ShowSignData
<LI><a href="#[d6]">&gt;&gt;</a>&nbsp;&nbsp;&nbsp;ReadByteLength
<LI><a href="#[d9]">&gt;&gt;</a>&nbsp;&nbsp;&nbsp;CountMoney
<LI><a href="#[d5]">&gt;&gt;</a>&nbsp;&nbsp;&nbsp;__hardfp_pow
<LI><a href="#[216]">&gt;&gt;</a>&nbsp;&nbsp;&nbsp;__kernel_poly
<LI><a href="#[215]">&gt;&gt;</a>&nbsp;&nbsp;&nbsp;__mathlib_dbl_underflow
<LI><a href="#[211]">&gt;&gt;</a>&nbsp;&nbsp;&nbsp;__mathlib_dbl_overflow
</UL>

<P><STRONG><a name="[85]"></a>__aeabi_i2d</STRONG> (Thumb, 34 bytes, Stack size 16 bytes, dflti.o(.text))
<BR><BR>[Stack]<UL><LI>Max Depth = 56<LI>Call Chain = __aeabi_i2d &rArr; _double_epilogue &rArr; _double_round
</UL>
<BR>[Calls]<UL><LI><a href="#[80]">&gt;&gt;</a>&nbsp;&nbsp;&nbsp;_double_epilogue
</UL>
<BR>[Called By]<UL><LI><a href="#[d4]">&gt;&gt;</a>&nbsp;&nbsp;&nbsp;Alg_ShowSignData
<LI><a href="#[d6]">&gt;&gt;</a>&nbsp;&nbsp;&nbsp;ReadByteLength
<LI><a href="#[d9]">&gt;&gt;</a>&nbsp;&nbsp;&nbsp;CountMoney
<LI><a href="#[d5]">&gt;&gt;</a>&nbsp;&nbsp;&nbsp;__hardfp_pow
</UL>

<P><STRONG><a name="[86]"></a>__aeabi_l2d</STRONG> (Thumb, 40 bytes, Stack size 24 bytes, dfltl.o(.text))
<BR><BR>[Stack]<UL><LI>Max Depth = 64<LI>Call Chain = __aeabi_l2d &rArr; _double_epilogue &rArr; _double_round
</UL>
<BR>[Calls]<UL><LI><a href="#[80]">&gt;&gt;</a>&nbsp;&nbsp;&nbsp;_double_epilogue
</UL>
<BR>[Called By]<UL><LI><a href="#[d9]">&gt;&gt;</a>&nbsp;&nbsp;&nbsp;CountMoney
</UL>

<P><STRONG><a name="[87]"></a>__aeabi_d2lz</STRONG> (Thumb, 74 bytes, Stack size 16 bytes, dfixl.o(.text))
<BR><BR>[Stack]<UL><LI>Max Depth = 16<LI>Call Chain = __aeabi_d2lz
</UL>
<BR>[Calls]<UL><LI><a href="#[88]">&gt;&gt;</a>&nbsp;&nbsp;&nbsp;__aeabi_llsr
<LI><a href="#[7e]">&gt;&gt;</a>&nbsp;&nbsp;&nbsp;__aeabi_llsl
</UL>
<BR>[Called By]<UL><LI><a href="#[d4]">&gt;&gt;</a>&nbsp;&nbsp;&nbsp;Alg_ShowSignData
<LI><a href="#[d9]">&gt;&gt;</a>&nbsp;&nbsp;&nbsp;CountMoney
</UL>

<P><STRONG><a name="[89]"></a>__aeabi_d2ulz</STRONG> (Thumb, 48 bytes, Stack size 0 bytes, dfixul.o(.text))
<BR><BR>[Calls]<UL><LI><a href="#[88]">&gt;&gt;</a>&nbsp;&nbsp;&nbsp;__aeabi_llsr
<LI><a href="#[7e]">&gt;&gt;</a>&nbsp;&nbsp;&nbsp;__aeabi_llsl
</UL>
<BR>[Called By]<UL><LI><a href="#[d4]">&gt;&gt;</a>&nbsp;&nbsp;&nbsp;Alg_ShowSignData
<LI><a href="#[d6]">&gt;&gt;</a>&nbsp;&nbsp;&nbsp;ReadByteLength
</UL>

<P><STRONG><a name="[79]"></a>__aeabi_uldivmod</STRONG> (Thumb, 98 bytes, Stack size 40 bytes, uldiv.o(.text))
<BR><BR>[Stack]<UL><LI>Max Depth = 40<LI>Call Chain = __aeabi_uldivmod
</UL>
<BR>[Calls]<UL><LI><a href="#[88]">&gt;&gt;</a>&nbsp;&nbsp;&nbsp;__aeabi_llsr
<LI><a href="#[7e]">&gt;&gt;</a>&nbsp;&nbsp;&nbsp;__aeabi_llsl
</UL>
<BR>[Called By]<UL><LI><a href="#[78]">&gt;&gt;</a>&nbsp;&nbsp;&nbsp;__aeabi_ldivmod
<LI><a href="#[20d]">&gt;&gt;</a>&nbsp;&nbsp;&nbsp;_printf_core
</UL>

<P><STRONG><a name="[7e]"></a>__aeabi_llsl</STRONG> (Thumb, 30 bytes, Stack size 0 bytes, llshl.o(.text))
<BR><BR>[Called By]<UL><LI><a href="#[7d]">&gt;&gt;</a>&nbsp;&nbsp;&nbsp;__aeabi_dadd
<LI><a href="#[89]">&gt;&gt;</a>&nbsp;&nbsp;&nbsp;__aeabi_d2ulz
<LI><a href="#[87]">&gt;&gt;</a>&nbsp;&nbsp;&nbsp;__aeabi_d2lz
<LI><a href="#[79]">&gt;&gt;</a>&nbsp;&nbsp;&nbsp;__aeabi_uldivmod
<LI><a href="#[80]">&gt;&gt;</a>&nbsp;&nbsp;&nbsp;_double_epilogue
</UL>

<P><STRONG><a name="[22b]"></a>_ll_shift_l</STRONG> (Thumb, 0 bytes, Stack size 0 bytes, llshl.o(.text), UNUSED)

<P><STRONG><a name="[88]"></a>__aeabi_llsr</STRONG> (Thumb, 32 bytes, Stack size 0 bytes, llushr.o(.text))
<BR><BR>[Called By]<UL><LI><a href="#[89]">&gt;&gt;</a>&nbsp;&nbsp;&nbsp;__aeabi_d2ulz
<LI><a href="#[87]">&gt;&gt;</a>&nbsp;&nbsp;&nbsp;__aeabi_d2lz
<LI><a href="#[79]">&gt;&gt;</a>&nbsp;&nbsp;&nbsp;__aeabi_uldivmod
<LI><a href="#[8c]">&gt;&gt;</a>&nbsp;&nbsp;&nbsp;_dsqrt
<LI><a href="#[80]">&gt;&gt;</a>&nbsp;&nbsp;&nbsp;_double_epilogue
</UL>

<P><STRONG><a name="[22c]"></a>_ll_ushift_r</STRONG> (Thumb, 0 bytes, Stack size 0 bytes, llushr.o(.text), UNUSED)

<P><STRONG><a name="[7f]"></a>__aeabi_lasr</STRONG> (Thumb, 36 bytes, Stack size 0 bytes, llsshr.o(.text))
<BR><BR>[Called By]<UL><LI><a href="#[7d]">&gt;&gt;</a>&nbsp;&nbsp;&nbsp;__aeabi_dadd
</UL>

<P><STRONG><a name="[22d]"></a>_ll_sshift_r</STRONG> (Thumb, 0 bytes, Stack size 0 bytes, llsshr.o(.text), UNUSED)

<P><STRONG><a name="[22e]"></a>__I$use$fp</STRONG> (Thumb, 0 bytes, Stack size 8 bytes, iusefp.o(.text), UNUSED)

<P><STRONG><a name="[81]"></a>_double_round</STRONG> (Thumb, 30 bytes, Stack size 8 bytes, depilogue.o(.text))
<BR><BR>[Stack]<UL><LI>Max Depth = 8<LI>Call Chain = _double_round
</UL>
<BR>[Called By]<UL><LI><a href="#[7d]">&gt;&gt;</a>&nbsp;&nbsp;&nbsp;__aeabi_dadd
<LI><a href="#[8a]">&gt;&gt;</a>&nbsp;&nbsp;&nbsp;__aeabi_ddiv
<LI><a href="#[8c]">&gt;&gt;</a>&nbsp;&nbsp;&nbsp;_dsqrt
<LI><a href="#[80]">&gt;&gt;</a>&nbsp;&nbsp;&nbsp;_double_epilogue
</UL>

<P><STRONG><a name="[80]"></a>_double_epilogue</STRONG> (Thumb, 156 bytes, Stack size 32 bytes, depilogue.o(.text))
<BR><BR>[Stack]<UL><LI>Max Depth = 40<LI>Call Chain = _double_epilogue &rArr; _double_round
</UL>
<BR>[Calls]<UL><LI><a href="#[88]">&gt;&gt;</a>&nbsp;&nbsp;&nbsp;__aeabi_llsr
<LI><a href="#[7e]">&gt;&gt;</a>&nbsp;&nbsp;&nbsp;__aeabi_llsl
<LI><a href="#[81]">&gt;&gt;</a>&nbsp;&nbsp;&nbsp;_double_round
</UL>
<BR>[Called By]<UL><LI><a href="#[86]">&gt;&gt;</a>&nbsp;&nbsp;&nbsp;__aeabi_l2d
<LI><a href="#[85]">&gt;&gt;</a>&nbsp;&nbsp;&nbsp;__aeabi_i2d
<LI><a href="#[84]">&gt;&gt;</a>&nbsp;&nbsp;&nbsp;__aeabi_dmul
<LI><a href="#[7d]">&gt;&gt;</a>&nbsp;&nbsp;&nbsp;__aeabi_dadd
</UL>

<P><STRONG><a name="[8a]"></a>__aeabi_ddiv</STRONG> (Thumb, 222 bytes, Stack size 32 bytes, ddiv.o(.text))
<BR><BR>[Stack]<UL><LI>Max Depth = 40<LI>Call Chain = __aeabi_ddiv &rArr; _double_round
</UL>
<BR>[Calls]<UL><LI><a href="#[81]">&gt;&gt;</a>&nbsp;&nbsp;&nbsp;_double_round
</UL>
<BR>[Called By]<UL><LI><a href="#[d5]">&gt;&gt;</a>&nbsp;&nbsp;&nbsp;__hardfp_pow
<LI><a href="#[214]">&gt;&gt;</a>&nbsp;&nbsp;&nbsp;__mathlib_dbl_invalid
<LI><a href="#[210]">&gt;&gt;</a>&nbsp;&nbsp;&nbsp;__mathlib_dbl_divzero
</UL>

<P><STRONG><a name="[218]"></a>__ARM_scalbn</STRONG> (Thumb, 46 bytes, Stack size 16 bytes, dscalb.o(.text))
<BR><BR>[Stack]<UL><LI>Max Depth = 16<LI>Call Chain = __ARM_scalbn
</UL>
<BR>[Called By]<UL><LI><a href="#[d5]">&gt;&gt;</a>&nbsp;&nbsp;&nbsp;__hardfp_pow
</UL>

<P><STRONG><a name="[22f]"></a>scalbn</STRONG> (Thumb, 0 bytes, Stack size 16 bytes, dscalb.o(.text), UNUSED)

<P><STRONG><a name="[217]"></a>__aeabi_cdrcmple</STRONG> (Thumb, 48 bytes, Stack size 0 bytes, cdrcmple.o(.text))
<BR><BR>[Called By]<UL><LI><a href="#[d5]">&gt;&gt;</a>&nbsp;&nbsp;&nbsp;__hardfp_pow
</UL>

<P><STRONG><a name="[76]"></a>__scatterload</STRONG> (Thumb, 28 bytes, Stack size 0 bytes, init.o(.text))
<BR><BR>[Calls]<UL><LI><a href="#[8b]">&gt;&gt;</a>&nbsp;&nbsp;&nbsp;__main_after_scatterload
</UL>
<BR>[Called By]<UL><LI><a href="#[75]">&gt;&gt;</a>&nbsp;&nbsp;&nbsp;_main_scatterload
</UL>

<P><STRONG><a name="[230]"></a>__scatterload_rt2</STRONG> (Thumb, 0 bytes, Stack size 0 bytes, init.o(.text), UNUSED)

<P><STRONG><a name="[8c]"></a>_dsqrt</STRONG> (Thumb, 162 bytes, Stack size 32 bytes, dsqrt.o(.text))
<BR><BR>[Stack]<UL><LI>Max Depth = 40<LI>Call Chain = _dsqrt &rArr; _double_round
</UL>
<BR>[Calls]<UL><LI><a href="#[88]">&gt;&gt;</a>&nbsp;&nbsp;&nbsp;__aeabi_llsr
<LI><a href="#[81]">&gt;&gt;</a>&nbsp;&nbsp;&nbsp;_double_round
</UL>
<BR>[Called By]<UL><LI><a href="#[212]">&gt;&gt;</a>&nbsp;&nbsp;&nbsp;sqrt
</UL>

<P><STRONG><a name="[231]"></a>__decompress</STRONG> (Thumb, 0 bytes, Stack size unknown bytes, __dclz77c.o(.text), UNUSED)

<P><STRONG><a name="[232]"></a>__decompress2</STRONG> (Thumb, 94 bytes, Stack size unknown bytes, __dclz77c.o(.text), UNUSED)

<P><STRONG><a name="[e5]"></a>AES128_encrypt</STRONG> (Thumb, 776 bytes, Stack size 36 bytes, crypto.o(i.AES128_encrypt))
<BR><BR>[Stack]<UL><LI>Max Depth = 36<LI>Call Chain = AES128_encrypt
</UL>
<BR>[Called By]<UL><LI><a href="#[e7]">&gt;&gt;</a>&nbsp;&nbsp;&nbsp;DRBG_AES128_Update
<LI><a href="#[e2]">&gt;&gt;</a>&nbsp;&nbsp;&nbsp;DRBG_AES128_Block_cipher_df
<LI><a href="#[199]">&gt;&gt;</a>&nbsp;&nbsp;&nbsp;crl_DRBG_AES128_Generate
</UL>

<P><STRONG><a name="[e6]"></a>AES128_keyschedule_enc</STRONG> (Thumb, 112 bytes, Stack size 24 bytes, crypto.o(i.AES128_keyschedule_enc))
<BR><BR>[Stack]<UL><LI>Max Depth = 24<LI>Call Chain = AES128_keyschedule_enc
</UL>
<BR>[Called By]<UL><LI><a href="#[e2]">&gt;&gt;</a>&nbsp;&nbsp;&nbsp;DRBG_AES128_Block_cipher_df
<LI><a href="#[199]">&gt;&gt;</a>&nbsp;&nbsp;&nbsp;crl_DRBG_AES128_Generate
</UL>

<P><STRONG><a name="[8d]"></a>AW9136_Init</STRONG> (Thumb, 230 bytes, Stack size 40 bytes, aw9136.o(i.AW9136_Init))
<BR><BR>[Stack]<UL><LI>Max Depth = 128<LI>Call Chain = AW9136_Init &rArr; I2C_read_reg &rArr; IIC2_Read_Byte &rArr; IIC2_NAck &rArr; delay_us &rArr; HAL_RCC_GetHCLKFreq &rArr; HAL_RCC_GetSysClockFreq
</UL>
<BR>[Calls]<UL><LI><a href="#[8f]">&gt;&gt;</a>&nbsp;&nbsp;&nbsp;HAL_NVIC_SetPriority
<LI><a href="#[90]">&gt;&gt;</a>&nbsp;&nbsp;&nbsp;HAL_NVIC_EnableIRQ
<LI><a href="#[8e]">&gt;&gt;</a>&nbsp;&nbsp;&nbsp;HAL_GPIO_Init
<LI><a href="#[93]">&gt;&gt;</a>&nbsp;&nbsp;&nbsp;HAL_Delay
<LI><a href="#[91]">&gt;&gt;</a>&nbsp;&nbsp;&nbsp;IIC2_Init
<LI><a href="#[94]">&gt;&gt;</a>&nbsp;&nbsp;&nbsp;I2C_read_reg
<LI><a href="#[96]">&gt;&gt;</a>&nbsp;&nbsp;&nbsp;AW_NormalMode
<LI><a href="#[92]">&gt;&gt;</a>&nbsp;&nbsp;&nbsp;AW9136_pwron
<LI><a href="#[97]">&gt;&gt;</a>&nbsp;&nbsp;&nbsp;AW9136_LED_ON
<LI><a href="#[95]">&gt;&gt;</a>&nbsp;&nbsp;&nbsp;__2printf
</UL>
<BR>[Called By]<UL><LI><a href="#[203]">&gt;&gt;</a>&nbsp;&nbsp;&nbsp;Hal::HardwareInit()
</UL>

<P><STRONG><a name="[97]"></a>AW9136_LED_ON</STRONG> (Thumb, 76 bytes, Stack size 8 bytes, aw9136.o(i.AW9136_LED_ON))
<BR><BR>[Stack]<UL><LI>Max Depth = 88<LI>Call Chain = AW9136_LED_ON &rArr; I2C_write_reg &rArr; IIC2_Wait_Ack &rArr; IIC2_Stop &rArr; delay_us &rArr; HAL_RCC_GetHCLKFreq &rArr; HAL_RCC_GetSysClockFreq
</UL>
<BR>[Calls]<UL><LI><a href="#[98]">&gt;&gt;</a>&nbsp;&nbsp;&nbsp;I2C_write_reg
</UL>
<BR>[Called By]<UL><LI><a href="#[8d]">&gt;&gt;</a>&nbsp;&nbsp;&nbsp;AW9136_Init
</UL>

<P><STRONG><a name="[99]"></a>AW9136_clear_intr</STRONG> (Thumb, 14 bytes, Stack size 8 bytes, aw9136.o(i.AW9136_clear_intr))
<BR><BR>[Stack]<UL><LI>Max Depth = 96<LI>Call Chain = AW9136_clear_intr &rArr; I2C_read_reg &rArr; IIC2_Read_Byte &rArr; IIC2_NAck &rArr; delay_us &rArr; HAL_RCC_GetHCLKFreq &rArr; HAL_RCC_GetSysClockFreq
</UL>
<BR>[Calls]<UL><LI><a href="#[94]">&gt;&gt;</a>&nbsp;&nbsp;&nbsp;I2C_read_reg
</UL>
<BR>[Called By]<UL><LI><a href="#[9a]">&gt;&gt;</a>&nbsp;&nbsp;&nbsp;AW9136_eint_work
</UL>

<P><STRONG><a name="[9a]"></a>AW9136_eint_work</STRONG> (Thumb, 38 bytes, Stack size 8 bytes, aw9136.o(i.AW9136_eint_work))
<BR><BR>[Stack]<UL><LI>Max Depth = 184<LI>Call Chain = AW9136_eint_work &rArr; AW_NormalMode_Proc &rArr; AW91xx_Auto_Cali &rArr; I2C_read_reg &rArr; IIC2_Read_Byte &rArr; IIC2_NAck &rArr; delay_us &rArr; HAL_RCC_GetHCLKFreq &rArr; HAL_RCC_GetSysClockFreq
</UL>
<BR>[Calls]<UL><LI><a href="#[9b]">&gt;&gt;</a>&nbsp;&nbsp;&nbsp;AW_SleepMode_Proc
<LI><a href="#[9c]">&gt;&gt;</a>&nbsp;&nbsp;&nbsp;AW_NormalMode_Proc
<LI><a href="#[99]">&gt;&gt;</a>&nbsp;&nbsp;&nbsp;AW9136_clear_intr
</UL>
<BR>[Called By]<UL><LI><a href="#[119]">&gt;&gt;</a>&nbsp;&nbsp;&nbsp;HAL_GPIO_EXTI_Callback
</UL>

<P><STRONG><a name="[92]"></a>AW9136_pwron</STRONG> (Thumb, 36 bytes, Stack size 8 bytes, aw9136.o(i.AW9136_pwron))
<BR><BR>[Stack]<UL><LI>Max Depth = 24<LI>Call Chain = AW9136_pwron &rArr; HAL_Delay
</UL>
<BR>[Calls]<UL><LI><a href="#[9d]">&gt;&gt;</a>&nbsp;&nbsp;&nbsp;HAL_GPIO_WritePin
<LI><a href="#[93]">&gt;&gt;</a>&nbsp;&nbsp;&nbsp;HAL_Delay
</UL>
<BR>[Called By]<UL><LI><a href="#[8d]">&gt;&gt;</a>&nbsp;&nbsp;&nbsp;AW9136_Init
</UL>

<P><STRONG><a name="[9e]"></a>AW91xx_Auto_Cali</STRONG> (Thumb, 842 bytes, Stack size 72 bytes, aw9136.o(i.AW91xx_Auto_Cali))
<BR><BR>[Stack]<UL><LI>Max Depth = 160<LI>Call Chain = AW91xx_Auto_Cali &rArr; I2C_read_reg &rArr; IIC2_Read_Byte &rArr; IIC2_NAck &rArr; delay_us &rArr; HAL_RCC_GetHCLKFreq &rArr; HAL_RCC_GetSysClockFreq
</UL>
<BR>[Calls]<UL><LI><a href="#[98]">&gt;&gt;</a>&nbsp;&nbsp;&nbsp;I2C_write_reg
<LI><a href="#[94]">&gt;&gt;</a>&nbsp;&nbsp;&nbsp;I2C_read_reg
</UL>
<BR>[Called By]<UL><LI><a href="#[9b]">&gt;&gt;</a>&nbsp;&nbsp;&nbsp;AW_SleepMode_Proc
<LI><a href="#[9c]">&gt;&gt;</a>&nbsp;&nbsp;&nbsp;AW_NormalMode_Proc
</UL>

<P><STRONG><a name="[9f]"></a>AW_LedReleaseTouch</STRONG> (Thumb, 64 bytes, Stack size 8 bytes, aw9136.o(i.AW_LedReleaseTouch))
<BR><BR>[Stack]<UL><LI>Max Depth = 88<LI>Call Chain = AW_LedReleaseTouch &rArr; I2C_write_reg &rArr; IIC2_Wait_Ack &rArr; IIC2_Stop &rArr; delay_us &rArr; HAL_RCC_GetHCLKFreq &rArr; HAL_RCC_GetSysClockFreq
</UL>
<BR>[Calls]<UL><LI><a href="#[98]">&gt;&gt;</a>&nbsp;&nbsp;&nbsp;I2C_write_reg
</UL>
<BR>[Called By]<UL><LI><a href="#[9c]">&gt;&gt;</a>&nbsp;&nbsp;&nbsp;AW_NormalMode_Proc
</UL>

<P><STRONG><a name="[96]"></a>AW_NormalMode</STRONG> (Thumb, 278 bytes, Stack size 8 bytes, aw9136.o(i.AW_NormalMode))
<BR><BR>[Stack]<UL><LI>Max Depth = 88<LI>Call Chain = AW_NormalMode &rArr; I2C_write_reg &rArr; IIC2_Wait_Ack &rArr; IIC2_Stop &rArr; delay_us &rArr; HAL_RCC_GetHCLKFreq &rArr; HAL_RCC_GetSysClockFreq
</UL>
<BR>[Calls]<UL><LI><a href="#[98]">&gt;&gt;</a>&nbsp;&nbsp;&nbsp;I2C_write_reg
<LI><a href="#[95]">&gt;&gt;</a>&nbsp;&nbsp;&nbsp;__2printf
</UL>
<BR>[Called By]<UL><LI><a href="#[8d]">&gt;&gt;</a>&nbsp;&nbsp;&nbsp;AW9136_Init
</UL>

<P><STRONG><a name="[9c]"></a>AW_NormalMode_Proc</STRONG> (Thumb, 170 bytes, Stack size 16 bytes, aw9136.o(i.AW_NormalMode_Proc))
<BR><BR>[Stack]<UL><LI>Max Depth = 176<LI>Call Chain = AW_NormalMode_Proc &rArr; AW91xx_Auto_Cali &rArr; I2C_read_reg &rArr; IIC2_Read_Byte &rArr; IIC2_NAck &rArr; delay_us &rArr; HAL_RCC_GetHCLKFreq &rArr; HAL_RCC_GetSysClockFreq
</UL>
<BR>[Calls]<UL><LI><a href="#[98]">&gt;&gt;</a>&nbsp;&nbsp;&nbsp;I2C_write_reg
<LI><a href="#[94]">&gt;&gt;</a>&nbsp;&nbsp;&nbsp;I2C_read_reg
<LI><a href="#[a4]">&gt;&gt;</a>&nbsp;&nbsp;&nbsp;AW_right_release
<LI><a href="#[a5]">&gt;&gt;</a>&nbsp;&nbsp;&nbsp;AW_right_press
<LI><a href="#[a0]">&gt;&gt;</a>&nbsp;&nbsp;&nbsp;AW_left_release
<LI><a href="#[a1]">&gt;&gt;</a>&nbsp;&nbsp;&nbsp;AW_left_press
<LI><a href="#[a2]">&gt;&gt;</a>&nbsp;&nbsp;&nbsp;AW_center_release
<LI><a href="#[a3]">&gt;&gt;</a>&nbsp;&nbsp;&nbsp;AW_center_press
<LI><a href="#[9f]">&gt;&gt;</a>&nbsp;&nbsp;&nbsp;AW_LedReleaseTouch
<LI><a href="#[9e]">&gt;&gt;</a>&nbsp;&nbsp;&nbsp;AW91xx_Auto_Cali
</UL>
<BR>[Called By]<UL><LI><a href="#[9a]">&gt;&gt;</a>&nbsp;&nbsp;&nbsp;AW9136_eint_work
</UL>

<P><STRONG><a name="[9b]"></a>AW_SleepMode_Proc</STRONG> (Thumb, 118 bytes, Stack size 8 bytes, aw9136.o(i.AW_SleepMode_Proc))
<BR><BR>[Stack]<UL><LI>Max Depth = 168<LI>Call Chain = AW_SleepMode_Proc &rArr; AW91xx_Auto_Cali &rArr; I2C_read_reg &rArr; IIC2_Read_Byte &rArr; IIC2_NAck &rArr; delay_us &rArr; HAL_RCC_GetHCLKFreq &rArr; HAL_RCC_GetSysClockFreq
</UL>
<BR>[Calls]<UL><LI><a href="#[98]">&gt;&gt;</a>&nbsp;&nbsp;&nbsp;I2C_write_reg
<LI><a href="#[94]">&gt;&gt;</a>&nbsp;&nbsp;&nbsp;I2C_read_reg
<LI><a href="#[a7]">&gt;&gt;</a>&nbsp;&nbsp;&nbsp;AW_right_slip
<LI><a href="#[a8]">&gt;&gt;</a>&nbsp;&nbsp;&nbsp;AW_left_slip
<LI><a href="#[a6]">&gt;&gt;</a>&nbsp;&nbsp;&nbsp;AW_center_double
<LI><a href="#[9e]">&gt;&gt;</a>&nbsp;&nbsp;&nbsp;AW91xx_Auto_Cali
<LI><a href="#[95]">&gt;&gt;</a>&nbsp;&nbsp;&nbsp;__2printf
</UL>
<BR>[Called By]<UL><LI><a href="#[9a]">&gt;&gt;</a>&nbsp;&nbsp;&nbsp;AW9136_eint_work
</UL>

<P><STRONG><a name="[a6]"></a>AW_center_double</STRONG> (Thumb, 10 bytes, Stack size 8 bytes, aw9136.o(i.AW_center_double))
<BR><BR>[Stack]<UL><LI>Max Depth = 32<LI>Call Chain = AW_center_double &rArr; __2printf
</UL>
<BR>[Calls]<UL><LI><a href="#[95]">&gt;&gt;</a>&nbsp;&nbsp;&nbsp;__2printf
</UL>
<BR>[Called By]<UL><LI><a href="#[9b]">&gt;&gt;</a>&nbsp;&nbsp;&nbsp;AW_SleepMode_Proc
</UL>

<P><STRONG><a name="[a3]"></a>AW_center_press</STRONG> (Thumb, 20 bytes, Stack size 0 bytes, aw9136.o(i.AW_center_press))
<BR><BR>[Called By]<UL><LI><a href="#[9c]">&gt;&gt;</a>&nbsp;&nbsp;&nbsp;AW_NormalMode_Proc
</UL>

<P><STRONG><a name="[a2]"></a>AW_center_release</STRONG> (Thumb, 20 bytes, Stack size 0 bytes, aw9136.o(i.AW_center_release))
<BR><BR>[Called By]<UL><LI><a href="#[9c]">&gt;&gt;</a>&nbsp;&nbsp;&nbsp;AW_NormalMode_Proc
</UL>

<P><STRONG><a name="[a1]"></a>AW_left_press</STRONG> (Thumb, 10 bytes, Stack size 8 bytes, aw9136.o(i.AW_left_press))
<BR><BR>[Stack]<UL><LI>Max Depth = 32<LI>Call Chain = AW_left_press &rArr; __2printf
</UL>
<BR>[Calls]<UL><LI><a href="#[95]">&gt;&gt;</a>&nbsp;&nbsp;&nbsp;__2printf
</UL>
<BR>[Called By]<UL><LI><a href="#[9c]">&gt;&gt;</a>&nbsp;&nbsp;&nbsp;AW_NormalMode_Proc
</UL>

<P><STRONG><a name="[a0]"></a>AW_left_release</STRONG> (Thumb, 10 bytes, Stack size 8 bytes, aw9136.o(i.AW_left_release))
<BR><BR>[Stack]<UL><LI>Max Depth = 32<LI>Call Chain = AW_left_release &rArr; __2printf
</UL>
<BR>[Calls]<UL><LI><a href="#[95]">&gt;&gt;</a>&nbsp;&nbsp;&nbsp;__2printf
</UL>
<BR>[Called By]<UL><LI><a href="#[9c]">&gt;&gt;</a>&nbsp;&nbsp;&nbsp;AW_NormalMode_Proc
</UL>

<P><STRONG><a name="[a8]"></a>AW_left_slip</STRONG> (Thumb, 10 bytes, Stack size 8 bytes, aw9136.o(i.AW_left_slip))
<BR><BR>[Stack]<UL><LI>Max Depth = 32<LI>Call Chain = AW_left_slip &rArr; __2printf
</UL>
<BR>[Calls]<UL><LI><a href="#[95]">&gt;&gt;</a>&nbsp;&nbsp;&nbsp;__2printf
</UL>
<BR>[Called By]<UL><LI><a href="#[9b]">&gt;&gt;</a>&nbsp;&nbsp;&nbsp;AW_SleepMode_Proc
</UL>

<P><STRONG><a name="[a5]"></a>AW_right_press</STRONG> (Thumb, 20 bytes, Stack size 0 bytes, aw9136.o(i.AW_right_press))
<BR><BR>[Called By]<UL><LI><a href="#[9c]">&gt;&gt;</a>&nbsp;&nbsp;&nbsp;AW_NormalMode_Proc
</UL>

<P><STRONG><a name="[a4]"></a>AW_right_release</STRONG> (Thumb, 20 bytes, Stack size 0 bytes, aw9136.o(i.AW_right_release))
<BR><BR>[Called By]<UL><LI><a href="#[9c]">&gt;&gt;</a>&nbsp;&nbsp;&nbsp;AW_NormalMode_Proc
</UL>

<P><STRONG><a name="[a7]"></a>AW_right_slip</STRONG> (Thumb, 10 bytes, Stack size 8 bytes, aw9136.o(i.AW_right_slip))
<BR><BR>[Stack]<UL><LI>Max Depth = 32<LI>Call Chain = AW_right_slip &rArr; __2printf
</UL>
<BR>[Calls]<UL><LI><a href="#[95]">&gt;&gt;</a>&nbsp;&nbsp;&nbsp;__2printf
</UL>
<BR>[Called By]<UL><LI><a href="#[9b]">&gt;&gt;</a>&nbsp;&nbsp;&nbsp;AW_SleepMode_Proc
</UL>

<P><STRONG><a name="[a9]"></a>AddBig</STRONG> (Thumb, 318 bytes, Stack size 32 bytes, crypto.o(i.AddBig))
<BR><BR>[Stack]<UL><LI>Max Depth = 84<LI>Call Chain = AddBig &rArr; Add_Moduli_Big &rArr; CopyBig
</UL>
<BR>[Calls]<UL><LI><a href="#[b0]">&gt;&gt;</a>&nbsp;&nbsp;&nbsp;InitBig
<LI><a href="#[ac]">&gt;&gt;</a>&nbsp;&nbsp;&nbsp;CopyBig
<LI><a href="#[ab]">&gt;&gt;</a>&nbsp;&nbsp;&nbsp;CompareBig
<LI><a href="#[ae]">&gt;&gt;</a>&nbsp;&nbsp;&nbsp;Add_Moduli_Big
<LI><a href="#[ad]">&gt;&gt;</a>&nbsp;&nbsp;&nbsp;Sub_Moduli_Big
<LI><a href="#[aa]">&gt;&gt;</a>&nbsp;&nbsp;&nbsp;StAllocBig
<LI><a href="#[af]">&gt;&gt;</a>&nbsp;&nbsp;&nbsp;SetZeroBig
</UL>
<BR>[Called By]<UL><LI><a href="#[ee]">&gt;&gt;</a>&nbsp;&nbsp;&nbsp;ECDSAsign
<LI><a href="#[18b]">&gt;&gt;</a>&nbsp;&nbsp;&nbsp;ModularAddBig
<LI><a href="#[190]">&gt;&gt;</a>&nbsp;&nbsp;&nbsp;MontyJacProjDoublePoint
<LI><a href="#[18f]">&gt;&gt;</a>&nbsp;&nbsp;&nbsp;MontyJacProjAddPoints
<LI><a href="#[fc]">&gt;&gt;</a>&nbsp;&nbsp;&nbsp;ModularInvBig
</UL>

<P><STRONG><a name="[b1]"></a>Alg_Base58Decode</STRONG> (Thumb, 530 bytes, Stack size 3144 bytes, getaddress.o(i.Alg_Base58Decode))
<BR><BR>[Stack]<UL><LI>Max Depth = 4784<LI>Call Chain = Alg_Base58Decode &rArr; bigpow &rArr; bigmul
</UL>
<BR>[Calls]<UL><LI><a href="#[b9]">&gt;&gt;</a>&nbsp;&nbsp;&nbsp;StringToHex
<LI><a href="#[b3]">&gt;&gt;</a>&nbsp;&nbsp;&nbsp;GetIndexFromBuff
<LI><a href="#[b8]">&gt;&gt;</a>&nbsp;&nbsp;&nbsp;DecToHex
<LI><a href="#[b4]">&gt;&gt;</a>&nbsp;&nbsp;&nbsp;bigpow
<LI><a href="#[b6]">&gt;&gt;</a>&nbsp;&nbsp;&nbsp;bigmul
<LI><a href="#[b7]">&gt;&gt;</a>&nbsp;&nbsp;&nbsp;bigadd
<LI><a href="#[b5]">&gt;&gt;</a>&nbsp;&nbsp;&nbsp;strlen
<LI><a href="#[b2]">&gt;&gt;</a>&nbsp;&nbsp;&nbsp;__aeabi_memclr4
</UL>
<BR>[Called By]<UL><LI><a href="#[1dd]">&gt;&gt;</a>&nbsp;&nbsp;&nbsp;ReceiveAnalysis::PackDataFromPcCallback(unsigned char*, int)
</UL>

<P><STRONG><a name="[ba]"></a>Alg_Base58Encode</STRONG> (Thumb, 94 bytes, Stack size 1048 bytes, getaddress.o(i.Alg_Base58Encode))
<BR><BR>[Stack]<UL><LI>Max Depth = 2688<LI>Call Chain = Alg_Base58Encode &rArr; DecTOAddress &rArr; bigdiv &rArr; __2printf
</UL>
<BR>[Calls]<UL><LI><a href="#[bb]">&gt;&gt;</a>&nbsp;&nbsp;&nbsp;HexToString
<LI><a href="#[bc]">&gt;&gt;</a>&nbsp;&nbsp;&nbsp;HexToDec
<LI><a href="#[bd]">&gt;&gt;</a>&nbsp;&nbsp;&nbsp;DecTOAddress
<LI><a href="#[b5]">&gt;&gt;</a>&nbsp;&nbsp;&nbsp;strlen
<LI><a href="#[b2]">&gt;&gt;</a>&nbsp;&nbsp;&nbsp;__aeabi_memclr4
</UL>
<BR>[Called By]<UL><LI><a href="#[1dd]">&gt;&gt;</a>&nbsp;&nbsp;&nbsp;ReceiveAnalysis::PackDataFromPcCallback(unsigned char*, int)
</UL>

<P><STRONG><a name="[be]"></a>Alg_ECDSASignData</STRONG> (Thumb, 130 bytes, Stack size 160 bytes, encrypt.o(i.Alg_ECDSASignData))
<BR><BR>[Stack]<UL><LI>Max Depth = 2580<LI>Call Chain = Alg_ECDSASignData &rArr; ECCKeyPairSignGenerate &rArr; RNG_init_for_sign &rArr; RNGinit &rArr; DRBG_AES128_Block_cipher_df &rArr; AES128_encrypt
</UL>
<BR>[Calls]<UL><LI><a href="#[bf]">&gt;&gt;</a>&nbsp;&nbsp;&nbsp;Crypto_DeInit
<LI><a href="#[c0]">&gt;&gt;</a>&nbsp;&nbsp;&nbsp;EC_paraTestInit
<LI><a href="#[c1]">&gt;&gt;</a>&nbsp;&nbsp;&nbsp;ECCKeyPairSignGenerate
</UL>
<BR>[Called By]<UL><LI><a href="#[1dd]">&gt;&gt;</a>&nbsp;&nbsp;&nbsp;ReceiveAnalysis::PackDataFromPcCallback(unsigned char*, int)
</UL>

<P><STRONG><a name="[c2]"></a>Alg_GetAddressFromPublic</STRONG> (Thumb, 206 bytes, Stack size 208 bytes, getaddress.o(i.Alg_GetAddressFromPublic))
<BR><BR>[Stack]<UL><LI>Max Depth = 2992<LI>Call Chain = Alg_GetAddressFromPublic &rArr; Base58_Encode &rArr; DecTOAddress &rArr; bigdiv &rArr; __2printf
</UL>
<BR>[Calls]<UL><LI><a href="#[c4]">&gt;&gt;</a>&nbsp;&nbsp;&nbsp;Ripemd160
<LI><a href="#[c5]">&gt;&gt;</a>&nbsp;&nbsp;&nbsp;Base58_Encode
<LI><a href="#[c3]">&gt;&gt;</a>&nbsp;&nbsp;&nbsp;Alg_HashData
<LI><a href="#[b2]">&gt;&gt;</a>&nbsp;&nbsp;&nbsp;__aeabi_memclr4
<LI><a href="#[7a]">&gt;&gt;</a>&nbsp;&nbsp;&nbsp;__aeabi_memclr
</UL>
<BR>[Called By]<UL><LI><a href="#[1dd]">&gt;&gt;</a>&nbsp;&nbsp;&nbsp;ReceiveAnalysis::PackDataFromPcCallback(unsigned char*, int)
</UL>

<P><STRONG><a name="[c6]"></a>Alg_GetPublicFromPrivate</STRONG> (Thumb, 338 bytes, Stack size 160 bytes, encrypt.o(i.Alg_GetPublicFromPrivate))
<BR><BR>[Stack]<UL><LI>Max Depth = 2404<LI>Call Chain = Alg_GetPublicFromPrivate &rArr; RNG_init_for_sign &rArr; RNGinit &rArr; DRBG_AES128_Block_cipher_df &rArr; AES128_encrypt
</UL>
<BR>[Calls]<UL><LI><a href="#[d2]">&gt;&gt;</a>&nbsp;&nbsp;&nbsp;RNGfree
<LI><a href="#[cc]">&gt;&gt;</a>&nbsp;&nbsp;&nbsp;ECCsetPrivKeyValue
<LI><a href="#[ca]">&gt;&gt;</a>&nbsp;&nbsp;&nbsp;ECCsetPointGenerator
<LI><a href="#[cd]">&gt;&gt;</a>&nbsp;&nbsp;&nbsp;ECCscalarMul
<LI><a href="#[cb]">&gt;&gt;</a>&nbsp;&nbsp;&nbsp;ECCinitPrivKey
<LI><a href="#[c9]">&gt;&gt;</a>&nbsp;&nbsp;&nbsp;ECCinitPoint
<LI><a href="#[c8]">&gt;&gt;</a>&nbsp;&nbsp;&nbsp;ECCinitEC
<LI><a href="#[ce]">&gt;&gt;</a>&nbsp;&nbsp;&nbsp;ECCgetPointCoordinate
<LI><a href="#[cf]">&gt;&gt;</a>&nbsp;&nbsp;&nbsp;ECCfreePrivKey
<LI><a href="#[d0]">&gt;&gt;</a>&nbsp;&nbsp;&nbsp;ECCfreePoint
<LI><a href="#[d1]">&gt;&gt;</a>&nbsp;&nbsp;&nbsp;ECCfreeEC
<LI><a href="#[bf]">&gt;&gt;</a>&nbsp;&nbsp;&nbsp;Crypto_DeInit
<LI><a href="#[c7]">&gt;&gt;</a>&nbsp;&nbsp;&nbsp;RNG_init_for_sign
<LI><a href="#[7a]">&gt;&gt;</a>&nbsp;&nbsp;&nbsp;__aeabi_memclr
</UL>
<BR>[Called By]<UL><LI><a href="#[1d6]">&gt;&gt;</a>&nbsp;&nbsp;&nbsp;PrivateKey::GetPublicKey(bool)
</UL>

<P><STRONG><a name="[c3]"></a>Alg_HashData</STRONG> (Thumb, 36 bytes, Stack size 24 bytes, encrypt.o(i.Alg_HashData))
<BR><BR>[Stack]<UL><LI>Max Depth = 544<LI>Call Chain = Alg_HashData &rArr; HASH_DigestCompute &rArr; SHA256_Finish &rArr; SHA256Final &rArr; SHA256Transform
</UL>
<BR>[Calls]<UL><LI><a href="#[bf]">&gt;&gt;</a>&nbsp;&nbsp;&nbsp;Crypto_DeInit
<LI><a href="#[d3]">&gt;&gt;</a>&nbsp;&nbsp;&nbsp;HASH_DigestCompute
</UL>
<BR>[Called By]<UL><LI><a href="#[c2]">&gt;&gt;</a>&nbsp;&nbsp;&nbsp;Alg_GetAddressFromPublic
<LI><a href="#[c5]">&gt;&gt;</a>&nbsp;&nbsp;&nbsp;Base58_Encode
</UL>

<P><STRONG><a name="[d4]"></a>Alg_ShowSignData</STRONG> (Thumb, 5474 bytes, Stack size 896 bytes, showsign.o(i.Alg_ShowSignData))
<BR><BR>[Stack]<UL><LI>Max Depth = 3680<LI>Call Chain = Alg_ShowSignData &rArr; Base58_Encode &rArr; DecTOAddress &rArr; bigdiv &rArr; __2printf
</UL>
<BR>[Calls]<UL><LI><a href="#[85]">&gt;&gt;</a>&nbsp;&nbsp;&nbsp;__aeabi_i2d
<LI><a href="#[84]">&gt;&gt;</a>&nbsp;&nbsp;&nbsp;__aeabi_dmul
<LI><a href="#[7d]">&gt;&gt;</a>&nbsp;&nbsp;&nbsp;__aeabi_dadd
<LI><a href="#[89]">&gt;&gt;</a>&nbsp;&nbsp;&nbsp;__aeabi_d2ulz
<LI><a href="#[87]">&gt;&gt;</a>&nbsp;&nbsp;&nbsp;__aeabi_d2lz
<LI><a href="#[d7]">&gt;&gt;</a>&nbsp;&nbsp;&nbsp;ReadByteLengthIndex
<LI><a href="#[d6]">&gt;&gt;</a>&nbsp;&nbsp;&nbsp;ReadByteLength
<LI><a href="#[d9]">&gt;&gt;</a>&nbsp;&nbsp;&nbsp;CountMoney
<LI><a href="#[bb]">&gt;&gt;</a>&nbsp;&nbsp;&nbsp;HexToString
<LI><a href="#[c5]">&gt;&gt;</a>&nbsp;&nbsp;&nbsp;Base58_Encode
<LI><a href="#[b2]">&gt;&gt;</a>&nbsp;&nbsp;&nbsp;__aeabi_memclr4
<LI><a href="#[da]">&gt;&gt;</a>&nbsp;&nbsp;&nbsp;__aeabi_memmove4
<LI><a href="#[d8]">&gt;&gt;</a>&nbsp;&nbsp;&nbsp;__aeabi_memmove
<LI><a href="#[d5]">&gt;&gt;</a>&nbsp;&nbsp;&nbsp;__hardfp_pow
</UL>
<BR>[Called By]<UL><LI><a href="#[1dd]">&gt;&gt;</a>&nbsp;&nbsp;&nbsp;ReceiveAnalysis::PackDataFromPcCallback(unsigned char*, int)
</UL>

<P><STRONG><a name="[e0]"></a>Ascii2Dec</STRONG> (Thumb, 60 bytes, Stack size 0 bytes, showsign.o(i.Ascii2Dec))
<BR><BR>[Called By]<UL><LI><a href="#[d9]">&gt;&gt;</a>&nbsp;&nbsp;&nbsp;CountMoney
<LI><a href="#[b9]">&gt;&gt;</a>&nbsp;&nbsp;&nbsp;StringToHex
</UL>

<P><STRONG><a name="[c5]"></a>Base58_Encode</STRONG> (Thumb, 174 bytes, Stack size 1144 bytes, getaddress.o(i.Base58_Encode))
<BR><BR>[Stack]<UL><LI>Max Depth = 2784<LI>Call Chain = Base58_Encode &rArr; DecTOAddress &rArr; bigdiv &rArr; __2printf
</UL>
<BR>[Calls]<UL><LI><a href="#[bb]">&gt;&gt;</a>&nbsp;&nbsp;&nbsp;HexToString
<LI><a href="#[bc]">&gt;&gt;</a>&nbsp;&nbsp;&nbsp;HexToDec
<LI><a href="#[bd]">&gt;&gt;</a>&nbsp;&nbsp;&nbsp;DecTOAddress
<LI><a href="#[c3]">&gt;&gt;</a>&nbsp;&nbsp;&nbsp;Alg_HashData
<LI><a href="#[b5]">&gt;&gt;</a>&nbsp;&nbsp;&nbsp;strlen
<LI><a href="#[b2]">&gt;&gt;</a>&nbsp;&nbsp;&nbsp;__aeabi_memclr4
</UL>
<BR>[Called By]<UL><LI><a href="#[d4]">&gt;&gt;</a>&nbsp;&nbsp;&nbsp;Alg_ShowSignData
<LI><a href="#[c2]">&gt;&gt;</a>&nbsp;&nbsp;&nbsp;Alg_GetAddressFromPublic
</UL>

<P><STRONG><a name="[dc]"></a>Big_to_W8</STRONG> (Thumb, 180 bytes, Stack size 12 bytes, crypto.o(i.Big_to_W8))
<BR><BR>[Stack]<UL><LI>Max Depth = 12<LI>Call Chain = Big_to_W8
</UL>
<BR>[Called By]<UL><LI><a href="#[db]">&gt;&gt;</a>&nbsp;&nbsp;&nbsp;Big_to_fixedW8
</UL>

<P><STRONG><a name="[db]"></a>Big_to_fixedW8</STRONG> (Thumb, 140 bytes, Stack size 24 bytes, crypto.o(i.Big_to_fixedW8))
<BR><BR>[Stack]<UL><LI>Max Depth = 36<LI>Call Chain = Big_to_fixedW8 &rArr; Big_to_W8
</UL>
<BR>[Calls]<UL><LI><a href="#[dc]">&gt;&gt;</a>&nbsp;&nbsp;&nbsp;Big_to_W8
</UL>
<BR>[Called By]<UL><LI><a href="#[f0]">&gt;&gt;</a>&nbsp;&nbsp;&nbsp;ECDSAgetSignature
<LI><a href="#[ef]">&gt;&gt;</a>&nbsp;&nbsp;&nbsp;ECCgetPrivKeyValue
<LI><a href="#[ce]">&gt;&gt;</a>&nbsp;&nbsp;&nbsp;ECCgetPointCoordinate
</UL>

<P><STRONG><a name="[ab]"></a>CompareBig</STRONG> (Thumb, 166 bytes, Stack size 12 bytes, crypto.o(i.CompareBig))
<BR><BR>[Stack]<UL><LI>Max Depth = 12<LI>Call Chain = CompareBig
</UL>
<BR>[Called By]<UL><LI><a href="#[ee]">&gt;&gt;</a>&nbsp;&nbsp;&nbsp;ECDSAsign
<LI><a href="#[18c]">&gt;&gt;</a>&nbsp;&nbsp;&nbsp;ModularFastMul2
<LI><a href="#[18b]">&gt;&gt;</a>&nbsp;&nbsp;&nbsp;ModularAddBig
<LI><a href="#[a9]">&gt;&gt;</a>&nbsp;&nbsp;&nbsp;AddBig
<LI><a href="#[fb]">&gt;&gt;</a>&nbsp;&nbsp;&nbsp;SubBig
<LI><a href="#[fd]">&gt;&gt;</a>&nbsp;&nbsp;&nbsp;MontyMul
<LI><a href="#[190]">&gt;&gt;</a>&nbsp;&nbsp;&nbsp;MontyJacProjDoublePoint
<LI><a href="#[f5]">&gt;&gt;</a>&nbsp;&nbsp;&nbsp;MontyInit
<LI><a href="#[fc]">&gt;&gt;</a>&nbsp;&nbsp;&nbsp;ModularInvBig
</UL>

<P><STRONG><a name="[de]"></a>Con_4_byte</STRONG> (Thumb, 174 bytes, Stack size 32 bytes, oled281.o(i.Con_4_byte))
<BR><BR>[Stack]<UL><LI>Max Depth = 48<LI>Call Chain = Con_4_byte &rArr; OLED_WR_Byte
</UL>
<BR>[Calls]<UL><LI><a href="#[df]">&gt;&gt;</a>&nbsp;&nbsp;&nbsp;OLED_WR_Byte
</UL>
<BR>[Called By]<UL><LI><a href="#[1a5]">&gt;&gt;</a>&nbsp;&nbsp;&nbsp;Show_num
<LI><a href="#[206]">&gt;&gt;</a>&nbsp;&nbsp;&nbsp;view::DisplayMem::drawChar(int, int, char, view::FONT_t, bool)
<LI><a href="#[205]">&gt;&gt;</a>&nbsp;&nbsp;&nbsp;view::DisplayMem::drawInt(int, int, int, view::FONT_t, bool)
<LI><a href="#[208]">&gt;&gt;</a>&nbsp;&nbsp;&nbsp;view::DisplayMem::drawHZ(int, int, int, view::FONT_HZ_t, bool)
</UL>

<P><STRONG><a name="[ac]"></a>CopyBig</STRONG> (Thumb, 158 bytes, Stack size 12 bytes, crypto.o(i.CopyBig))
<BR><BR>[Stack]<UL><LI>Max Depth = 12<LI>Call Chain = CopyBig
</UL>
<BR>[Called By]<UL><LI><a href="#[ee]">&gt;&gt;</a>&nbsp;&nbsp;&nbsp;ECDSAsign
<LI><a href="#[ca]">&gt;&gt;</a>&nbsp;&nbsp;&nbsp;ECCsetPointGenerator
<LI><a href="#[f2]">&gt;&gt;</a>&nbsp;&nbsp;&nbsp;ECCcopyPoint
<LI><a href="#[a9]">&gt;&gt;</a>&nbsp;&nbsp;&nbsp;AddBig
<LI><a href="#[ae]">&gt;&gt;</a>&nbsp;&nbsp;&nbsp;Add_Moduli_Big
<LI><a href="#[fb]">&gt;&gt;</a>&nbsp;&nbsp;&nbsp;SubBig
<LI><a href="#[f8]">&gt;&gt;</a>&nbsp;&nbsp;&nbsp;Normalize
<LI><a href="#[fd]">&gt;&gt;</a>&nbsp;&nbsp;&nbsp;MontyMul
<LI><a href="#[190]">&gt;&gt;</a>&nbsp;&nbsp;&nbsp;MontyJacProjDoublePoint
<LI><a href="#[18f]">&gt;&gt;</a>&nbsp;&nbsp;&nbsp;MontyJacProjAddPoints
<LI><a href="#[f5]">&gt;&gt;</a>&nbsp;&nbsp;&nbsp;MontyInit
<LI><a href="#[fc]">&gt;&gt;</a>&nbsp;&nbsp;&nbsp;ModularInvBig
</UL>

<P><STRONG><a name="[f9]"></a>CountBits</STRONG> (Thumb, 48 bytes, Stack size 0 bytes, crypto.o(i.CountBits))
<BR><BR>[Called By]<UL><LI><a href="#[ee]">&gt;&gt;</a>&nbsp;&nbsp;&nbsp;ECDSAsign
[...]
</UL>
<BR>[Calls]<UL><LI><a href="#[1b1]">&gt;&gt;</a>&nbsp;&nbsp;&nbsp;USBD_CtlError
<LI><a href="#[1b3]">&gt;&gt;</a>&nbsp;&nbsp;&nbsp;USBD_CtlSendStatus
</UL>
<BR>[Called By]<UL><LI><a href="#[1c4]">&gt;&gt;</a>&nbsp;&nbsp;&nbsp;USBD_StdDevReq
</UL>

<P><STRONG><a name="[1b9]"></a>USBD_GetConfig</STRONG> (Thumb, 80 bytes, Stack size 16 bytes, usbd_ctlreq.o(i.USBD_GetConfig))
<BR><BR>[Stack]<UL><LI>Max Depth = 124<LI>Call Chain = USBD_GetConfig &rArr; USBD_CtlSendData &rArr; USBD_LL_Transmit &rArr; HAL_PCD_EP_Transmit &rArr; USB_EPStartXfer &rArr; USB_WritePacket
</UL>
<BR>[Calls]<UL><LI><a href="#[1b1]">&gt;&gt;</a>&nbsp;&nbsp;&nbsp;USBD_CtlError
<LI><a href="#[1af]">&gt;&gt;</a>&nbsp;&nbsp;&nbsp;USBD_CtlSendData
</UL>
<BR>[Called By]<UL><LI><a href="#[1c4]">&gt;&gt;</a>&nbsp;&nbsp;&nbsp;USBD_StdDevReq
</UL>

<P><STRONG><a name="[1ba]"></a>USBD_GetDescriptor</STRONG> (Thumb, 328 bytes, Stack size 24 bytes, usbd_ctlreq.o(i.USBD_GetDescriptor))
<BR><BR>[Stack]<UL><LI>Max Depth = 132<LI>Call Chain = USBD_GetDescriptor &rArr; USBD_CtlSendData &rArr; USBD_LL_Transmit &rArr; HAL_PCD_EP_Transmit &rArr; USB_EPStartXfer &rArr; USB_WritePacket
</UL>
<BR>[Calls]<UL><LI><a href="#[1b1]">&gt;&gt;</a>&nbsp;&nbsp;&nbsp;USBD_CtlError
<LI><a href="#[1af]">&gt;&gt;</a>&nbsp;&nbsp;&nbsp;USBD_CtlSendData
</UL>
<BR>[Called By]<UL><LI><a href="#[1c4]">&gt;&gt;</a>&nbsp;&nbsp;&nbsp;USBD_StdDevReq
</UL>

<P><STRONG><a name="[1bc]"></a>USBD_GetLen</STRONG> (Thumb, 20 bytes, Stack size 0 bytes, usbd_ctlreq.o(i.USBD_GetLen))
<BR><BR>[Called By]<UL><LI><a href="#[1b8]">&gt;&gt;</a>&nbsp;&nbsp;&nbsp;USBD_GetString
</UL>

<P><STRONG><a name="[1bb]"></a>USBD_GetStatus</STRONG> (Thumb, 68 bytes, Stack size 16 bytes, usbd_ctlreq.o(i.USBD_GetStatus))
<BR><BR>[Stack]<UL><LI>Max Depth = 124<LI>Call Chain = USBD_GetStatus &rArr; USBD_CtlSendData &rArr; USBD_LL_Transmit &rArr; HAL_PCD_EP_Transmit &rArr; USB_EPStartXfer &rArr; USB_WritePacket
</UL>
<BR>[Calls]<UL><LI><a href="#[1b1]">&gt;&gt;</a>&nbsp;&nbsp;&nbsp;USBD_CtlError
<LI><a href="#[1af]">&gt;&gt;</a>&nbsp;&nbsp;&nbsp;USBD_CtlSendData
</UL>
<BR>[Called By]<UL><LI><a href="#[1c4]">&gt;&gt;</a>&nbsp;&nbsp;&nbsp;USBD_StdDevReq
</UL>

<P><STRONG><a name="[1c8]"></a>USBD_SetAddress</STRONG> (Thumb, 84 bytes, Stack size 16 bytes, usbd_ctlreq.o(i.USBD_SetAddress))
<BR><BR>[Stack]<UL><LI>Max Depth = 116<LI>Call Chain = USBD_SetAddress &rArr; USBD_CtlSendStatus &rArr; USBD_LL_Transmit &rArr; HAL_PCD_EP_Transmit &rArr; USB_EPStartXfer &rArr; USB_WritePacket
</UL>
<BR>[Calls]<UL><LI><a href="#[1c2]">&gt;&gt;</a>&nbsp;&nbsp;&nbsp;USBD_LL_SetUSBAddress
<LI><a href="#[1b1]">&gt;&gt;</a>&nbsp;&nbsp;&nbsp;USBD_CtlError
<LI><a href="#[1b3]">&gt;&gt;</a>&nbsp;&nbsp;&nbsp;USBD_CtlSendStatus
</UL>
<BR>[Called By]<UL><LI><a href="#[1c4]">&gt;&gt;</a>&nbsp;&nbsp;&nbsp;USBD_StdDevReq
</UL>

<P><STRONG><a name="[1c9]"></a>USBD_SetConfig</STRONG> (Thumb, 218 bytes, Stack size 16 bytes, usbd_ctlreq.o(i.USBD_SetConfig))
<BR><BR>[Stack]<UL><LI>Max Depth = 116<LI>Call Chain = USBD_SetConfig &rArr; USBD_CtlSendStatus &rArr; USBD_LL_Transmit &rArr; HAL_PCD_EP_Transmit &rArr; USB_EPStartXfer &rArr; USB_WritePacket
</UL>
<BR>[Calls]<UL><LI><a href="#[1b1]">&gt;&gt;</a>&nbsp;&nbsp;&nbsp;USBD_CtlError
<LI><a href="#[1b3]">&gt;&gt;</a>&nbsp;&nbsp;&nbsp;USBD_CtlSendStatus
<LI><a href="#[1ca]">&gt;&gt;</a>&nbsp;&nbsp;&nbsp;USBD_SetClassConfig
<LI><a href="#[1cb]">&gt;&gt;</a>&nbsp;&nbsp;&nbsp;USBD_ClrClassConfig
</UL>
<BR>[Called By]<UL><LI><a href="#[1c4]">&gt;&gt;</a>&nbsp;&nbsp;&nbsp;USBD_StdDevReq
</UL>

<P><STRONG><a name="[1cc]"></a>USBD_SetFeature</STRONG> (Thumb, 36 bytes, Stack size 16 bytes, usbd_ctlreq.o(i.USBD_SetFeature))
<BR><BR>[Stack]<UL><LI>Max Depth = 116<LI>Call Chain = USBD_SetFeature &rArr; USBD_CtlSendStatus &rArr; USBD_LL_Transmit &rArr; HAL_PCD_EP_Transmit &rArr; USB_EPStartXfer &rArr; USB_WritePacket
</UL>
<BR>[Calls]<UL><LI><a href="#[1b3]">&gt;&gt;</a>&nbsp;&nbsp;&nbsp;USBD_CtlSendStatus
</UL>
<BR>[Called By]<UL><LI><a href="#[1c4]">&gt;&gt;</a>&nbsp;&nbsp;&nbsp;USBD_StdDevReq
</UL>

<P><STRONG><a name="[6]"></a>USBD_CUSTOM_HID_DataIn</STRONG> (Thumb, 14 bytes, Stack size 0 bytes, usbd_customhid.o(i.USBD_CUSTOM_HID_DataIn))
<BR>[Address Reference Count : 1]<UL><LI> usbd_customhid.o(.data)
</UL>
<P><STRONG><a name="[7]"></a>USBD_CUSTOM_HID_DataOut</STRONG> (Thumb, 38 bytes, Stack size 16 bytes, usbd_customhid.o(i.USBD_CUSTOM_HID_DataOut))
<BR><BR>[Stack]<UL><LI>Max Depth = 108<LI>Call Chain = USBD_CUSTOM_HID_DataOut &rArr; USBD_LL_PrepareReceive &rArr; HAL_PCD_EP_Receive &rArr; USB_EPStartXfer &rArr; USB_WritePacket
</UL>
<BR>[Calls]<UL><LI><a href="#[1a8]">&gt;&gt;</a>&nbsp;&nbsp;&nbsp;USBD_LL_PrepareReceive
</UL>
<BR>[Address Reference Count : 1]<UL><LI> usbd_customhid.o(.data)
</UL>
<P><STRONG><a name="[3]"></a>USBD_CUSTOM_HID_DeInit</STRONG> (Thumb, 54 bytes, Stack size 16 bytes, usbd_customhid.o(i.USBD_CUSTOM_HID_DeInit))
<BR><BR>[Stack]<UL><LI>Max Depth = 56<LI>Call Chain = USBD_CUSTOM_HID_DeInit &rArr; USBD_LL_CloseEP &rArr; HAL_PCD_EP_Close &rArr; USB_DeactivateEndpoint
</UL>
<BR>[Calls]<UL><LI><a href="#[1a9]">&gt;&gt;</a>&nbsp;&nbsp;&nbsp;USBD_LL_CloseEP
<LI><a href="#[1aa]">&gt;&gt;</a>&nbsp;&nbsp;&nbsp;free
</UL>
<BR>[Address Reference Count : 1]<UL><LI> usbd_customhid.o(.data)
</UL>
<P><STRONG><a name="[5]"></a>USBD_CUSTOM_HID_EP0_RxReady</STRONG> (Thumb, 34 bytes, Stack size 16 bytes, usbd_customhid.o(i.USBD_CUSTOM_HID_EP0_RxReady))
<BR><BR>[Stack]<UL><LI>Max Depth = 16<LI>Call Chain = USBD_CUSTOM_HID_EP0_RxReady
</UL>
<BR>[Address Reference Count : 1]<UL><LI> usbd_customhid.o(.data)
</UL>
<P><STRONG><a name="[8]"></a>USBD_CUSTOM_HID_GetCfgDesc</STRONG> (Thumb, 10 bytes, Stack size 0 bytes, usbd_customhid.o(i.USBD_CUSTOM_HID_GetCfgDesc))
<BR>[Address Reference Count : 1]<UL><LI> usbd_customhid.o(.data)
</UL>
<P><STRONG><a name="[9]"></a>USBD_CUSTOM_HID_GetDeviceQualifierDesc</STRONG> (Thumb, 10 bytes, Stack size 0 bytes, usbd_customhid.o(i.USBD_CUSTOM_HID_GetDeviceQualifierDesc))
<BR>[Address Reference Count : 1]<UL><LI> usbd_customhid.o(.data)
</UL>
<P><STRONG><a name="[2]"></a>USBD_CUSTOM_HID_Init</STRONG> (Thumb, 90 bytes, Stack size 24 bytes, usbd_customhid.o(i.USBD_CUSTOM_HID_Init))
<BR><BR>[Stack]<UL><LI>Max Depth = 116<LI>Call Chain = USBD_CUSTOM_HID_Init &rArr; USBD_LL_PrepareReceive &rArr; HAL_PCD_EP_Receive &rArr; USB_EPStartXfer &rArr; USB_WritePacket
</UL>
<BR>[Calls]<UL><LI><a href="#[1a8]">&gt;&gt;</a>&nbsp;&nbsp;&nbsp;USBD_LL_PrepareReceive
<LI><a href="#[1ab]">&gt;&gt;</a>&nbsp;&nbsp;&nbsp;USBD_LL_OpenEP
<LI><a href="#[1ac]">&gt;&gt;</a>&nbsp;&nbsp;&nbsp;malloc
</UL>
<BR>[Address Reference Count : 1]<UL><LI> usbd_customhid.o(.data)
</UL>
<P><STRONG><a name="[4]"></a>USBD_CUSTOM_HID_Setup</STRONG> (Thumb, 246 bytes, Stack size 24 bytes, usbd_customhid.o(i.USBD_CUSTOM_HID_Setup))
<BR><BR>[Stack]<UL><LI>Max Depth = 132<LI>Call Chain = USBD_CUSTOM_HID_Setup &rArr; USBD_CtlSendData &rArr; USBD_LL_Transmit &rArr; HAL_PCD_EP_Transmit &rArr; USB_EPStartXfer &rArr; USB_WritePacket
</UL>
<BR>[Calls]<UL><LI><a href="#[1b1]">&gt;&gt;</a>&nbsp;&nbsp;&nbsp;USBD_CtlError
<LI><a href="#[1af]">&gt;&gt;</a>&nbsp;&nbsp;&nbsp;USBD_CtlSendData
<LI><a href="#[1b0]">&gt;&gt;</a>&nbsp;&nbsp;&nbsp;USBD_CtlPrepareRx
</UL>
<BR>[Address Reference Count : 1]<UL><LI> usbd_customhid.o(.data)
</UL>
<P><STRONG><a name="[180]"></a>MX_CRC_Init</STRONG> (Thumb, 16 bytes, Stack size 8 bytes, main.o(i.MX_CRC_Init))
<BR><BR>[Stack]<UL><LI>Max Depth = 24<LI>Call Chain = MX_CRC_Init &rArr; HAL_CRC_Init &rArr; HAL_CRC_MspInit
</UL>
<BR>[Calls]<UL><LI><a href="#[10f]">&gt;&gt;</a>&nbsp;&nbsp;&nbsp;HAL_CRC_Init
</UL>
<BR>[Called By]<UL><LI><a href="#[6f]">&gt;&gt;</a>&nbsp;&nbsp;&nbsp;main
</UL>

<P><STRONG><a name="[181]"></a>MX_GPIO_Init</STRONG> (Thumb, 344 bytes, Stack size 32 bytes, main.o(i.MX_GPIO_Init))
<BR><BR>[Stack]<UL><LI>Max Depth = 56<LI>Call Chain = MX_GPIO_Init &rArr; HAL_GPIO_Init
</UL>
<BR>[Calls]<UL><LI><a href="#[9d]">&gt;&gt;</a>&nbsp;&nbsp;&nbsp;HAL_GPIO_WritePin
<LI><a href="#[8e]">&gt;&gt;</a>&nbsp;&nbsp;&nbsp;HAL_GPIO_Init
</UL>
<BR>[Called By]<UL><LI><a href="#[6f]">&gt;&gt;</a>&nbsp;&nbsp;&nbsp;main
</UL>

<P><STRONG><a name="[182]"></a>MX_RNG_Init</STRONG> (Thumb, 16 bytes, Stack size 8 bytes, main.o(i.MX_RNG_Init))
<BR><BR>[Stack]<UL><LI>Max Depth = 16<LI>Call Chain = MX_RNG_Init &rArr; HAL_RNG_Init
</UL>
<BR>[Calls]<UL><LI><a href="#[165]">&gt;&gt;</a>&nbsp;&nbsp;&nbsp;HAL_RNG_Init
</UL>
<BR>[Called By]<UL><LI><a href="#[6f]">&gt;&gt;</a>&nbsp;&nbsp;&nbsp;main
</UL>

<P><STRONG><a name="[183]"></a>MX_UART4_Init</STRONG> (Thumb, 40 bytes, Stack size 8 bytes, main.o(i.MX_UART4_Init))
<BR><BR>[Stack]<UL><LI>Max Depth = 96<LI>Call Chain = MX_UART4_Init &rArr; HAL_UART_Init &rArr; HAL_UART_MspInit &rArr; HAL_NVIC_SetPriority &rArr; NVIC_SetPriority
</UL>
<BR>[Calls]<UL><LI><a href="#[169]">&gt;&gt;</a>&nbsp;&nbsp;&nbsp;HAL_UART_Init
</UL>
<BR>[Called By]<UL><LI><a href="#[6f]">&gt;&gt;</a>&nbsp;&nbsp;&nbsp;main
</UL>

<P><STRONG><a name="[184]"></a>MX_USART1_UART_Init</STRONG> (Thumb, 40 bytes, Stack size 8 bytes, main.o(i.MX_USART1_UART_Init))
<BR><BR>[Stack]<UL><LI>Max Depth = 96<LI>Call Chain = MX_USART1_UART_Init &rArr; HAL_UART_Init &rArr; HAL_UART_MspInit &rArr; HAL_NVIC_SetPriority &rArr; NVIC_SetPriority
</UL>
<BR>[Calls]<UL><LI><a href="#[169]">&gt;&gt;</a>&nbsp;&nbsp;&nbsp;HAL_UART_Init
</UL>
<BR>[Called By]<UL><LI><a href="#[6f]">&gt;&gt;</a>&nbsp;&nbsp;&nbsp;main
</UL>

<P><STRONG><a name="[185]"></a>MX_USART2_UART_Init</STRONG> (Thumb, 40 bytes, Stack size 8 bytes, main.o(i.MX_USART2_UART_Init))
<BR><BR>[Stack]<UL><LI>Max Depth = 96<LI>Call Chain = MX_USART2_UART_Init &rArr; HAL_UART_Init &rArr; HAL_UART_MspInit &rArr; HAL_NVIC_SetPriority &rArr; NVIC_SetPriority
</UL>
<BR>[Calls]<UL><LI><a href="#[169]">&gt;&gt;</a>&nbsp;&nbsp;&nbsp;HAL_UART_Init
</UL>
<BR>[Called By]<UL><LI><a href="#[6f]">&gt;&gt;</a>&nbsp;&nbsp;&nbsp;main
</UL>

<P><STRONG><a name="[12]"></a>CUSTOM_HID_DeInit_FS</STRONG> (Thumb, 4 bytes, Stack size 0 bytes, usbd_custom_hid_if.o(i.CUSTOM_HID_DeInit_FS))
<BR>[Address Reference Count : 1]<UL><LI> usbd_custom_hid_if.o(.data)
</UL>
<P><STRONG><a name="[11]"></a>CUSTOM_HID_Init_FS</STRONG> (Thumb, 10 bytes, Stack size 0 bytes, usbd_custom_hid_if.o(i.CUSTOM_HID_Init_FS))
<BR>[Address Reference Count : 1]<UL><LI> usbd_custom_hid_if.o(.data)
</UL>
<P><STRONG><a name="[13]"></a>CUSTOM_HID_OutEvent_FS</STRONG> (Thumb, 22 bytes, Stack size 16 bytes, usbd_custom_hid_if.o(i.CUSTOM_HID_OutEvent_FS))
<BR><BR>[Stack]<UL><LI>Max Depth = 40<LI>Call Chain = CUSTOM_HID_OutEvent_FS &rArr; USB_DataReceiveHander &rArr; __aeabi_memmove
</UL>
<BR>[Calls]<UL><LI><a href="#[dd]">&gt;&gt;</a>&nbsp;&nbsp;&nbsp;USB_DataReceiveHander
</UL>
<BR>[Address Reference Count : 1]<UL><LI> usbd_custom_hid_if.o(.data)
</UL>
<P><STRONG><a name="[1ce]"></a>USB_CoreReset</STRONG> (Thumb, 70 bytes, Stack size 0 bytes, stm32f4xx_ll_usb.o(i.USB_CoreReset))
<BR><BR>[Called By]<UL><LI><a href="#[150]">&gt;&gt;</a>&nbsp;&nbsp;&nbsp;USB_CoreInit
</UL>

<P><STRONG><a name="[112]"></a>FLASH_MassErase</STRONG> (Thumb, 48 bytes, Stack size 8 bytes, stm32f4xx_hal_flash_ex.o(i.FLASH_MassErase))
<BR><BR>[Stack]<UL><LI>Max Depth = 8<LI>Call Chain = FLASH_MassErase
</UL>
<BR>[Called By]<UL><LI><a href="#[111]">&gt;&gt;</a>&nbsp;&nbsp;&nbsp;HAL_FLASHEx_Erase
</UL>

<P><STRONG><a name="[140]"></a>PCD_WriteEmptyTxFifo</STRONG> (Thumb, 176 bytes, Stack size 40 bytes, stm32f4xx_hal_pcd.o(i.PCD_WriteEmptyTxFifo))
<BR><BR>[Stack]<UL><LI>Max Depth = 60<LI>Call Chain = PCD_WriteEmptyTxFifo &rArr; USB_WritePacket
</UL>
<BR>[Calls]<UL><LI><a href="#[193]">&gt;&gt;</a>&nbsp;&nbsp;&nbsp;USB_WritePacket
</UL>
<BR>[Called By]<UL><LI><a href="#[138]">&gt;&gt;</a>&nbsp;&nbsp;&nbsp;HAL_PCD_IRQHandler
</UL>

<P><STRONG><a name="[115]"></a>FLASH_Program_Byte</STRONG> (Thumb, 32 bytes, Stack size 0 bytes, stm32f4xx_hal_flash.o(i.FLASH_Program_Byte))
<BR><BR>[Called By]<UL><LI><a href="#[114]">&gt;&gt;</a>&nbsp;&nbsp;&nbsp;HAL_FLASH_Program
</UL>

<P><STRONG><a name="[118]"></a>FLASH_Program_DoubleWord</STRONG> (Thumb, 40 bytes, Stack size 8 bytes, stm32f4xx_hal_flash.o(i.FLASH_Program_DoubleWord))
<BR><BR>[Stack]<UL><LI>Max Depth = 8<LI>Call Chain = FLASH_Program_DoubleWord
</UL>
<BR>[Called By]<UL><LI><a href="#[114]">&gt;&gt;</a>&nbsp;&nbsp;&nbsp;HAL_FLASH_Program
</UL>

<P><STRONG><a name="[116]"></a>FLASH_Program_HalfWord</STRONG> (Thumb, 36 bytes, Stack size 0 bytes, stm32f4xx_hal_flash.o(i.FLASH_Program_HalfWord))
<BR><BR>[Called By]<UL><LI><a href="#[114]">&gt;&gt;</a>&nbsp;&nbsp;&nbsp;HAL_FLASH_Program
</UL>

<P><STRONG><a name="[117]"></a>FLASH_Program_Word</STRONG> (Thumb, 36 bytes, Stack size 0 bytes, stm32f4xx_hal_flash.o(i.FLASH_Program_Word))
<BR><BR>[Called By]<UL><LI><a href="#[114]">&gt;&gt;</a>&nbsp;&nbsp;&nbsp;HAL_FLASH_Program
</UL>

<P><STRONG><a name="[102]"></a>FLASH_SetErrorCode</STRONG> (Thumb, 134 bytes, Stack size 0 bytes, stm32f4xx_hal_flash.o(i.FLASH_SetErrorCode))
<BR><BR>[Called By]<UL><LI><a href="#[100]">&gt;&gt;</a>&nbsp;&nbsp;&nbsp;FLASH_WaitForLastOperation
</UL>

<P><STRONG><a name="[121]"></a>NVIC_GetPriorityGrouping</STRONG> (Thumb, 10 bytes, Stack size 0 bytes, stm32f4xx_hal_cortex.o(i.NVIC_GetPriorityGrouping))
<BR><BR>[Called By]<UL><LI><a href="#[8f]">&gt;&gt;</a>&nbsp;&nbsp;&nbsp;HAL_NVIC_SetPriority
</UL>

<P><STRONG><a name="[122]"></a>NVIC_SetPriority</STRONG> (Thumb, 32 bytes, Stack size 8 bytes, stm32f4xx_hal_cortex.o(i.NVIC_SetPriority))
<BR><BR>[Stack]<UL><LI>Max Depth = 8<LI>Call Chain = NVIC_SetPriority
</UL>
<BR>[Called By]<UL><LI><a href="#[8f]">&gt;&gt;</a>&nbsp;&nbsp;&nbsp;HAL_NVIC_SetPriority
<LI><a href="#[120]">&gt;&gt;</a>&nbsp;&nbsp;&nbsp;HAL_SYSTICK_Config
</UL>

<P><STRONG><a name="[16b]"></a>UART_SetConfig</STRONG> (Thumb, 538 bytes, Stack size 24 bytes, stm32f4xx_hal_uart.o(i.UART_SetConfig))
<BR><BR>[Stack]<UL><LI>Max Depth = 56<LI>Call Chain = UART_SetConfig &rArr; HAL_RCC_GetPCLK2Freq &rArr; HAL_RCC_GetHCLKFreq &rArr; HAL_RCC_GetSysClockFreq
</UL>
<BR>[Calls]<UL><LI><a href="#[162]">&gt;&gt;</a>&nbsp;&nbsp;&nbsp;HAL_RCC_GetPCLK2Freq
<LI><a href="#[161]">&gt;&gt;</a>&nbsp;&nbsp;&nbsp;HAL_RCC_GetPCLK1Freq
</UL>
<BR>[Called By]<UL><LI><a href="#[169]">&gt;&gt;</a>&nbsp;&nbsp;&nbsp;HAL_UART_Init
</UL>

<P><STRONG><a name="[73]"></a>__sti___10_myMain_cpp_Disp</STRONG> (Thumb, 12 bytes, Stack size 8 bytes, mymain.o(i.__sti___10_myMain_cpp_Disp))
<BR><BR>[Stack]<UL><LI>Max Depth = 16<LI>Call Chain = __sti___10_myMain_cpp_Disp &rArr; view::DisplayMem::getInstance()
</UL>
<BR>[Calls]<UL><LI><a href="#[1f0]">&gt;&gt;</a>&nbsp;&nbsp;&nbsp;view::DisplayMem::getInstance()
</UL>
<BR>[Address Reference Count : 1]<UL><LI> mymain.o(.init_array)
</UL>
<P><STRONG><a name="[209]"></a>make_table()</STRONG> (Thumb, 68 bytes, Stack size 0 bytes, utils.o(i._Z10make_tablev))
<BR><BR>[Called By]<UL><LI><a href="#[1fe]">&gt;&gt;</a>&nbsp;&nbsp;&nbsp;Utils::Crc32(unsigned, unsigned char*, int)
</UL>

<P><STRONG><a name="[192]"></a>delay_ms</STRONG> (Thumb, 12 bytes, Stack size 8 bytes, oled281.o(i.delay_ms))
<BR><BR>[Stack]<UL><LI>Max Depth = 24<LI>Call Chain = delay_ms &rArr; HAL_Delay
</UL>
<BR>[Calls]<UL><LI><a href="#[93]">&gt;&gt;</a>&nbsp;&nbsp;&nbsp;HAL_Delay
</UL>
<BR>[Called By]<UL><LI><a href="#[191]">&gt;&gt;</a>&nbsp;&nbsp;&nbsp;OLED281_Init
</UL>

<P><STRONG><a name="[d3]"></a>HASH_DigestCompute</STRONG> (Thumb, 84 bytes, Stack size 144 bytes, encrypt.o(i.HASH_DigestCompute))
<BR><BR>[Stack]<UL><LI>Max Depth = 520<LI>Call Chain = HASH_DigestCompute &rArr; SHA256_Finish &rArr; SHA256Final &rArr; SHA256Transform
</UL>
<BR>[Calls]<UL><LI><a href="#[16c]">&gt;&gt;</a>&nbsp;&nbsp;&nbsp;SHA256_Init
<LI><a href="#[16e]">&gt;&gt;</a>&nbsp;&nbsp;&nbsp;SHA256_Finish
<LI><a href="#[16d]">&gt;&gt;</a>&nbsp;&nbsp;&nbsp;SHA256_Append
</UL>
<BR>[Called By]<UL><LI><a href="#[c1]">&gt;&gt;</a>&nbsp;&nbsp;&nbsp;ECCKeyPairSignGenerate
<LI><a href="#[c3]">&gt;&gt;</a>&nbsp;&nbsp;&nbsp;Alg_HashData
</UL>

<P><STRONG><a name="[c7]"></a>RNG_init_for_sign</STRONG> (Thumb, 72 bytes, Stack size 72 bytes, encrypt.o(i.RNG_init_for_sign))
<BR><BR>[Stack]<UL><LI>Max Depth = 2244<LI>Call Chain = RNG_init_for_sign &rArr; RNGinit &rArr; DRBG_AES128_Block_cipher_df &rArr; AES128_encrypt
</UL>
<BR>[Calls]<UL><LI><a href="#[196]">&gt;&gt;</a>&nbsp;&nbsp;&nbsp;RNGinit
<LI><a href="#[e3]">&gt;&gt;</a>&nbsp;&nbsp;&nbsp;__aeabi_memcpy4
</UL>
<BR>[Called By]<UL><LI><a href="#[c6]">&gt;&gt;</a>&nbsp;&nbsp;&nbsp;Alg_GetPublicFromPrivate
<LI><a href="#[c1]">&gt;&gt;</a>&nbsp;&nbsp;&nbsp;ECCKeyPairSignGenerate
</UL>

<P><STRONG><a name="[ae]"></a>Add_Moduli_Big</STRONG> (Thumb, 454 bytes, Stack size 40 bytes, crypto.o(i.Add_Moduli_Big))
<BR><BR>[Stack]<UL><LI>Max Depth = 52<LI>Call Chain = Add_Moduli_Big &rArr; CopyBig
</UL>
<BR>[Calls]<UL><LI><a href="#[ac]">&gt;&gt;</a>&nbsp;&nbsp;&nbsp;CopyBig
</UL>
<BR>[Called By]<UL><LI><a href="#[a9]">&gt;&gt;</a>&nbsp;&nbsp;&nbsp;AddBig
<LI><a href="#[fb]">&gt;&gt;</a>&nbsp;&nbsp;&nbsp;SubBig
</UL>

<P><STRONG><a name="[e2]"></a>DRBG_AES128_Block_cipher_df</STRONG> (Thumb, 378 bytes, Stack size 552 bytes, crypto.o(i.DRBG_AES128_Block_cipher_df))
<BR><BR>[Stack]<UL><LI>Max Depth = 588<LI>Call Chain = DRBG_AES128_Block_cipher_df &rArr; AES128_encrypt
</UL>
<BR>[Calls]<UL><LI><a href="#[e6]">&gt;&gt;</a>&nbsp;&nbsp;&nbsp;AES128_keyschedule_enc
<LI><a href="#[e5]">&gt;&gt;</a>&nbsp;&nbsp;&nbsp;AES128_encrypt
<LI><a href="#[e3]">&gt;&gt;</a>&nbsp;&nbsp;&nbsp;__aeabi_memcpy4
<LI><a href="#[e4]">&gt;&gt;</a>&nbsp;&nbsp;&nbsp;__aeabi_memcpy
</UL>
<BR>[Called By]<UL><LI><a href="#[196]">&gt;&gt;</a>&nbsp;&nbsp;&nbsp;RNGinit
<LI><a href="#[199]">&gt;&gt;</a>&nbsp;&nbsp;&nbsp;crl_DRBG_AES128_Generate
</UL>

<P><STRONG><a name="[e7]"></a>DRBG_AES128_Update</STRONG> (Thumb, 134 bytes, Stack size 56 bytes, crypto.o(i.DRBG_AES128_Update))
<BR><BR>[Stack]<UL><LI>Max Depth = 92<LI>Call Chain = DRBG_AES128_Update &rArr; AES128_encrypt
</UL>
<BR>[Calls]<UL><LI><a href="#[e5]">&gt;&gt;</a>&nbsp;&nbsp;&nbsp;AES128_encrypt
</UL>
<BR>[Called By]<UL><LI><a href="#[196]">&gt;&gt;</a>&nbsp;&nbsp;&nbsp;RNGinit
<LI><a href="#[199]">&gt;&gt;</a>&nbsp;&nbsp;&nbsp;crl_DRBG_AES128_Generate
</UL>

<P><STRONG><a name="[19d]"></a>SHA256Transform</STRONG> (Thumb, 588 bytes, Stack size 296 bytes, crypto.o(i.SHA256Transform))
<BR><BR>[Stack]<UL><LI>Max Depth = 296<LI>Call Chain = SHA256Transform
</UL>
<BR>[Called By]<UL><LI><a href="#[19e]">&gt;&gt;</a>&nbsp;&nbsp;&nbsp;SHA256Update
<LI><a href="#[19c]">&gt;&gt;</a>&nbsp;&nbsp;&nbsp;SHA256Final
</UL>

<P><STRONG><a name="[20d]"></a>_printf_core</STRONG> (Thumb, 996 bytes, Stack size 104 bytes, printf8.o(i._printf_core), UNUSED)
<BR><BR>[Calls]<UL><LI><a href="#[79]">&gt;&gt;</a>&nbsp;&nbsp;&nbsp;__aeabi_uldivmod
<LI><a href="#[21a]">&gt;&gt;</a>&nbsp;&nbsp;&nbsp;_printf_pre_padding
<LI><a href="#[21b]">&gt;&gt;</a>&nbsp;&nbsp;&nbsp;_printf_post_padding
</UL>
<BR>[Called By]<UL><LI><a href="#[20c]">&gt;&gt;</a>&nbsp;&nbsp;&nbsp;__0printf$8
</UL>

<P><STRONG><a name="[21b]"></a>_printf_post_padding</STRONG> (Thumb, 36 bytes, Stack size 24 bytes, printf8.o(i._printf_post_padding), UNUSED)
<BR><BR>[Called By]<UL><LI><a href="#[20d]">&gt;&gt;</a>&nbsp;&nbsp;&nbsp;_printf_core
</UL>

<P><STRONG><a name="[21a]"></a>_printf_pre_padding</STRONG> (Thumb, 46 bytes, Stack size 24 bytes, printf8.o(i._printf_pre_padding), UNUSED)
<BR><BR>[Called By]<UL><LI><a href="#[20d]">&gt;&gt;</a>&nbsp;&nbsp;&nbsp;_printf_core
</UL>
<P>
<H3>
Undefined Global Symbols
</H3><HR></body></html>
