<html>
<body>
<pre>
<h1>礦ision Build Log</h1>
<h2>Tool Versions:</h2>
IDE-Version: μVision V5.14.0.0
Copyright (C) 2015 ARM Ltd and ARM Germany GmbH. All rights reserved.
License Information: 1 1, 1, LIC=R4HWF-6XE60-AWD2F-67QP9-NS046-U1YQS
 
Tool Versions:
Toolchain:       MDK-ARM Professional  Version: 5.14.0.0
Toolchain Path:  C:\Keil_v5\ARM\ARMCC\Bin
C Compiler:      Armcc.exe V5.05 update 1 (build 106)
Assembler:       Armasm.exe V5.05 update 1 (build 106)
Linker/Locator:  ArmLink.exe V5.05 update 1 (build 106)
Library Manager: ArmAr.exe V5.05 update 1 (build 106)
Hex Converter:   FromElf.exe V5.05 update 1 (build 106)
CPU DLL:         SARMCM3.DLL V5.14.0.0
Dialog DLL:      DCM.DLL V1.13.1.0
Target DLL:      Segger\JL2CM3.dll V2.99.13.0
Dialog DLL:      TCM.DLL V1.14.4.0
 
<h2>Project:</h2>
D:\git\NeoDun\单片机程序\stCode\neo\MDK-ARM\neo.uvprojx
Project File Date:  02/12/2018

<h2>Output:</h2>
Build target 'neo Configuration'
compiling usbd_core.c...
compiling usbd_ioreq.c...
compiling usbd_ctlreq.c...
compiling usbd_customhid.c...
compiling main.c...
..\Src\main.c(138): warning:  #177-D: function "MX_IWDG_Init" was declared but never referenced
  static void MX_IWDG_Init(void)
..\Src\main.c: 1 warning, 0 errors
compiling stm32f4xx_it.c...
compiling stm32f4xx_hal_msp.c...
compiling usb_device.c...
compiling usbd_desc.c...
compiling usbd_conf.c...
compiling usbd_custom_hid_if.c...
compiling forPrintf.c...
compiling system_stm32f4xx.c...
compiling stm32f4xx_hal_dma_ex.c...
compiling stm32f4xx_hal_pcd_ex.c...
compiling stm32f4xx_ll_usb.c...
compiling stm32f4xx_hal_flash_ex.c...
compiling stm32f4xx_hal_rcc.c...
compiling stm32f4xx_hal_pcd.c...
compiling stm32f4xx_hal_flash.c...
compiling stm32f4xx_hal_gpio.c...
compiling stm32f4xx_hal.c...
compiling stm32f4xx_hal_pwr.c...
compiling stm32f4xx_hal_pwr_ex.c...
compiling stm32f4xx_hal_cortex.c...
compiling stm32f4xx_hal_flash_ramfunc.c...
compiling stm32f4xx_hal_dma.c...
compiling stm32f4xx_hal_rcc_ex.c...
compiling stm32f4xx_hal_uart.c...
compiling stm32f4xx_hal_crc.c...
compiling stm32f4xx_hal_rng.c...
compiling stm32f4xx_hal_iwdg.c...
compiling OLED.c...
compiling DisplayMem.cpp...
compiling Hal.cpp...
compiling irq_handler.cpp...
compiling myMain.cpp...
compiling Commands.cpp...
compiling ReceiveAnalysis.cpp...
compiling Utils.cpp...
compiling PrivateKey.cpp...
compiling PublicKey.cpp...
compiling FingerPrintPacket.cpp...
compiling FingerUtil.cpp...
compiling oled281.c...
compiling Algorithm.c...
compiling bignum.c...
compiling encrypt.c...
compiling getaddress.c...
compiling ripemd160.c...
compiling showsign.c...
compiling stmflash.c...
compiling aw9136.c...
compiling myiic.c...
linking...
Program Size: Code=77298 RO-data=7598 RW-data=21900 ZI-data=84076  
FromELF: creating hex file...
After Build - User command #1: C:\Keil_v5\ARM\ARMCC\bin\fromelf.exe --bin -o .\OBJ\neo.bin .\OBJ\neo.axf
".\OBJ\neo.axf" - 0 Error(s), 1 Warning(s).

<h2>Collection of Component include folders:</h2>
  D:\git\NeoDun\单片机程序\stCode\neo\MDK-ARM\RTE
  C:\Keil_v5\ARM\PACK\Keil\STM32F4xx_DFP\2.11.0

<h2>Collection of Component Files used:</h2>
</pre>
</body>
</html>
