Component: ARM Compiler 5.05 update 1 (build 106) Tool: armlink [4d0efa]

==============================================================================

Section Cross References

    usbd_core.o(i.USBD_DeInit) refers to usbd_conf.o(i.USBD_LL_Stop) for USBD_LL_Stop
    usbd_core.o(i.USBD_DeInit) refers to usbd_conf.o(i.USBD_LL_DeInit) for USBD_LL_DeInit
    usbd_core.o(i.USBD_Init) refers to usbd_conf.o(i.USBD_LL_Init) for USBD_LL_Init
    usbd_core.o(i.USBD_LL_DataInStage) refers to usbd_ioreq.o(i.USBD_CtlContinueSendData) for USBD_CtlContinueSendData
    usbd_core.o(i.USBD_LL_DataInStage) refers to usbd_conf.o(i.USBD_LL_PrepareReceive) for USBD_LL_PrepareReceive
    usbd_core.o(i.USBD_LL_DataInStage) refers to usbd_ioreq.o(i.USBD_CtlReceiveStatus) for USBD_CtlReceiveStatus
    usbd_core.o(i.USBD_LL_DataInStage) refers to usbd_core.o(i.USBD_RunTestMode) for USBD_RunTestMode
    usbd_core.o(i.USBD_LL_DataOutStage) refers to usbd_ioreq.o(i.USBD_CtlContinueRx) for USBD_CtlContinueRx
    usbd_core.o(i.USBD_LL_DataOutStage) refers to usbd_ioreq.o(i.USBD_CtlSendStatus) for USBD_CtlSendStatus
    usbd_core.o(i.USBD_LL_Reset) refers to usbd_conf.o(i.USBD_LL_OpenEP) for USBD_LL_OpenEP
    usbd_core.o(i.USBD_LL_SetupStage) refers to usbd_ctlreq.o(i.USBD_ParseSetupRequest) for USBD_ParseSetupRequest
    usbd_core.o(i.USBD_LL_SetupStage) refers to usbd_ctlreq.o(i.USBD_StdDevReq) for USBD_StdDevReq
    usbd_core.o(i.USBD_LL_SetupStage) refers to usbd_ctlreq.o(i.USBD_StdItfReq) for USBD_StdItfReq
    usbd_core.o(i.USBD_LL_SetupStage) refers to usbd_ctlreq.o(i.USBD_StdEPReq) for USBD_StdEPReq
    usbd_core.o(i.USBD_LL_SetupStage) refers to usbd_conf.o(i.USBD_LL_StallEP) for USBD_LL_StallEP
    usbd_core.o(i.USBD_Start) refers to usbd_conf.o(i.USBD_LL_Start) for USBD_LL_Start
    usbd_core.o(i.USBD_Stop) refers to usbd_conf.o(i.USBD_LL_Stop) for USBD_LL_Stop
    usbd_ioreq.o(i.USBD_CtlContinueRx) refers to usbd_conf.o(i.USBD_LL_PrepareReceive) for USBD_LL_PrepareReceive
    usbd_ioreq.o(i.USBD_CtlContinueSendData) refers to usbd_conf.o(i.USBD_LL_Transmit) for USBD_LL_Transmit
    usbd_ioreq.o(i.USBD_CtlPrepareRx) refers to usbd_conf.o(i.USBD_LL_PrepareReceive) for USBD_LL_PrepareReceive
    usbd_ioreq.o(i.USBD_CtlReceiveStatus) refers to usbd_conf.o(i.USBD_LL_PrepareReceive) for USBD_LL_PrepareReceive
    usbd_ioreq.o(i.USBD_CtlSendData) refers to usbd_conf.o(i.USBD_LL_Transmit) for USBD_LL_Transmit
    usbd_ioreq.o(i.USBD_CtlSendStatus) refers to usbd_conf.o(i.USBD_LL_Transmit) for USBD_LL_Transmit
    usbd_ioreq.o(i.USBD_GetRxCount) refers to usbd_conf.o(i.USBD_LL_GetRxDataSize) for USBD_LL_GetRxDataSize
    usbd_ctlreq.o(i.USBD_ClrFeature) refers to usbd_ioreq.o(i.USBD_CtlSendStatus) for USBD_CtlSendStatus
    usbd_ctlreq.o(i.USBD_ClrFeature) refers to usbd_ctlreq.o(i.USBD_CtlError) for USBD_CtlError
    usbd_ctlreq.o(i.USBD_CtlError) refers to usbd_conf.o(i.USBD_LL_StallEP) for USBD_LL_StallEP
    usbd_ctlreq.o(i.USBD_GetConfig) refers to usbd_ctlreq.o(i.USBD_CtlError) for USBD_CtlError
    usbd_ctlreq.o(i.USBD_GetConfig) refers to usbd_ioreq.o(i.USBD_CtlSendData) for USBD_CtlSendData
    usbd_ctlreq.o(i.USBD_GetDescriptor) refers to usbd_ctlreq.o(i.USBD_CtlError) for USBD_CtlError
    usbd_ctlreq.o(i.USBD_GetDescriptor) refers to usbd_ioreq.o(i.USBD_CtlSendData) for USBD_CtlSendData
    usbd_ctlreq.o(i.USBD_GetStatus) refers to usbd_ioreq.o(i.USBD_CtlSendData) for USBD_CtlSendData
    usbd_ctlreq.o(i.USBD_GetStatus) refers to usbd_ctlreq.o(i.USBD_CtlError) for USBD_CtlError
    usbd_ctlreq.o(i.USBD_GetString) refers to usbd_ctlreq.o(i.USBD_GetLen) for USBD_GetLen
    usbd_ctlreq.o(i.USBD_SetAddress) refers to usbd_ctlreq.o(i.USBD_CtlError) for USBD_CtlError
    usbd_ctlreq.o(i.USBD_SetAddress) refers to usbd_conf.o(i.USBD_LL_SetUSBAddress) for USBD_LL_SetUSBAddress
    usbd_ctlreq.o(i.USBD_SetAddress) refers to usbd_ioreq.o(i.USBD_CtlSendStatus) for USBD_CtlSendStatus
    usbd_ctlreq.o(i.USBD_SetConfig) refers to usbd_ctlreq.o(i.USBD_CtlError) for USBD_CtlError
    usbd_ctlreq.o(i.USBD_SetConfig) refers to usbd_core.o(i.USBD_SetClassConfig) for USBD_SetClassConfig
    usbd_ctlreq.o(i.USBD_SetConfig) refers to usbd_ioreq.o(i.USBD_CtlSendStatus) for USBD_CtlSendStatus
    usbd_ctlreq.o(i.USBD_SetConfig) refers to usbd_core.o(i.USBD_ClrClassConfig) for USBD_ClrClassConfig
    usbd_ctlreq.o(i.USBD_SetConfig) refers to usbd_ctlreq.o(.data) for cfgidx
    usbd_ctlreq.o(i.USBD_SetFeature) refers to usbd_ioreq.o(i.USBD_CtlSendStatus) for USBD_CtlSendStatus
    usbd_ctlreq.o(i.USBD_StdDevReq) refers to usbd_ctlreq.o(i.USBD_GetDescriptor) for USBD_GetDescriptor
    usbd_ctlreq.o(i.USBD_StdDevReq) refers to usbd_ctlreq.o(i.USBD_SetAddress) for USBD_SetAddress
    usbd_ctlreq.o(i.USBD_StdDevReq) refers to usbd_ctlreq.o(i.USBD_SetConfig) for USBD_SetConfig
    usbd_ctlreq.o(i.USBD_StdDevReq) refers to usbd_ctlreq.o(i.USBD_GetConfig) for USBD_GetConfig
[...]
    HAL_RNG_Init                             0x08006055   Thumb Code    74  stm32f4xx_hal_rng.o(i.HAL_RNG_Init)
    HAL_RNG_MspInit                          0x080060a1   Thumb Code    22  stm32f4xx_hal_msp.o(i.HAL_RNG_MspInit)
    HAL_SYSTICK_Callback                     0x080060c1   Thumb Code     2  stm32f4xx_hal_cortex.o(i.HAL_SYSTICK_Callback)
    HAL_SYSTICK_Config                       0x080060c3   Thumb Code    52  stm32f4xx_hal_cortex.o(i.HAL_SYSTICK_Config)
    HAL_SYSTICK_IRQHandler                   0x080060f7   Thumb Code     8  stm32f4xx_hal_cortex.o(i.HAL_SYSTICK_IRQHandler)
    HAL_UART_Init                            0x080060ff   Thumb Code   110  stm32f4xx_hal_uart.o(i.HAL_UART_Init)
    HAL_UART_MspInit                         0x0800616d   Thumb Code   254  stm32f4xx_hal_msp.o(i.HAL_UART_MspInit)
    HardFault_Handler                        0x080062dd   Thumb Code    44  forprintf.o(i.HardFault_Handler)
    HexToDec                                 0x08006325   Thumb Code   278  showsign.o(i.HexToDec)
    HexToString                              0x08006441   Thumb Code   102  showsign.o(i.HexToString)
    Home_Key_press                           0x080064a9   Thumb Code    28  aw9136.o(i.Home_Key_press)
    I                                        0x080064e1   Thumb Code    16  ripemd160.o(i.I)
    I2C_read_reg                             0x080064f1   Thumb Code    72  aw9136.o(i.I2C_read_reg)
    I2C_write_reg                            0x08006539   Thumb Code    76  aw9136.o(i.I2C_write_reg)
    IIC2_Ack                                 0x08006585   Thumb Code    66  myiic.o(i.IIC2_Ack)
    IIC2_Init                                0x080065d5   Thumb Code    44  myiic.o(i.IIC2_Init)
    IIC2_NAck                                0x0800660d   Thumb Code    66  myiic.o(i.IIC2_NAck)
    IIC2_Read_Byte                           0x0800665d   Thumb Code    94  myiic.o(i.IIC2_Read_Byte)
    IIC2_Send_Byte                           0x080066c9   Thumb Code    90  myiic.o(i.IIC2_Send_Byte)
    IIC2_Start                               0x08006731   Thumb Code    64  myiic.o(i.IIC2_Start)
    IIC2_Stop                                0x0800677d   Thumb Code    62  myiic.o(i.IIC2_Stop)
    IIC2_Wait_Ack                            0x080067c9   Thumb Code    82  myiic.o(i.IIC2_Wait_Ack)
    InitBig                                  0x08006829   Thumb Code   104  crypto.o(i.InitBig)
    J                                        0x08006891   Thumb Code    12  ripemd160.o(i.J)
    LeftShift                                0x0800689d   Thumb Code   144  crypto.o(i.LeftShift)
    MDTransform                              0x0800692d   Thumb Code  6562  ripemd160.o(i.MDTransform)
    MX_USB_DEVICE_Init                       0x080084e1   Thumb Code    36  usb_device.o(i.MX_USB_DEVICE_Init)
    ModularAddBig                            0x08008515   Thumb Code    68  crypto.o(i.ModularAddBig)
    ModularFastMul2                          0x08008559   Thumb Code   138  crypto.o(i.ModularFastMul2)
    ModularInvBig                            0x080085e3   Thumb Code   540  crypto.o(i.ModularInvBig)
    MontyExit                                0x080087ff   Thumb Code    88  crypto.o(i.MontyExit)
    MontyInit                                0x08008859   Thumb Code   874  crypto.o(i.MontyInit)
    MontyJacProjAddPoints                    0x08008bc3   Thumb Code   894  crypto.o(i.MontyJacProjAddPoints)
    MontyJacProjDoublePoint                  0x08008f41   Thumb Code   778  crypto.o(i.MontyJacProjDoublePoint)
    MontyKillAll                             0x0800924b   Thumb Code    48  crypto.o(i.MontyKillAll)
    MontyMul                                 0x0800927d   Thumb Code   524  crypto.o(i.MontyMul)
    NAF_Binary_PointMul                      0x08009489   Thumb Code   832  crypto.o(i.NAF_Binary_PointMul)
    Normalize                                0x08009805   Thumb Code   368  crypto.o(i.Normalize)
    OLED281_Init                             0x08009975   Thumb Code   500  oled281.o(i.OLED281_Init)
    OLED_WR_Byte                             0x08009b6d   Thumb Code   126  oled281.o(i.OLED_WR_Byte)
    OTG_FS_IRQHandler                        0x08009bf5   Thumb Code    10  irq_handler.o(i.OTG_FS_IRQHandler)
    RCC_AHB1PeriphClockCmd                   0x08009cb5   Thumb Code    26  stm32f4xx_rcc.o(i.RCC_AHB1PeriphClockCmd)
    RCC_AHB2PeriphClockCmd                   0x08009cd5   Thumb Code    26  stm32f4xx_rcc.o(i.RCC_AHB2PeriphClockCmd)
    RCC_AHB2PeriphResetCmd                   0x08009cf5   Thumb Code    26  stm32f4xx_rcc.o(i.RCC_AHB2PeriphResetCmd)
    RNG_Cmd                                  0x08009d15   Thumb Code    30  stm32f4xx_rng.o(i.RNG_Cmd)
    RNG_DeInit                               0x08009d39   Thumb Code    20  stm32f4xx_rng.o(i.RNG_DeInit)
    RNGfree                                  0x08009db9   Thumb Code    72  crypto.o(i.RNGfree)
    RNGgenBytes                              0x08009e01   Thumb Code   464  crypto.o(i.RNGgenBytes)
    RNGinit                                  0x08009fd5   Thumb Code   260  crypto.o(i.RNGinit)
    ReadByteLength                           0x0800a0dd   Thumb Code  2872  showsign.o(i.ReadByteLength)
    ReadByteLengthIndex                      0x0800ac15   Thumb Code    32  showsign.o(i.ReadByteLengthIndex)
    ReverseArray                             0x0800ac35   Thumb Code    52  showsign.o(i.ReverseArray)
    Ripemd160                                0x0800ac69   Thumb Code    44  ripemd160.o(i.Ripemd160)
    SHA256Final                              0x0800ac9d   Thumb Code   390  crypto.o(i.SHA256Final)
    SHA256Update                             0x0800b07d   Thumb Code   154  crypto.o(i.SHA256Update)
    SHA256_Append                            0x0800b117   Thumb Code    42  crypto.o(i.SHA256_Append)
    SHA256_Finish                            0x0800b141   Thumb Code   144  crypto.o(i.SHA256_Finish)
    SHA256_Init                              0x0800b1d1   Thumb Code    60  crypto.o(i.SHA256_Init)
    SetZeroBig                               0x0800b22d   Thumb Code    70  crypto.o(i.SetZeroBig)
    Set_Column_Address                       0x0800b273   Thumb Code    32  oled281.o(i.Set_Column_Address)
    Set_Row_Address                          0x0800b293   Thumb Code    32  oled281.o(i.Set_Row_Address)
    Set_Write_RAM                            0x0800b2b3   Thumb Code    12  oled281.o(i.Set_Write_RAM)
    Show_Pattern                             0x0800b2bf   Thumb Code   116  oled281.o(i.Show_Pattern)
    StAllocBig                               0x0800b333   Thumb Code    66  crypto.o(i.StAllocBig)
    StFreeBig                                0x0800b375   Thumb Code    36  crypto.o(i.StFreeBig)
    StringToHex                              0x0800b399   Thumb Code    50  showsign.o(i.StringToHex)
    SubBig                                   0x0800b3cb   Thumb Code   234  crypto.o(i.SubBig)
    Sub_Moduli_Big                           0x0800b4b5   Thumb Code   436  crypto.o(i.Sub_Moduli_Big)
    SysTick_Handler                          0x0800b669   Thumb Code    12  irq_handler.o(i.SysTick_Handler)
    SystemClock_Config                       0x0800b675   Thumb Code   132  main.o(i.SystemClock_Config)
    SystemInit                               0x0800b701   Thumb Code    82  system_stm32f4xx.o(i.SystemInit)
    USART2_IRQHandler                        0x0800b989   Thumb Code    34  irq_handler.o(i.USART2_IRQHandler)
    USBD_CUSTOM_HID_RegisterInterface        0x0800babf   Thumb Code    14  usbd_customhid.o(i.USBD_CUSTOM_HID_RegisterInterface)
    USBD_CUSTOM_HID_SendReport               0x0800bacd   Thumb Code    52  usbd_customhid.o(i.USBD_CUSTOM_HID_SendReport)
    USBD_ClrClassConfig                      0x0800bbfd   Thumb Code    22  usbd_core.o(i.USBD_ClrClassConfig)
    USBD_CtlContinueRx                       0x0800bc57   Thumb Code    24  usbd_ioreq.o(i.USBD_CtlContinueRx)
    USBD_CtlContinueSendData                 0x0800bc6f   Thumb Code    24  usbd_ioreq.o(i.USBD_CtlContinueSendData)
    USBD_CtlError                            0x0800bc87   Thumb Code    24  usbd_ctlreq.o(i.USBD_CtlError)
    USBD_CtlPrepareRx                        0x0800bc9f   Thumb Code    40  usbd_ioreq.o(i.USBD_CtlPrepareRx)
    USBD_CtlReceiveStatus                    0x0800bcc7   Thumb Code    26  usbd_ioreq.o(i.USBD_CtlReceiveStatus)
    USBD_CtlSendData                         0x0800bce1   Thumb Code    34  usbd_ioreq.o(i.USBD_CtlSendData)
    USBD_CtlSendStatus                       0x0800bd03   Thumb Code    26  usbd_ioreq.o(i.USBD_CtlSendStatus)
    USBD_FS_ConfigStrDescriptor              0x0800bd1d   Thumb Code    34  usbd_desc.o(i.USBD_FS_ConfigStrDescriptor)
    USBD_FS_DeviceDescriptor                 0x0800bd59   Thumb Code    10  usbd_desc.o(i.USBD_FS_DeviceDescriptor)
    USBD_FS_InterfaceStrDescriptor           0x0800bd69   Thumb Code    34  usbd_desc.o(i.USBD_FS_InterfaceStrDescriptor)
    USBD_FS_LangIDStrDescriptor              0x0800bda9   Thumb Code    10  usbd_desc.o(i.USBD_FS_LangIDStrDescriptor)
    USBD_FS_ManufacturerStrDescriptor        0x0800bdb9   Thumb Code    20  usbd_desc.o(i.USBD_FS_ManufacturerStrDescriptor)
    USBD_FS_ProductStrDescriptor             0x0800bde5   Thumb Code    34  usbd_desc.o(i.USBD_FS_ProductStrDescriptor)
    USBD_FS_SerialStrDescriptor              0x0800be1d   Thumb Code    34  usbd_desc.o(i.USBD_FS_SerialStrDescriptor)
    USBD_GetString                           0x0800c045   Thumb Code    82  usbd_ctlreq.o(i.USBD_GetString)
    USBD_Init                                0x0800c097   Thumb Code    50  usbd_core.o(i.USBD_Init)
    USBD_LL_ClearStallEP                     0x0800c0c9   Thumb Code    20  usbd_conf.o(i.USBD_LL_ClearStallEP)
    USBD_LL_CloseEP                          0x0800c0dd   Thumb Code    20  usbd_conf.o(i.USBD_LL_CloseEP)
    USBD_LL_DataInStage                      0x0800c0f1   Thumb Code   218  usbd_core.o(i.USBD_LL_DataInStage)
    USBD_LL_DataOutStage                     0x0800c1cb   Thumb Code   134  usbd_core.o(i.USBD_LL_DataOutStage)
    USBD_LL_DevConnected                     0x0800c251   Thumb Code     6  usbd_core.o(i.USBD_LL_DevConnected)
    USBD_LL_DevDisconnected                  0x0800c257   Thumb Code    26  usbd_core.o(i.USBD_LL_DevDisconnected)
    USBD_LL_Init                             0x0800c271   Thumb Code   100  usbd_conf.o(i.USBD_LL_Init)
    USBD_LL_IsStallEP                        0x0800c2d9   Thumb Code    56  usbd_conf.o(i.USBD_LL_IsStallEP)
    USBD_LL_IsoINIncomplete                  0x0800c311   Thumb Code     6  usbd_core.o(i.USBD_LL_IsoINIncomplete)
    USBD_LL_IsoOUTIncomplete                 0x0800c317   Thumb Code     6  usbd_core.o(i.USBD_LL_IsoOUTIncomplete)
    USBD_LL_OpenEP                           0x0800c31d   Thumb Code    32  usbd_conf.o(i.USBD_LL_OpenEP)
    USBD_LL_PrepareReceive                   0x0800c33d   Thumb Code    32  usbd_conf.o(i.USBD_LL_PrepareReceive)
    USBD_LL_Reset                            0x0800c35d   Thumb Code    68  usbd_core.o(i.USBD_LL_Reset)
    USBD_LL_Resume                           0x0800c3a1   Thumb Code    14  usbd_core.o(i.USBD_LL_Resume)
    USBD_LL_SOF                              0x0800c3af   Thumb Code    34  usbd_core.o(i.USBD_LL_SOF)
    USBD_LL_SetSpeed                         0x0800c3d1   Thumb Code     8  usbd_core.o(i.USBD_LL_SetSpeed)
    USBD_LL_SetUSBAddress                    0x0800c3d9   Thumb Code    20  usbd_conf.o(i.USBD_LL_SetUSBAddress)
    USBD_LL_SetupStage                       0x0800c3ed   Thumb Code   110  usbd_core.o(i.USBD_LL_SetupStage)
    USBD_LL_StallEP                          0x0800c45b   Thumb Code    20  usbd_conf.o(i.USBD_LL_StallEP)
    USBD_LL_Start                            0x0800c46f   Thumb Code    16  usbd_conf.o(i.USBD_LL_Start)
    USBD_LL_Suspend                          0x0800c47f   Thumb Code    20  usbd_core.o(i.USBD_LL_Suspend)
    USBD_LL_Transmit                         0x0800c493   Thumb Code    32  usbd_conf.o(i.USBD_LL_Transmit)
    USBD_ParseSetupRequest                   0x0800c4b3   Thumb Code    40  usbd_ctlreq.o(i.USBD_ParseSetupRequest)
    USBD_RegisterClass                       0x0800c4db   Thumb Code    16  usbd_core.o(i.USBD_RegisterClass)
    USBD_RunTestMode                         0x0800c4eb   Thumb Code     6  usbd_core.o(i.USBD_RunTestMode)
    USBD_SetClassConfig                      0x0800c545   Thumb Code    34  usbd_core.o(i.USBD_SetClassConfig)
    USBD_Start                               0x0800c66d   Thumb Code    14  usbd_core.o(i.USBD_Start)
    USBD_StdDevReq                           0x0800c67b   Thumb Code   114  usbd_ctlreq.o(i.USBD_StdDevReq)
    USBD_StdEPReq                            0x0800c6ed   Thumb Code   342  usbd_ctlreq.o(i.USBD_StdEPReq)
    USBD_StdItfReq                           0x0800c843   Thumb Code    74  usbd_ctlreq.o(i.USBD_StdItfReq)
    USB_ActivateEndpoint                     0x0800c88d   Thumb Code   192  stm32f4xx_ll_usb.o(i.USB_ActivateEndpoint)
    USB_ActivateSetup                        0x0800c951   Thumb Code    68  stm32f4xx_ll_usb.o(i.USB_ActivateSetup)
    USB_CoreInit                             0x0800c995   Thumb Code   108  stm32f4xx_ll_usb.o(i.USB_CoreInit)
    USB_DataReceiveHander                    0x0800ca51   Thumb Code    28  receiveanalysis.o(i.USB_DataReceiveHander)
    USB_DeactivateEndpoint                   0x0800ca79   Thumb Code   162  stm32f4xx_ll_usb.o(i.USB_DeactivateEndpoint)
    USB_DevConnect                           0x0800cb21   Thumb Code    30  stm32f4xx_ll_usb.o(i.USB_DevConnect)
    USB_DevDisconnect                        0x0800cb3f   Thumb Code    30  stm32f4xx_ll_usb.o(i.USB_DevDisconnect)
    USB_DevInit                              0x0800cb5d   Thumb Code   396  stm32f4xx_ll_usb.o(i.USB_DevInit)
    USB_DisableGlobalInt                     0x0800ccf9   Thumb Code    14  stm32f4xx_ll_usb.o(i.USB_DisableGlobalInt)
    USB_EP0StartXfer                         0x0800cd09   Thumb Code   426  stm32f4xx_ll_usb.o(i.USB_EP0StartXfer)
    USB_EP0_OutStart                         0x0800ceb9   Thumb Code    68  stm32f4xx_ll_usb.o(i.USB_EP0_OutStart)
    USB_EPClearStall                         0x0800cefd   Thumb Code   136  stm32f4xx_ll_usb.o(i.USB_EPClearStall)
    USB_EPSetStall                           0x0800cf85   Thumb Code   140  stm32f4xx_ll_usb.o(i.USB_EPSetStall)
    USB_EPStartXfer                          0x0800d011   Thumb Code   714  stm32f4xx_ll_usb.o(i.USB_EPStartXfer)
    USB_EnableGlobalInt                      0x0800d2e1   Thumb Code    14  stm32f4xx_ll_usb.o(i.USB_EnableGlobalInt)
    USB_FlushRxFifo                          0x0800d2f1   Thumb Code    38  stm32f4xx_ll_usb.o(i.USB_FlushRxFifo)
    USB_FlushTxFifo                          0x0800d31d   Thumb Code    44  stm32f4xx_ll_usb.o(i.USB_FlushTxFifo)
    USB_GetDevSpeed                          0x0800d34d   Thumb Code    68  stm32f4xx_ll_usb.o(i.USB_GetDevSpeed)
    USB_GetMode                              0x0800d391   Thumb Code    10  stm32f4xx_ll_usb.o(i.USB_GetMode)
    USB_ReadDevAllInEpInterrupt              0x0800d39b   Thumb Code    18  stm32f4xx_ll_usb.o(i.USB_ReadDevAllInEpInterrupt)
    USB_ReadDevAllOutEpInterrupt             0x0800d3ad   Thumb Code    18  stm32f4xx_ll_usb.o(i.USB_ReadDevAllOutEpInterrupt)
    USB_ReadDevInEPInterrupt                 0x0800d3bf   Thumb Code    44  stm32f4xx_ll_usb.o(i.USB_ReadDevInEPInterrupt)
    USB_ReadDevOutEPInterrupt                0x0800d3eb   Thumb Code    22  stm32f4xx_ll_usb.o(i.USB_ReadDevOutEPInterrupt)
    USB_ReadInterrupts                       0x0800d401   Thumb Code    12  stm32f4xx_ll_usb.o(i.USB_ReadInterrupts)
    USB_ReadPacket                           0x0800d40d   Thumb Code    40  stm32f4xx_ll_usb.o(i.USB_ReadPacket)
    USB_SetCurrentMode                       0x0800d435   Thumb Code    48  stm32f4xx_ll_usb.o(i.USB_SetCurrentMode)
    USB_SetDevAddress                        0x0800d465   Thumb Code    36  stm32f4xx_ll_usb.o(i.USB_SetDevAddress)
    USB_SetDevSpeed                          0x0800d489   Thumb Code    16  stm32f4xx_ll_usb.o(i.USB_SetDevSpeed)
    USB_WritePacket                          0x0800d499   Thumb Code    58  stm32f4xx_ll_usb.o(i.USB_WritePacket)
    W8_to_Big                                0x0800d4d5   Thumb Code   326  crypto.o(i.W8_to_Big)
    _EndHash                                 0x0800d61d   Thumb Code   162  ripemd160.o(i._EndHash)
    _HashData                                0x0800d6c9   Thumb Code   186  ripemd160.o(i._HashData)
    PrivateKey::GetPublicKey(bool)           0x0800d7e5   Thumb Code   104  privatekey.o(i._ZN10PrivateKey12GetPublicKeyEb)
    PrivateKey::PrivateKey(unsigned char*)   0x0800d869   Thumb Code    20  privatekey.o(i._ZN10PrivateKeyC1EPh)
    PrivateKey::PrivateKey__sub_object(unsigned char*) 0x0800d869   Thumb Code     0  privatekey.o(i._ZN10PrivateKeyC1EPh)
    ReceiveAnalysis::GetInstance()           0x0800d87d   Thumb Code    36  receiveanalysis.o(i._ZN15ReceiveAnalysis11GetInstanceEv)
    ReceiveAnalysis::hashCompare(unsigned char*, unsigned char*) 0x0800d8a9   Thumb Code    32  receiveanalysis.o(i._ZN15ReceiveAnalysis11hashCompareEPhS0_)
    ReceiveAnalysis::isAllPackGot()          0x0800d8c9   Thumb Code    32  receiveanalysis.o(i._ZN15ReceiveAnalysis12isAllPackGotEv)
    ReceiveAnalysis::PackDataFromPcCallback(unsigned char*, int) 0x0800d8e9   Thumb Code  4512  receiveanalysis.o(i._ZN15ReceiveAnalysis22PackDataFromPcCallbackEPhi)
    ReceiveAnalysis::Poll()                  0x0800ead5   Thumb Code    22  receiveanalysis.o(i._ZN15ReceiveAnalysis4PollEv)
    ReceiveAnalysis::clearData()             0x0800eaeb   Thumb Code    46  receiveanalysis.o(i._ZN15ReceiveAnalysis9clearDataEv)
    ReceiveAnalysis::crc_frame(unsigned char*, int) 0x0800eb19   Thumb Code    62  receiveanalysis.o(i._ZN15ReceiveAnalysis9crc_frameEPhi)
    ReceiveAnalysis::ReceiveAnalysis()       0x0800eb59   Thumb Code    38  receiveanalysis.o(i._ZN15ReceiveAnalysisC1Ev)
    ReceiveAnalysis::ReceiveAnalysis__sub_object() 0x0800eb59   Thumb Code     0  receiveanalysis.o(i._ZN15ReceiveAnalysisC1Ev)
    Hal::SendUSBData(unsigned char*, int)    0x0800eb85   Thumb Code    36  hal.o(i._ZN3Hal11SendUSBDataEPhi)
    Hal::getInstance()                       0x0800ebad   Thumb Code    36  hal.o(i._ZN3Hal11getInstanceEv)
    Hal::HardwareInit()                      0x0800ebd9   Thumb Code    30  hal.o(i._ZN3Hal12HardwareInitEv)
    Hal::Hal()                               0x0800ebfd   Thumb Code     2  hal.o(i._ZN3HalC1Ev)
    Hal::Hal__sub_object()                   0x0800ebfd   Thumb Code     0  hal.o(i._ZN3HalC1Ev)
    view::DisplayMem::drawNumber(int, int, long long, int, view::FONT_t) 0x0800ebff   Thumb Code   184  displaymem.o(i._ZN4view10DisplayMem10drawNumberEiixiNS_6FONT_tE)
    view::DisplayMem::drawString(int, int, char*) 0x0800ecb7   Thumb Code    50  displaymem.o(i._ZN4view10DisplayMem10drawStringEiiPc)
    view::DisplayMem::drawString(int, int, char*, view::FONT_t) 0x0800ece9   Thumb Code    84  displaymem.o(i._ZN4view10DisplayMem10drawStringEiiPcNS_6FONT_tE)
    view::DisplayMem::drawPicture(unsigned char*, int, int, int, int) 0x0800ed3d   Thumb Code    38  displaymem.o(i._ZN4view10DisplayMem11drawPictureEPhiiii)
    view::DisplayMem::drawxNumber(int, int, long long, int, view::FONT_t) 0x0800ed63   Thumb Code   248  displaymem.o(i._ZN4view10DisplayMem11drawxNumberEiixiNS_6FONT_tE)
    view::DisplayMem::getInstance()          0x0800ee5d   Thumb Code    36  displaymem.o(i._ZN4view10DisplayMem11getInstanceEv)
    view::DisplayMem::drawHZString(int, int, int, int) 0x0800ee89   Thumb Code    54  displaymem.o(i._ZN4view10DisplayMem12drawHZStringEiiii)
    view::DisplayMem::drawHZ(int, int, int, view::FONT_HZ_t, bool) 0x0800eec1   Thumb Code   372  displaymem.o(i._ZN4view10DisplayMem6drawHZEiiiNS_9FONT_HZ_tEb)
    view::DisplayMem::LCD_Pow(int, int)      0x0800f041   Thumb Code    46  displaymem.o(i._ZN4view10DisplayMem7LCD_PowEii)
    view::DisplayMem::drawInt(int, int, int, view::FONT_t, bool) 0x0800f071   Thumb Code   588  displaymem.o(i._ZN4view10DisplayMem7drawIntEiiiNS_6FONT_tEb)
    view::DisplayMem::clearAll()             0x0800f2d1   Thumb Code    12  displaymem.o(i._ZN4view10DisplayMem8clearAllEv)
    view::DisplayMem::drawChar(int, int, char, view::FONT_t, bool) 0x0800f2dd   Thumb Code   588  displaymem.o(i._ZN4view10DisplayMem8drawCharEiicNS_6FONT_tEb)
    view::DisplayMem::clearArea(int, int, int, int) 0x0800f53d   Thumb Code    54  displaymem.o(i._ZN4view10DisplayMem9clearAreaEiiii)
    view::DisplayMem::DisplayMem()           0x0800f573   Thumb Code     2  displaymem.o(i._ZN4view10DisplayMemC1Ev)
    view::DisplayMem::DisplayMem__sub_object() 0x0800f573   Thumb Code     0  displaymem.o(i._ZN4view10DisplayMemC1Ev)
    Utils::PrintArray(unsigned char*, int)   0x0800f575   Thumb Code    32  utils.o(i._ZN5Utils10PrintArrayEPhi)
    Utils::ReverseU16(unsigned short)        0x0800f5a1   Thumb Code    12  utils.o(i._ZN5Utils10ReverseU16Et)
    Utils::MemoryCompare(void*, void*, int)  0x0800f5ad   Thumb Code    32  utils.o(i._ZN5Utils13MemoryCompareEPvS0_i)
    Utils::RandomInteger()                   0x0800f5cd   Thumb Code     8  utils.o(i._ZN5Utils13RandomIntegerEv)
    Utils::Crc32(unsigned, unsigned char*, int) 0x0800f5d5   Thumb Code    50  utils.o(i._ZN5Utils5Crc32EjPhi)
    Utils::Sha256(unsigned char*, unsigned, unsigned char*, unsigned) 0x0800f611   Thumb Code    86  utils.o(i._ZN5Utils6Sha256EPhjS0_j)
    Utils::ReadU16(unsigned char*)           0x0800f6a5   Thumb Code    12  utils.o(i._ZN5Utils7ReadU16EPh)
    Utils::ReadU32(unsigned char*)           0x0800f6b1   Thumb Code    24  utils.o(i._ZN5Utils7ReadU32EPh)
    Utils::WriteU16(unsigned short, unsigned char*) 0x0800f6c9   Thumb Code     8  utils.o(i._ZN5Utils8WriteU16EtPh)
    Utils::WriteU32(unsigned, unsigned char*) 0x0800f6d1   Thumb Code    16  utils.o(i._ZN5Utils8WriteU32EjPh)
    Address::Address(char*, unsigned char*, unsigned short, unsigned, unsigned, unsigned, unsigned) 0x0800f6e1   Thumb Code    66  address.o(i._ZN7AddressC1EPcPhtjjjj)
    Address::Address__sub_object(char*, unsigned char*, unsigned short, unsigned, unsigned, unsigned, unsigned) 0x0800f6e1   Thumb Code     0  address.o(i._ZN7AddressC1EPcPhtjjjj)
    Address::Address()                       0x0800f723   Thumb Code     2  address.o(i._ZN7AddressC1Ev)
    Address::Address__sub_object()           0x0800f723   Thumb Code     0  address.o(i._ZN7AddressC1Ev)
    Commands::AppendBytes(unsigned char*, int) 0x0800f725   Thumb Code    30  commands.o(i._ZN8Commands11AppendBytesEPhi)
    Commands::CreateDataQuest(unsigned short, unsigned short, unsigned short, unsigned short, unsigned char*, unsigned) 0x0800f749   Thumb Code   132  commands.o(i._ZN8Commands15CreateDataQuestEttttPhj)
    Commands::SendToPc()                     0x0800f7d1   Thumb Code    44  commands.o(i._ZN8Commands8SendToPcEv)
    Commands::AppendU16(unsigned short)      0x0800f801   Thumb Code    26  commands.o(i._ZN8Commands9AppendU16Et)
    Commands::AppendU32(unsigned short)      0x0800f821   Thumb Code    26  commands.o(i._ZN8Commands9AppendU32Et)
    Commands::Commands(unsigned short, unsigned short) 0x0800f841   Thumb Code    52  commands.o(i._ZN8CommandsC1Ett)
    Commands::Commands__sub_object(unsigned short, unsigned short) 0x0800f841   Thumb Code     0  commands.o(i._ZN8CommandsC1Ett)
    Commands::Commands()                     0x0800f879   Thumb Code    20  commands.o(i._ZN8CommandsC1Ev)
    Commands::Commands__sub_object()         0x0800f879   Thumb Code     0  commands.o(i._ZN8CommandsC1Ev)
    PublicKey::PublicKey()                   0x0800f891   Thumb Code     2  publickey.o(i._ZN9PublicKeyC1Ev)
    PublicKey::PublicKey__sub_object()       0x0800f891   Thumb Code     0  publickey.o(i._ZN9PublicKeyC1Ev)
    PrivateKey::getData() const              0x0800f893   Thumb Code     2  privatekey.o(i._ZNK10PrivateKey7getDataEv)
    Address::getContent() const              0x0800f895   Thumb Code     2  address.o(i._ZNK7Address10getContentEv)
    Address::getPrivatekey() const           0x0800f897   Thumb Code     8  address.o(i._ZNK7Address13getPrivatekeyEv)
    PublicKey::getData() const               0x0800f89f   Thumb Code     2  publickey.o(i._ZNK9PublicKey7getDataEv)
    __0printf$8                              0x0800f8a1   Thumb Code    22  printf8.o(i.__0printf$8)
    __1printf$8                              0x0800f8a1   Thumb Code     0  printf8.o(i.__0printf$8)
    __2printf                                0x0800f8a1   Thumb Code     0  printf8.o(i.__0printf$8)
    __ARM_fpclassify                         0x0800f8c1   Thumb Code    48  fpclassify.o(i.__ARM_fpclassify)
    __aeabi_vec_ctor_nocookie_nodtor         0x0800f8f1   Thumb Code    36  aeabi_vec_ctor_nocookie_nodtor.o(i.__aeabi_vec_ctor_nocookie_nodtor)
    __cxa_guard_acquire                      0x0800f915   Thumb Code    16  cxa_guard_acquire.o(i.__cxa_guard_acquire)
    __hardfp_pow                             0x0800f929   Thumb Code  3044  pow.o(i.__hardfp_pow)
    __kernel_poly                            0x08010561   Thumb Code   248  poly.o(i.__kernel_poly)
    __mathlib_dbl_divzero                    0x08010659   Thumb Code    28  dunder.o(i.__mathlib_dbl_divzero)
    __mathlib_dbl_infnan2                    0x08010689   Thumb Code    20  dunder.o(i.__mathlib_dbl_infnan2)
    __mathlib_dbl_invalid                    0x080106a1   Thumb Code    24  dunder.o(i.__mathlib_dbl_invalid)
    __mathlib_dbl_overflow                   0x080106c1   Thumb Code    24  dunder.o(i.__mathlib_dbl_overflow)
    __mathlib_dbl_underflow                  0x080106e1   Thumb Code    24  dunder.o(i.__mathlib_dbl_underflow)
    __scatterload_copy                       0x08010701   Thumb Code    14  handlers.o(i.__scatterload_copy)
    __scatterload_null                       0x0801070f   Thumb Code     2  handlers.o(i.__scatterload_null)
    __scatterload_zeroinit                   0x08010711   Thumb Code    14  handlers.o(i.__scatterload_zeroinit)
    __set_errno                              0x08010721   Thumb Code     6  errno.o(i.__set_errno)
    bigadd                                   0x08010b9f   Thumb Code   324  bignum.o(i.bigadd)
    bigdiv                                   0x08010ce5   Thumb Code   380  showsign.o(i.bigdiv)
    bigmul                                   0x08010e85   Thumb Code   278  bignum.o(i.bigmul)
    bigpow                                   0x08010f9b   Thumb Code   214  bignum.o(i.bigpow)
    convert2to16                             0x08011071   Thumb Code   186  showsign.o(i.convert2to16)
    crl_DRBG_AES128_Generate                 0x0801113d   Thumb Code   450  crypto.o(i.crl_DRBG_AES128_Generate)
    delay_us                                 0x0801130d   Thumb Code    66  myiic.o(i.delay_us)
    fabs                                     0x08011355   Thumb Code    24  fabs.o(i.fabs)
    fputc                                    0x0801136d   Thumb Code    20  forprintf.o(i.fputc)
    free                                     0x08011385   Thumb Code    76  malloc.o(i.free)
    main                                     0x080113d5   Thumb Code    44  main.o(i.main)
    malloc                                   0x08011401   Thumb Code    92  malloc.o(i.malloc)
    my_main                                  0x0801146d   Thumb Code   102  mymain.o(i.my_main)
    sqrt                                     0x08011511   Thumb Code   110  sqrt.o(i.sqrt)
    strupr                                   0x0801157f   Thumb Code    36  showsign.o(i.strupr)
    queue<Address, (int)20>::getContentSize() 0x080115a3   Thumb Code     8  receiveanalysis.o(t._ZN5queueI7AddressLi20EE14getContentSizeEv)
    queue<Address, (int)20>::get(int)        0x080115ab   Thumb Code    22  receiveanalysis.o(t._ZN5queueI7AddressLi20EE3getEi)
    queue<Address, (int)20>::queue()         0x080115c1   Thumb Code    36  receiveanalysis.o(t._ZN5queueI7AddressLi20EEC1Ev)
    queue<Address, (int)20>::queue__sub_object() 0x080115c1   Thumb Code     0  receiveanalysis.o(t._ZN5queueI7AddressLi20EEC1Ev)
    APBAHBPrescTable                         0x080115e8   Data          16  stm32f4xx_hal_rcc.o(.constdata)
    P_256_a                                  0x080115f8   Data          32  encrypt.o(.constdata)
    P_256_b                                  0x08011618   Data          32  encrypt.o(.constdata)
    P_256_p                                  0x08011638   Data          32  encrypt.o(.constdata)
    P_256_n                                  0x08011658   Data          32  encrypt.o(.constdata)
    P_256_Gx                                 0x08011678   Data          32  encrypt.o(.constdata)
    P_256_Gy                                 0x08011698   Data          32  encrypt.o(.constdata)
    Sbox                                     0x08011900   Data         256  crypto.o(.constdata)
    InvSbox                                  0x08011a00   Data         256  crypto.o(.constdata)
    rcon                                     0x08011b00   Data          40  crypto.o(.constdata)
    enc_table                                0x08011b28   Data        1024  crypto.o(.constdata)
    dec_table                                0x08011f28   Data        1024  crypto.o(.constdata)
    SP1                                      0x08012548   Data         256  crypto.o(.constdata)
    SP2                                      0x08012648   Data         256  crypto.o(.constdata)
    SP3                                      0x08012748   Data         256  crypto.o(.constdata)
    SP4                                      0x08012848   Data         256  crypto.o(.constdata)
    SP5                                      0x08012948   Data         256  crypto.o(.constdata)
    SP6                                      0x08012a48   Data         256  crypto.o(.constdata)
    SP7                                      0x08012b48   Data         256  crypto.o(.constdata)
    SP8                                      0x08012c48   Data         256  crypto.o(.constdata)
    K256                                     0x08012d48   Data         256  crypto.o(.constdata)
    __ctype_table                            0x08013120   Data         129  ctype_o.o(.constdata)
    __mathlib_zero                           0x080131a8   Data           8  qnan.o(.constdata)
    Region$$Table$$Base                      0x080131f4   Number         0  anon$$obj.o(Region$$Table)
    Region$$Table$$Limit                     0x08013214   Number         0  anon$$obj.o(Region$$Table)
    SHT$$INIT_ARRAY$$Base                    0x08013214   Number         0  mymain.o(.init_array)
    SHT$$INIT_ARRAY$$Limit                   0x08013218   Number         0  cpp_init.o(.init_array)
    USBD_CUSTOM_HID                          0x20000004   Data          56  usbd_customhid.o(.data)
    hcrc                                     0x20000080   Data           8  main.o(.data)
    FS_Desc                                  0x20000088   Data          28  usbd_desc.o(.data)
    USBD_FS_DeviceDesc                       0x200000a4   Data          18  usbd_desc.o(.data)
    USBD_LangIDDesc                          0x200000b8   Data           4  usbd_desc.o(.data)
    hUsbDevice_0                             0x200000e0   Data           4  usbd_custom_hid_if.o(.data)
    USBD_CustomHID_fops_FS                   0x200000e4   Data          16  usbd_custom_hid_if.o(.data)
    __stdout                                 0x200000f4   Data           4  forprintf.o(.data)
    SystemCoreClock                          0x200000f8   Data           4  system_stm32f4xx.o(.data)
    AHBPrescTable                            0x200000fc   Data          16  system_stm32f4xx.o(.data)
    Disp                                     0x20000120   Data           4  mymain.o(.data)
    gImage_triangle                          0x20000128   Data          72  receiveanalysis.o(.data)
    hid_flag                                 0x20000170   Data           1  receiveanalysis.o(.data)
    len_hid                                  0x20000174   Data           4  receiveanalysis.o(.data)
    have_table                               0x2000017c   Data           1  utils.o(.data)
    ASC5X8                                   0x2000017d   Data         768  oled281.o(.data)
    ASC6X12                                  0x2000047d   Data        1152  oled281.o(.data)
    ASC8X16                                  0x200008fd   Data        1536  oled281.o(.data)
    ASC12X24                                 0x20000efd   Data        4608  oled281.o(.data)
    ASC20X40                                 0x200020fd   Data       11520  oled281.o(.data)
    HZ12X12_S                                0x20004dfd   Data         264  oled281.o(.data)
    HZ16X16_S                                0x20004f05   Data         352  oled281.o(.data)
    HZ24X24_S                                0x20005065   Data         792  oled281.o(.data)
    _count                                   0x20005380   Data           8  ripemd160.o(.data)
    _stateMD160                              0x20005388   Data          20  ripemd160.o(.data)
    Alphabet                                 0x2000539c   Data          58  showsign.o(.data)
    index_add                                0x200053d8   Data           4  showsign.o(.data)
    aw9136_init_flag                         0x200053dc   Data           4  aw9136.o(.data)
    cali_flag                                0x200053e0   Data           1  aw9136.o(.data)
    cali_num                                 0x200053e1   Data           1  aw9136.o(.data)
    cali_cnt                                 0x200053e2   Data           1  aw9136.o(.data)
    cali_used                                0x200053e3   Data           1  aw9136.o(.data)
    old_cali_dir                             0x200053e4   Data           6  aw9136.o(.data)
    __microlib_freelist                      0x200053f4   Data           4  mvars.o(.data)
    __microlib_freelist_initialised          0x200053f8   Data           4  mvars.o(.data)
    hrng                                     0x20005400   Data          12  main.o(.bss)
    hiwdg                                    0x2000540c   Data          16  main.o(.bss)
    huart4                                   0x2000541c   Data          64  main.o(.bss)
    huart2                                   0x2000545c   Data          64  main.o(.bss)
    huart1                                   0x2000549c   Data          64  main.o(.bss)
    hUsbDeviceFS                             0x200054dc   Data         548  usb_device.o(.bss)
    USBD_StrDesc                             0x20005700   Data         512  usbd_desc.o(.bss)
    hpcd_USB_OTG_FS                          0x20005900   Data         948  usbd_conf.o(.bss)
    Commands::data                           0x20005cb4   Data          64  commands.o(.bss)
    ble_data                                 0x20005cf4   Data          32  irq_handler.o(.bss)
    hid_data                                 0x20005d14   Data          64  receiveanalysis.o(.bss)
    Key_Flag                                 0x20005d54   Data          16  receiveanalysis.o(.bss)
    table                                    0x20016a58   Data        1024  utils.o(.bss)
    P_key                                    0x20016e58   Data         200  encrypt.o(.bss)
    result                                   0x20016f20   Data         128  encrypt.o(.bss)
    result1                                  0x20016fa0   Data         128  encrypt.o(.bss)
    MessDigest_t1                            0x20017e20   Data          32  encrypt.o(.bss)
    pub_x                                    0x20017e40   Data          50  encrypt.o(.bss)
    pub_y                                    0x20017e72   Data          50  encrypt.o(.bss)
    sign_r                                   0x20017ea4   Data          50  encrypt.o(.bss)
    sign_s                                   0x20017ed6   Data          50  encrypt.o(.bss)
    _blockDWords                             0x20017f08   Data          64  ripemd160.o(.bss)
    _buffer                                  0x20017f48   Data         256  ripemd160.o(.bss)
    Dec                                      0x20018048   Data         512  showsign.o(.bss)
    Hex                                      0x20018248   Data         512  showsign.o(.bss)
    final                                    0x20018448   Data         512  showsign.o(.bss)
    finaladdress                             0x20018648   Data          50  showsign.o(.bss)
    old_ofr_cfg                              0x2001867c   Data          24  aw9136.o(.bss)
    Ini_sum                                  0x20018694   Data          24  aw9136.o(.bss)
    __heap_base                              0x200186b0   Data           0  startup_stm32f407xx.o(HEAP)
    __heap_limit                             0x200188b0   Data           0  startup_stm32f407xx.o(HEAP)
    __initial_sp                             0x2001a8b0   Data           0  startup_stm32f407xx.o(STACK)



==============================================================================

Memory Map of the image

  Image Entry point : 0x08000189

  Load Region LR_IROM1 (Base: 0x08000000, Size: 0x00018618, Max: 0x00100000, ABSOLUTE, COMPRESSED[0x000152dc])

    Execution Region ER_IROM1 (Base: 0x08000000, Size: 0x00013218, Max: 0x00100000, ABSOLUTE)

    Base Addr    Size         Type   Attr      Idx    E Section Name        Object

    0x08000000   0x00000188   Data   RO         3075    RESET               startup_stm32f407xx.o
    0x08000188   0x00000000   Code   RO         6609  * .ARM.Collect$$$$00000000  mc_w.l(entry.o)
    0x08000188   0x00000004   Code   RO         7001    .ARM.Collect$$$$00000001  mc_w.l(entry2.o)
    0x0800018c   0x00000004   Code   RO         7004    .ARM.Collect$$$$00000004  mc_w.l(entry5.o)
    0x08000190   0x00000000   Code   RO         7006    .ARM.Collect$$$$00000008  mc_w.l(entry7b.o)
    0x08000190   0x00000004   Code   RO         7007    .ARM.Collect$$$$00000009  mc_w.l(entry8a.o)
    0x08000194   0x00000000   Code   RO         7008    .ARM.Collect$$$$0000000A  mc_w.l(entry8b.o)
    0x08000194   0x00000008   Code   RO         7009    .ARM.Collect$$$$0000000B  mc_w.l(entry9a.o)
    0x0800019c   0x00000000   Code   RO         7011    .ARM.Collect$$$$0000000D  mc_w.l(entry10a.o)
    0x0800019c   0x00000000   Code   RO         7013    .ARM.Collect$$$$0000000F  mc_w.l(entry11a.o)
    0x0800019c   0x00000004   Code   RO         7002    .ARM.Collect$$$$00002712  mc_w.l(entry2.o)
    0x080001a0   0x00000024   Code   RO         3076    .text               startup_stm32f407xx.o
    0x080001c4   0x00000062   Code   RO         6612    .text               mc_w.l(ldiv.o)
    0x08000226   0x00000002   PAD
    0x08000228   0x00000008   Code   RO         6614    .text               mc_w.l(ctype_o.o)
    0x08000230   0x00000040   Code   RO         6644    .text               mc_w.l(memmovea.o)
    0x08000270   0x00000024   Code   RO         6646    .text               mc_w.l(memseta.o)
    0x08000294   0x0000000e   Code   RO         6648    .text               mc_w.l(strlen.o)
    0x080002a2   0x0000001c   Code   RO         6650    .text               mc_w.l(strcmp.o)
    0x080002be   0x00000012   Code   RO         6652    .text               mc_w.l(strcpy.o)
    0x080002d0   0x00000020   Code   RO         6950    .text               mc_w.l(cpp_init.o)
    0x080002f0   0x0000014e   Code   RO         6952    .text               mf_w.l(dadd.o)
    0x0800043e   0x000000e4   Code   RO         6954    .text               mf_w.l(dmul.o)
    0x08000522   0x00000022   Code   RO         6956    .text               mf_w.l(dflti.o)
    0x08000544   0x00000028   Code   RO         6958    .text               mf_w.l(dfltl.o)
    0x0800056c   0x0000004a   Code   RO         6960    .text               mf_w.l(dfixl.o)
    0x080005b6   0x00000030   Code   RO         6962    .text               mf_w.l(dfixul.o)
    0x080005e6   0x00000062   Code   RO         7017    .text               mc_w.l(uldiv.o)
    0x08000648   0x0000001e   Code   RO         7019    .text               mc_w.l(llshl.o)
    0x08000666   0x00000020   Code   RO         7021    .text               mc_w.l(llushr.o)
    0x08000686   0x00000024   Code   RO         7023    .text               mc_w.l(llsshr.o)
    0x080006aa   0x00000000   Code   RO         7034    .text               mc_w.l(iusefp.o)
    0x080006aa   0x000000ba   Code   RO         7038    .text               mf_w.l(depilogue.o)
    0x08000764   0x000000de   Code   RO         7040    .text               mf_w.l(ddiv.o)
    0x08000842   0x0000002e   Code   RO         7044    .text               mf_w.l(dscalb.o)
    0x08000870   0x00000030   Code   RO         7046    .text               mf_w.l(cdrcmple.o)
    0x080008a0   0x00000024   Code   RO         7048    .text               mc_w.l(init.o)
    0x080008c4   0x000000a2   Code   RO         7050    .text               mf_w.l(dsqrt.o)
    0x08000966   0x0000005e   Code   RO         7062    .text               mc_w.l(__dclz77c.o)
    0x080009c4   0x00000314   Code   RO         5650    i.AES128_encrypt    Sha256.lib(crypto.o)
    0x08000cd8   0x00000074   Code   RO         5652    i.AES128_keyschedule_enc  Sha256.lib(crypto.o)
    0x08000d4c   0x00000130   Code   RO         5374    i.AW9136_Init       aw9136.o
    0x08000e7c   0x0000004c   Code   RO         5376    i.AW9136_LED_ON     aw9136.o
    0x08000ec8   0x0000000e   Code   RO         5377    i.AW9136_clear_intr  aw9136.o
    0x08000ed6   0x00000002   PAD
    0x08000ed8   0x0000002c   Code   RO         5378    i.AW9136_eint_work  aw9136.o
    0x08000f04   0x00000028   Code   RO         5380    i.AW9136_pwron      aw9136.o
    0x08000f2c   0x00000380   Code   RO         5381    i.AW91xx_Auto_Cali  aw9136.o
    0x080012ac   0x00000040   Code   RO         5382    i.AW_LedReleaseTouch  aw9136.o
    0x080012ec   0x0000012c   Code   RO         5383    i.AW_NormalMode     aw9136.o
    0x08001418   0x000000d8   Code   RO         5384    i.AW_NormalMode_Proc  aw9136.o
    0x080014f0   0x00000094   Code   RO         5386    i.AW_SleepMode_Proc  aw9136.o
    0x08001584   0x0000002c   Code   RO         5387    i.AW_center_double  aw9136.o
    0x080015b0   0x0000003c   Code   RO         5388    i.AW_center_press   aw9136.o
    0x080015ec   0x0000003c   Code   RO         5389    i.AW_center_release  aw9136.o
    0x08001628   0x00000020   Code   RO         5390    i.AW_left_press     aw9136.o
    0x08001648   0x00000024   Code   RO         5391    i.AW_left_release   aw9136.o
    0x0800166c   0x00000020   Code   RO         5392    i.AW_left_slip      aw9136.o
    0x0800168c   0x00000038   Code   RO         5393    i.AW_right_press    aw9136.o
    0x080016c4   0x0000003c   Code   RO         5394    i.AW_right_release  aw9136.o
    0x08001700   0x00000020   Code   RO         5395    i.AW_right_slip     aw9136.o
    0x08001720   0x0000013e   Code   RO         5714    i.AddBig            Sha256.lib(crypto.o)
    0x0800185e   0x00000002   PAD
    0x08001860   0x000001c6   Code   RO         5715    i.Add_Moduli_Big    Sha256.lib(crypto.o)
    0x08001a26   0x00000002   PAD
    0x08001a28   0x00000218   Code   RO         5037    i.Alg_Base58Decode  getaddress.o
    0x08001c40   0x00000054   Code   RO         5038    i.Alg_Base58Encode  getaddress.o
    0x08001c94   0x0000008c   Code   RO         4791    i.Alg_ECDSASignData  encrypt.o
    0x08001d20   0x000000c4   Code   RO         5039    i.Alg_GetAddressFromPublic  getaddress.o
    0x08001de4   0x00000178   Code   RO         4793    i.Alg_GetPublicFromPrivate  encrypt.o
    0x08001f5c   0x00000024   Code   RO         4794    i.Alg_HashData      encrypt.o
    0x08001f80   0x00000d3a   Code   RO         5160    i.Alg_ShowSignData  showsign.o
    0x08002cba   0x00000002   PAD
    0x08002cbc   0x000000d0   Code   RO         5161    i.Ascii2Dec         showsign.o
    0x08002d8c   0x00000094   Code   RO         5040    i.Base58_Encode     getaddress.o
    0x08002e20   0x000000b4   Code   RO         5716    i.Big_to_W8         Sha256.lib(crypto.o)
    0x08002ed4   0x0000008c   Code   RO         5717    i.Big_to_fixedW8    Sha256.lib(crypto.o)
    0x08002f60   0x00000004   Code   RO          954    i.CUSTOM_HID_DeInit_FS  usbd_custom_hid_if.o
    0x08002f64   0x00000014   Code   RO          955    i.CUSTOM_HID_Init_FS  usbd_custom_hid_if.o
    0x08002f78   0x0000001c   Code   RO          956    i.CUSTOM_HID_OutEvent_FS  usbd_custom_hid_if.o
    0x08002f94   0x000000a6   Code   RO         5718    i.CompareBig        Sha256.lib(crypto.o)
    0x0800303a   0x000000ae   Code   RO         4476    i.Con_4_byte        oled281.o
    0x080030e8   0x0000009e   Code   RO         5719    i.CopyBig           Sha256.lib(crypto.o)
    0x08003186   0x00000030   Code   RO         5720    i.CountBits         Sha256.lib(crypto.o)
    0x080031b6   0x00000002   PAD
    0x080031b8   0x000000a0   Code   RO         5163    i.CountMoney        showsign.o
    0x08003258   0x00000008   Code   RO         5722    i.Crypto_DeInit     Sha256.lib(crypto.o)
    0x08003260   0x00000180   Code   RO         5736    i.DRBG_AES128_Block_cipher_df  Sha256.lib(crypto.o)
    0x080033e0   0x00000086   Code   RO         5737    i.DRBG_AES128_Update  Sha256.lib(crypto.o)
    0x08003466   0x0000003c   Code   RO         5081    i.DWORDFromLittleEndian  ripemd160.o
    0x080034a2   0x0000003e   Code   RO         5082    i.DWORDToLittleEndian  ripemd160.o
    0x080034e0   0x000000f4   Code   RO         5164    i.DecTOAddress      showsign.o
    0x080035d4   0x0000009a   Code   RO         5165    i.DecToHex          showsign.o
    0x0800366e   0x000000b4   Code   RO         5166    i.Div               showsign.o
    0x08003722   0x00000002   PAD
    0x08003724   0x00000150   Code   RO         4795    i.ECCKeyPairSignGenerate  encrypt.o
    0x08003874   0x00000066   Code   RO         5738    i.ECCcopyPoint      Sha256.lib(crypto.o)
    0x080038da   0x0000007c   Code   RO         5739    i.ECCfreeEC         Sha256.lib(crypto.o)
    0x08003956   0x00000042   Code   RO         5740    i.ECCfreePoint      Sha256.lib(crypto.o)
    0x08003998   0x0000002e   Code   RO         5741    i.ECCfreePrivKey    Sha256.lib(crypto.o)
    0x080039c6   0x00000002   PAD
    0x080039c8   0x000000bc   Code   RO         5742    i.ECCgetPointCoordinate  Sha256.lib(crypto.o)
    0x08003a84   0x00000080   Code   RO         5744    i.ECCgetPrivKeyValue  Sha256.lib(crypto.o)
    0x08003b04   0x000001b8   Code   RO         5745    i.ECCinitEC         Sha256.lib(crypto.o)
    0x08003cbc   0x000000d0   Code   RO         5746    i.ECCinitPoint      Sha256.lib(crypto.o)
    0x08003d8c   0x0000006e   Code   RO         5747    i.ECCinitPrivKey    Sha256.lib(crypto.o)
    0x08003dfa   0x00000002   PAD
    0x08003dfc   0x000000ec   Code   RO         5751    i.ECCscalarMul      Sha256.lib(crypto.o)
    0x08003ee8   0x00000080   Code   RO         5754    i.ECCsetPointGenerator  Sha256.lib(crypto.o)
    0x08003f68   0x00000024   Code   RO         5755    i.ECCsetPrivKeyValue  Sha256.lib(crypto.o)
    0x08003f8c   0x00000038   Code   RO         5758    i.ECDSAfreeSign     Sha256.lib(crypto.o)
    0x08003fc4   0x000000a4   Code   RO         5759    i.ECDSAgetSignature  Sha256.lib(crypto.o)
    0x08004068   0x0000007c   Code   RO         5760    i.ECDSAinitSign     Sha256.lib(crypto.o)
    0x080040e4   0x000005fa   Code   RO         5762    i.ECDSAsign         Sha256.lib(crypto.o)
    0x080046de   0x00000002   PAD
    0x080046e0   0x00000064   Code   RO         4797    i.EC_paraTestInit   encrypt.o
    0x08004744   0x0000000a   Code   RO         5396    i.EXTI0_IRQHandler  aw9136.o
    0x0800474e   0x0000000a   Code   RO         5397    i.EXTI2_IRQHandler  aw9136.o
    0x08004758   0x0000000a   Code   RO         5083    i.F                 ripemd160.o
    0x08004762   0x00000062   Code   RO         5765    i.FastDiv2          Sha256.lib(crypto.o)
    0x080047c4   0x0000006a   Code   RO         4478    i.Fill_Block        oled281.o
    0x0800482e   0x00000042   Code   RO         4479    i.Fill_RAM          oled281.o
    0x08004870   0x00000010   Code   RO         5084    i.G                 ripemd160.o
    0x08004880   0x0000002c   Code   RO         5167    i.GetIndexFromBuff  showsign.o
    0x080048ac   0x0000000c   Code   RO         5085    i.H                 ripemd160.o
    0x080048b8   0x00000024   Code   RO         2876    i.HAL_CRC_Init      stm32f4xx_hal_crc.o
    0x080048dc   0x00000030   Code   RO          605    i.HAL_CRC_MspInit   stm32f4xx_hal_msp.o
    0x0800490c   0x0000001a   Code   RO         2070    i.HAL_Delay         stm32f4xx_hal.o
    0x08004926   0x00000024   Code   RO         5398    i.HAL_GPIO_EXTI_Callback  aw9136.o
    0x0800494a   0x00000002   PAD
    0x0800494c   0x0000001c   Code   RO         1999    i.HAL_GPIO_EXTI_IRQHandler  stm32f4xx_hal_gpio.o
    0x08004968   0x00000208   Code   RO         2000    i.HAL_GPIO_Init     stm32f4xx_hal_gpio.o
    0x08004b70   0x0000000c   Code   RO         2004    i.HAL_GPIO_WritePin  stm32f4xx_hal_gpio.o
    0x08004b7c   0x0000000c   Code   RO         2076    i.HAL_GetTick       stm32f4xx_hal.o
    0x08004b88   0x00000010   Code   RO         2077    i.HAL_IncTick       stm32f4xx_hal.o
    0x08004b98   0x0000003c   Code   RO         2078    i.HAL_Init          stm32f4xx_hal.o
    0x08004bd4   0x00000024   Code   RO         2079    i.HAL_InitTick      stm32f4xx_hal.o
    0x08004bf8   0x00000014   Code   RO          606    i.HAL_MspInit       stm32f4xx_hal_msp.o
    0x08004c0c   0x0000001a   Code   RO         2385    i.HAL_NVIC_EnableIRQ  stm32f4xx_hal_cortex.o
    0x08004c26   0x0000007c   Code   RO         2391    i.HAL_NVIC_SetPriority  stm32f4xx_hal_cortex.o
    0x08004ca2   0x00000002   PAD
    0x08004ca4   0x00000028   Code   RO         2392    i.HAL_NVIC_SetPriorityGrouping  stm32f4xx_hal_cortex.o
    0x08004ccc   0x0000000a   Code   RO         1142    i.HAL_PCDEx_SetRxFiFo  stm32f4xx_hal_pcd_ex.o
    0x08004cd6   0x00000052   Code   RO         1143    i.HAL_PCDEx_SetTxFiFo  stm32f4xx_hal_pcd_ex.o
    0x08004d28   0x0000000e   Code   RO          765    i.HAL_PCD_ConnectCallback  usbd_conf.o
    0x08004d36   0x00000020   Code   RO          766    i.HAL_PCD_DataInStageCallback  usbd_conf.o
    0x08004d56   0x00000020   Code   RO          767    i.HAL_PCD_DataOutStageCallback  usbd_conf.o
    0x08004d76   0x0000000e   Code   RO          768    i.HAL_PCD_DisconnectCallback  usbd_conf.o
    0x08004d84   0x0000006a   Code   RO         1673    i.HAL_PCD_EP_Close  stm32f4xx_hal_pcd.o
    0x08004dee   0x00000068   Code   RO         1674    i.HAL_PCD_EP_ClrStall  stm32f4xx_hal_pcd.o
    0x08004e56   0x0000008c   Code   RO         1677    i.HAL_PCD_EP_Open   stm32f4xx_hal_pcd.o
    0x08004ee2   0x00000078   Code   RO         1678    i.HAL_PCD_EP_Receive  stm32f4xx_hal_pcd.o
    0x08004f5a   0x0000007a   Code   RO         1679    i.HAL_PCD_EP_SetStall  stm32f4xx_hal_pcd.o
    0x08004fd4   0x0000007a   Code   RO         1680    i.HAL_PCD_EP_Transmit  stm32f4xx_hal_pcd.o
    0x0800504e   0x00000534   Code   RO         1682    i.HAL_PCD_IRQHandler  stm32f4xx_hal_pcd.o
    0x08005582   0x00000012   Code   RO          769    i.HAL_PCD_ISOINIncompleteCallback  usbd_conf.o
    0x08005594   0x00000012   Code   RO          770    i.HAL_PCD_ISOOUTIncompleteCallback  usbd_conf.o
    0x080055a6   0x00000142   Code   RO         1685    i.HAL_PCD_Init      stm32f4xx_hal_pcd.o
    0x080056e8   0x00000078   Code   RO          772    i.HAL_PCD_MspInit   usbd_conf.o
    0x08005760   0x00000032   Code   RO          773    i.HAL_PCD_ResetCallback  usbd_conf.o
    0x08005792   0x0000000e   Code   RO          774    i.HAL_PCD_ResumeCallback  usbd_conf.o
    0x080057a0   0x0000000e   Code   RO          775    i.HAL_PCD_SOFCallback  usbd_conf.o
    0x080057ae   0x00000032   Code   RO         1691    i.HAL_PCD_SetAddress  stm32f4xx_hal_pcd.o
    0x080057e0   0x00000012   Code   RO          776    i.HAL_PCD_SetupStageCallback  usbd_conf.o
    0x080057f2   0x00000034   Code   RO         1693    i.HAL_PCD_Start     stm32f4xx_hal_pcd.o
    0x08005826   0x00000002   PAD
    0x08005828   0x00000034   Code   RO          777    i.HAL_PCD_SuspendCallback  usbd_conf.o
    0x0800585c   0x000002b0   Code   RO         1560    i.HAL_RCC_ClockConfig  stm32f4xx_hal_rcc.o
    0x08005b0c   0x00000038   Code   RO         1565    i.HAL_RCC_GetHCLKFreq  stm32f4xx_hal_rcc.o
    0x08005b44   0x0000002c   Code   RO         1567    i.HAL_RCC_GetPCLK1Freq  stm32f4xx_hal_rcc.o
    0x08005b70   0x0000002c   Code   RO         1568    i.HAL_RCC_GetPCLK2Freq  stm32f4xx_hal_rcc.o
    0x08005b9c   0x000000b4   Code   RO         1569    i.HAL_RCC_GetSysClockFreq  stm32f4xx_hal_rcc.o
    0x08005c50   0x00000404   Code   RO         1572    i.HAL_RCC_OscConfig  stm32f4xx_hal_rcc.o
    0x08006054   0x0000004a   Code   RO         2940    i.HAL_RNG_Init      stm32f4xx_hal_rng.o
    0x0800609e   0x00000002   PAD
    0x080060a0   0x00000020   Code   RO          608    i.HAL_RNG_MspInit   stm32f4xx_hal_msp.o
    0x080060c0   0x00000002   Code   RO         2395    i.HAL_SYSTICK_Callback  stm32f4xx_hal_cortex.o
    0x080060c2   0x00000034   Code   RO         2396    i.HAL_SYSTICK_Config  stm32f4xx_hal_cortex.o
    0x080060f6   0x00000008   Code   RO         2397    i.HAL_SYSTICK_IRQHandler  stm32f4xx_hal_cortex.o
    0x080060fe   0x0000006e   Code   RO         2646    i.HAL_UART_Init     stm32f4xx_hal_uart.o
    0x0800616c   0x0000011c   Code   RO          610    i.HAL_UART_MspInit  stm32f4xx_hal_msp.o
    0x08006288   0x00000054   Code   RO         4798    i.HASH_DigestCompute  encrypt.o
    0x080062dc   0x00000048   Code   RO          997    i.HardFault_Handler  forprintf.o
    0x08006324   0x0000011c   Code   RO         5168    i.HexToDec          showsign.o
    0x08006440   0x00000066   Code   RO         5169    i.HexToString       showsign.o
    0x080064a6   0x00000002   PAD
    0x080064a8   0x00000038   Code   RO         5399    i.Home_Key_press    aw9136.o
    0x080064e0   0x00000010   Code   RO         5086    i.I                 ripemd160.o
    0x080064f0   0x00000048   Code   RO         5400    i.I2C_read_reg      aw9136.o
    0x08006538   0x0000004c   Code   RO         5401    i.I2C_write_reg     aw9136.o
    0x08006584   0x00000050   Code   RO         5578    i.IIC2_Ack          myiic.o
    0x080065d4   0x00000038   Code   RO         5579    i.IIC2_Init         myiic.o
    0x0800660c   0x00000050   Code   RO         5580    i.IIC2_NAck         myiic.o
    0x0800665c   0x0000006c   Code   RO         5581    i.IIC2_Read_Byte    myiic.o
    0x080066c8   0x00000068   Code   RO         5582    i.IIC2_Send_Byte    myiic.o
    0x08006730   0x0000004c   Code   RO         5583    i.IIC2_Start        myiic.o
    0x0800677c   0x0000004c   Code   RO         5584    i.IIC2_Stop         myiic.o
    0x080067c8   0x00000060   Code   RO         5585    i.IIC2_Wait_Ack     myiic.o
    0x08006828   0x00000068   Code   RO         5784    i.InitBig           Sha256.lib(crypto.o)
    0x08006890   0x0000000c   Code   RO         5087    i.J                 ripemd160.o
    0x0800689c   0x00000090   Code   RO         5786    i.LeftShift         Sha256.lib(crypto.o)
    0x0800692c   0x000019a8   Code   RO         5088    i.MDTransform       ripemd160.o
    0x080082d4   0x00000018   Code   RO          501    i.MX_CRC_Init       main.o
    0x080082ec   0x0000014c   Code   RO          502    i.MX_GPIO_Init      main.o
    0x08008438   0x00000018   Code   RO          504    i.MX_RNG_Init       main.o
    0x08008450   0x00000030   Code   RO          505    i.MX_UART4_Init     main.o
    0x08008480   0x00000030   Code   RO          506    i.MX_USART1_UART_Init  main.o
    0x080084b0   0x00000030   Code   RO          507    i.MX_USART2_UART_Init  main.o
    0x080084e0   0x00000034   Code   RO          664    i.MX_USB_DEVICE_Init  usb_device.o
    0x08008514   0x00000044   Code   RO         5790    i.ModularAddBig     Sha256.lib(crypto.o)
    0x08008558   0x0000008a   Code   RO         5792    i.ModularFastMul2   Sha256.lib(crypto.o)
    0x080085e2   0x0000021c   Code   RO         5793    i.ModularInvBig     Sha256.lib(crypto.o)
    0x080087fe   0x00000058   Code   RO         5795    i.MontyExit         Sha256.lib(crypto.o)
    0x08008856   0x00000002   PAD
    0x08008858   0x0000036a   Code   RO         5796    i.MontyInit         Sha256.lib(crypto.o)
    0x08008bc2   0x0000037e   Code   RO         5797    i.MontyJacProjAddPoints  Sha256.lib(crypto.o)
    0x08008f40   0x0000030a   Code   RO         5798    i.MontyJacProjDoublePoint  Sha256.lib(crypto.o)
    0x0800924a   0x00000030   Code   RO         5799    i.MontyKillAll      Sha256.lib(crypto.o)
    0x0800927a   0x00000002   PAD
    0x0800927c   0x0000020c   Code   RO         5801    i.MontyMul          Sha256.lib(crypto.o)
    0x08009488   0x00000344   Code   RO         5803    i.NAF_Binary_PointMul  Sha256.lib(crypto.o)
    0x080097cc   0x00000010   Code   RO         2398    i.NVIC_GetPriorityGrouping  stm32f4xx_hal_cortex.o
    0x080097dc   0x00000028   Code   RO         2399    i.NVIC_SetPriority  stm32f4xx_hal_cortex.o
    0x08009804   0x00000170   Code   RO         5804    i.Normalize         Sha256.lib(crypto.o)
    0x08009974   0x000001f8   Code   RO         4484    i.OLED281_Init      oled281.o
    0x08009b6c   0x00000088   Code   RO         4485    i.OLED_WR_Byte      oled281.o
    0x08009bf4   0x00000010   Code   RO         3764    i.OTG_FS_IRQHandler  irq_handler.o
    0x08009c04   0x000000b0   Code   RO         1696    i.PCD_WriteEmptyTxFifo  stm32f4xx_hal_pcd.o
    0x08009cb4   0x00000020   Code   RO         6088    i.RCC_AHB1PeriphClockCmd  Sha256.lib(stm32f4xx_rcc.o)
    0x08009cd4   0x00000020   Code   RO         6091    i.RCC_AHB2PeriphClockCmd  Sha256.lib(stm32f4xx_rcc.o)
    0x08009cf4   0x00000020   Code   RO         6093    i.RCC_AHB2PeriphResetCmd  Sha256.lib(stm32f4xx_rcc.o)
    0x08009d14   0x00000024   Code   RO         6528    i.RNG_Cmd           Sha256.lib(stm32f4xx_rng.o)
    0x08009d38   0x00000014   Code   RO         6529    i.RNG_DeInit        Sha256.lib(stm32f4xx_rng.o)
    0x08009d4c   0x0000006c   Code   RO         4799    i.RNG_init_for_sign  encrypt.o
    0x08009db8   0x00000048   Code   RO         5805    i.RNGfree           Sha256.lib(crypto.o)
    0x08009e00   0x000001d4   Code   RO         5806    i.RNGgenBytes       Sha256.lib(crypto.o)
    0x08009fd4   0x00000108   Code   RO         5808    i.RNGinit           Sha256.lib(crypto.o)
    0x0800a0dc   0x00000b38   Code   RO         5170    i.ReadByteLength    showsign.o
    0x0800ac14   0x00000020   Code   RO         5171    i.ReadByteLengthIndex  showsign.o
    0x0800ac34   0x00000034   Code   RO         5172    i.ReverseArray      showsign.o
    0x0800ac68   0x00000034   Code   RO         5089    i.Ripemd160         ripemd160.o
    0x0800ac9c   0x00000186   Code   RO         5827    i.SHA256Final       Sha256.lib(crypto.o)
    0x0800ae22   0x00000002   PAD
    0x0800ae24   0x00000258   Code   RO         5829    i.SHA256Transform   Sha256.lib(crypto.o)
    0x0800b07c   0x0000009a   Code   RO         5830    i.SHA256Update      Sha256.lib(crypto.o)
    0x0800b116   0x0000002a   Code   RO         5831    i.SHA256_Append     Sha256.lib(crypto.o)
    0x0800b140   0x00000090   Code   RO         5832    i.SHA256_Finish     Sha256.lib(crypto.o)
    0x0800b1d0   0x0000005c   Code   RO         5833    i.SHA256_Init       Sha256.lib(crypto.o)
    0x0800b22c   0x00000046   Code   RO         5834    i.SetZeroBig        Sha256.lib(crypto.o)
    0x0800b272   0x00000020   Code   RO         4486    i.Set_Column_Address  oled281.o
    0x0800b292   0x00000020   Code   RO         4494    i.Set_Row_Address   oled281.o
    0x0800b2b2   0x0000000c   Code   RO         4496    i.Set_Write_RAM     oled281.o
    0x0800b2be   0x00000074   Code   RO         4500    i.Show_Pattern      oled281.o
    0x0800b332   0x00000042   Code   RO         5836    i.StAllocBig        Sha256.lib(crypto.o)
    0x0800b374   0x00000024   Code   RO         5837    i.StFreeBig         Sha256.lib(crypto.o)
    0x0800b398   0x00000032   Code   RO         5175    i.StringToHex       showsign.o
    0x0800b3ca   0x000000ea   Code   RO         5838    i.SubBig            Sha256.lib(crypto.o)
    0x0800b4b4   0x000001b4   Code   RO         5839    i.Sub_Moduli_Big    Sha256.lib(crypto.o)
    0x0800b668   0x0000000c   Code   RO         3765    i.SysTick_Handler   irq_handler.o
    0x0800b674   0x0000008c   Code   RO          508    i.SystemClock_Config  main.o
    0x0800b700   0x00000064   Code   RO         1066    i.SystemInit        system_stm32f4xx.o
    0x0800b764   0x00000224   Code   RO         2666    i.UART_SetConfig    stm32f4xx_hal_uart.o
    0x0800b988   0x00000030   Code   RO         3766    i.USART2_IRQHandler  irq_handler.o
    0x0800b9b8   0x0000000e   Code   RO          420    i.USBD_CUSTOM_HID_DataIn  usbd_customhid.o
    0x0800b9c6   0x00000026   Code   RO          421    i.USBD_CUSTOM_HID_DataOut  usbd_customhid.o
    0x0800b9ec   0x00000036   Code   RO          422    i.USBD_CUSTOM_HID_DeInit  usbd_customhid.o
    0x0800ba22   0x00000022   Code   RO          423    i.USBD_CUSTOM_HID_EP0_RxReady  usbd_customhid.o
    0x0800ba44   0x00000010   Code   RO          424    i.USBD_CUSTOM_HID_GetCfgDesc  usbd_customhid.o
    0x0800ba54   0x00000010   Code   RO          425    i.USBD_CUSTOM_HID_GetDeviceQualifierDesc  usbd_customhid.o
    0x0800ba64   0x0000005a   Code   RO          426    i.USBD_CUSTOM_HID_Init  usbd_customhid.o
    0x0800babe   0x0000000e   Code   RO          427    i.USBD_CUSTOM_HID_RegisterInterface  usbd_customhid.o
    0x0800bacc   0x00000034   Code   RO          428    i.USBD_CUSTOM_HID_SendReport  usbd_customhid.o
    0x0800bb00   0x000000fc   Code   RO          429    i.USBD_CUSTOM_HID_Setup  usbd_customhid.o
    0x0800bbfc   0x00000016   Code   RO            4    i.USBD_ClrClassConfig  usbd_core.o
    0x0800bc12   0x00000044   Code   RO          325    i.USBD_ClrFeature   usbd_ctlreq.o
    0x0800bc56   0x00000018   Code   RO          265    i.USBD_CtlContinueRx  usbd_ioreq.o
    0x0800bc6e   0x00000018   Code   RO          266    i.USBD_CtlContinueSendData  usbd_ioreq.o
    0x0800bc86   0x00000018   Code   RO          326    i.USBD_CtlError     usbd_ctlreq.o
    0x0800bc9e   0x00000028   Code   RO          267    i.USBD_CtlPrepareRx  usbd_ioreq.o
    0x0800bcc6   0x0000001a   Code   RO          268    i.USBD_CtlReceiveStatus  usbd_ioreq.o
    0x0800bce0   0x00000022   Code   RO          269    i.USBD_CtlSendData  usbd_ioreq.o
    0x0800bd02   0x0000001a   Code   RO          270    i.USBD_CtlSendStatus  usbd_ioreq.o
    0x0800bd1c   0x0000003c   Code   RO          698    i.USBD_FS_ConfigStrDescriptor  usbd_desc.o
    0x0800bd58   0x00000010   Code   RO          699    i.USBD_FS_DeviceDescriptor  usbd_desc.o
    0x0800bd68   0x00000040   Code   RO          700    i.USBD_FS_InterfaceStrDescriptor  usbd_desc.o
    0x0800bda8   0x00000010   Code   RO          701    i.USBD_FS_LangIDStrDescriptor  usbd_desc.o
    0x0800bdb8   0x0000002c   Code   RO          702    i.USBD_FS_ManufacturerStrDescriptor  usbd_desc.o
    0x0800bde4   0x00000038   Code   RO          703    i.USBD_FS_ProductStrDescriptor  usbd_desc.o
    0x0800be1c   0x00000038   Code   RO          704    i.USBD_FS_SerialStrDescriptor  usbd_desc.o
    0x0800be54   0x00000050   Code   RO          327    i.USBD_GetConfig    usbd_ctlreq.o
    0x0800bea4   0x00000148   Code   RO          328    i.USBD_GetDescriptor  usbd_ctlreq.o
    0x0800bfec   0x00000014   Code   RO          329    i.USBD_GetLen       usbd_ctlreq.o
    0x0800c000   0x00000044   Code   RO          330    i.USBD_GetStatus    usbd_ctlreq.o
    0x0800c044   0x00000052   Code   RO          331    i.USBD_GetString    usbd_ctlreq.o
    0x0800c096   0x00000032   Code   RO            6    i.USBD_Init         usbd_core.o
    0x0800c0c8   0x00000014   Code   RO          778    i.USBD_LL_ClearStallEP  usbd_conf.o
    0x0800c0dc   0x00000014   Code   RO          779    i.USBD_LL_CloseEP   usbd_conf.o
    0x0800c0f0   0x000000da   Code   RO            7    i.USBD_LL_DataInStage  usbd_core.o
    0x0800c1ca   0x00000086   Code   RO            8    i.USBD_LL_DataOutStage  usbd_core.o
    0x0800c250   0x00000006   Code   RO            9    i.USBD_LL_DevConnected  usbd_core.o
    0x0800c256   0x0000001a   Code   RO           10    i.USBD_LL_DevDisconnected  usbd_core.o
    0x0800c270   0x00000068   Code   RO          784    i.USBD_LL_Init      usbd_conf.o
    0x0800c2d8   0x00000038   Code   RO          785    i.USBD_LL_IsStallEP  usbd_conf.o
    0x0800c310   0x00000006   Code   RO           11    i.USBD_LL_IsoINIncomplete  usbd_core.o
    0x0800c316   0x00000006   Code   RO           12    i.USBD_LL_IsoOUTIncomplete  usbd_core.o
    0x0800c31c   0x00000020   Code   RO          786    i.USBD_LL_OpenEP    usbd_conf.o
    0x0800c33c   0x00000020   Code   RO          787    i.USBD_LL_PrepareReceive  usbd_conf.o
    0x0800c35c   0x00000044   Code   RO           13    i.USBD_LL_Reset     usbd_core.o
    0x0800c3a0   0x0000000e   Code   RO           14    i.USBD_LL_Resume    usbd_core.o
    0x0800c3ae   0x00000022   Code   RO           15    i.USBD_LL_SOF       usbd_core.o
    0x0800c3d0   0x00000008   Code   RO           16    i.USBD_LL_SetSpeed  usbd_core.o
    0x0800c3d8   0x00000014   Code   RO          788    i.USBD_LL_SetUSBAddress  usbd_conf.o
    0x0800c3ec   0x0000006e   Code   RO           17    i.USBD_LL_SetupStage  usbd_core.o
    0x0800c45a   0x00000014   Code   RO          789    i.USBD_LL_StallEP   usbd_conf.o
    0x0800c46e   0x00000010   Code   RO          790    i.USBD_LL_Start     usbd_conf.o
    0x0800c47e   0x00000014   Code   RO           18    i.USBD_LL_Suspend   usbd_core.o
    0x0800c492   0x00000020   Code   RO          792    i.USBD_LL_Transmit  usbd_conf.o
    0x0800c4b2   0x00000028   Code   RO          332    i.USBD_ParseSetupRequest  usbd_ctlreq.o
    0x0800c4da   0x00000010   Code   RO           19    i.USBD_RegisterClass  usbd_core.o
    0x0800c4ea   0x00000006   Code   RO           20    i.USBD_RunTestMode  usbd_core.o
    0x0800c4f0   0x00000054   Code   RO          333    i.USBD_SetAddress   usbd_ctlreq.o
    0x0800c544   0x00000022   Code   RO           21    i.USBD_SetClassConfig  usbd_core.o
    0x0800c566   0x00000002   PAD
    0x0800c568   0x000000e0   Code   RO          334    i.USBD_SetConfig    usbd_ctlreq.o
    0x0800c648   0x00000024   Code   RO          335    i.USBD_SetFeature   usbd_ctlreq.o
    0x0800c66c   0x0000000e   Code   RO           22    i.USBD_Start        usbd_core.o
    0x0800c67a   0x00000072   Code   RO          336    i.USBD_StdDevReq    usbd_ctlreq.o
    0x0800c6ec   0x00000156   Code   RO          337    i.USBD_StdEPReq     usbd_ctlreq.o
    0x0800c842   0x0000004a   Code   RO          338    i.USBD_StdItfReq    usbd_ctlreq.o
    0x0800c88c   0x000000c4   Code   RO         1173    i.USB_ActivateEndpoint  stm32f4xx_ll_usb.o
    0x0800c950   0x00000044   Code   RO         1174    i.USB_ActivateSetup  stm32f4xx_ll_usb.o
    0x0800c994   0x00000070   Code   RO         1176    i.USB_CoreInit      stm32f4xx_ll_usb.o
    0x0800ca04   0x0000004c   Code   RO         1177    i.USB_CoreReset     stm32f4xx_ll_usb.o
    0x0800ca50   0x00000028   Code   RO         3811    i.USB_DataReceiveHander  receiveanalysis.o
    0x0800ca78   0x000000a8   Code   RO         1179    i.USB_DeactivateEndpoint  stm32f4xx_ll_usb.o
    0x0800cb20   0x0000001e   Code   RO         1180    i.USB_DevConnect    stm32f4xx_ll_usb.o
    0x0800cb3e   0x0000001e   Code   RO         1181    i.USB_DevDisconnect  stm32f4xx_ll_usb.o
    0x0800cb5c   0x0000019c   Code   RO         1182    i.USB_DevInit       stm32f4xx_ll_usb.o
    0x0800ccf8   0x0000000e   Code   RO         1183    i.USB_DisableGlobalInt  stm32f4xx_ll_usb.o
    0x0800cd06   0x00000002   PAD
    0x0800cd08   0x000001b0   Code   RO         1186    i.USB_EP0StartXfer  stm32f4xx_ll_usb.o
    0x0800ceb8   0x00000044   Code   RO         1187    i.USB_EP0_OutStart  stm32f4xx_ll_usb.o
    0x0800cefc   0x00000088   Code   RO         1188    i.USB_EPClearStall  stm32f4xx_ll_usb.o
    0x0800cf84   0x0000008c   Code   RO         1189    i.USB_EPSetStall    stm32f4xx_ll_usb.o
    0x0800d010   0x000002d0   Code   RO         1190    i.USB_EPStartXfer   stm32f4xx_ll_usb.o
    0x0800d2e0   0x0000000e   Code   RO         1191    i.USB_EnableGlobalInt  stm32f4xx_ll_usb.o
    0x0800d2ee   0x00000002   PAD
    0x0800d2f0   0x0000002c   Code   RO         1192    i.USB_FlushRxFifo   stm32f4xx_ll_usb.o
    0x0800d31c   0x00000030   Code   RO         1193    i.USB_FlushTxFifo   stm32f4xx_ll_usb.o
    0x0800d34c   0x00000044   Code   RO         1195    i.USB_GetDevSpeed   stm32f4xx_ll_usb.o
    0x0800d390   0x0000000a   Code   RO         1197    i.USB_GetMode       stm32f4xx_ll_usb.o
    0x0800d39a   0x00000012   Code   RO         1204    i.USB_ReadDevAllInEpInterrupt  stm32f4xx_ll_usb.o
    0x0800d3ac   0x00000012   Code   RO         1205    i.USB_ReadDevAllOutEpInterrupt  stm32f4xx_ll_usb.o
    0x0800d3be   0x0000002c   Code   RO         1206    i.USB_ReadDevInEPInterrupt  stm32f4xx_ll_usb.o
    0x0800d3ea   0x00000016   Code   RO         1207    i.USB_ReadDevOutEPInterrupt  stm32f4xx_ll_usb.o
    0x0800d400   0x0000000c   Code   RO         1208    i.USB_ReadInterrupts  stm32f4xx_ll_usb.o
    0x0800d40c   0x00000028   Code   RO         1209    i.USB_ReadPacket    stm32f4xx_ll_usb.o
    0x0800d434   0x00000030   Code   RO         1211    i.USB_SetCurrentMode  stm32f4xx_ll_usb.o
    0x0800d464   0x00000024   Code   RO         1212    i.USB_SetDevAddress  stm32f4xx_ll_usb.o
    0x0800d488   0x00000010   Code   RO         1213    i.USB_SetDevSpeed   stm32f4xx_ll_usb.o
    0x0800d498   0x0000003a   Code   RO         1216    i.USB_WritePacket   stm32f4xx_ll_usb.o
    0x0800d4d2   0x00000002   PAD
    0x0800d4d4   0x00000146   Code   RO         5854    i.W8_to_Big         Sha256.lib(crypto.o)
    0x0800d61a   0x00000002   PAD
    0x0800d61c   0x000000ac   Code   RO         5090    i._EndHash          ripemd160.o
    0x0800d6c8   0x000000cc   Code   RO         5091    i._HashData         ripemd160.o
    0x0800d794   0x00000050   Code   RO         4165    i._Z10make_tablev   utils.o
    0x0800d7e4   0x00000084   Code   RO         4328    i._ZN10PrivateKey12GetPublicKeyEb  privatekey.o
    0x0800d868   0x00000014   Code   RO         4331    i._ZN10PrivateKeyC1EPh  privatekey.o
    0x0800d87c   0x0000002c   Code   RO         3812    i._ZN15ReceiveAnalysis11GetInstanceEv  receiveanalysis.o
    0x0800d8a8   0x00000020   Code   RO         3813    i._ZN15ReceiveAnalysis11hashCompareEPhS0_  receiveanalysis.o
    0x0800d8c8   0x00000020   Code   RO         3814    i._ZN15ReceiveAnalysis12isAllPackGotEv  receiveanalysis.o
    0x0800d8e8   0x000011ec   Code   RO         3815    i._ZN15ReceiveAnalysis22PackDataFromPcCallbackEPhi  receiveanalysis.o
    0x0800ead4   0x00000016   Code   RO         3816    i._ZN15ReceiveAnalysis4PollEv  receiveanalysis.o
    0x0800eaea   0x0000002e   Code   RO         3817    i._ZN15ReceiveAnalysis9clearDataEv  receiveanalysis.o
    0x0800eb18   0x0000003e   Code   RO         3818    i._ZN15ReceiveAnalysis9crc_frameEPhi  receiveanalysis.o
    0x0800eb56   0x00000002   PAD
    0x0800eb58   0x0000002c   Code   RO         3820    i._ZN15ReceiveAnalysisC1Ev  receiveanalysis.o
    0x0800eb84   0x00000028   Code   RO         3480    i._ZN3Hal11SendUSBDataEPhi  hal.o
    0x0800ebac   0x0000002c   Code   RO         3481    i._ZN3Hal11getInstanceEv  hal.o
    0x0800ebd8   0x00000024   Code   RO         3482    i._ZN3Hal12HardwareInitEv  hal.o
    0x0800ebfc   0x00000002   Code   RO         3489    i._ZN3HalC1Ev       hal.o
    0x0800ebfe   0x000000b8   Code   RO         3213    i._ZN4view10DisplayMem10drawNumberEiixiNS_6FONT_tE  displaymem.o
    0x0800ecb6   0x00000032   Code   RO         3214    i._ZN4view10DisplayMem10drawStringEiiPc  displaymem.o
    0x0800ece8   0x00000054   Code   RO         3215    i._ZN4view10DisplayMem10drawStringEiiPcNS_6FONT_tE  displaymem.o
    0x0800ed3c   0x00000026   Code   RO         3218    i._ZN4view10DisplayMem11drawPictureEPhiiii  displaymem.o
    0x0800ed62   0x000000f8   Code   RO         3219    i._ZN4view10DisplayMem11drawxNumberEiixiNS_6FONT_tE  displaymem.o
    0x0800ee5a   0x00000002   PAD
    0x0800ee5c   0x0000002c   Code   RO         3220    i._ZN4view10DisplayMem11getInstanceEv  displaymem.o
    0x0800ee88   0x00000036   Code   RO         3221    i._ZN4view10DisplayMem12drawHZStringEiiii  displaymem.o
    0x0800eebe   0x00000002   PAD
    0x0800eec0   0x00000180   Code   RO         3227    i._ZN4view10DisplayMem6drawHZEiiiNS_9FONT_HZ_tEb  displaymem.o
    0x0800f040   0x0000002e   Code   RO         3228    i._ZN4view10DisplayMem7LCD_PowEii  displaymem.o
    0x0800f06e   0x00000002   PAD
    0x0800f070   0x00000260   Code   RO         3229    i._ZN4view10DisplayMem7drawIntEiiiNS_6FONT_tEb  displaymem.o
    0x0800f2d0   0x0000000c   Code   RO         3230    i._ZN4view10DisplayMem8clearAllEv  displaymem.o
    0x0800f2dc   0x00000260   Code   RO         3231    i._ZN4view10DisplayMem8drawCharEiicNS_6FONT_tEb  displaymem.o
    0x0800f53c   0x00000036   Code   RO         3232    i._ZN4view10DisplayMem9clearAreaEiiii  displaymem.o
    0x0800f572   0x00000002   Code   RO         3234    i._ZN4view10DisplayMemC1Ev  displaymem.o
    0x0800f574   0x0000002c   Code   RO         4166    i._ZN5Utils10PrintArrayEPhi  utils.o
    0x0800f5a0   0x0000000c   Code   RO         4167    i._ZN5Utils10ReverseU16Et  utils.o
    0x0800f5ac   0x00000020   Code   RO         4169    i._ZN5Utils13MemoryCompareEPvS0_i  utils.o
    0x0800f5cc   0x00000008   Code   RO         4170    i._ZN5Utils13RandomIntegerEv  utils.o
    0x0800f5d4   0x0000003c   Code   RO         4171    i._ZN5Utils5Crc32EjPhi  utils.o
    0x0800f610   0x00000094   Code   RO         4172    i._ZN5Utils6Sha256EPhjS0_j  utils.o
    0x0800f6a4   0x0000000c   Code   RO         4173    i._ZN5Utils7ReadU16EPh  utils.o
    0x0800f6b0   0x00000018   Code   RO         4174    i._ZN5Utils7ReadU32EPh  utils.o
    0x0800f6c8   0x00000008   Code   RO         4175    i._ZN5Utils8WriteU16EtPh  utils.o
    0x0800f6d0   0x00000010   Code   RO         4176    i._ZN5Utils8WriteU32EjPh  utils.o
    0x0800f6e0   0x00000042   Code   RO         4262    i._ZN7AddressC1EPcPhtjjjj  address.o
    0x0800f722   0x00000002   Code   RO         4263    i._ZN7AddressC1Ev   address.o
    0x0800f724   0x00000024   Code   RO         3696    i._ZN8Commands11AppendBytesEPhi  commands.o
    0x0800f748   0x00000088   Code   RO         3697    i._ZN8Commands15CreateDataQuestEttttPhj  commands.o
    0x0800f7d0   0x00000030   Code   RO         3698    i._ZN8Commands8SendToPcEv  commands.o
    0x0800f800   0x00000020   Code   RO         3699    i._ZN8Commands9AppendU16Et  commands.o
    0x0800f820   0x00000020   Code   RO         3700    i._ZN8Commands9AppendU32Et  commands.o
    0x0800f840   0x00000038   Code   RO         3701    i._ZN8CommandsC1Ett  commands.o
    0x0800f878   0x00000018   Code   RO         3702    i._ZN8CommandsC1Ev  commands.o
    0x0800f890   0x00000002   Code   RO         4384    i._ZN9PublicKeyC1Ev  publickey.o
    0x0800f892   0x00000002   Code   RO         4333    i._ZNK10PrivateKey7getDataEv  privatekey.o
    0x0800f894   0x00000002   Code   RO         4264    i._ZNK7Address10getContentEv  address.o
    0x0800f896   0x00000008   Code   RO         4269    i._ZNK7Address13getPrivatekeyEv  address.o
    0x0800f89e   0x00000002   Code   RO         4385    i._ZNK9PublicKey7getDataEv  publickey.o
    0x0800f8a0   0x00000020   Code   RO         6865    i.__0printf$8       mc_w.l(printf8.o)
    0x0800f8c0   0x00000030   Code   RO         6984    i.__ARM_fpclassify  m_wm.l(fpclassify.o)
    0x0800f8f0   0x00000024   Code   RO         6592    i.__aeabi_vec_ctor_nocookie_nodtor  cpprt_w.l(aeabi_vec_ctor_nocookie_nodtor.o)
    0x0800f914   0x00000010   Code   RO         6586    i.__cxa_guard_acquire  cpprt_w.l(cxa_guard_acquire.o)
    0x0800f924   0x00000004   PAD
    0x0800f928   0x00000c38   Code   RO         6595    i.__hardfp_pow      m_wm.l(pow.o)
    0x08010560   0x000000f8   Code   RO         6986    i.__kernel_poly     m_wm.l(poly.o)
    0x08010658   0x00000030   Code   RO         6964    i.__mathlib_dbl_divzero  m_wm.l(dunder.o)
    0x08010688   0x00000014   Code   RO         6966    i.__mathlib_dbl_infnan2  m_wm.l(dunder.o)
    0x0801069c   0x00000004   PAD
    0x080106a0   0x00000020   Code   RO         6967    i.__mathlib_dbl_invalid  m_wm.l(dunder.o)
    0x080106c0   0x00000020   Code   RO         6968    i.__mathlib_dbl_overflow  m_wm.l(dunder.o)
    0x080106e0   0x00000020   Code   RO         6970    i.__mathlib_dbl_underflow  m_wm.l(dunder.o)
    0x08010700   0x0000000e   Code   RO         7056    i.__scatterload_copy  mc_w.l(handlers.o)
    0x0801070e   0x00000002   Code   RO         7057    i.__scatterload_null  mc_w.l(handlers.o)
    0x08010710   0x0000000e   Code   RO         7058    i.__scatterload_zeroinit  mc_w.l(handlers.o)
    0x0801071e   0x00000002   PAD
    0x08010720   0x0000000c   Code   RO         7029    i.__set_errno       mc_w.l(errno.o)
    0x0801072c   0x00000010   Code   RO         3598    i.__sti___10_myMain_cpp_Disp  mymain.o
    0x0801073c   0x00000410   Code   RO         6872    i._printf_core      mc_w.l(printf8.o)
    0x08010b4c   0x00000024   Code   RO         6873    i._printf_post_padding  mc_w.l(printf8.o)
    0x08010b70   0x0000002e   Code   RO         6874    i._printf_pre_padding  mc_w.l(printf8.o)
    0x08010b9e   0x00000144   Code   RO         4751    i.bigadd            bignum.o
    0x08010ce2   0x00000002   PAD
    0x08010ce4   0x000001a0   Code   RO         5176    i.bigdiv            showsign.o
    0x08010e84   0x00000116   Code   RO         4752    i.bigmul            bignum.o
    0x08010f9a   0x000000d6   Code   RO         4753    i.bigpow            bignum.o
    0x08011070   0x000000cc   Code   RO         5177    i.convert2to16      showsign.o
    0x0801113c   0x000001c2   Code   RO         5855    i.crl_DRBG_AES128_Generate  Sha256.lib(crypto.o)
    0x080112fe   0x0000000c   Code   RO         4501    i.delay_ms          oled281.o
    0x0801130a   0x00000002   PAD
    0x0801130c   0x00000048   Code   RO         5586    i.delay_us          myiic.o
    0x08011354   0x00000018   Code   RO         6980    i.fabs              m_wm.l(fabs.o)
    0x0801136c   0x00000018   Code   RO         1001    i.fputc             forprintf.o
    0x08011384   0x00000050   Code   RO         6919    i.free              mc_w.l(malloc.o)
    0x080113d4   0x0000002c   Code   RO          509    i.main              main.o
    0x08011400   0x0000006c   Code   RO         6920    i.malloc            mc_w.l(malloc.o)
    0x0801146c   0x000000a4   Code   RO         3599    i.my_main           mymain.o
    0x08011510   0x0000006e   Code   RO         6991    i.sqrt              m_wm.l(sqrt.o)
    0x0801157e   0x00000024   Code   RO         5179    i.strupr            showsign.o
    0x080115a2   0x00000008   Code   RO         3894    t._ZN5queueI7AddressLi20EE14getContentSizeEv  receiveanalysis.o
    0x080115aa   0x00000016   Code   RO         3900    t._ZN5queueI7AddressLi20EE3getEi  receiveanalysis.o
    0x080115c0   0x00000028   Code   RO         3888    t._ZN5queueI7AddressLi20EEC1Ev  receiveanalysis.o
    0x080115e8   0x00000010   Data   RO         1573    .constdata          stm32f4xx_hal_rcc.o
    0x080115f8   0x000000c0   Data   RO         4803    .constdata          encrypt.o
    0x080116b8   0x00000004   Data   RO         5041    .constdata          getaddress.o
    0x080116bc   0x00000204   Data   RO         5181    .constdata          showsign.o
    0x080118c0   0x0000003e   Data   RO         5403    .constdata          aw9136.o
    0x080118fe   0x00000002   PAD
    0x08011900   0x00001798   Data   RO         5866    .constdata          Sha256.lib(crypto.o)
    0x08013098   0x00000088   Data   RO         6598    .constdata          m_wm.l(pow.o)
    0x08013120   0x00000081   Data   RO         6615    .constdata          mc_w.l(ctype_o.o)
    0x080131a1   0x00000003   PAD
    0x080131a4   0x00000004   Data   RO         6616    .constdata          mc_w.l(ctype_o.o)
    0x080131a8   0x00000008   Data   RO         6988    .constdata          m_wm.l(qnan.o)
    0x080131b0   0x00000042   Data   RO         5182    .conststring        showsign.o
    0x080131f2   0x00000002   PAD
    0x080131f4   0x00000020   Data   RO         7054    Region$$Table       anon$$obj.o
    0x08013214   0x00000004   Data   RO         3603    .init_array         mymain.o
    0x08013218   0x00000000   Data   RO         6948    .init_array         mc_w.l(cpp_init.o)


    Execution Region RW_IRAM1 (Base: 0x20000000, Size: 0x0001a8b0, Max: 0x00020000, ABSOLUTE, COMPRESSED[0x000020c4])

    Base Addr    Size         Type   Attr      Idx    E Section Name        Object

    0x20000000   0x00000001   Data   RW          339    .data               usbd_ctlreq.o
    0x20000001   0x00000003   PAD
    0x20000004   0x0000007a   Data   RW          430    .data               usbd_customhid.o
    0x2000007e   0x00000002   PAD
    0x20000080   0x00000008   Data   RW          511    .data               main.o
    0x20000088   0x00000034   Data   RW          706    .data               usbd_desc.o
    0x200000bc   0x00000038   Data   RW          957    .data               usbd_custom_hid_if.o
    0x200000f4   0x00000004   Data   RW         1002    .data               forprintf.o
    0x200000f8   0x00000014   Data   RW         1067    .data               system_stm32f4xx.o
    0x2000010c   0x00000004   Data   RW         2084    .data               stm32f4xx_hal.o
    0x20000110   0x00000005   Data   RW         3257    .data               displaymem.o
    0x20000115   0x00000003   PAD
    0x20000118   0x00000005   Data   RW         3500    .data               hal.o
    0x2000011d   0x00000003   PAD
    0x20000120   0x00000004   Data   RW         3602    .data               mymain.o
    0x20000124   0x00000001   Data   RW         3771    .data               irq_handler.o
    0x20000125   0x00000003   PAD
    0x20000128   0x00000054   Data   RW         3832    .data               receiveanalysis.o
    0x2000017c   0x00000001   Data   RW         4192    .data               utils.o
    0x2000017d   0x00005200   Data   RW         4502    .data               oled281.o
    0x2000537d   0x00000003   PAD
    0x20005380   0x0000001c   Data   RW         5093    .data               ripemd160.o
    0x2000539c   0x00000040   Data   RW         5183    .data               showsign.o
    0x200053dc   0x00000018   Data   RW         5404    .data               aw9136.o
    0x200053f4   0x00000004   Data   RW         7025    .data               mc_w.l(mvars.o)
    0x200053f8   0x00000004   Data   RW         7026    .data               mc_w.l(mvars.o)
    0x200053fc   0x00000004   Data   RW         7030    .data               mc_w.l(errno.o)
    0x20005400   0x000000dc   Zero   RW          510    .bss                main.o
    0x200054dc   0x00000224   Zero   RW          665    .bss                usb_device.o
    0x20005700   0x00000200   Zero   RW          705    .bss                usbd_desc.o
    0x20005900   0x000003b4   Zero   RW          793    .bss                usbd_conf.o
    0x20005cb4   0x00000040   Zero   RW         3710    .bss                commands.o
    0x20005cf4   0x00000020   Zero   RW         3770    .bss                irq_handler.o
    0x20005d14   0x00010d44   Zero   RW         3831    .bss                receiveanalysis.o
    0x20016a58   0x00000400   Zero   RW         4191    .bss                utils.o
    0x20016e58   0x000010b0   Zero   RW         4802    .bss                encrypt.o
    0x20017f08   0x00000140   Zero   RW         5092    .bss                ripemd160.o
    0x20018048   0x00000632   Zero   RW         5180    .bss                showsign.o
    0x2001867a   0x00000002   PAD
    0x2001867c   0x00000030   Zero   RW         5402    .bss                aw9136.o
    0x200186ac   0x00000004   PAD
    0x200186b0   0x00000200   Zero   RW         3074    HEAP                startup_stm32f407xx.o
    0x200188b0   0x00002000   Zero   RW         3073    STACK               startup_stm32f407xx.o


==============================================================================

Image component sizes


      Code (inc. data)   RO Data    RW Data    ZI Data      Debug   Object Name

        78          0          0          0          0       2636   address.o
         0          0          0          0          0        568   algorithm.o
      2774        496         62         24         48      18994   aw9136.o
       816          0          0          0          0       3195   bignum.o
       364         34          0          0         64       5988   commands.o
      2416         90          0          5          0     294680   displaymem.o
      1180        128        192          0       4272      14155   encrypt.o
        96         32          0          4          0      29409   forprintf.o
       964         32          4          0          0       4733   getaddress.o
       122         18          0          5          0       9024   hal.o
        76         20          0          1         32       2438   irq_handler.o
       708         68          0          8        220       6453   main.o
       748        114          0          0          0       5213   myiic.o
       180         66          4          4          0       2370   mymain.o
      1190         14          0      20992          0       9134   oled281.o
       154         28          0          0          0       2164   privatekey.o
         4          0          0          0          0        952   publickey.o
      4980        602          0         84      68932      20065   receiveanalysis.o
      7184         86          0         28        320      10145   ripemd160.o
      8424        464        582         64       1586      17113   showsign.o
        36          8        392          0       8704        932   startup_stm32f407xx.o
       150         16          0          4          0       4238   stm32f4xx_hal.o
       308         22          0          0          0      31875   stm32f4xx_hal_cortex.o
        36          0          0          0          0       1051   stm32f4xx_hal_crc.o
       560         52          0          0          0       3055   stm32f4xx_hal_gpio.o
       384         48          0          0          0       2789   stm32f4xx_hal_msp.o
      2646          0          0          0          0      10109   stm32f4xx_hal_pcd.o
        92          0          0          0          0       1836   stm32f4xx_hal_pcd_ex.o
      2040         66         16          0          0       6039   stm32f4xx_hal_rcc.o
        74          0          0          0          0       1095   stm32f4xx_hal_rng.o
       658         10          0          0          0       1864   stm32f4xx_hal_uart.o
      3098         58          0          0          0      20590   stm32f4xx_ll_usb.o
       100         18          0         20          0       1377   system_stm32f4xx.o
        52         16          0          0        548        732   usb_device.o
       748         20          0          0        948      13806   usbd_conf.o
       792          0          0          0          0     355841   usbd_core.o
      1584         30          0          1          0      10764   usbd_ctlreq.o
        52         16          0         56          0       2265   usbd_custom_hid_if.o
       580         28          0        122          0       9687   usbd_customhid.o
       312        136          0         52        512       5391   usbd_desc.o
       174          0          0          0          0       4644   usbd_ioreq.o
       444         96          0          1       1024       6815   utils.o

    ----------------------------------------------------------------------
     47414       2932       1288      21492      87216     956224   Object Totals
         0          0         32          0          0          0   (incl. Generated)
        36          0          4         17          6          0   (incl. Padding)

    ----------------------------------------------------------------------

      Code (inc. data)   RO Data    RW Data    ZI Data      Debug   Library Member Name

     15926        122       6040          0          0       7968   crypto.o
        96         18          0          0          0     231755   stm32f4xx_rcc.o
        56          6          0          0          0        871   stm32f4xx_rng.o
        36          0          0          0          0         84   aeabi_vec_ctor_nocookie_nodtor.o
        16          0          0          0          0         68   cxa_guard_acquire.o
       164         44          0          0          0        620   dunder.o
        24          0          0          0          0        124   fabs.o
        48          0          0          0          0        124   fpclassify.o
       248          0          0          0          0        152   poly.o
      3128        302        136          0          0        356   pow.o
         0          0          8          0          0          0   qnan.o
       110          0          0          0          0        148   sqrt.o
        94          0          0          0          0          0   __dclz77c.o
        32         10          0          0          0         80   cpp_init.o
         8          4        133          0          0         68   ctype_o.o
         0          0          0          0          0          0   entry.o
         0          0          0          0          0          0   entry10a.o
         0          0          0          0          0          0   entry11a.o
         8          4          0          0          0          0   entry2.o
         4          0          0          0          0          0   entry5.o
         0          0          0          0          0          0   entry7b.o
         4          0          0          0          0          0   entry8a.o
         0          0          0          0          0          0   entry8b.o
         8          4          0          0          0          0   entry9a.o
        12          6          0          4          0         68   errno.o
        30          0          0          0          0          0   handlers.o
        36          8          0          0          0         68   init.o
         0          0          0          0          0          0   iusefp.o
        98          0          0          0          0         84   ldiv.o
        30          0          0          0          0         68   llshl.o
        36          0          0          0          0         68   llsshr.o
        32          0          0          0          0         68   llushr.o
       188         20          0          0          0        160   malloc.o
        64          0          0          0          0         76   memmovea.o
        36          0          0          0          0        108   memseta.o
         0          0          0          8          0          0   mvars.o
      1154         54          0          0          0        352   printf8.o
        28          0          0          0          0         76   strcmp.o
        18          0          0          0          0         68   strcpy.o
        14          0          0          0          0         68   strlen.o
        98          0          0          0          0         92   uldiv.o
        48          0          0          0          0         68   cdrcmple.o
       334          0          0          0          0        148   dadd.o
       222          0          0          0          0        100   ddiv.o
       186          0          0          0          0        176   depilogue.o
        74          0          0          0          0         80   dfixl.o
        48          0          0          0          0         68   dfixul.o
        34          0          0          0          0         76   dflti.o
        40          0          0          0          0         80   dfltl.o
       228          0          0          0          0         96   dmul.o
        46          0          0          0          0         80   dscalb.o
       162          0          0          0          0        100   dsqrt.o

    ----------------------------------------------------------------------
     23338        602       6320         12          0     244914   Library Totals
        32          0          3          0          0          0   (incl. Padding)

    ----------------------------------------------------------------------

      Code (inc. data)   RO Data    RW Data    ZI Data      Debug   Library Name

     16078        146       6040          0          0     240594   Sha256.lib
        52          0          0          0          0        152   cpprt_w.l
      3722        346        144          0          0       1524   m_wm.l
      2032        110        133         12          0       1572   mc_w.l
      1422          0          0          0          0       1072   mf_w.l

    ----------------------------------------------------------------------
     23338        602       6320         12          0     244914   Library Totals

    ----------------------------------------------------------------------

==============================================================================


      Code (inc. data)   RO Data    RW Data    ZI Data      Debug   

     70752       3534       7608      21504      87216    1162166   Grand Totals
     70752       3534       7608       8388      87216    1162166   ELF Image Totals (compressed)
     70752       3534       7608       8388          0          0   ROM Totals

==============================================================================

    Total RO  Size (Code + RO Data)                78360 (  76.52kB)
    Total RW  Size (RW Data + ZI Data)            108720 ( 106.17kB)
    Total ROM Size (Code + RO Data + RW Data)      86748 (  84.71kB)

==============================================================================

